make: Entering directory '/Users/c71n93/Programming/C-and-C++/huawei-courses/BESM-666/build'
Makefile:840: update target 'cmake_check_build_system' due to: target is .PHONY
/opt/homebrew/Cellar/cmake/3.26.0/bin/cmake -S/Users/c71n93/Programming/C-and-C++/huawei-courses/BESM-666 -B/Users/c71n93/Programming/C-and-C++/huawei-courses/BESM-666/build --check-build-system CMakeFiles/Makefile.cmake 0
Makefile:145: update target 'all' due to: target is .PHONY
/opt/homebrew/Cellar/cmake/3.26.0/bin/cmake -E cmake_progress_start /Users/c71n93/Programming/C-and-C++/huawei-courses/BESM-666/build/CMakeFiles /Users/c71n93/Programming/C-and-C++/huawei-courses/BESM-666/build//CMakeFiles/progress.marks
make -s -f CMakeFiles/Makefile2 all
CMakeFiles/Makefile2:341: update target 'CMakeFiles/besm666_riscv_isa.dir/all' due to: target is .PHONY
make -s -f CMakeFiles/besm666_riscv_isa.dir/build.make CMakeFiles/besm666_riscv_isa.dir/depend
CMakeFiles/besm666_riscv_isa.dir/build.make:115: update target 'CMakeFiles/besm666_riscv_isa.dir/depend' due to: target is .PHONY
cd /Users/c71n93/Programming/C-and-C++/huawei-courses/BESM-666/build && /opt/homebrew/Cellar/cmake/3.26.0/bin/cmake -E cmake_depends "Unix Makefiles" /Users/c71n93/Programming/C-and-C++/huawei-courses/BESM-666 /Users/c71n93/Programming/C-and-C++/huawei-courses/BESM-666 /Users/c71n93/Programming/C-and-C++/huawei-courses/BESM-666/build /Users/c71n93/Programming/C-and-C++/huawei-courses/BESM-666/build /Users/c71n93/Programming/C-and-C++/huawei-courses/BESM-666/build/CMakeFiles/besm666_riscv_isa.dir/DependInfo.cmake --color=
make -s -f CMakeFiles/besm666_riscv_isa.dir/build.make CMakeFiles/besm666_riscv_isa.dir/build
CMakeFiles/besm666_riscv_isa.dir/build.make:97: update target '/Users/c71n93/Programming/C-and-C++/huawei-courses/BESM-666/include/besm-666/autogen' due to: unknown reasons
/opt/homebrew/Cellar/cmake/3.26.0/bin/cmake -E cmake_echo_color --switch= --blue --bold --progress-dir=/Users/c71n93/Programming/C-and-C++/huawei-courses/BESM-666/build/CMakeFiles --progress-num=12 "Creating include/besm-666/autogen directory"
[  3%] Creating include/besm-666/autogen directory
mkdir -p /Users/c71n93/Programming/C-and-C++/huawei-courses/BESM-666/include/besm-666/autogen
CMakeFiles/besm666_riscv_isa.dir/build.make:93: update target '/Users/c71n93/Programming/C-and-C++/huawei-courses/BESM-666/include/besm-666/autogen/encoding.out.h' due to: /Users/c71n93/Programming/C-and-C++/huawei-courses/BESM-666/third_party/riscv-opcodes/rv64_zks /Users/c71n93/Programming/C-and-C++/huawei-courses/BESM-666/include/besm-666/autogen /Users/c71n93/Programming/C-and-C++/huawei-courses/BESM-666/third_party/riscv-opcodes/parse.py /Users/c71n93/Programming/C-and-C++/huawei-courses/BESM-666/third_party/riscv-opcodes/rv64_a /Users/c71n93/Programming/C-and-C++/huawei-courses/BESM-666/third_party/riscv-opcodes/rv64_c /Users/c71n93/Programming/C-and-C++/huawei-courses/BESM-666/third_party/riscv-opcodes/rv64_d /Users/c71n93/Programming/C-and-C++/huawei-courses/BESM-666/third_party/riscv-opcodes/rv64_f /Users/c71n93/Programming/C-and-C++/huawei-courses/BESM-666/third_party/riscv-opcodes/rv64_h /Users/c71n93/Programming/C-and-C++/huawei-courses/BESM-666/third_party/riscv-opcodes/rv64_i /Users/c71n93/Programming/C-and-C++/huawei-courses/BESM-666/third_party/riscv-opcodes/rv64_m /Users/c71n93/Programming/C-and-C++/huawei-courses/BESM-666/third_party/riscv-opcodes/rv64_q /Users/c71n93/Programming/C-and-C++/huawei-courses/BESM-666/third_party/riscv-opcodes/rv64_zba /Users/c71n93/Programming/C-and-C++/huawei-courses/BESM-666/third_party/riscv-opcodes/rv64_zbb /Users/c71n93/Programming/C-and-C++/huawei-courses/BESM-666/third_party/riscv-opcodes/rv64_zbkb /Users/c71n93/Programming/C-and-C++/huawei-courses/BESM-666/third_party/riscv-opcodes/rv64_zbs /Users/c71n93/Programming/C-and-C++/huawei-courses/BESM-666/third_party/riscv-opcodes/rv64_zcb /Users/c71n93/Programming/C-and-C++/huawei-courses/BESM-666/third_party/riscv-opcodes/rv64_zfh /Users/c71n93/Programming/C-and-C++/huawei-courses/BESM-666/third_party/riscv-opcodes/rv64_zk /Users/c71n93/Programming/C-and-C++/huawei-courses/BESM-666/third_party/riscv-opcodes/rv64_zkn /Users/c71n93/Programming/C-and-C++/huawei-courses/BESM-666/third_party/riscv-opcodes/rv64_zknd /Users/c71n93/Programming/C-and-C++/huawei-courses/BESM-666/third_party/riscv-opcodes/rv64_zkne /Users/c71n93/Programming/C-and-C++/huawei-courses/BESM-666/third_party/riscv-opcodes/rv64_zknh
/opt/homebrew/Cellar/cmake/3.26.0/bin/cmake -E cmake_echo_color --switch= --blue --bold --progress-dir=/Users/c71n93/Programming/C-and-C++/huawei-courses/BESM-666/build/CMakeFiles --progress-num=11 "Generating RICSV instruction encoding info."
[  6%] Generating RICSV instruction encoding info.
cd /Users/c71n93/Programming/C-and-C++/huawei-courses/BESM-666/include/besm-666/autogen && python3 /Users/c71n93/Programming/C-and-C++/huawei-courses/BESM-666/third_party/riscv-opcodes/parse.py -c /Users/c71n93/Programming/C-and-C++/huawei-courses/BESM-666/third_party/riscv-opcodes/rv64_a /Users/c71n93/Programming/C-and-C++/huawei-courses/BESM-666/third_party/riscv-opcodes/rv64_c /Users/c71n93/Programming/C-and-C++/huawei-courses/BESM-666/third_party/riscv-opcodes/rv64_d /Users/c71n93/Programming/C-and-C++/huawei-courses/BESM-666/third_party/riscv-opcodes/rv64_f /Users/c71n93/Programming/C-and-C++/huawei-courses/BESM-666/third_party/riscv-opcodes/rv64_h /Users/c71n93/Programming/C-and-C++/huawei-courses/BESM-666/third_party/riscv-opcodes/rv64_i /Users/c71n93/Programming/C-and-C++/huawei-courses/BESM-666/third_party/riscv-opcodes/rv64_m /Users/c71n93/Programming/C-and-C++/huawei-courses/BESM-666/third_party/riscv-opcodes/rv64_q /Users/c71n93/Programming/C-and-C++/huawei-courses/BESM-666/third_party/riscv-opcodes/rv64_zba /Users/c71n93/Programming/C-and-C++/huawei-courses/BESM-666/third_party/riscv-opcodes/rv64_zbb /Users/c71n93/Programming/C-and-C++/huawei-courses/BESM-666/third_party/riscv-opcodes/rv64_zbkb /Users/c71n93/Programming/C-and-C++/huawei-courses/BESM-666/third_party/riscv-opcodes/rv64_zbs /Users/c71n93/Programming/C-and-C++/huawei-courses/BESM-666/third_party/riscv-opcodes/rv64_zcb /Users/c71n93/Programming/C-and-C++/huawei-courses/BESM-666/third_party/riscv-opcodes/rv64_zfh /Users/c71n93/Programming/C-and-C++/huawei-courses/BESM-666/third_party/riscv-opcodes/rv64_zk /Users/c71n93/Programming/C-and-C++/huawei-courses/BESM-666/third_party/riscv-opcodes/rv64_zkn /Users/c71n93/Programming/C-and-C++/huawei-courses/BESM-666/third_party/riscv-opcodes/rv64_zknd /Users/c71n93/Programming/C-and-C++/huawei-courses/BESM-666/third_party/riscv-opcodes/rv64_zkne /Users/c71n93/Programming/C-and-C++/huawei-courses/BESM-666/third_party/riscv-opcodes/rv64_zknh /Users/c71n93/Programming/C-and-C++/huawei-courses/BESM-666/third_party/riscv-opcodes/rv64_zks
INFO:: encoding.out.h generated successfully
Running with args : ['/Users/c71n93/Programming/C-and-C++/huawei-courses/BESM-666/third_party/riscv-opcodes/parse.py', '-c', '/Users/c71n93/Programming/C-and-C++/huawei-courses/BESM-666/third_party/riscv-opcodes/rv64_a', '/Users/c71n93/Programming/C-and-C++/huawei-courses/BESM-666/third_party/riscv-opcodes/rv64_c', '/Users/c71n93/Programming/C-and-C++/huawei-courses/BESM-666/third_party/riscv-opcodes/rv64_d', '/Users/c71n93/Programming/C-and-C++/huawei-courses/BESM-666/third_party/riscv-opcodes/rv64_f', '/Users/c71n93/Programming/C-and-C++/huawei-courses/BESM-666/third_party/riscv-opcodes/rv64_h', '/Users/c71n93/Programming/C-and-C++/huawei-courses/BESM-666/third_party/riscv-opcodes/rv64_i', '/Users/c71n93/Programming/C-and-C++/huawei-courses/BESM-666/third_party/riscv-opcodes/rv64_m', '/Users/c71n93/Programming/C-and-C++/huawei-courses/BESM-666/third_party/riscv-opcodes/rv64_q', '/Users/c71n93/Programming/C-and-C++/huawei-courses/BESM-666/third_party/riscv-opcodes/rv64_zba', '/Users/c71n93/Programming/C-and-C++/huawei-courses/BESM-666/third_party/riscv-opcodes/rv64_zbb', '/Users/c71n93/Programming/C-and-C++/huawei-courses/BESM-666/third_party/riscv-opcodes/rv64_zbkb', '/Users/c71n93/Programming/C-and-C++/huawei-courses/BESM-666/third_party/riscv-opcodes/rv64_zbs', '/Users/c71n93/Programming/C-and-C++/huawei-courses/BESM-666/third_party/riscv-opcodes/rv64_zcb', '/Users/c71n93/Programming/C-and-C++/huawei-courses/BESM-666/third_party/riscv-opcodes/rv64_zfh', '/Users/c71n93/Programming/C-and-C++/huawei-courses/BESM-666/third_party/riscv-opcodes/rv64_zk', '/Users/c71n93/Programming/C-and-C++/huawei-courses/BESM-666/third_party/riscv-opcodes/rv64_zkn', '/Users/c71n93/Programming/C-and-C++/huawei-courses/BESM-666/third_party/riscv-opcodes/rv64_zknd', '/Users/c71n93/Programming/C-and-C++/huawei-courses/BESM-666/third_party/riscv-opcodes/rv64_zkne', '/Users/c71n93/Programming/C-and-C++/huawei-courses/BESM-666/third_party/riscv-opcodes/rv64_zknh', '/Users/c71n93/Programming/C-and-C++/huawei-courses/BESM-666/third_party/riscv-opcodes/rv64_zks']
Extensions selected : ['/Users/c71n93/Programming/C-and-C++/huawei-courses/BESM-666/third_party/riscv-opcodes/rv64_a', '/Users/c71n93/Programming/C-and-C++/huawei-courses/BESM-666/third_party/riscv-opcodes/rv64_c', '/Users/c71n93/Programming/C-and-C++/huawei-courses/BESM-666/third_party/riscv-opcodes/rv64_d', '/Users/c71n93/Programming/C-and-C++/huawei-courses/BESM-666/third_party/riscv-opcodes/rv64_f', '/Users/c71n93/Programming/C-and-C++/huawei-courses/BESM-666/third_party/riscv-opcodes/rv64_h', '/Users/c71n93/Programming/C-and-C++/huawei-courses/BESM-666/third_party/riscv-opcodes/rv64_i', '/Users/c71n93/Programming/C-and-C++/huawei-courses/BESM-666/third_party/riscv-opcodes/rv64_m', '/Users/c71n93/Programming/C-and-C++/huawei-courses/BESM-666/third_party/riscv-opcodes/rv64_q', '/Users/c71n93/Programming/C-and-C++/huawei-courses/BESM-666/third_party/riscv-opcodes/rv64_zba', '/Users/c71n93/Programming/C-and-C++/huawei-courses/BESM-666/third_party/riscv-opcodes/rv64_zbb', '/Users/c71n93/Programming/C-and-C++/huawei-courses/BESM-666/third_party/riscv-opcodes/rv64_zbkb', '/Users/c71n93/Programming/C-and-C++/huawei-courses/BESM-666/third_party/riscv-opcodes/rv64_zbs', '/Users/c71n93/Programming/C-and-C++/huawei-courses/BESM-666/third_party/riscv-opcodes/rv64_zcb', '/Users/c71n93/Programming/C-and-C++/huawei-courses/BESM-666/third_party/riscv-opcodes/rv64_zfh', '/Users/c71n93/Programming/C-and-C++/huawei-courses/BESM-666/third_party/riscv-opcodes/rv64_zk', '/Users/c71n93/Programming/C-and-C++/huawei-courses/BESM-666/third_party/riscv-opcodes/rv64_zkn', '/Users/c71n93/Programming/C-and-C++/huawei-courses/BESM-666/third_party/riscv-opcodes/rv64_zknd', '/Users/c71n93/Programming/C-and-C++/huawei-courses/BESM-666/third_party/riscv-opcodes/rv64_zkne', '/Users/c71n93/Programming/C-and-C++/huawei-courses/BESM-666/third_party/riscv-opcodes/rv64_zknh', '/Users/c71n93/Programming/C-and-C++/huawei-courses/BESM-666/third_party/riscv-opcodes/rv64_zks']
/opt/homebrew/Cellar/cmake/3.26.0/bin/cmake -E cmake_echo_color --switch= --progress-dir=/Users/c71n93/Programming/C-and-C++/huawei-courses/BESM-666/build/CMakeFiles --progress-num=11,12 "Built target besm666_riscv_isa"
[  6%] Built target besm666_riscv_isa
CMakeFiles/Makefile2:1177: update target 'src/util/CMakeFiles/besm666_util.dir/all' due to: target is .PHONY
make -s -f src/util/CMakeFiles/besm666_util.dir/build.make src/util/CMakeFiles/besm666_util.dir/depend
src/util/CMakeFiles/besm666_util.dir/build.make:109: update target 'src/util/CMakeFiles/besm666_util.dir/depend' due to: target is .PHONY
cd /Users/c71n93/Programming/C-and-C++/huawei-courses/BESM-666/build && /opt/homebrew/Cellar/cmake/3.26.0/bin/cmake -E cmake_depends "Unix Makefiles" /Users/c71n93/Programming/C-and-C++/huawei-courses/BESM-666 /Users/c71n93/Programming/C-and-C++/huawei-courses/BESM-666/src/util /Users/c71n93/Programming/C-and-C++/huawei-courses/BESM-666/build /Users/c71n93/Programming/C-and-C++/huawei-courses/BESM-666/build/src/util /Users/c71n93/Programming/C-and-C++/huawei-courses/BESM-666/build/src/util/CMakeFiles/besm666_util.dir/DependInfo.cmake --color=
make -s -f src/util/CMakeFiles/besm666_util.dir/build.make src/util/CMakeFiles/besm666_util.dir/build
src/util/CMakeFiles/besm666_util.dir/build.make:75: update target 'src/util/CMakeFiles/besm666_util.dir/elf-parser.cpp.o' due to: src/util/CMakeFiles/besm666_util.dir/compiler_depend.ts /Users/c71n93/Programming/C-and-C++/huawei-courses/BESM-666/src/util/elf-parser.cpp /Users/c71n93/Programming/C-and-C++/huawei-courses/BESM-666/include/besm-666/util/elf-parser.hpp /opt/homebrew/opt/llvm/include/c++/v1/filesystem /opt/homebrew/opt/llvm/include/c++/v1/__assert /opt/homebrew/opt/llvm/include/c++/v1/__config /opt/homebrew/opt/llvm/include/c++/v1/__config_site /opt/homebrew/opt/llvm/include/c++/v1/__verbose_abort /opt/homebrew/opt/llvm/include/c++/v1/__availability /opt/homebrew/opt/llvm/include/c++/v1/__filesystem/copy_options.h /opt/homebrew/opt/llvm/include/c++/v1/__filesystem/directory_entry.h /opt/homebrew/opt/llvm/include/c++/v1/__chrono/time_point.h /opt/homebrew/opt/llvm/include/c++/v1/__chrono/duration.h /opt/homebrew/opt/llvm/include/c++/v1/__type_traits/common_type.h /opt/homebrew/opt/llvm/include/c++/v1/__type_traits/conditional.h /opt/homebrew/opt/llvm/include/c++/v1/__type_traits/decay.h /opt/homebrew/opt/llvm/include/c++/v1/__type_traits/add_pointer.h /opt/homebrew/opt/llvm/include/c++/v1/__type_traits/is_referenceable.h /opt/homebrew/opt/llvm/include/c++/v1/__type_traits/integral_constant.h /opt/homebrew/opt/llvm/include/c++/v1/__type_traits/is_same.h /opt/homebrew/opt/llvm/include/c++/v1/__type_traits/is_void.h /opt/homebrew/opt/llvm/include/c++/v1/__type_traits/remove_cv.h /opt/homebrew/opt/llvm/include/c++/v1/__type_traits/remove_const.h /opt/homebrew/opt/llvm/include/c++/v1/__type_traits/remove_volatile.h /opt/homebrew/opt/llvm/include/c++/v1/__type_traits/remove_reference.h /opt/homebrew/opt/llvm/include/c++/v1/cstddef /opt/homebrew/opt/llvm/include/c++/v1/__type_traits/enable_if.h /opt/homebrew/opt/llvm/include/c++/v1/__type_traits/is_integral.h /opt/homebrew/opt/llvm/include/c++/v1/version /opt/homebrew/opt/llvm/include/c++/v1/stddef.h /opt/homebrew/Cellar/llvm/16.0.6/lib/clang/16/include/stddef.h /opt/homebrew/Cellar/llvm/16.0.6/lib/clang/16/include/__stddef_max_align_t.h /opt/homebrew/opt/llvm/include/c++/v1/__type_traits/is_array.h /opt/homebrew/opt/llvm/include/c++/v1/__type_traits/is_function.h /opt/homebrew/opt/llvm/include/c++/v1/__type_traits/is_const.h /opt/homebrew/opt/llvm/include/c++/v1/__type_traits/is_reference.h /opt/homebrew/opt/llvm/include/c++/v1/__type_traits/remove_extent.h /opt/homebrew/opt/llvm/include/c++/v1/__type_traits/remove_cvref.h /opt/homebrew/opt/llvm/include/c++/v1/__type_traits/void_t.h /opt/homebrew/opt/llvm/include/c++/v1/__utility/declval.h /opt/homebrew/opt/llvm/include/c++/v1/__type_traits/is_convertible.h /opt/homebrew/opt/llvm/include/c++/v1/__type_traits/is_floating_point.h /opt/homebrew/opt/llvm/include/c++/v1/limits /opt/homebrew/opt/llvm/include/c++/v1/__type_traits/is_arithmetic.h /opt/homebrew/opt/llvm/include/c++/v1/__type_traits/is_signed.h /opt/homebrew/opt/llvm/include/c++/v1/__undef_macros /opt/homebrew/opt/llvm/include/c++/v1/type_traits /opt/homebrew/opt/llvm/include/c++/v1/__functional/invoke.h /opt/homebrew/opt/llvm/include/c++/v1/__type_traits/add_lvalue_reference.h /opt/homebrew/opt/llvm/include/c++/v1/__type_traits/apply_cv.h /opt/homebrew/opt/llvm/include/c++/v1/__type_traits/is_volatile.h /opt/homebrew/opt/llvm/include/c++/v1/__type_traits/is_base_of.h /opt/homebrew/opt/llvm/include/c++/v1/__type_traits/is_core_convertible.h /opt/homebrew/opt/llvm/include/c++/v1/__type_traits/is_member_function_pointer.h /opt/homebrew/opt/llvm/include/c++/v1/__type_traits/is_member_object_pointer.h /opt/homebrew/opt/llvm/include/c++/v1/__type_traits/is_reference_wrapper.h /opt/homebrew/opt/llvm/include/c++/v1/__type_traits/nat.h /opt/homebrew/opt/llvm/include/c++/v1/__utility/forward.h /opt/homebrew/opt/llvm/include/c++/v1/__fwd/hash.h /opt/homebrew/opt/llvm/include/c++/v1/__type_traits/add_const.h /opt/homebrew/opt/llvm/include/c++/v1/__type_traits/add_cv.h /opt/homebrew/opt/llvm/include/c++/v1/__type_traits/add_rvalue_reference.h /opt/homebrew/opt/llvm/include/c++/v1/__type_traits/add_volatile.h /opt/homebrew/opt/llvm/include/c++/v1/__type_traits/aligned_storage.h /opt/homebrew/opt/llvm/include/c++/v1/__type_traits/type_list.h /opt/homebrew/opt/llvm/include/c++/v1/__type_traits/aligned_union.h /opt/homebrew/opt/llvm/include/c++/v1/__type_traits/alignment_of.h /opt/homebrew/opt/llvm/include/c++/v1/__type_traits/can_extract_key.h /opt/homebrew/opt/llvm/include/c++/v1/__fwd/pair.h /opt/homebrew/opt/llvm/include/c++/v1/__type_traits/remove_const_ref.h /opt/homebrew/opt/llvm/include/c++/v1/__type_traits/common_reference.h /opt/homebrew/opt/llvm/include/c++/v1/__type_traits/copy_cv.h /opt/homebrew/opt/llvm/include/c++/v1/__type_traits/copy_cvref.h /opt/homebrew/opt/llvm/include/c++/v1/__type_traits/conjunction.h /opt/homebrew/opt/llvm/include/c++/v1/__type_traits/dependent_type.h /opt/homebrew/opt/llvm/include/c++/v1/__type_traits/disjunction.h /opt/homebrew/opt/llvm/include/c++/v1/__type_traits/extent.h /opt/homebrew/opt/llvm/include/c++/v1/__type_traits/has_unique_object_representation.h /opt/homebrew/opt/llvm/include/c++/v1/__type_traits/remove_all_extents.h /opt/homebrew/opt/llvm/include/c++/v1/__type_traits/has_virtual_destructor.h /opt/homebrew/opt/llvm/include/c++/v1/__type_traits/is_abstract.h /opt/homebrew/opt/llvm/include/c++/v1/__type_traits/is_aggregate.h /opt/homebrew/opt/llvm/include/c++/v1/__type_traits/is_assignable.h /opt/homebrew/opt/llvm/include/c++/v1/__type_traits/is_bounded_array.h /opt/homebrew/opt/llvm/include/c++/v1/__type_traits/is_callable.h /opt/homebrew/opt/llvm/include/c++/v1/__type_traits/is_char_like_type.h /opt/homebrew/opt/llvm/include/c++/v1/__type_traits/is_standard_layout.h /opt/homebrew/opt/llvm/include/c++/v1/__type_traits/is_trivial.h /opt/homebrew/opt/llvm/include/c++/v1/__type_traits/is_class.h /opt/homebrew/opt/llvm/include/c++/v1/__type_traits/is_compound.h /opt/homebrew/opt/llvm/include/c++/v1/__type_traits/is_fundamental.h /opt/homebrew/opt/llvm/include/c++/v1/__type_traits/is_null_pointer.h /opt/homebrew/opt/llvm/include/c++/v1/__type_traits/is_constant_evaluated.h /opt/homebrew/opt/llvm/include/c++/v1/__type_traits/is_constructible.h /opt/homebrew/opt/llvm/include/c++/v1/__type_traits/is_copy_assignable.h /opt/homebrew/opt/llvm/include/c++/v1/__type_traits/is_copy_constructible.h /opt/homebrew/opt/llvm/include/c++/v1/__type_traits/is_default_constructible.h /opt/homebrew/opt/llvm/include/c++/v1/__type_traits/is_destructible.h /opt/homebrew/opt/llvm/include/c++/v1/__type_traits/is_empty.h /opt/homebrew/opt/llvm/include/c++/v1/__type_traits/is_enum.h /opt/homebrew/opt/llvm/include/c++/v1/__type_traits/is_final.h /opt/homebrew/opt/llvm/include/c++/v1/__type_traits/is_implicitly_default_constructible.h /opt/homebrew/opt/llvm/include/c++/v1/__type_traits/is_literal_type.h /opt/homebrew/opt/llvm/include/c++/v1/__type_traits/is_member_pointer.h /opt/homebrew/opt/llvm/include/c++/v1/__type_traits/is_move_assignable.h /opt/homebrew/opt/llvm/include/c++/v1/__type_traits/is_move_constructible.h /opt/homebrew/opt/llvm/include/c++/v1/__type_traits/is_nothrow_assignable.h /opt/homebrew/opt/llvm/include/c++/v1/__type_traits/is_nothrow_constructible.h /opt/homebrew/opt/llvm/include/c++/v1/__type_traits/is_nothrow_convertible.h /opt/homebrew/opt/llvm/include/c++/v1/__type_traits/lazy.h /opt/homebrew/opt/llvm/include/c++/v1/__type_traits/is_nothrow_copy_assignable.h /opt/homebrew/opt/llvm/include/c++/v1/__type_traits/is_nothrow_copy_constructible.h /opt/homebrew/opt/llvm/include/c++/v1/__type_traits/is_nothrow_default_constructible.h /opt/homebrew/opt/llvm/include/c++/v1/__type_traits/is_nothrow_destructible.h /opt/homebrew/opt/llvm/include/c++/v1/__type_traits/is_scalar.h /opt/homebrew/opt/llvm/include/c++/v1/__type_traits/is_pointer.h /opt/homebrew/opt/llvm/include/c++/v1/__type_traits/is_nothrow_move_assignable.h /opt/homebrew/opt/llvm/include/c++/v1/__type_traits/is_nothrow_move_constructible.h /opt/homebrew/opt/llvm/include/c++/v1/__type_traits/is_object.h /opt/homebrew/opt/llvm/include/c++/v1/__type_traits/is_union.h /opt/homebrew/opt/llvm/include/c++/v1/__type_traits/is_pod.h /opt/homebrew/opt/llvm/include/c++/v1/__type_traits/is_polymorphic.h /opt/homebrew/opt/llvm/include/c++/v1/__type_traits/is_scoped_enum.h /opt/homebrew/opt/llvm/include/c++/v1/__type_traits/underlying_type.h /opt/homebrew/opt/llvm/include/c++/v1/__type_traits/is_specialization.h /opt/homebrew/opt/llvm/include/c++/v1/__type_traits/is_swappable.h /opt/homebrew/opt/llvm/include/c++/v1/__type_traits/is_trivially_assignable.h /opt/homebrew/opt/llvm/include/c++/v1/__type_traits/is_trivially_constructible.h /opt/homebrew/opt/llvm/include/c++/v1/__type_traits/is_trivially_copy_assignable.h /opt/homebrew/opt/llvm/include/c++/v1/__type_traits/is_trivially_copy_constructible.h /opt/homebrew/opt/llvm/include/c++/v1/__type_traits/is_trivially_copyable.h /opt/homebrew/opt/llvm/include/c++/v1/__type_traits/is_trivially_default_constructible.h /opt/homebrew/opt/llvm/include/c++/v1/__type_traits/is_trivially_destructible.h /opt/homebrew/opt/llvm/include/c++/v1/__type_traits/is_trivially_move_assignable.h /opt/homebrew/opt/llvm/include/c++/v1/__type_traits/is_trivially_move_constructible.h /opt/homebrew/opt/llvm/include/c++/v1/__type_traits/is_unbounded_array.h /opt/homebrew/opt/llvm/include/c++/v1/__type_traits/is_unsigned.h /opt/homebrew/opt/llvm/include/c++/v1/__type_traits/make_const_lvalue_ref.h /opt/homebrew/opt/llvm/include/c++/v1/__type_traits/make_signed.h /opt/homebrew/opt/llvm/include/c++/v1/__type_traits/make_unsigned.h /opt/homebrew/opt/llvm/include/c++/v1/__type_traits/maybe_const.h /opt/homebrew/opt/llvm/include/c++/v1/__type_traits/negation.h /opt/homebrew/opt/llvm/include/c++/v1/__type_traits/rank.h /opt/homebrew/opt/llvm/include/c++/v1/__type_traits/remove_pointer.h /opt/homebrew/opt/llvm/include/c++/v1/__type_traits/result_of.h /opt/homebrew/opt/llvm/include/c++/v1/__type_traits/type_identity.h /opt/homebrew/opt/llvm/include/c++/v1/cstdint /opt/homebrew/opt/llvm/include/c++/v1/stdint.h /opt/homebrew/Cellar/llvm/16.0.6/lib/clang/16/include/stdint.h /Library/Developer/CommandLineTools/SDKs/MacOSX.sdk/usr/include/stdint.h /Library/Developer/CommandLineTools/SDKs/MacOSX.sdk/usr/include/sys/_types/_int8_t.h /Library/Developer/CommandLineTools/SDKs/MacOSX.sdk/usr/include/sys/_types/_int16_t.h /Library/Developer/CommandLineTools/SDKs/MacOSX.sdk/usr/include/sys/_types/_int32_t.h /Library/Developer/CommandLineTools/SDKs/MacOSX.sdk/usr/include/sys/_types/_int64_t.h /Library/Developer/CommandLineTools/SDKs/MacOSX.sdk/usr/include/_types/_uint8_t.h /Library/Developer/CommandLineTools/SDKs/MacOSX.sdk/usr/include/_types/_uint16_t.h /Library/Developer/CommandLineTools/SDKs/MacOSX.sdk/usr/include/_types/_uint32_t.h /Library/Developer/CommandLineTools/SDKs/MacOSX.sdk/usr/include/_types/_uint64_t.h /Library/Developer/CommandLineTools/SDKs/MacOSX.sdk/usr/include/sys/_types.h /Library/Developer/CommandLineTools/SDKs/MacOSX.sdk/usr/include/sys/cdefs.h /Library/Developer/CommandLineTools/SDKs/MacOSX.sdk/usr/include/sys/_symbol_aliasing.h /Library/Developer/CommandLineTools/SDKs/MacOSX.sdk/usr/include/sys/_posix_availability.h /Library/Developer/CommandLineTools/SDKs/MacOSX.sdk/usr/include/machine/_types.h /Library/Developer/CommandLineTools/SDKs/MacOSX.sdk/usr/include/arm/_types.h /Library/Developer/CommandLineTools/SDKs/MacOSX.sdk/usr/include/sys/_pthread/_pthread_types.h /Library/Developer/CommandLineTools/SDKs/MacOSX.sdk/usr/include/sys/_types/_intptr_t.h /Library/Developer/CommandLineTools/SDKs/MacOSX.sdk/usr/include/machine/types.h /Library/Developer/CommandLineTools/SDKs/MacOSX.sdk/usr/include/arm/types.h /Library/Developer/CommandLineTools/SDKs/MacOSX.sdk/usr/include/sys/_types/_u_int8_t.h /Library/Developer/CommandLineTools/SDKs/MacOSX.sdk/usr/include/sys/_types/_u_int16_t.h /Library/Developer/CommandLineTools/SDKs/MacOSX.sdk/usr/include/sys/_types/_u_int32_t.h /Library/Developer/CommandLineTools/SDKs/MacOSX.sdk/usr/include/sys/_types/_u_int64_t.h /Library/Developer/CommandLineTools/SDKs/MacOSX.sdk/usr/include/sys/_types/_uintptr_t.h /Library/Developer/CommandLineTools/SDKs/MacOSX.sdk/usr/include/_types/_intmax_t.h /Library/Developer/CommandLineTools/SDKs/MacOSX.sdk/usr/include/_types/_uintmax_t.h /opt/homebrew/opt/llvm/include/c++/v1/ratio /opt/homebrew/opt/llvm/include/c++/v1/climits /opt/homebrew/opt/llvm/include/c++/v1/limits.h /opt/homebrew/Cellar/llvm/16.0.6/lib/clang/16/include/limits.h /Library/Developer/CommandLineTools/SDKs/MacOSX.sdk/usr/include/limits.h /Library/Developer/CommandLineTools/SDKs/MacOSX.sdk/usr/include/machine/limits.h /Library/Developer/CommandLineTools/SDKs/MacOSX.sdk/usr/include/arm/limits.h /Library/Developer/CommandLineTools/SDKs/MacOSX.sdk/usr/include/arm/_limits.h /Library/Developer/CommandLineTools/SDKs/MacOSX.sdk/usr/include/sys/syslimits.h /opt/homebrew/opt/llvm/include/c++/v1/__errc /opt/homebrew/opt/llvm/include/c++/v1/cerrno /opt/homebrew/opt/llvm/include/c++/v1/errno.h /Library/Developer/CommandLineTools/SDKs/MacOSX.sdk/usr/include/errno.h /Library/Developer/CommandLineTools/SDKs/MacOSX.sdk/usr/include/sys/errno.h /Library/Developer/CommandLineTools/SDKs/MacOSX.sdk/usr/include/sys/_types/_errno_t.h /opt/homebrew/opt/llvm/include/c++/v1/__filesystem/file_status.h /opt/homebrew/opt/llvm/include/c++/v1/__filesystem/file_type.h /opt/homebrew/opt/llvm/include/c++/v1/__filesystem/perms.h /opt/homebrew/opt/llvm/include/c++/v1/__filesystem/file_time_type.h /opt/homebrew/opt/llvm/include/c++/v1/__chrono/file_clock.h /opt/homebrew/opt/llvm/include/c++/v1/__chrono/system_clock.h /opt/homebrew/opt/llvm/include/c++/v1/ctime /Library/Developer/CommandLineTools/SDKs/MacOSX.sdk/usr/include/time.h /Library/Developer/CommandLineTools/SDKs/MacOSX.sdk/usr/include/_types.h /Library/Developer/CommandLineTools/SDKs/MacOSX.sdk/usr/include/Availability.h /Library/Developer/CommandLineTools/SDKs/MacOSX.sdk/usr/include/AvailabilityVersions.h /Library/Developer/CommandLineTools/SDKs/MacOSX.sdk/usr/include/AvailabilityInternal.h /Library/Developer/CommandLineTools/SDKs/MacOSX.sdk/usr/include/sys/_types/_clock_t.h /Library/Developer/CommandLineTools/SDKs/MacOSX.sdk/usr/include/sys/_types/_null.h /Library/Developer/CommandLineTools/SDKs/MacOSX.sdk/usr/include/sys/_types/_size_t.h /Library/Developer/CommandLineTools/SDKs/MacOSX.sdk/usr/include/sys/_types/_time_t.h /Library/Developer/CommandLineTools/SDKs/MacOSX.sdk/usr/include/sys/_types/_timespec.h /opt/homebrew/opt/llvm/include/c++/v1/__filesystem/filesystem_error.h /opt/homebrew/opt/llvm/include/c++/v1/__filesystem/path.h /opt/homebrew/opt/llvm/include/c++/v1/__algorithm/replace.h /opt/homebrew/opt/llvm/include/c++/v1/__algorithm/replace_copy.h /opt/homebrew/opt/llvm/include/c++/v1/__iterator/back_insert_iterator.h /opt/homebrew/opt/llvm/include/c++/v1/__iterator/iterator.h /opt/homebrew/opt/llvm/include/c++/v1/__iterator/iterator_traits.h /opt/homebrew/opt/llvm/include/c++/v1/__concepts/arithmetic.h /opt/homebrew/opt/llvm/include/c++/v1/__type_traits/is_signed_integer.h /opt/homebrew/opt/llvm/include/c++/v1/__type_traits/is_unsigned_integer.h /opt/homebrew/opt/llvm/include/c++/v1/__concepts/constructible.h /opt/homebrew/opt/llvm/include/c++/v1/__concepts/convertible_to.h /opt/homebrew/opt/llvm/include/c++/v1/__concepts/destructible.h /opt/homebrew/opt/llvm/include/c++/v1/__concepts/copyable.h /opt/homebrew/opt/llvm/include/c++/v1/__concepts/assignable.h /opt/homebrew/opt/llvm/include/c++/v1/__concepts/common_reference_with.h /opt/homebrew/opt/llvm/include/c++/v1/__concepts/same_as.h /opt/homebrew/opt/llvm/include/c++/v1/__concepts/movable.h /opt/homebrew/opt/llvm/include/c++/v1/__concepts/swappable.h /opt/homebrew/opt/llvm/include/c++/v1/__concepts/class_or_enum.h /opt/homebrew/opt/llvm/include/c++/v1/__utility/exchange.h /opt/homebrew/opt/llvm/include/c++/v1/__utility/move.h /opt/homebrew/opt/llvm/include/c++/v1/__utility/swap.h /opt/homebrew/opt/llvm/include/c++/v1/__concepts/equality_comparable.h /opt/homebrew/opt/llvm/include/c++/v1/__concepts/boolean_testable.h /opt/homebrew/opt/llvm/include/c++/v1/__concepts/totally_ordered.h /opt/homebrew/opt/llvm/include/c++/v1/__iterator/incrementable_traits.h /opt/homebrew/opt/llvm/include/c++/v1/__type_traits/is_primary_template.h /opt/homebrew/opt/llvm/include/c++/v1/__type_traits/is_valid_expansion.h /opt/homebrew/opt/llvm/include/c++/v1/__iterator/readable_traits.h /opt/homebrew/opt/llvm/include/c++/v1/__memory/addressof.h /opt/homebrew/opt/llvm/include/c++/v1/string /opt/homebrew/opt/llvm/include/c++/v1/__algorithm/max.h /opt/homebrew/opt/llvm/include/c++/v1/__algorithm/comp.h /opt/homebrew/opt/llvm/include/c++/v1/__algorithm/comp_ref_type.h /opt/homebrew/opt/llvm/include/c++/v1/__debug /opt/homebrew/opt/llvm/include/c++/v1/__algorithm/max_element.h /opt/homebrew/opt/llvm/include/c++/v1/initializer_list /opt/homebrew/opt/llvm/include/c++/v1/__algorithm/min.h /opt/homebrew/opt/llvm/include/c++/v1/__algorithm/min_element.h /opt/homebrew/opt/llvm/include/c++/v1/__functional/identity.h /opt/homebrew/opt/llvm/include/c++/v1/__algorithm/remove.h /opt/homebrew/opt/llvm/include/c++/v1/__algorithm/find.h /opt/homebrew/opt/llvm/include/c++/v1/__algorithm/find_if.h /opt/homebrew/opt/llvm/include/c++/v1/__algorithm/remove_if.h /opt/homebrew/opt/llvm/include/c++/v1/__format/enable_insertable.h /opt/homebrew/opt/llvm/include/c++/v1/__functional/hash.h /opt/homebrew/opt/llvm/include/c++/v1/__functional/unary_function.h /opt/homebrew/opt/llvm/include/c++/v1/__tuple_dir/sfinae_helpers.h /opt/homebrew/opt/llvm/include/c++/v1/__fwd/tuple.h /opt/homebrew/opt/llvm/include/c++/v1/__tuple_dir/make_tuple_types.h /opt/homebrew/opt/llvm/include/c++/v1/__fwd/array.h /opt/homebrew/opt/llvm/include/c++/v1/__tuple_dir/apply_cv.h /opt/homebrew/opt/llvm/include/c++/v1/__tuple_dir/tuple_element.h /opt/homebrew/opt/llvm/include/c++/v1/__tuple_dir/tuple_indices.h /opt/homebrew/opt/llvm/include/c++/v1/__utility/integer_sequence.h /opt/homebrew/opt/llvm/include/c++/v1/__tuple_dir/tuple_types.h /opt/homebrew/opt/llvm/include/c++/v1/__tuple_dir/tuple_size.h /opt/homebrew/opt/llvm/include/c++/v1/__tuple_dir/tuple_like_ext.h /opt/homebrew/opt/llvm/include/c++/v1/__utility/pair.h /opt/homebrew/opt/llvm/include/c++/v1/__compare/common_comparison_category.h /opt/homebrew/opt/llvm/include/c++/v1/__compare/ordering.h /opt/homebrew/opt/llvm/include/c++/v1/__compare/synth_three_way.h /opt/homebrew/opt/llvm/include/c++/v1/__compare/three_way_comparable.h /opt/homebrew/opt/llvm/include/c++/v1/__functional/unwrap_ref.h /opt/homebrew/opt/llvm/include/c++/v1/__fwd/get.h /opt/homebrew/opt/llvm/include/c++/v1/__fwd/subrange.h /opt/homebrew/opt/llvm/include/c++/v1/__utility/piecewise_construct.h /opt/homebrew/opt/llvm/include/c++/v1/cstring /opt/homebrew/opt/llvm/include/c++/v1/string.h /Library/Developer/CommandLineTools/SDKs/MacOSX.sdk/usr/include/string.h /Library/Developer/CommandLineTools/SDKs/MacOSX.sdk/usr/include/sys/_types/_rsize_t.h /Library/Developer/CommandLineTools/SDKs/MacOSX.sdk/usr/include/sys/_types/_ssize_t.h /Library/Developer/CommandLineTools/SDKs/MacOSX.sdk/usr/include/strings.h /opt/homebrew/opt/llvm/include/c++/v1/__fwd/string.h /opt/homebrew/opt/llvm/include/c++/v1/__fwd/memory_resource.h /opt/homebrew/opt/llvm/include/c++/v1/__ios/fpos.h /opt/homebrew/opt/llvm/include/c++/v1/iosfwd /opt/homebrew/opt/llvm/include/c++/v1/__mbstate_t.h /opt/homebrew/opt/llvm/include/c++/v1/wchar.h /Library/Developer/CommandLineTools/SDKs/MacOSX.sdk/usr/include/wchar.h /Library/Developer/CommandLineTools/SDKs/MacOSX.sdk/usr/include/sys/_types/_mbstate_t.h /Library/Developer/CommandLineTools/SDKs/MacOSX.sdk/usr/include/sys/_types/_ct_rune_t.h /Library/Developer/CommandLineTools/SDKs/MacOSX.sdk/usr/include/sys/_types/_rune_t.h /Library/Developer/CommandLineTools/SDKs/MacOSX.sdk/usr/include/sys/_types/_wchar_t.h /opt/homebrew/Cellar/llvm/16.0.6/lib/clang/16/include/stdarg.h /opt/homebrew/opt/llvm/include/c++/v1/stdio.h /Library/Developer/CommandLineTools/SDKs/MacOSX.sdk/usr/include/stdio.h /Library/Developer/CommandLineTools/SDKs/MacOSX.sdk/usr/include/_stdio.h /Library/Developer/CommandLineTools/SDKs/MacOSX.sdk/usr/include/sys/_types/_va_list.h /Library/Developer/CommandLineTools/SDKs/MacOSX.sdk/usr/include/sys/stdio.h /Library/Developer/CommandLineTools/SDKs/MacOSX.sdk/usr/include/_ctermid.h /Library/Developer/CommandLineTools/SDKs/MacOSX.sdk/usr/include/sys/_types/_off_t.h /Library/Developer/CommandLineTools/SDKs/MacOSX.sdk/usr/include/_wctype.h /Library/Developer/CommandLineTools/SDKs/MacOSX.sdk/usr/include/__wctype.h /Library/Developer/CommandLineTools/SDKs/MacOSX.sdk/usr/include/sys/_types/_wint_t.h /Library/Developer/CommandLineTools/SDKs/MacOSX.sdk/usr/include/_types/_wctype_t.h /opt/homebrew/opt/llvm/include/c++/v1/ctype.h /Library/Developer/CommandLineTools/SDKs/MacOSX.sdk/usr/include/ctype.h /Library/Developer/CommandLineTools/SDKs/MacOSX.sdk/usr/include/_ctype.h /Library/Developer/CommandLineTools/SDKs/MacOSX.sdk/usr/include/runetype.h /opt/homebrew/opt/llvm/include/c++/v1/__iterator/distance.h /opt/homebrew/opt/llvm/include/c++/v1/__iterator/concepts.h /opt/homebrew/opt/llvm/include/c++/v1/__concepts/derived_from.h /opt/homebrew/opt/llvm/include/c++/v1/__concepts/invocable.h /opt/homebrew/opt/llvm/include/c++/v1/__concepts/predicate.h /opt/homebrew/opt/llvm/include/c++/v1/__concepts/regular.h /opt/homebrew/opt/llvm/include/c++/v1/__concepts/semiregular.h /opt/homebrew/opt/llvm/include/c++/v1/__concepts/relation.h /opt/homebrew/opt/llvm/include/c++/v1/__iterator/iter_move.h /opt/homebrew/opt/llvm/include/c++/v1/__memory/pointer_traits.h /opt/homebrew/opt/llvm/include/c++/v1/__ranges/access.h /opt/homebrew/opt/llvm/include/c++/v1/__ranges/enable_borrowed_range.h /opt/homebrew/opt/llvm/include/c++/v1/__utility/auto_cast.h /opt/homebrew/opt/llvm/include/c++/v1/__ranges/concepts.h /opt/homebrew/opt/llvm/include/c++/v1/__ranges/data.h /opt/homebrew/opt/llvm/include/c++/v1/__ranges/enable_view.h /opt/homebrew/opt/llvm/include/c++/v1/__ranges/size.h /opt/homebrew/opt/llvm/include/c++/v1/__iterator/reverse_iterator.h /opt/homebrew/opt/llvm/include/c++/v1/__algorithm/unwrap_iter.h /opt/homebrew/opt/llvm/include/c++/v1/__compare/compare_three_way_result.h /opt/homebrew/opt/llvm/include/c++/v1/__iterator/advance.h /opt/homebrew/opt/llvm/include/c++/v1/__utility/convert_to_integral.h /opt/homebrew/opt/llvm/include/c++/v1/__utility/unreachable.h /opt/homebrew/opt/llvm/include/c++/v1/cstdlib /opt/homebrew/opt/llvm/include/c++/v1/stdlib.h /Library/Developer/CommandLineTools/SDKs/MacOSX.sdk/usr/include/stdlib.h /Library/Developer/CommandLineTools/SDKs/MacOSX.sdk/usr/include/sys/wait.h /Library/Developer/CommandLineTools/SDKs/MacOSX.sdk/usr/include/sys/_types/_pid_t.h /Library/Developer/CommandLineTools/SDKs/MacOSX.sdk/usr/include/sys/_types/_id_t.h /Library/Developer/CommandLineTools/SDKs/MacOSX.sdk/usr/include/sys/signal.h /Library/Developer/CommandLineTools/SDKs/MacOSX.sdk/usr/include/sys/appleapiopts.h /Library/Developer/CommandLineTools/SDKs/MacOSX.sdk/usr/include/machine/signal.h /Library/Developer/CommandLineTools/SDKs/MacOSX.sdk/usr/include/arm/signal.h /Library/Developer/CommandLineTools/SDKs/MacOSX.sdk/usr/include/machine/_mcontext.h /Library/Developer/CommandLineTools/SDKs/MacOSX.sdk/usr/include/arm/_mcontext.h /Library/Developer/CommandLineTools/SDKs/MacOSX.sdk/usr/include/mach/machine/_structs.h /Library/Developer/CommandLineTools/SDKs/MacOSX.sdk/usr/include/mach/arm/_structs.h /Library/Developer/CommandLineTools/SDKs/MacOSX.sdk/usr/include/sys/_pthread/_pthread_attr_t.h /Library/Developer/CommandLineTools/SDKs/MacOSX.sdk/usr/include/sys/_types/_sigaltstack.h /Library/Developer/CommandLineTools/SDKs/MacOSX.sdk/usr/include/sys/_types/_ucontext.h /Library/Developer/CommandLineTools/SDKs/MacOSX.sdk/usr/include/sys/_types/_sigset_t.h /Library/Developer/CommandLineTools/SDKs/MacOSX.sdk/usr/include/sys/_types/_uid_t.h /Library/Developer/CommandLineTools/SDKs/MacOSX.sdk/usr/include/sys/resource.h /Library/Developer/CommandLineTools/SDKs/MacOSX.sdk/usr/include/sys/_types/_timeval.h /Library/Developer/CommandLineTools/SDKs/MacOSX.sdk/usr/include/machine/endian.h /Library/Developer/CommandLineTools/SDKs/MacOSX.sdk/usr/include/arm/endian.h /Library/Developer/CommandLineTools/SDKs/MacOSX.sdk/usr/include/sys/_endian.h /Library/Developer/CommandLineTools/SDKs/MacOSX.sdk/usr/include/libkern/_OSByteOrder.h /Library/Developer/CommandLineTools/SDKs/MacOSX.sdk/usr/include/libkern/arm/OSByteOrder.h /Library/Developer/CommandLineTools/SDKs/MacOSX.sdk/usr/include/arm/arch.h /Library/Developer/CommandLineTools/SDKs/MacOSX.sdk/usr/include/alloca.h /Library/Developer/CommandLineTools/SDKs/MacOSX.sdk/usr/include/malloc/_malloc.h /Library/Developer/CommandLineTools/SDKs/MacOSX.sdk/usr/include/sys/_types/_dev_t.h /Library/Developer/CommandLineTools/SDKs/MacOSX.sdk/usr/include/sys/_types/_mode_t.h /opt/homebrew/opt/llvm/include/c++/v1/__iterator/iter_swap.h /opt/homebrew/opt/llvm/include/c++/v1/__iterator/next.h /opt/homebrew/opt/llvm/include/c++/v1/__iterator/prev.h /opt/homebrew/opt/llvm/include/c++/v1/__iterator/segmented_iterator.h /opt/homebrew/opt/llvm/include/c++/v1/__ranges/subrange.h /opt/homebrew/opt/llvm/include/c++/v1/__concepts/different_from.h /opt/homebrew/opt/llvm/include/c++/v1/__ranges/dangling.h /opt/homebrew/opt/llvm/include/c++/v1/__ranges/view_interface.h /opt/homebrew/opt/llvm/include/c++/v1/__ranges/empty.h /opt/homebrew/opt/llvm/include/c++/v1/__tuple_dir/pair_like.h /opt/homebrew/opt/llvm/include/c++/v1/__tuple_dir/tuple_like.h /opt/homebrew/opt/llvm/include/c++/v1/__iterator/wrap_iter.h /opt/homebrew/opt/llvm/include/c++/v1/__memory/allocate_at_least.h /opt/homebrew/opt/llvm/include/c++/v1/__memory/allocator_traits.h /opt/homebrew/opt/llvm/include/c++/v1/__memory/construct_at.h /opt/homebrew/opt/llvm/include/c++/v1/__iterator/access.h /opt/homebrew/opt/llvm/include/c++/v1/__memory/voidify.h /opt/homebrew/opt/llvm/include/c++/v1/new /opt/homebrew/opt/llvm/include/c++/v1/exception /opt/homebrew/opt/llvm/include/c++/v1/__memory/allocator.h /opt/homebrew/opt/llvm/include/c++/v1/stdexcept /opt/homebrew/opt/llvm/include/c++/v1/__memory/compressed_pair.h /opt/homebrew/opt/llvm/include/c++/v1/__memory/swap_allocator.h /opt/homebrew/opt/llvm/include/c++/v1/__memory_resource/polymorphic_allocator.h /opt/homebrew/opt/llvm/include/c++/v1/__memory_resource/memory_resource.h /opt/homebrew/opt/llvm/include/c++/v1/__utility/exception_guard.h /opt/homebrew/opt/llvm/include/c++/v1/tuple /opt/homebrew/opt/llvm/include/c++/v1/__memory/allocator_arg_t.h /opt/homebrew/opt/llvm/include/c++/v1/__memory/uses_allocator.h /opt/homebrew/opt/llvm/include/c++/v1/compare /opt/homebrew/opt/llvm/include/c++/v1/__compare/compare_partial_order_fallback.h /opt/homebrew/opt/llvm/include/c++/v1/__compare/partial_order.h /opt/homebrew/opt/llvm/include/c++/v1/__compare/compare_three_way.h /opt/homebrew/opt/llvm/include/c++/v1/__compare/weak_order.h /opt/homebrew/opt/llvm/include/c++/v1/__compare/strong_order.h /opt/homebrew/opt/llvm/include/c++/v1/__bit/bit_cast.h /opt/homebrew/opt/llvm/include/c++/v1/__utility/priority_tag.h /opt/homebrew/opt/llvm/include/c++/v1/cmath /opt/homebrew/opt/llvm/include/c++/v1/math.h /Library/Developer/CommandLineTools/SDKs/MacOSX.sdk/usr/include/math.h /opt/homebrew/opt/llvm/include/c++/v1/__type_traits/promote.h /opt/homebrew/opt/llvm/include/c++/v1/__compare/compare_strong_order_fallback.h /opt/homebrew/opt/llvm/include/c++/v1/__compare/compare_weak_order_fallback.h /opt/homebrew/opt/llvm/include/c++/v1/__compare/is_eq.h /opt/homebrew/opt/llvm/include/c++/v1/typeinfo /opt/homebrew/opt/llvm/include/c++/v1/utility /opt/homebrew/opt/llvm/include/c++/v1/__utility/as_const.h /opt/homebrew/opt/llvm/include/c++/v1/__utility/cmp.h /opt/homebrew/opt/llvm/include/c++/v1/__utility/forward_like.h /opt/homebrew/opt/llvm/include/c++/v1/__utility/in_place.h /opt/homebrew/opt/llvm/include/c++/v1/__utility/rel_ops.h /opt/homebrew/opt/llvm/include/c++/v1/__utility/to_underlying.h /opt/homebrew/opt/llvm/include/c++/v1/__string/char_traits.h /opt/homebrew/opt/llvm/include/c++/v1/__algorithm/copy_n.h /opt/homebrew/opt/llvm/include/c++/v1/__algorithm/copy.h /opt/homebrew/opt/llvm/include/c++/v1/__algorithm/copy_move_common.h /opt/homebrew/opt/llvm/include/c++/v1/__algorithm/iterator_operations.h /opt/homebrew/opt/llvm/include/c++/v1/__algorithm/iter_swap.h /opt/homebrew/opt/llvm/include/c++/v1/__algorithm/ranges_iterator_concept.h /opt/homebrew/opt/llvm/include/c++/v1/__algorithm/unwrap_range.h /opt/homebrew/opt/llvm/include/c++/v1/__type_traits/is_always_bitcastable.h /opt/homebrew/opt/llvm/include/c++/v1/__algorithm/fill_n.h /opt/homebrew/opt/llvm/include/c++/v1/__algorithm/find_end.h /opt/homebrew/opt/llvm/include/c++/v1/__algorithm/search.h /opt/homebrew/opt/llvm/include/c++/v1/__algorithm/find_first_of.h /opt/homebrew/opt/llvm/include/c++/v1/cstdio /opt/homebrew/opt/llvm/include/c++/v1/cwchar /opt/homebrew/opt/llvm/include/c++/v1/cwctype /opt/homebrew/opt/llvm/include/c++/v1/cctype /opt/homebrew/opt/llvm/include/c++/v1/wctype.h /Library/Developer/CommandLineTools/SDKs/MacOSX.sdk/usr/include/wctype.h /Library/Developer/CommandLineTools/SDKs/MacOSX.sdk/usr/include/_types/_wctrans_t.h /opt/homebrew/opt/llvm/include/c++/v1/__string/extern_template_lists.h /opt/homebrew/opt/llvm/include/c++/v1/__type_traits/is_allocator.h /opt/homebrew/opt/llvm/include/c++/v1/__type_traits/noexcept_move_assign_container.h /opt/homebrew/opt/llvm/include/c++/v1/string_view /opt/homebrew/opt/llvm/include/c++/v1/__fwd/string_view.h /opt/homebrew/opt/llvm/include/c++/v1/__iterator/data.h /opt/homebrew/opt/llvm/include/c++/v1/__iterator/empty.h /opt/homebrew/opt/llvm/include/c++/v1/__iterator/reverse_access.h /opt/homebrew/opt/llvm/include/c++/v1/__iterator/size.h /opt/homebrew/opt/llvm/include/c++/v1/algorithm /opt/homebrew/opt/llvm/include/c++/v1/__algorithm/adjacent_find.h /opt/homebrew/opt/llvm/include/c++/v1/__algorithm/all_of.h /opt/homebrew/opt/llvm/include/c++/v1/__algorithm/any_of.h /opt/homebrew/opt/llvm/include/c++/v1/__algorithm/binary_search.h /opt/homebrew/opt/llvm/include/c++/v1/__algorithm/lower_bound.h /opt/homebrew/opt/llvm/include/c++/v1/__algorithm/half_positive.h /opt/homebrew/opt/llvm/include/c++/v1/__algorithm/clamp.h /opt/homebrew/opt/llvm/include/c++/v1/__algorithm/copy_backward.h /opt/homebrew/opt/llvm/include/c++/v1/__algorithm/copy_if.h /opt/homebrew/opt/llvm/include/c++/v1/__algorithm/count.h /opt/homebrew/opt/llvm/include/c++/v1/__algorithm/count_if.h /opt/homebrew/opt/llvm/include/c++/v1/__algorithm/equal.h /opt/homebrew/opt/llvm/include/c++/v1/__algorithm/equal_range.h /opt/homebrew/opt/llvm/include/c++/v1/__algorithm/upper_bound.h /opt/homebrew/opt/llvm/include/c++/v1/__algorithm/fill.h /opt/homebrew/opt/llvm/include/c++/v1/__algorithm/find_if_not.h /opt/homebrew/opt/llvm/include/c++/v1/__algorithm/for_each.h /opt/homebrew/opt/llvm/include/c++/v1/__algorithm/for_each_n.h /opt/homebrew/opt/llvm/include/c++/v1/__algorithm/generate.h /opt/homebrew/opt/llvm/include/c++/v1/__algorithm/generate_n.h /opt/homebrew/opt/llvm/include/c++/v1/__algorithm/in_found_result.h /opt/homebrew/opt/llvm/include/c++/v1/__algorithm/in_fun_result.h /opt/homebrew/opt/llvm/include/c++/v1/__algorithm/in_in_out_result.h /opt/homebrew/opt/llvm/include/c++/v1/__algorithm/in_in_result.h /opt/homebrew/opt/llvm/include/c++/v1/__algorithm/in_out_out_result.h /opt/homebrew/opt/llvm/include/c++/v1/__algorithm/in_out_result.h /opt/homebrew/opt/llvm/include/c++/v1/__algorithm/includes.h /opt/homebrew/opt/llvm/include/c++/v1/__algorithm/inplace_merge.h /opt/homebrew/opt/llvm/include/c++/v1/__algorithm/move.h /opt/homebrew/opt/llvm/include/c++/v1/__algorithm/rotate.h /opt/homebrew/opt/llvm/include/c++/v1/__algorithm/move_backward.h /opt/homebrew/opt/llvm/include/c++/v1/__algorithm/swap_ranges.h /opt/homebrew/opt/llvm/include/c++/v1/__memory/destruct_n.h /opt/homebrew/opt/llvm/include/c++/v1/__memory/temporary_buffer.h /opt/homebrew/opt/llvm/include/c++/v1/__memory/unique_ptr.h /opt/homebrew/opt/llvm/include/c++/v1/__functional/operations.h /opt/homebrew/opt/llvm/include/c++/v1/__functional/binary_function.h /opt/homebrew/opt/llvm/include/c++/v1/__memory/auto_ptr.h /opt/homebrew/opt/llvm/include/c++/v1/__algorithm/is_heap.h /opt/homebrew/opt/llvm/include/c++/v1/__algorithm/is_heap_until.h /opt/homebrew/opt/llvm/include/c++/v1/__algorithm/is_partitioned.h /opt/homebrew/opt/llvm/include/c++/v1/__algorithm/is_permutation.h /opt/homebrew/opt/llvm/include/c++/v1/__algorithm/is_sorted.h /opt/homebrew/opt/llvm/include/c++/v1/__algorithm/is_sorted_until.h /opt/homebrew/opt/llvm/include/c++/v1/__algorithm/lexicographical_compare.h /opt/homebrew/opt/llvm/include/c++/v1/__algorithm/make_heap.h /opt/homebrew/opt/llvm/include/c++/v1/__algorithm/sift_down.h /opt/homebrew/opt/llvm/include/c++/v1/__algorithm/merge.h /opt/homebrew/opt/llvm/include/c++/v1/__algorithm/min_max_result.h /opt/homebrew/opt/llvm/include/c++/v1/__algorithm/minmax.h /opt/homebrew/opt/llvm/include/c++/v1/__algorithm/minmax_element.h /opt/homebrew/opt/llvm/include/c++/v1/__algorithm/mismatch.h /opt/homebrew/opt/llvm/include/c++/v1/__algorithm/next_permutation.h /opt/homebrew/opt/llvm/include/c++/v1/__algorithm/reverse.h /opt/homebrew/opt/llvm/include/c++/v1/__algorithm/none_of.h /opt/homebrew/opt/llvm/include/c++/v1/__algorithm/nth_element.h /opt/homebrew/opt/llvm/include/c++/v1/__algorithm/sort.h /opt/homebrew/opt/llvm/include/c++/v1/__algorithm/partial_sort.h /opt/homebrew/opt/llvm/include/c++/v1/__algorithm/sort_heap.h /opt/homebrew/opt/llvm/include/c++/v1/__algorithm/pop_heap.h /opt/homebrew/opt/llvm/include/c++/v1/__algorithm/push_heap.h /opt/homebrew/opt/llvm/include/c++/v1/__debug_utils/randomize_range.h /opt/homebrew/opt/llvm/include/c++/v1/__functional/ranges_operations.h /opt/homebrew/opt/llvm/include/c++/v1/bit /opt/homebrew/opt/llvm/include/c++/v1/__bit/bit_ceil.h /opt/homebrew/opt/llvm/include/c++/v1/__bit/countl.h /opt/homebrew/opt/llvm/include/c++/v1/__bit/rotate.h /opt/homebrew/opt/llvm/include/c++/v1/__bit/bit_floor.h /opt/homebrew/opt/llvm/include/c++/v1/__bit/bit_log2.h /opt/homebrew/opt/llvm/include/c++/v1/__bit/bit_width.h /opt/homebrew/opt/llvm/include/c++/v1/__bit/blsr.h /opt/homebrew/opt/llvm/include/c++/v1/__bit/byteswap.h /opt/homebrew/opt/llvm/include/c++/v1/__bit/countr.h /opt/homebrew/opt/llvm/include/c++/v1/__bit/endian.h /opt/homebrew/opt/llvm/include/c++/v1/__bit/has_single_bit.h /opt/homebrew/opt/llvm/include/c++/v1/__bit/popcount.h /opt/homebrew/opt/llvm/include/c++/v1/__algorithm/partial_sort_copy.h /opt/homebrew/opt/llvm/include/c++/v1/__algorithm/make_projected.h /opt/homebrew/opt/llvm/include/c++/v1/__algorithm/partition.h /opt/homebrew/opt/llvm/include/c++/v1/__algorithm/partition_copy.h /opt/homebrew/opt/llvm/include/c++/v1/__algorithm/partition_point.h /opt/homebrew/opt/llvm/include/c++/v1/__algorithm/prev_permutation.h /opt/homebrew/opt/llvm/include/c++/v1/__algorithm/ranges_adjacent_find.h /opt/homebrew/opt/llvm/include/c++/v1/__iterator/projected.h /opt/homebrew/opt/llvm/include/c++/v1/__algorithm/ranges_all_of.h /opt/homebrew/opt/llvm/include/c++/v1/__algorithm/ranges_any_of.h /opt/homebrew/opt/llvm/include/c++/v1/__algorithm/ranges_binary_search.h /opt/homebrew/opt/llvm/include/c++/v1/__algorithm/ranges_clamp.h /opt/homebrew/opt/llvm/include/c++/v1/__algorithm/ranges_copy.h /opt/homebrew/opt/llvm/include/c++/v1/__algorithm/ranges_copy_backward.h /opt/homebrew/opt/llvm/include/c++/v1/__algorithm/ranges_copy_if.h /opt/homebrew/opt/llvm/include/c++/v1/__algorithm/ranges_copy_n.h /opt/homebrew/opt/llvm/include/c++/v1/__iterator/unreachable_sentinel.h /opt/homebrew/opt/llvm/include/c++/v1/__algorithm/ranges_count.h /opt/homebrew/opt/llvm/include/c++/v1/__algorithm/ranges_count_if.h /opt/homebrew/opt/llvm/include/c++/v1/__algorithm/ranges_equal.h /opt/homebrew/opt/llvm/include/c++/v1/__iterator/indirectly_comparable.h /opt/homebrew/opt/llvm/include/c++/v1/__algorithm/ranges_equal_range.h /opt/homebrew/opt/llvm/include/c++/v1/__algorithm/ranges_fill.h /opt/homebrew/opt/llvm/include/c++/v1/__algorithm/ranges_fill_n.h /opt/homebrew/opt/llvm/include/c++/v1/__algorithm/ranges_find.h /opt/homebrew/opt/llvm/include/c++/v1/__algorithm/ranges_find_if.h /opt/homebrew/opt/llvm/include/c++/v1/__algorithm/ranges_find_end.h /opt/homebrew/opt/llvm/include/c++/v1/__algorithm/ranges_find_first_of.h /opt/homebrew/opt/llvm/include/c++/v1/__algorithm/ranges_find_if_not.h /opt/homebrew/opt/llvm/include/c++/v1/__algorithm/ranges_for_each.h /opt/homebrew/opt/llvm/include/c++/v1/__algorithm/ranges_for_each_n.h /opt/homebrew/opt/llvm/include/c++/v1/__algorithm/ranges_generate.h /opt/homebrew/opt/llvm/include/c++/v1/__algorithm/ranges_generate_n.h /opt/homebrew/opt/llvm/include/c++/v1/__algorithm/ranges_includes.h /opt/homebrew/opt/llvm/include/c++/v1/__algorithm/ranges_inplace_merge.h /opt/homebrew/opt/llvm/include/c++/v1/__iterator/sortable.h /opt/homebrew/opt/llvm/include/c++/v1/__iterator/permutable.h /opt/homebrew/opt/llvm/include/c++/v1/__algorithm/ranges_is_heap.h /opt/homebrew/opt/llvm/include/c++/v1/__algorithm/ranges_is_heap_until.h /opt/homebrew/opt/llvm/include/c++/v1/__algorithm/ranges_is_partitioned.h /opt/homebrew/opt/llvm/include/c++/v1/__algorithm/ranges_is_permutation.h /opt/homebrew/opt/llvm/include/c++/v1/__algorithm/ranges_is_sorted.h /opt/homebrew/opt/llvm/include/c++/v1/__algorithm/ranges_is_sorted_until.h /opt/homebrew/opt/llvm/include/c++/v1/__algorithm/ranges_lexicographical_compare.h /opt/homebrew/opt/llvm/include/c++/v1/__algorithm/ranges_lower_bound.h /opt/homebrew/opt/llvm/include/c++/v1/__algorithm/ranges_make_heap.h /opt/homebrew/opt/llvm/include/c++/v1/__algorithm/ranges_max.h /opt/homebrew/opt/llvm/include/c++/v1/__algorithm/ranges_min_element.h /opt/homebrew/opt/llvm/include/c++/v1/__algorithm/ranges_max_element.h /opt/homebrew/opt/llvm/include/c++/v1/__algorithm/ranges_merge.h /opt/homebrew/opt/llvm/include/c++/v1/__iterator/mergeable.h /opt/homebrew/opt/llvm/include/c++/v1/__algorithm/ranges_min.h /opt/homebrew/opt/llvm/include/c++/v1/__algorithm/ranges_minmax.h /opt/homebrew/opt/llvm/include/c++/v1/__algorithm/ranges_minmax_element.h /opt/homebrew/opt/llvm/include/c++/v1/__algorithm/ranges_mismatch.h /opt/homebrew/opt/llvm/include/c++/v1/__algorithm/ranges_move.h /opt/homebrew/opt/llvm/include/c++/v1/__algorithm/ranges_move_backward.h /opt/homebrew/opt/llvm/include/c++/v1/__algorithm/ranges_next_permutation.h /opt/homebrew/opt/llvm/include/c++/v1/__algorithm/ranges_none_of.h /opt/homebrew/opt/llvm/include/c++/v1/__algorithm/ranges_nth_element.h /opt/homebrew/opt/llvm/include/c++/v1/__algorithm/ranges_partial_sort.h /opt/homebrew/opt/llvm/include/c++/v1/__algorithm/ranges_partial_sort_copy.h /opt/homebrew/opt/llvm/include/c++/v1/__algorithm/ranges_partition.h /opt/homebrew/opt/llvm/include/c++/v1/__algorithm/ranges_partition_copy.h /opt/homebrew/opt/llvm/include/c++/v1/__algorithm/ranges_partition_point.h /opt/homebrew/opt/llvm/include/c++/v1/__algorithm/ranges_pop_heap.h /opt/homebrew/opt/llvm/include/c++/v1/__algorithm/ranges_prev_permutation.h /opt/homebrew/opt/llvm/include/c++/v1/__algorithm/ranges_push_heap.h /opt/homebrew/opt/llvm/include/c++/v1/__algorithm/ranges_remove.h /opt/homebrew/opt/llvm/include/c++/v1/__algorithm/ranges_remove_if.h /opt/homebrew/opt/llvm/include/c++/v1/__algorithm/ranges_remove_copy.h /opt/homebrew/opt/llvm/include/c++/v1/__algorithm/ranges_remove_copy_if.h /opt/homebrew/opt/llvm/include/c++/v1/__algorithm/remove_copy_if.h /opt/homebrew/opt/llvm/include/c++/v1/__algorithm/ranges_replace.h /opt/homebrew/opt/llvm/include/c++/v1/__algorithm/ranges_replace_if.h /opt/homebrew/opt/llvm/include/c++/v1/__algorithm/ranges_replace_copy.h /opt/homebrew/opt/llvm/include/c++/v1/__algorithm/ranges_replace_copy_if.h /opt/homebrew/opt/llvm/include/c++/v1/__algorithm/ranges_reverse.h /opt/homebrew/opt/llvm/include/c++/v1/__algorithm/ranges_reverse_copy.h /opt/homebrew/opt/llvm/include/c++/v1/__algorithm/ranges_rotate.h /opt/homebrew/opt/llvm/include/c++/v1/__algorithm/ranges_rotate_copy.h /opt/homebrew/opt/llvm/include/c++/v1/__algorithm/ranges_sample.h /opt/homebrew/opt/llvm/include/c++/v1/__algorithm/sample.h /opt/homebrew/opt/llvm/include/c++/v1/__random/uniform_int_distribution.h /opt/homebrew/opt/llvm/include/c++/v1/__random/is_valid.h /opt/homebrew/opt/llvm/include/c++/v1/__random/log2.h /opt/homebrew/opt/llvm/include/c++/v1/__algorithm/uniform_random_bit_generator_adaptor.h /opt/homebrew/opt/llvm/include/c++/v1/__random/uniform_random_bit_generator.h /opt/homebrew/opt/llvm/include/c++/v1/__algorithm/ranges_search.h /opt/homebrew/opt/llvm/include/c++/v1/__algorithm/ranges_search_n.h /opt/homebrew/opt/llvm/include/c++/v1/__algorithm/search_n.h /opt/homebrew/opt/llvm/include/c++/v1/__algorithm/ranges_set_difference.h /opt/homebrew/opt/llvm/include/c++/v1/__algorithm/set_difference.h /opt/homebrew/opt/llvm/include/c++/v1/__algorithm/ranges_set_intersection.h /opt/homebrew/opt/llvm/include/c++/v1/__algorithm/set_intersection.h /opt/homebrew/opt/llvm/include/c++/v1/__algorithm/ranges_set_symmetric_difference.h /opt/homebrew/opt/llvm/include/c++/v1/__algorithm/set_symmetric_difference.h /opt/homebrew/opt/llvm/include/c++/v1/__algorithm/ranges_set_union.h /opt/homebrew/opt/llvm/include/c++/v1/__algorithm/set_union.h /opt/homebrew/opt/llvm/include/c++/v1/__algorithm/ranges_shuffle.h /opt/homebrew/opt/llvm/include/c++/v1/__algorithm/shuffle.h /opt/homebrew/opt/llvm/include/c++/v1/__algorithm/ranges_sort.h /opt/homebrew/opt/llvm/include/c++/v1/__algorithm/ranges_sort_heap.h /opt/homebrew/opt/llvm/include/c++/v1/__algorithm/ranges_stable_partition.h /opt/homebrew/opt/llvm/include/c++/v1/__algorithm/stable_partition.h /opt/homebrew/opt/llvm/include/c++/v1/__algorithm/ranges_stable_sort.h /opt/homebrew/opt/llvm/include/c++/v1/__algorithm/stable_sort.h /opt/homebrew/opt/llvm/include/c++/v1/__algorithm/ranges_swap_ranges.h /opt/homebrew/opt/llvm/include/c++/v1/__algorithm/ranges_transform.h /opt/homebrew/opt/llvm/include/c++/v1/__algorithm/ranges_unique.h /opt/homebrew/opt/llvm/include/c++/v1/__algorithm/unique.h /opt/homebrew/opt/llvm/include/c++/v1/__algorithm/ranges_unique_copy.h /opt/homebrew/opt/llvm/include/c++/v1/__algorithm/unique_copy.h /opt/homebrew/opt/llvm/include/c++/v1/__algorithm/ranges_upper_bound.h /opt/homebrew/opt/llvm/include/c++/v1/__algorithm/remove_copy.h /opt/homebrew/opt/llvm/include/c++/v1/__algorithm/replace_copy_if.h /opt/homebrew/opt/llvm/include/c++/v1/__algorithm/replace_if.h /opt/homebrew/opt/llvm/include/c++/v1/__algorithm/reverse_copy.h /opt/homebrew/opt/llvm/include/c++/v1/__algorithm/rotate_copy.h /opt/homebrew/opt/llvm/include/c++/v1/__algorithm/shift_left.h /opt/homebrew/opt/llvm/include/c++/v1/__algorithm/shift_right.h /opt/homebrew/opt/llvm/include/c++/v1/__algorithm/transform.h /opt/homebrew/opt/llvm/include/c++/v1/chrono /opt/homebrew/opt/llvm/include/c++/v1/__chrono/calendar.h /opt/homebrew/opt/llvm/include/c++/v1/__chrono/convert_to_timespec.h /opt/homebrew/opt/llvm/include/c++/v1/__chrono/convert_to_tm.h /opt/homebrew/opt/llvm/include/c++/v1/__chrono/day.h /opt/homebrew/opt/llvm/include/c++/v1/__chrono/hh_mm_ss.h /opt/homebrew/opt/llvm/include/c++/v1/__chrono/month.h /opt/homebrew/opt/llvm/include/c++/v1/__chrono/month_weekday.h /opt/homebrew/opt/llvm/include/c++/v1/__chrono/weekday.h /opt/homebrew/opt/llvm/include/c++/v1/__chrono/monthday.h /opt/homebrew/opt/llvm/include/c++/v1/__chrono/statically_widen.h /opt/homebrew/opt/llvm/include/c++/v1/__format/concepts.h /opt/homebrew/opt/llvm/include/c++/v1/__format/format_fwd.h /opt/homebrew/opt/llvm/include/c++/v1/__format/format_parse_context.h /opt/homebrew/opt/llvm/include/c++/v1/__format/format_error.h /opt/homebrew/opt/llvm/include/c++/v1/__chrono/year.h /opt/homebrew/opt/llvm/include/c++/v1/__chrono/year_month.h /opt/homebrew/opt/llvm/include/c++/v1/__chrono/year_month_day.h /opt/homebrew/opt/llvm/include/c++/v1/__chrono/year_month_weekday.h /opt/homebrew/opt/llvm/include/c++/v1/__chrono/high_resolution_clock.h /opt/homebrew/opt/llvm/include/c++/v1/__chrono/steady_clock.h /opt/homebrew/opt/llvm/include/c++/v1/__chrono/literals.h /opt/homebrew/opt/llvm/include/c++/v1/concepts /opt/homebrew/opt/llvm/include/c++/v1/__concepts/common_with.h /opt/homebrew/opt/llvm/include/c++/v1/atomic /opt/homebrew/opt/llvm/include/c++/v1/__thread/poll_with_backoff.h /opt/homebrew/opt/llvm/include/c++/v1/__thread/timed_backoff_policy.h /opt/homebrew/opt/llvm/include/c++/v1/__threading_support /Library/Developer/CommandLineTools/SDKs/MacOSX.sdk/usr/include/pthread.h /Library/Developer/CommandLineTools/SDKs/MacOSX.sdk/usr/include/pthread/sched.h /Library/Developer/CommandLineTools/SDKs/MacOSX.sdk/usr/include/pthread/pthread_impl.h /Library/Developer/CommandLineTools/SDKs/MacOSX.sdk/usr/include/sys/_pthread/_pthread_cond_t.h /Library/Developer/CommandLineTools/SDKs/MacOSX.sdk/usr/include/sys/_pthread/_pthread_condattr_t.h /Library/Developer/CommandLineTools/SDKs/MacOSX.sdk/usr/include/sys/_pthread/_pthread_key_t.h /Library/Developer/CommandLineTools/SDKs/MacOSX.sdk/usr/include/sys/_pthread/_pthread_mutex_t.h /Library/Developer/CommandLineTools/SDKs/MacOSX.sdk/usr/include/sys/_pthread/_pthread_mutexattr_t.h /Library/Developer/CommandLineTools/SDKs/MacOSX.sdk/usr/include/sys/_pthread/_pthread_once_t.h /Library/Developer/CommandLineTools/SDKs/MacOSX.sdk/usr/include/sys/_pthread/_pthread_rwlock_t.h /Library/Developer/CommandLineTools/SDKs/MacOSX.sdk/usr/include/sys/_pthread/_pthread_rwlockattr_t.h /Library/Developer/CommandLineTools/SDKs/MacOSX.sdk/usr/include/sys/_pthread/_pthread_t.h /Library/Developer/CommandLineTools/SDKs/MacOSX.sdk/usr/include/pthread/qos.h /Library/Developer/CommandLineTools/SDKs/MacOSX.sdk/usr/include/sys/qos.h /Library/Developer/CommandLineTools/SDKs/MacOSX.sdk/usr/include/sys/_types/_mach_port_t.h /Library/Developer/CommandLineTools/SDKs/MacOSX.sdk/usr/include/sched.h /opt/homebrew/opt/llvm/include/c++/v1/iterator /opt/homebrew/opt/llvm/include/c++/v1/__iterator/bounded_iter.h /opt/homebrew/opt/llvm/include/c++/v1/__iterator/common_iterator.h /opt/homebrew/opt/llvm/include/c++/v1/variant /opt/homebrew/opt/llvm/include/c++/v1/__variant/monostate.h /opt/homebrew/opt/llvm/include/c++/v1/__iterator/counted_iterator.h /opt/homebrew/opt/llvm/include/c++/v1/__iterator/default_sentinel.h /opt/homebrew/opt/llvm/include/c++/v1/__iterator/erase_if_container.h /opt/homebrew/opt/llvm/include/c++/v1/__iterator/front_insert_iterator.h /opt/homebrew/opt/llvm/include/c++/v1/__iterator/insert_iterator.h /opt/homebrew/opt/llvm/include/c++/v1/__iterator/istream_iterator.h /opt/homebrew/opt/llvm/include/c++/v1/__iterator/istreambuf_iterator.h /opt/homebrew/opt/llvm/include/c++/v1/__iterator/move_iterator.h /opt/homebrew/opt/llvm/include/c++/v1/__iterator/move_sentinel.h /opt/homebrew/opt/llvm/include/c++/v1/__iterator/ostream_iterator.h /opt/homebrew/opt/llvm/include/c++/v1/__iterator/ostreambuf_iterator.h /opt/homebrew/opt/llvm/include/c++/v1/memory /opt/homebrew/opt/llvm/include/c++/v1/__memory/align.h /opt/homebrew/opt/llvm/include/c++/v1/__memory/allocation_guard.h /opt/homebrew/opt/llvm/include/c++/v1/__memory/assume_aligned.h /opt/homebrew/opt/llvm/include/c++/v1/__memory/concepts.h /opt/homebrew/opt/llvm/include/c++/v1/__memory/ranges_construct_at.h /opt/homebrew/opt/llvm/include/c++/v1/__memory/ranges_uninitialized_algorithms.h /opt/homebrew/opt/llvm/include/c++/v1/__memory/uninitialized_algorithms.h /opt/homebrew/opt/llvm/include/c++/v1/__memory/raw_storage_iterator.h /opt/homebrew/opt/llvm/include/c++/v1/__memory/shared_ptr.h /opt/homebrew/opt/llvm/include/c++/v1/__functional/reference_wrapper.h /opt/homebrew/opt/llvm/include/c++/v1/__functional/weak_result_type.h /opt/homebrew/opt/llvm/include/c++/v1/__memory/allocator_destructor.h /opt/homebrew/opt/llvm/include/c++/v1/__memory/uses_allocator_construction.h /opt/homebrew/opt/llvm/include/c++/v1/functional /opt/homebrew/opt/llvm/include/c++/v1/__functional/binary_negate.h /opt/homebrew/opt/llvm/include/c++/v1/__functional/bind.h /opt/homebrew/opt/llvm/include/c++/v1/__functional/bind_back.h /opt/homebrew/opt/llvm/include/c++/v1/__functional/perfect_forward.h /opt/homebrew/opt/llvm/include/c++/v1/__functional/bind_front.h /opt/homebrew/opt/llvm/include/c++/v1/__functional/binder1st.h /opt/homebrew/opt/llvm/include/c++/v1/__functional/binder2nd.h /opt/homebrew/opt/llvm/include/c++/v1/__functional/boyer_moore_searcher.h /opt/homebrew/opt/llvm/include/c++/v1/array /opt/homebrew/opt/llvm/include/c++/v1/unordered_map /opt/homebrew/opt/llvm/include/c++/v1/__functional/is_transparent.h /opt/homebrew/opt/llvm/include/c++/v1/__hash_table /opt/homebrew/opt/llvm/include/c++/v1/__node_handle /opt/homebrew/opt/llvm/include/c++/v1/optional /opt/homebrew/opt/llvm/include/c++/v1/vector /opt/homebrew/opt/llvm/include/c++/v1/__bit_reference /opt/homebrew/opt/llvm/include/c++/v1/__format/formatter.h /opt/homebrew/opt/llvm/include/c++/v1/__memory/temp_value.h /opt/homebrew/opt/llvm/include/c++/v1/__split_buffer /opt/homebrew/opt/llvm/include/c++/v1/__functional/compose.h /opt/homebrew/opt/llvm/include/c++/v1/__functional/default_searcher.h /opt/homebrew/opt/llvm/include/c++/v1/__functional/function.h /opt/homebrew/opt/llvm/include/c++/v1/__memory/builtin_new_allocator.h /opt/homebrew/opt/llvm/include/c++/v1/__type_traits/strip_signature.h /opt/homebrew/opt/llvm/include/c++/v1/__functional/mem_fn.h /opt/homebrew/opt/llvm/include/c++/v1/__functional/mem_fun_ref.h /opt/homebrew/opt/llvm/include/c++/v1/__functional/not_fn.h /opt/homebrew/opt/llvm/include/c++/v1/__functional/pointer_to_binary_function.h /opt/homebrew/opt/llvm/include/c++/v1/__functional/pointer_to_unary_function.h /opt/homebrew/opt/llvm/include/c++/v1/__functional/unary_negate.h /opt/homebrew/opt/llvm/include/c++/v1/iomanip /opt/homebrew/opt/llvm/include/c++/v1/istream /opt/homebrew/opt/llvm/include/c++/v1/ostream /opt/homebrew/opt/llvm/include/c++/v1/bitset /opt/homebrew/opt/llvm/include/c++/v1/ios /opt/homebrew/opt/llvm/include/c++/v1/__locale /opt/homebrew/opt/llvm/include/c++/v1/locale.h /Library/Developer/CommandLineTools/SDKs/MacOSX.sdk/usr/include/locale.h /Library/Developer/CommandLineTools/SDKs/MacOSX.sdk/usr/include/_locale.h /opt/homebrew/opt/llvm/include/c++/v1/mutex /opt/homebrew/opt/llvm/include/c++/v1/__mutex_base /opt/homebrew/opt/llvm/include/c++/v1/system_error /Library/Developer/CommandLineTools/SDKs/MacOSX.sdk/usr/include/xlocale.h /Library/Developer/CommandLineTools/SDKs/MacOSX.sdk/usr/include/_xlocale.h /Library/Developer/CommandLineTools/SDKs/MacOSX.sdk/usr/include/xlocale/_ctype.h /Library/Developer/CommandLineTools/SDKs/MacOSX.sdk/usr/include/xlocale/__wctype.h /Library/Developer/CommandLineTools/SDKs/MacOSX.sdk/usr/include/xlocale/_stdio.h /Library/Developer/CommandLineTools/SDKs/MacOSX.sdk/usr/include/xlocale/_stdlib.h /Library/Developer/CommandLineTools/SDKs/MacOSX.sdk/usr/include/xlocale/_string.h /Library/Developer/CommandLineTools/SDKs/MacOSX.sdk/usr/include/xlocale/_time.h /Library/Developer/CommandLineTools/SDKs/MacOSX.sdk/usr/include/xlocale/_wchar.h /Library/Developer/CommandLineTools/SDKs/MacOSX.sdk/usr/include/xlocale/_wctype.h /opt/homebrew/opt/llvm/include/c++/v1/locale /opt/homebrew/opt/llvm/include/c++/v1/streambuf /Library/Developer/CommandLineTools/SDKs/MacOSX.sdk/usr/include/nl_types.h /Library/Developer/CommandLineTools/SDKs/MacOSX.sdk/usr/include/sys/types.h /Library/Developer/CommandLineTools/SDKs/MacOSX.sdk/usr/include/sys/_types/_u_char.h /Library/Developer/CommandLineTools/SDKs/MacOSX.sdk/usr/include/sys/_types/_u_short.h /Library/Developer/CommandLineTools/SDKs/MacOSX.sdk/usr/include/sys/_types/_u_int.h /Library/Developer/CommandLineTools/SDKs/MacOSX.sdk/usr/include/sys/_types/_caddr_t.h /Library/Developer/CommandLineTools/SDKs/MacOSX.sdk/usr/include/sys/_types/_blkcnt_t.h /Library/Developer/CommandLineTools/SDKs/MacOSX.sdk/usr/include/sys/_types/_blksize_t.h /Library/Developer/CommandLineTools/SDKs/MacOSX.sdk/usr/include/sys/_types/_gid_t.h /Library/Developer/CommandLineTools/SDKs/MacOSX.sdk/usr/include/sys/_types/_in_addr_t.h /Library/Developer/CommandLineTools/SDKs/MacOSX.sdk/usr/include/sys/_types/_in_port_t.h /Library/Developer/CommandLineTools/SDKs/MacOSX.sdk/usr/include/sys/_types/_ino_t.h /Library/Developer/CommandLineTools/SDKs/MacOSX.sdk/usr/include/sys/_types/_ino64_t.h /Library/Developer/CommandLineTools/SDKs/MacOSX.sdk/usr/include/sys/_types/_key_t.h /Library/Developer/CommandLineTools/SDKs/MacOSX.sdk/usr/include/sys/_types/_nlink_t.h /Library/Developer/CommandLineTools/SDKs/MacOSX.sdk/usr/include/sys/_types/_useconds_t.h /Library/Developer/CommandLineTools/SDKs/MacOSX.sdk/usr/include/sys/_types/_suseconds_t.h /Library/Developer/CommandLineTools/SDKs/MacOSX.sdk/usr/include/sys/_types/_fd_def.h /Library/Developer/CommandLineTools/SDKs/MacOSX.sdk/usr/include/sys/_types/_fd_setsize.h /Library/Developer/CommandLineTools/SDKs/MacOSX.sdk/usr/include/sys/_types/_fd_set.h /Library/Developer/CommandLineTools/SDKs/MacOSX.sdk/usr/include/sys/_types/_fd_clr.h /Library/Developer/CommandLineTools/SDKs/MacOSX.sdk/usr/include/sys/_types/_fd_zero.h /Library/Developer/CommandLineTools/SDKs/MacOSX.sdk/usr/include/sys/_types/_fd_isset.h /Library/Developer/CommandLineTools/SDKs/MacOSX.sdk/usr/include/sys/_types/_fd_copy.h /Library/Developer/CommandLineTools/SDKs/MacOSX.sdk/usr/include/sys/_types/_fsblkcnt_t.h /Library/Developer/CommandLineTools/SDKs/MacOSX.sdk/usr/include/sys/_types/_fsfilcnt_t.h /Library/Developer/CommandLineTools/SDKs/MacOSX.sdk/usr/include/_types/_nl_item.h /opt/homebrew/opt/llvm/include/c++/v1/__bsd_locale_defaults.h /opt/homebrew/opt/llvm/include/c++/v1/cstdarg /opt/homebrew/opt/llvm/include/c++/v1/__filesystem/operations.h /opt/homebrew/opt/llvm/include/c++/v1/__filesystem/perm_options.h /opt/homebrew/opt/llvm/include/c++/v1/__filesystem/space_info.h /opt/homebrew/opt/llvm/include/c++/v1/__filesystem/directory_iterator.h /opt/homebrew/opt/llvm/include/c++/v1/__filesystem/directory_options.h /opt/homebrew/opt/llvm/include/c++/v1/__filesystem/path_iterator.h /opt/homebrew/opt/llvm/include/c++/v1/__filesystem/recursive_directory_iterator.h /opt/homebrew/opt/llvm/include/c++/v1/__filesystem/u8path.h /opt/homebrew/opt/llvm/include/c++/v1/fstream /opt/homebrew/opt/llvm/include/c++/v1/iostream /Users/c71n93/Programming/C-and-C++/huawei-courses/BESM-666/include/besm-666/memory/phys-mem.hpp /opt/homebrew/opt/llvm/include/c++/v1/set /opt/homebrew/opt/llvm/include/c++/v1/__tree /Users/c71n93/Programming/C-and-C++/huawei-courses/BESM-666/include/besm-666/memory/page-allocator.hpp /Users/c71n93/Programming/C-and-C++/huawei-courses/BESM-666/include/besm-666/util/non-copyable.hpp /Users/c71n93/Programming/C-and-C++/huawei-courses/BESM-666/include/besm-666/riscv-types.hpp /Users/c71n93/Programming/C-and-C++/huawei-courses/BESM-666/include/besm-666/autogen/encoding.out.h /Users/c71n93/Programming/C-and-C++/huawei-courses/BESM-666/third_party/ELFIO/elfio/elfio.hpp /opt/homebrew/opt/llvm/include/c++/v1/deque /Users/c71n93/Programming/C-and-C++/huawei-courses/BESM-666/third_party/ELFIO/elfio/elf_types.hpp /Users/c71n93/Programming/C-and-C++/huawei-courses/BESM-666/third_party/ELFIO/elfio/elfio_version.hpp /Users/c71n93/Programming/C-and-C++/huawei-courses/BESM-666/third_party/ELFIO/elfio/elfio_utils.hpp /Users/c71n93/Programming/C-and-C++/huawei-courses/BESM-666/third_party/ELFIO/elfio/elfio_header.hpp /Users/c71n93/Programming/C-and-C++/huawei-courses/BESM-666/third_party/ELFIO/elfio/elfio_section.hpp /Users/c71n93/Programming/C-and-C++/huawei-courses/BESM-666/third_party/ELFIO/elfio/elfio_segment.hpp /Users/c71n93/Programming/C-and-C++/huawei-courses/BESM-666/third_party/ELFIO/elfio/elfio_strings.hpp /Users/c71n93/Programming/C-and-C++/huawei-courses/BESM-666/third_party/ELFIO/elfio/elfio_symbols.hpp /Users/c71n93/Programming/C-and-C++/huawei-courses/BESM-666/third_party/ELFIO/elfio/elfio_note.hpp /Users/c71n93/Programming/C-and-C++/huawei-courses/BESM-666/third_party/ELFIO/elfio/elfio_relocation.hpp /Users/c71n93/Programming/C-and-C++/huawei-courses/BESM-666/third_party/ELFIO/elfio/elfio_dynamic.hpp /Users/c71n93/Programming/C-and-C++/huawei-courses/BESM-666/third_party/ELFIO/elfio/elfio_array.hpp /Users/c71n93/Programming/C-and-C++/huawei-courses/BESM-666/third_party/ELFIO/elfio/elfio_modinfo.hpp /Users/c71n93/Programming/C-and-C++/huawei-courses/BESM-666/third_party/ELFIO/elfio/elfio_versym.hpp src/util/CMakeFiles/besm666_util.dir/flags.make
/opt/homebrew/Cellar/cmake/3.26.0/bin/cmake -E cmake_echo_color --switch= --green --progress-dir=/Users/c71n93/Programming/C-and-C++/huawei-courses/BESM-666/build/CMakeFiles --progress-num=15 "Building CXX object src/util/CMakeFiles/besm666_util.dir/elf-parser.cpp.o"
[ 10%] Building CXX object src/util/CMakeFiles/besm666_util.dir/elf-parser.cpp.o
cd /Users/c71n93/Programming/C-and-C++/huawei-courses/BESM-666/build/src/util && /opt/homebrew/opt/llvm/bin/clang++  -I/Users/c71n93/Programming/C-and-C++/huawei-courses/BESM-666/src/util/../../third_party/ELFIO -I/Users/c71n93/Programming/C-and-C++/huawei-courses/BESM-666/./include -g -arch arm64 -isysroot /Library/Developer/CommandLineTools/SDKs/MacOSX.sdk -fcolor-diagnostics -MD -MT src/util/CMakeFiles/besm666_util.dir/elf-parser.cpp.o -MF CMakeFiles/besm666_util.dir/elf-parser.cpp.o.d -o CMakeFiles/besm666_util.dir/elf-parser.cpp.o -c /Users/c71n93/Programming/C-and-C++/huawei-courses/BESM-666/src/util/elf-parser.cpp
src/util/CMakeFiles/besm666_util.dir/build.make:96: update target 'src/util/libbesm666_util.a' due to: src/util/CMakeFiles/besm666_util.dir/link.txt src/util/CMakeFiles/besm666_util.dir/elf-parser.cpp.o src/util/CMakeFiles/besm666_util.dir/build.make
/opt/homebrew/Cellar/cmake/3.26.0/bin/cmake -E cmake_echo_color --switch= --green --bold --progress-dir=/Users/c71n93/Programming/C-and-C++/huawei-courses/BESM-666/build/CMakeFiles --progress-num=16 "Linking CXX static library libbesm666_util.a"
[ 13%] Linking CXX static library libbesm666_util.a
cd /Users/c71n93/Programming/C-and-C++/huawei-courses/BESM-666/build/src/util && /opt/homebrew/Cellar/cmake/3.26.0/bin/cmake -P CMakeFiles/besm666_util.dir/cmake_clean_target.cmake
cd /Users/c71n93/Programming/C-and-C++/huawei-courses/BESM-666/build/src/util && /opt/homebrew/Cellar/cmake/3.26.0/bin/cmake -E cmake_link_script CMakeFiles/besm666_util.dir/link.txt --verbose=
/opt/homebrew/Cellar/cmake/3.26.0/bin/cmake -E cmake_echo_color --switch= --progress-dir=/Users/c71n93/Programming/C-and-C++/huawei-courses/BESM-666/build/CMakeFiles --progress-num=15,16 "Built target besm666_util"
[ 13%] Built target besm666_util
CMakeFiles/Makefile2:1151: update target 'src/memory/CMakeFiles/besm666_memory.dir/all' due to: target is .PHONY
make -s -f src/memory/CMakeFiles/besm666_memory.dir/build.make src/memory/CMakeFiles/besm666_memory.dir/depend
src/memory/CMakeFiles/besm666_memory.dir/build.make:141: update target 'src/memory/CMakeFiles/besm666_memory.dir/depend' due to: target is .PHONY
cd /Users/c71n93/Programming/C-and-C++/huawei-courses/BESM-666/build && /opt/homebrew/Cellar/cmake/3.26.0/bin/cmake -E cmake_depends "Unix Makefiles" /Users/c71n93/Programming/C-and-C++/huawei-courses/BESM-666 /Users/c71n93/Programming/C-and-C++/huawei-courses/BESM-666/src/memory /Users/c71n93/Programming/C-and-C++/huawei-courses/BESM-666/build /Users/c71n93/Programming/C-and-C++/huawei-courses/BESM-666/build/src/memory /Users/c71n93/Programming/C-and-C++/huawei-courses/BESM-666/build/src/memory/CMakeFiles/besm666_memory.dir/DependInfo.cmake --color=
make -s -f src/memory/CMakeFiles/besm666_memory.dir/build.make src/memory/CMakeFiles/besm666_memory.dir/build
src/memory/CMakeFiles/besm666_memory.dir/build.make:75: update target 'src/memory/CMakeFiles/besm666_memory.dir/page-allocator.cpp.o' due to: src/memory/CMakeFiles/besm666_memory.dir/compiler_depend.ts /Users/c71n93/Programming/C-and-C++/huawei-courses/BESM-666/src/memory/page-allocator.cpp /opt/homebrew/opt/llvm/include/c++/v1/cassert /opt/homebrew/opt/llvm/include/c++/v1/__assert /opt/homebrew/opt/llvm/include/c++/v1/__config /opt/homebrew/opt/llvm/include/c++/v1/__config_site /opt/homebrew/opt/llvm/include/c++/v1/__verbose_abort /opt/homebrew/opt/llvm/include/c++/v1/__availability /Library/Developer/CommandLineTools/SDKs/MacOSX.sdk/usr/include/assert.h /Library/Developer/CommandLineTools/SDKs/MacOSX.sdk/usr/include/sys/cdefs.h /Library/Developer/CommandLineTools/SDKs/MacOSX.sdk/usr/include/sys/_symbol_aliasing.h /Library/Developer/CommandLineTools/SDKs/MacOSX.sdk/usr/include/sys/_posix_availability.h /opt/homebrew/opt/llvm/include/c++/v1/stdlib.h /Library/Developer/CommandLineTools/SDKs/MacOSX.sdk/usr/include/stdlib.h /Library/Developer/CommandLineTools/SDKs/MacOSX.sdk/usr/include/Availability.h /Library/Developer/CommandLineTools/SDKs/MacOSX.sdk/usr/include/AvailabilityVersions.h /Library/Developer/CommandLineTools/SDKs/MacOSX.sdk/usr/include/AvailabilityInternal.h /Library/Developer/CommandLineTools/SDKs/MacOSX.sdk/usr/include/_types.h /Library/Developer/CommandLineTools/SDKs/MacOSX.sdk/usr/include/sys/_types.h /Library/Developer/CommandLineTools/SDKs/MacOSX.sdk/usr/include/machine/_types.h /Library/Developer/CommandLineTools/SDKs/MacOSX.sdk/usr/include/arm/_types.h /Library/Developer/CommandLineTools/SDKs/MacOSX.sdk/usr/include/sys/_pthread/_pthread_types.h /Library/Developer/CommandLineTools/SDKs/MacOSX.sdk/usr/include/sys/wait.h /Library/Developer/CommandLineTools/SDKs/MacOSX.sdk/usr/include/sys/_types/_pid_t.h /Library/Developer/CommandLineTools/SDKs/MacOSX.sdk/usr/include/sys/_types/_id_t.h /Library/Developer/CommandLineTools/SDKs/MacOSX.sdk/usr/include/sys/signal.h /Library/Developer/CommandLineTools/SDKs/MacOSX.sdk/usr/include/sys/appleapiopts.h /Library/Developer/CommandLineTools/SDKs/MacOSX.sdk/usr/include/machine/signal.h /Library/Developer/CommandLineTools/SDKs/MacOSX.sdk/usr/include/arm/signal.h /Library/Developer/CommandLineTools/SDKs/MacOSX.sdk/usr/include/machine/_mcontext.h /Library/Developer/CommandLineTools/SDKs/MacOSX.sdk/usr/include/arm/_mcontext.h /Library/Developer/CommandLineTools/SDKs/MacOSX.sdk/usr/include/mach/machine/_structs.h /Library/Developer/CommandLineTools/SDKs/MacOSX.sdk/usr/include/mach/arm/_structs.h /Library/Developer/CommandLineTools/SDKs/MacOSX.sdk/usr/include/machine/types.h /Library/Developer/CommandLineTools/SDKs/MacOSX.sdk/usr/include/arm/types.h /Library/Developer/CommandLineTools/SDKs/MacOSX.sdk/usr/include/sys/_types/_int8_t.h /Library/Developer/CommandLineTools/SDKs/MacOSX.sdk/usr/include/sys/_types/_int16_t.h /Library/Developer/CommandLineTools/SDKs/MacOSX.sdk/usr/include/sys/_types/_int32_t.h /Library/Developer/CommandLineTools/SDKs/MacOSX.sdk/usr/include/sys/_types/_int64_t.h /Library/Developer/CommandLineTools/SDKs/MacOSX.sdk/usr/include/sys/_types/_u_int8_t.h /Library/Developer/CommandLineTools/SDKs/MacOSX.sdk/usr/include/sys/_types/_u_int16_t.h /Library/Developer/CommandLineTools/SDKs/MacOSX.sdk/usr/include/sys/_types/_u_int32_t.h /Library/Developer/CommandLineTools/SDKs/MacOSX.sdk/usr/include/sys/_types/_u_int64_t.h /Library/Developer/CommandLineTools/SDKs/MacOSX.sdk/usr/include/sys/_types/_intptr_t.h /Library/Developer/CommandLineTools/SDKs/MacOSX.sdk/usr/include/sys/_types/_uintptr_t.h /Library/Developer/CommandLineTools/SDKs/MacOSX.sdk/usr/include/sys/_pthread/_pthread_attr_t.h /Library/Developer/CommandLineTools/SDKs/MacOSX.sdk/usr/include/sys/_types/_sigaltstack.h /Library/Developer/CommandLineTools/SDKs/MacOSX.sdk/usr/include/sys/_types/_ucontext.h /Library/Developer/CommandLineTools/SDKs/MacOSX.sdk/usr/include/sys/_types/_sigset_t.h /Library/Developer/CommandLineTools/SDKs/MacOSX.sdk/usr/include/sys/_types/_size_t.h /Library/Developer/CommandLineTools/SDKs/MacOSX.sdk/usr/include/sys/_types/_uid_t.h /Library/Developer/CommandLineTools/SDKs/MacOSX.sdk/usr/include/sys/resource.h /opt/homebrew/opt/llvm/include/c++/v1/stdint.h /opt/homebrew/Cellar/llvm/16.0.6/lib/clang/16/include/stdint.h /Library/Developer/CommandLineTools/SDKs/MacOSX.sdk/usr/include/stdint.h /Library/Developer/CommandLineTools/SDKs/MacOSX.sdk/usr/include/_types/_uint8_t.h /Library/Developer/CommandLineTools/SDKs/MacOSX.sdk/usr/include/_types/_uint16_t.h /Library/Developer/CommandLineTools/SDKs/MacOSX.sdk/usr/include/_types/_uint32_t.h /Library/Developer/CommandLineTools/SDKs/MacOSX.sdk/usr/include/_types/_uint64_t.h /Library/Developer/CommandLineTools/SDKs/MacOSX.sdk/usr/include/_types/_intmax_t.h /Library/Developer/CommandLineTools/SDKs/MacOSX.sdk/usr/include/_types/_uintmax_t.h /Library/Developer/CommandLineTools/SDKs/MacOSX.sdk/usr/include/sys/_types/_timeval.h /Library/Developer/CommandLineTools/SDKs/MacOSX.sdk/usr/include/machine/endian.h /Library/Developer/CommandLineTools/SDKs/MacOSX.sdk/usr/include/arm/endian.h /Library/Developer/CommandLineTools/SDKs/MacOSX.sdk/usr/include/sys/_endian.h /Library/Developer/CommandLineTools/SDKs/MacOSX.sdk/usr/include/libkern/_OSByteOrder.h /Library/Developer/CommandLineTools/SDKs/MacOSX.sdk/usr/include/libkern/arm/OSByteOrder.h /Library/Developer/CommandLineTools/SDKs/MacOSX.sdk/usr/include/arm/arch.h /Library/Developer/CommandLineTools/SDKs/MacOSX.sdk/usr/include/alloca.h /Library/Developer/CommandLineTools/SDKs/MacOSX.sdk/usr/include/sys/_types/_ct_rune_t.h /Library/Developer/CommandLineTools/SDKs/MacOSX.sdk/usr/include/sys/_types/_rune_t.h /Library/Developer/CommandLineTools/SDKs/MacOSX.sdk/usr/include/sys/_types/_wchar_t.h /Library/Developer/CommandLineTools/SDKs/MacOSX.sdk/usr/include/sys/_types/_null.h /Library/Developer/CommandLineTools/SDKs/MacOSX.sdk/usr/include/malloc/_malloc.h /Library/Developer/CommandLineTools/SDKs/MacOSX.sdk/usr/include/sys/_types/_dev_t.h /Library/Developer/CommandLineTools/SDKs/MacOSX.sdk/usr/include/sys/_types/_mode_t.h /opt/homebrew/opt/llvm/include/c++/v1/iostream /opt/homebrew/opt/llvm/include/c++/v1/version /opt/homebrew/opt/llvm/include/c++/v1/ios /opt/homebrew/opt/llvm/include/c++/v1/__ios/fpos.h /opt/homebrew/opt/llvm/include/c++/v1/iosfwd /opt/homebrew/opt/llvm/include/c++/v1/__fwd/string.h /opt/homebrew/opt/llvm/include/c++/v1/__fwd/memory_resource.h /opt/homebrew/opt/llvm/include/c++/v1/__mbstate_t.h /opt/homebrew/opt/llvm/include/c++/v1/wchar.h /opt/homebrew/opt/llvm/include/c++/v1/stddef.h /opt/homebrew/Cellar/llvm/16.0.6/lib/clang/16/include/stddef.h /opt/homebrew/Cellar/llvm/16.0.6/lib/clang/16/include/__stddef_max_align_t.h /Library/Developer/CommandLineTools/SDKs/MacOSX.sdk/usr/include/wchar.h /Library/Developer/CommandLineTools/SDKs/MacOSX.sdk/usr/include/sys/_types/_mbstate_t.h /opt/homebrew/Cellar/llvm/16.0.6/lib/clang/16/include/stdarg.h /opt/homebrew/opt/llvm/include/c++/v1/stdio.h /Library/Developer/CommandLineTools/SDKs/MacOSX.sdk/usr/include/stdio.h /Library/Developer/CommandLineTools/SDKs/MacOSX.sdk/usr/include/_stdio.h /Library/Developer/CommandLineTools/SDKs/MacOSX.sdk/usr/include/sys/_types/_va_list.h /Library/Developer/CommandLineTools/SDKs/MacOSX.sdk/usr/include/sys/stdio.h /Library/Developer/CommandLineTools/SDKs/MacOSX.sdk/usr/include/_ctermid.h /Library/Developer/CommandLineTools/SDKs/MacOSX.sdk/usr/include/sys/_types/_off_t.h /Library/Developer/CommandLineTools/SDKs/MacOSX.sdk/usr/include/sys/_types/_ssize_t.h /Library/Developer/CommandLineTools/SDKs/MacOSX.sdk/usr/include/time.h /Library/Developer/CommandLineTools/SDKs/MacOSX.sdk/usr/include/sys/_types/_clock_t.h /Library/Developer/CommandLineTools/SDKs/MacOSX.sdk/usr/include/sys/_types/_time_t.h /Library/Developer/CommandLineTools/SDKs/MacOSX.sdk/usr/include/sys/_types/_timespec.h /Library/Developer/CommandLineTools/SDKs/MacOSX.sdk/usr/include/_wctype.h /Library/Developer/CommandLineTools/SDKs/MacOSX.sdk/usr/include/__wctype.h /Library/Developer/CommandLineTools/SDKs/MacOSX.sdk/usr/include/sys/_types/_wint_t.h /Library/Developer/CommandLineTools/SDKs/MacOSX.sdk/usr/include/_types/_wctype_t.h /opt/homebrew/opt/llvm/include/c++/v1/ctype.h /Library/Developer/CommandLineTools/SDKs/MacOSX.sdk/usr/include/ctype.h /Library/Developer/CommandLineTools/SDKs/MacOSX.sdk/usr/include/_ctype.h /Library/Developer/CommandLineTools/SDKs/MacOSX.sdk/usr/include/runetype.h /opt/homebrew/opt/llvm/include/c++/v1/__locale /opt/homebrew/opt/llvm/include/c++/v1/cctype /opt/homebrew/opt/llvm/include/c++/v1/cstdint /opt/homebrew/opt/llvm/include/c++/v1/locale.h /Library/Developer/CommandLineTools/SDKs/MacOSX.sdk/usr/include/locale.h /Library/Developer/CommandLineTools/SDKs/MacOSX.sdk/usr/include/_locale.h /opt/homebrew/opt/llvm/include/c++/v1/mutex /opt/homebrew/opt/llvm/include/c++/v1/__memory/shared_ptr.h /opt/homebrew/opt/llvm/include/c++/v1/__compare/compare_three_way.h /opt/homebrew/opt/llvm/include/c++/v1/__compare/three_way_comparable.h /opt/homebrew/opt/llvm/include/c++/v1/__compare/common_comparison_category.h /opt/homebrew/opt/llvm/include/c++/v1/__compare/ordering.h /opt/homebrew/opt/llvm/include/c++/v1/__type_traits/enable_if.h /opt/homebrew/opt/llvm/include/c++/v1/__type_traits/is_same.h /opt/homebrew/opt/llvm/include/c++/v1/__type_traits/integral_constant.h /opt/homebrew/opt/llvm/include/c++/v1/cstddef /opt/homebrew/opt/llvm/include/c++/v1/__type_traits/is_integral.h /opt/homebrew/opt/llvm/include/c++/v1/__type_traits/remove_cv.h /opt/homebrew/opt/llvm/include/c++/v1/__type_traits/remove_const.h /opt/homebrew/opt/llvm/include/c++/v1/__type_traits/remove_volatile.h /opt/homebrew/opt/llvm/include/c++/v1/__concepts/common_reference_with.h /opt/homebrew/opt/llvm/include/c++/v1/__concepts/convertible_to.h /opt/homebrew/opt/llvm/include/c++/v1/__type_traits/is_convertible.h /opt/homebrew/opt/llvm/include/c++/v1/__type_traits/is_array.h /opt/homebrew/opt/llvm/include/c++/v1/__type_traits/is_function.h /opt/homebrew/opt/llvm/include/c++/v1/__type_traits/is_const.h /opt/homebrew/opt/llvm/include/c++/v1/__type_traits/is_reference.h /opt/homebrew/opt/llvm/include/c++/v1/__type_traits/is_void.h /opt/homebrew/opt/llvm/include/c++/v1/__type_traits/remove_reference.h /opt/homebrew/opt/llvm/include/c++/v1/__utility/declval.h /opt/homebrew/opt/llvm/include/c++/v1/__concepts/same_as.h /opt/homebrew/opt/llvm/include/c++/v1/__type_traits/common_reference.h /opt/homebrew/opt/llvm/include/c++/v1/__type_traits/common_type.h /opt/homebrew/opt/llvm/include/c++/v1/__type_traits/conditional.h /opt/homebrew/opt/llvm/include/c++/v1/__type_traits/decay.h /opt/homebrew/opt/llvm/include/c++/v1/__type_traits/add_pointer.h /opt/homebrew/opt/llvm/include/c++/v1/__type_traits/is_referenceable.h /opt/homebrew/opt/llvm/include/c++/v1/__type_traits/remove_extent.h /opt/homebrew/opt/llvm/include/c++/v1/__type_traits/remove_cvref.h /opt/homebrew/opt/llvm/include/c++/v1/__type_traits/void_t.h /opt/homebrew/opt/llvm/include/c++/v1/__type_traits/copy_cv.h /opt/homebrew/opt/llvm/include/c++/v1/__type_traits/add_const.h /opt/homebrew/opt/llvm/include/c++/v1/__type_traits/add_cv.h /opt/homebrew/opt/llvm/include/c++/v1/__type_traits/add_volatile.h /opt/homebrew/opt/llvm/include/c++/v1/__type_traits/copy_cvref.h /opt/homebrew/opt/llvm/include/c++/v1/__type_traits/add_lvalue_reference.h /opt/homebrew/opt/llvm/include/c++/v1/__type_traits/add_rvalue_reference.h /opt/homebrew/opt/llvm/include/c++/v1/__concepts/equality_comparable.h /opt/homebrew/opt/llvm/include/c++/v1/__concepts/boolean_testable.h /opt/homebrew/opt/llvm/include/c++/v1/__utility/forward.h /opt/homebrew/opt/llvm/include/c++/v1/__type_traits/make_const_lvalue_ref.h /opt/homebrew/opt/llvm/include/c++/v1/__concepts/totally_ordered.h /opt/homebrew/opt/llvm/include/c++/v1/__functional/binary_function.h /opt/homebrew/opt/llvm/include/c++/v1/__functional/operations.h /opt/homebrew/opt/llvm/include/c++/v1/__functional/unary_function.h /opt/homebrew/opt/llvm/include/c++/v1/__functional/reference_wrapper.h /opt/homebrew/opt/llvm/include/c++/v1/__functional/invoke.h /opt/homebrew/opt/llvm/include/c++/v1/__type_traits/apply_cv.h /opt/homebrew/opt/llvm/include/c++/v1/__type_traits/is_volatile.h /opt/homebrew/opt/llvm/include/c++/v1/__type_traits/is_base_of.h /opt/homebrew/opt/llvm/include/c++/v1/__type_traits/is_core_convertible.h /opt/homebrew/opt/llvm/include/c++/v1/__type_traits/is_member_function_pointer.h /opt/homebrew/opt/llvm/include/c++/v1/__type_traits/is_member_object_pointer.h /opt/homebrew/opt/llvm/include/c++/v1/__type_traits/is_reference_wrapper.h /opt/homebrew/opt/llvm/include/c++/v1/__type_traits/nat.h /opt/homebrew/opt/llvm/include/c++/v1/__functional/weak_result_type.h /opt/homebrew/opt/llvm/include/c++/v1/__memory/addressof.h /opt/homebrew/opt/llvm/include/c++/v1/__iterator/access.h /opt/homebrew/opt/llvm/include/c++/v1/__memory/allocation_guard.h /opt/homebrew/opt/llvm/include/c++/v1/__memory/allocator_traits.h /opt/homebrew/opt/llvm/include/c++/v1/__memory/construct_at.h /opt/homebrew/opt/llvm/include/c++/v1/__memory/voidify.h /opt/homebrew/opt/llvm/include/c++/v1/__utility/move.h /opt/homebrew/opt/llvm/include/c++/v1/__type_traits/is_copy_constructible.h /opt/homebrew/opt/llvm/include/c++/v1/__type_traits/is_nothrow_move_constructible.h /opt/homebrew/opt/llvm/include/c++/v1/__type_traits/is_nothrow_constructible.h /opt/homebrew/opt/llvm/include/c++/v1/__type_traits/is_constructible.h /opt/homebrew/opt/llvm/include/c++/v1/new /opt/homebrew/opt/llvm/include/c++/v1/cstdlib /opt/homebrew/opt/llvm/include/c++/v1/exception /opt/homebrew/opt/llvm/include/c++/v1/__type_traits/is_class.h /opt/homebrew/opt/llvm/include/c++/v1/__type_traits/is_final.h /opt/homebrew/opt/llvm/include/c++/v1/__type_traits/is_polymorphic.h /opt/homebrew/opt/llvm/include/c++/v1/type_traits /opt/homebrew/opt/llvm/include/c++/v1/__fwd/hash.h /opt/homebrew/opt/llvm/include/c++/v1/__type_traits/aligned_storage.h /opt/homebrew/opt/llvm/include/c++/v1/__type_traits/type_list.h /opt/homebrew/opt/llvm/include/c++/v1/__type_traits/aligned_union.h /opt/homebrew/opt/llvm/include/c++/v1/__type_traits/alignment_of.h /opt/homebrew/opt/llvm/include/c++/v1/__type_traits/can_extract_key.h /opt/homebrew/opt/llvm/include/c++/v1/__fwd/pair.h /opt/homebrew/opt/llvm/include/c++/v1/__type_traits/remove_const_ref.h /opt/homebrew/opt/llvm/include/c++/v1/__type_traits/conjunction.h /opt/homebrew/opt/llvm/include/c++/v1/__type_traits/dependent_type.h /opt/homebrew/opt/llvm/include/c++/v1/__type_traits/disjunction.h /opt/homebrew/opt/llvm/include/c++/v1/__type_traits/extent.h /opt/homebrew/opt/llvm/include/c++/v1/__type_traits/has_unique_object_representation.h /opt/homebrew/opt/llvm/include/c++/v1/__type_traits/remove_all_extents.h /opt/homebrew/opt/llvm/include/c++/v1/__type_traits/has_virtual_destructor.h /opt/homebrew/opt/llvm/include/c++/v1/__type_traits/is_abstract.h /opt/homebrew/opt/llvm/include/c++/v1/__type_traits/is_aggregate.h /opt/homebrew/opt/llvm/include/c++/v1/__type_traits/is_arithmetic.h /opt/homebrew/opt/llvm/include/c++/v1/__type_traits/is_floating_point.h /opt/homebrew/opt/llvm/include/c++/v1/__type_traits/is_assignable.h /opt/homebrew/opt/llvm/include/c++/v1/__type_traits/is_bounded_array.h /opt/homebrew/opt/llvm/include/c++/v1/__type_traits/is_callable.h /opt/homebrew/opt/llvm/include/c++/v1/__type_traits/is_char_like_type.h /opt/homebrew/opt/llvm/include/c++/v1/__type_traits/is_standard_layout.h /opt/homebrew/opt/llvm/include/c++/v1/__type_traits/is_trivial.h /opt/homebrew/opt/llvm/include/c++/v1/__type_traits/is_compound.h /opt/homebrew/opt/llvm/include/c++/v1/__type_traits/is_fundamental.h /opt/homebrew/opt/llvm/include/c++/v1/__type_traits/is_null_pointer.h /opt/homebrew/opt/llvm/include/c++/v1/__type_traits/is_constant_evaluated.h /opt/homebrew/opt/llvm/include/c++/v1/__type_traits/is_copy_assignable.h /opt/homebrew/opt/llvm/include/c++/v1/__type_traits/is_default_constructible.h /opt/homebrew/opt/llvm/include/c++/v1/__type_traits/is_destructible.h /opt/homebrew/opt/llvm/include/c++/v1/__type_traits/is_empty.h /opt/homebrew/opt/llvm/include/c++/v1/__type_traits/is_enum.h /opt/homebrew/opt/llvm/include/c++/v1/__type_traits/is_implicitly_default_constructible.h /opt/homebrew/opt/llvm/include/c++/v1/__type_traits/is_literal_type.h /opt/homebrew/opt/llvm/include/c++/v1/__type_traits/is_member_pointer.h /opt/homebrew/opt/llvm/include/c++/v1/__type_traits/is_move_assignable.h /opt/homebrew/opt/llvm/include/c++/v1/__type_traits/is_move_constructible.h /opt/homebrew/opt/llvm/include/c++/v1/__type_traits/is_nothrow_assignable.h /opt/homebrew/opt/llvm/include/c++/v1/__type_traits/is_nothrow_convertible.h /opt/homebrew/opt/llvm/include/c++/v1/__type_traits/lazy.h /opt/homebrew/opt/llvm/include/c++/v1/__type_traits/is_nothrow_copy_assignable.h /opt/homebrew/opt/llvm/include/c++/v1/__type_traits/is_nothrow_copy_constructible.h /opt/homebrew/opt/llvm/include/c++/v1/__type_traits/is_nothrow_default_constructible.h /opt/homebrew/opt/llvm/include/c++/v1/__type_traits/is_nothrow_destructible.h /opt/homebrew/opt/llvm/include/c++/v1/__type_traits/is_scalar.h /opt/homebrew/opt/llvm/include/c++/v1/__type_traits/is_pointer.h /opt/homebrew/opt/llvm/include/c++/v1/__type_traits/is_nothrow_move_assignable.h /opt/homebrew/opt/llvm/include/c++/v1/__type_traits/is_object.h /opt/homebrew/opt/llvm/include/c++/v1/__type_traits/is_union.h /opt/homebrew/opt/llvm/include/c++/v1/__type_traits/is_pod.h /opt/homebrew/opt/llvm/include/c++/v1/__type_traits/is_scoped_enum.h /opt/homebrew/opt/llvm/include/c++/v1/__type_traits/underlying_type.h /opt/homebrew/opt/llvm/include/c++/v1/__type_traits/is_signed.h /opt/homebrew/opt/llvm/include/c++/v1/__type_traits/is_specialization.h /opt/homebrew/opt/llvm/include/c++/v1/__type_traits/is_swappable.h /opt/homebrew/opt/llvm/include/c++/v1/__type_traits/is_trivially_assignable.h /opt/homebrew/opt/llvm/include/c++/v1/__type_traits/is_trivially_constructible.h /opt/homebrew/opt/llvm/include/c++/v1/__type_traits/is_trivially_copy_assignable.h /opt/homebrew/opt/llvm/include/c++/v1/__type_traits/is_trivially_copy_constructible.h /opt/homebrew/opt/llvm/include/c++/v1/__type_traits/is_trivially_copyable.h /opt/homebrew/opt/llvm/include/c++/v1/__type_traits/is_trivially_default_constructible.h /opt/homebrew/opt/llvm/include/c++/v1/__type_traits/is_trivially_destructible.h /opt/homebrew/opt/llvm/include/c++/v1/__type_traits/is_trivially_move_assignable.h /opt/homebrew/opt/llvm/include/c++/v1/__type_traits/is_trivially_move_constructible.h /opt/homebrew/opt/llvm/include/c++/v1/__type_traits/is_unbounded_array.h /opt/homebrew/opt/llvm/include/c++/v1/__type_traits/is_unsigned.h /opt/homebrew/opt/llvm/include/c++/v1/__type_traits/make_signed.h /opt/homebrew/opt/llvm/include/c++/v1/__type_traits/make_unsigned.h /opt/homebrew/opt/llvm/include/c++/v1/__type_traits/maybe_const.h /opt/homebrew/opt/llvm/include/c++/v1/__type_traits/negation.h /opt/homebrew/opt/llvm/include/c++/v1/__type_traits/rank.h /opt/homebrew/opt/llvm/include/c++/v1/__type_traits/remove_pointer.h /opt/homebrew/opt/llvm/include/c++/v1/__type_traits/result_of.h /opt/homebrew/opt/llvm/include/c++/v1/__type_traits/type_identity.h /opt/homebrew/opt/llvm/include/c++/v1/__memory/pointer_traits.h /opt/homebrew/opt/llvm/include/c++/v1/limits /opt/homebrew/opt/llvm/include/c++/v1/__undef_macros /opt/homebrew/opt/llvm/include/c++/v1/__memory/allocator.h /opt/homebrew/opt/llvm/include/c++/v1/__memory/allocate_at_least.h /opt/homebrew/opt/llvm/include/c++/v1/stdexcept /opt/homebrew/opt/llvm/include/c++/v1/__memory/allocator_destructor.h /opt/homebrew/opt/llvm/include/c++/v1/__memory/auto_ptr.h /opt/homebrew/opt/llvm/include/c++/v1/__memory/compressed_pair.h /opt/homebrew/opt/llvm/include/c++/v1/__fwd/get.h /opt/homebrew/opt/llvm/include/c++/v1/__concepts/copyable.h /opt/homebrew/opt/llvm/include/c++/v1/__concepts/assignable.h /opt/homebrew/opt/llvm/include/c++/v1/__concepts/constructible.h /opt/homebrew/opt/llvm/include/c++/v1/__concepts/destructible.h /opt/homebrew/opt/llvm/include/c++/v1/__concepts/movable.h /opt/homebrew/opt/llvm/include/c++/v1/__concepts/swappable.h /opt/homebrew/opt/llvm/include/c++/v1/__concepts/class_or_enum.h /opt/homebrew/opt/llvm/include/c++/v1/__utility/exchange.h /opt/homebrew/opt/llvm/include/c++/v1/__utility/swap.h /opt/homebrew/opt/llvm/include/c++/v1/__fwd/array.h /opt/homebrew/opt/llvm/include/c++/v1/__fwd/subrange.h /opt/homebrew/opt/llvm/include/c++/v1/__fwd/tuple.h /opt/homebrew/opt/llvm/include/c++/v1/__tuple_dir/tuple_element.h /opt/homebrew/opt/llvm/include/c++/v1/__tuple_dir/tuple_indices.h /opt/homebrew/opt/llvm/include/c++/v1/__utility/integer_sequence.h /opt/homebrew/opt/llvm/include/c++/v1/__tuple_dir/tuple_types.h /opt/homebrew/opt/llvm/include/c++/v1/__utility/piecewise_construct.h /opt/homebrew/opt/llvm/include/c++/v1/__memory/uninitialized_algorithms.h /opt/homebrew/opt/llvm/include/c++/v1/__algorithm/copy.h /opt/homebrew/opt/llvm/include/c++/v1/__algorithm/copy_move_common.h /opt/homebrew/opt/llvm/include/c++/v1/__algorithm/iterator_operations.h /opt/homebrew/opt/llvm/include/c++/v1/__algorithm/iter_swap.h /opt/homebrew/opt/llvm/include/c++/v1/__algorithm/ranges_iterator_concept.h /opt/homebrew/opt/llvm/include/c++/v1/__iterator/concepts.h /opt/homebrew/opt/llvm/include/c++/v1/__concepts/arithmetic.h /opt/homebrew/opt/llvm/include/c++/v1/__type_traits/is_signed_integer.h /opt/homebrew/opt/llvm/include/c++/v1/__type_traits/is_unsigned_integer.h /opt/homebrew/opt/llvm/include/c++/v1/__concepts/derived_from.h /opt/homebrew/opt/llvm/include/c++/v1/__concepts/invocable.h /opt/homebrew/opt/llvm/include/c++/v1/__concepts/predicate.h /opt/homebrew/opt/llvm/include/c++/v1/__concepts/regular.h /opt/homebrew/opt/llvm/include/c++/v1/__concepts/semiregular.h /opt/homebrew/opt/llvm/include/c++/v1/__concepts/relation.h /opt/homebrew/opt/llvm/include/c++/v1/__iterator/incrementable_traits.h /opt/homebrew/opt/llvm/include/c++/v1/__type_traits/is_primary_template.h /opt/homebrew/opt/llvm/include/c++/v1/__type_traits/is_valid_expansion.h /opt/homebrew/opt/llvm/include/c++/v1/__iterator/iter_move.h /opt/homebrew/opt/llvm/include/c++/v1/__iterator/iterator_traits.h /opt/homebrew/opt/llvm/include/c++/v1/__iterator/readable_traits.h /opt/homebrew/opt/llvm/include/c++/v1/__iterator/advance.h /opt/homebrew/opt/llvm/include/c++/v1/__utility/convert_to_integral.h /opt/homebrew/opt/llvm/include/c++/v1/__utility/unreachable.h /opt/homebrew/opt/llvm/include/c++/v1/__iterator/distance.h /opt/homebrew/opt/llvm/include/c++/v1/__ranges/access.h /opt/homebrew/opt/llvm/include/c++/v1/__ranges/enable_borrowed_range.h /opt/homebrew/opt/llvm/include/c++/v1/__utility/auto_cast.h /opt/homebrew/opt/llvm/include/c++/v1/__ranges/concepts.h /opt/homebrew/opt/llvm/include/c++/v1/__ranges/data.h /opt/homebrew/opt/llvm/include/c++/v1/__ranges/enable_view.h /opt/homebrew/opt/llvm/include/c++/v1/__ranges/size.h /opt/homebrew/opt/llvm/include/c++/v1/initializer_list /opt/homebrew/opt/llvm/include/c++/v1/__iterator/iter_swap.h /opt/homebrew/opt/llvm/include/c++/v1/__iterator/next.h /opt/homebrew/opt/llvm/include/c++/v1/__iterator/prev.h /opt/homebrew/opt/llvm/include/c++/v1/__algorithm/unwrap_iter.h /opt/homebrew/opt/llvm/include/c++/v1/__algorithm/unwrap_range.h /opt/homebrew/opt/llvm/include/c++/v1/__utility/pair.h /opt/homebrew/opt/llvm/include/c++/v1/__compare/synth_three_way.h /opt/homebrew/opt/llvm/include/c++/v1/__functional/unwrap_ref.h /opt/homebrew/opt/llvm/include/c++/v1/__tuple_dir/sfinae_helpers.h /opt/homebrew/opt/llvm/include/c++/v1/__tuple_dir/make_tuple_types.h /opt/homebrew/opt/llvm/include/c++/v1/__tuple_dir/apply_cv.h /opt/homebrew/opt/llvm/include/c++/v1/__tuple_dir/tuple_size.h /opt/homebrew/opt/llvm/include/c++/v1/__tuple_dir/tuple_like_ext.h /opt/homebrew/opt/llvm/include/c++/v1/__type_traits/is_always_bitcastable.h /opt/homebrew/opt/llvm/include/c++/v1/__algorithm/min.h /opt/homebrew/opt/llvm/include/c++/v1/__algorithm/comp.h /opt/homebrew/opt/llvm/include/c++/v1/__algorithm/comp_ref_type.h /opt/homebrew/opt/llvm/include/c++/v1/__debug /opt/homebrew/opt/llvm/include/c++/v1/__algorithm/min_element.h /opt/homebrew/opt/llvm/include/c++/v1/__functional/identity.h /opt/homebrew/opt/llvm/include/c++/v1/__iterator/segmented_iterator.h /opt/homebrew/opt/llvm/include/c++/v1/__algorithm/move.h /opt/homebrew/opt/llvm/include/c++/v1/__iterator/reverse_iterator.h /opt/homebrew/opt/llvm/include/c++/v1/__compare/compare_three_way_result.h /opt/homebrew/opt/llvm/include/c++/v1/__iterator/iterator.h /opt/homebrew/opt/llvm/include/c++/v1/__ranges/subrange.h /opt/homebrew/opt/llvm/include/c++/v1/__concepts/different_from.h /opt/homebrew/opt/llvm/include/c++/v1/__ranges/dangling.h /opt/homebrew/opt/llvm/include/c++/v1/__ranges/view_interface.h /opt/homebrew/opt/llvm/include/c++/v1/__ranges/empty.h /opt/homebrew/opt/llvm/include/c++/v1/__tuple_dir/pair_like.h /opt/homebrew/opt/llvm/include/c++/v1/__tuple_dir/tuple_like.h /opt/homebrew/opt/llvm/include/c++/v1/__utility/exception_guard.h /opt/homebrew/opt/llvm/include/c++/v1/__memory/unique_ptr.h /opt/homebrew/opt/llvm/include/c++/v1/__functional/hash.h /opt/homebrew/opt/llvm/include/c++/v1/cstring /opt/homebrew/opt/llvm/include/c++/v1/string.h /Library/Developer/CommandLineTools/SDKs/MacOSX.sdk/usr/include/string.h /Library/Developer/CommandLineTools/SDKs/MacOSX.sdk/usr/include/sys/_types/_rsize_t.h /Library/Developer/CommandLineTools/SDKs/MacOSX.sdk/usr/include/sys/_types/_errno_t.h /Library/Developer/CommandLineTools/SDKs/MacOSX.sdk/usr/include/strings.h /opt/homebrew/opt/llvm/include/c++/v1/typeinfo /opt/homebrew/opt/llvm/include/c++/v1/atomic /opt/homebrew/opt/llvm/include/c++/v1/__chrono/duration.h /opt/homebrew/opt/llvm/include/c++/v1/ratio /opt/homebrew/opt/llvm/include/c++/v1/climits /opt/homebrew/opt/llvm/include/c++/v1/limits.h /opt/homebrew/Cellar/llvm/16.0.6/lib/clang/16/include/limits.h /Library/Developer/CommandLineTools/SDKs/MacOSX.sdk/usr/include/limits.h /Library/Developer/CommandLineTools/SDKs/MacOSX.sdk/usr/include/machine/limits.h /Library/Developer/CommandLineTools/SDKs/MacOSX.sdk/usr/include/arm/limits.h /Library/Developer/CommandLineTools/SDKs/MacOSX.sdk/usr/include/arm/_limits.h /Library/Developer/CommandLineTools/SDKs/MacOSX.sdk/usr/include/sys/syslimits.h /opt/homebrew/opt/llvm/include/c++/v1/__thread/poll_with_backoff.h /opt/homebrew/opt/llvm/include/c++/v1/__chrono/high_resolution_clock.h /opt/homebrew/opt/llvm/include/c++/v1/__chrono/steady_clock.h /opt/homebrew/opt/llvm/include/c++/v1/__chrono/time_point.h /opt/homebrew/opt/llvm/include/c++/v1/__chrono/system_clock.h /opt/homebrew/opt/llvm/include/c++/v1/ctime /opt/homebrew/opt/llvm/include/c++/v1/__thread/timed_backoff_policy.h /opt/homebrew/opt/llvm/include/c++/v1/__threading_support /opt/homebrew/opt/llvm/include/c++/v1/__chrono/convert_to_timespec.h /opt/homebrew/opt/llvm/include/c++/v1/errno.h /Library/Developer/CommandLineTools/SDKs/MacOSX.sdk/usr/include/errno.h /Library/Developer/CommandLineTools/SDKs/MacOSX.sdk/usr/include/sys/errno.h /Library/Developer/CommandLineTools/SDKs/MacOSX.sdk/usr/include/pthread.h /Library/Developer/CommandLineTools/SDKs/MacOSX.sdk/usr/include/pthread/sched.h /Library/Developer/CommandLineTools/SDKs/MacOSX.sdk/usr/include/pthread/pthread_impl.h /Library/Developer/CommandLineTools/SDKs/MacOSX.sdk/usr/include/sys/_pthread/_pthread_cond_t.h /Library/Developer/CommandLineTools/SDKs/MacOSX.sdk/usr/include/sys/_pthread/_pthread_condattr_t.h /Library/Developer/CommandLineTools/SDKs/MacOSX.sdk/usr/include/sys/_pthread/_pthread_key_t.h /Library/Developer/CommandLineTools/SDKs/MacOSX.sdk/usr/include/sys/_pthread/_pthread_mutex_t.h /Library/Developer/CommandLineTools/SDKs/MacOSX.sdk/usr/include/sys/_pthread/_pthread_mutexattr_t.h /Library/Developer/CommandLineTools/SDKs/MacOSX.sdk/usr/include/sys/_pthread/_pthread_once_t.h /Library/Developer/CommandLineTools/SDKs/MacOSX.sdk/usr/include/sys/_pthread/_pthread_rwlock_t.h /Library/Developer/CommandLineTools/SDKs/MacOSX.sdk/usr/include/sys/_pthread/_pthread_rwlockattr_t.h /Library/Developer/CommandLineTools/SDKs/MacOSX.sdk/usr/include/sys/_pthread/_pthread_t.h /Library/Developer/CommandLineTools/SDKs/MacOSX.sdk/usr/include/pthread/qos.h /Library/Developer/CommandLineTools/SDKs/MacOSX.sdk/usr/include/sys/qos.h /Library/Developer/CommandLineTools/SDKs/MacOSX.sdk/usr/include/sys/_types/_mach_port_t.h /Library/Developer/CommandLineTools/SDKs/MacOSX.sdk/usr/include/sched.h /opt/homebrew/opt/llvm/include/c++/v1/cmath /opt/homebrew/opt/llvm/include/c++/v1/math.h /Library/Developer/CommandLineTools/SDKs/MacOSX.sdk/usr/include/math.h /opt/homebrew/opt/llvm/include/c++/v1/__type_traits/promote.h /opt/homebrew/opt/llvm/include/c++/v1/compare /opt/homebrew/opt/llvm/include/c++/v1/__compare/compare_partial_order_fallback.h /opt/homebrew/opt/llvm/include/c++/v1/__compare/partial_order.h /opt/homebrew/opt/llvm/include/c++/v1/__compare/weak_order.h /opt/homebrew/opt/llvm/include/c++/v1/__compare/strong_order.h /opt/homebrew/opt/llvm/include/c++/v1/__bit/bit_cast.h /opt/homebrew/opt/llvm/include/c++/v1/__utility/priority_tag.h /opt/homebrew/opt/llvm/include/c++/v1/__compare/compare_strong_order_fallback.h /opt/homebrew/opt/llvm/include/c++/v1/__compare/compare_weak_order_fallback.h /opt/homebrew/opt/llvm/include/c++/v1/__compare/is_eq.h /opt/homebrew/opt/llvm/include/c++/v1/__mutex_base /opt/homebrew/opt/llvm/include/c++/v1/system_error /opt/homebrew/opt/llvm/include/c++/v1/__errc /opt/homebrew/opt/llvm/include/c++/v1/cerrno /opt/homebrew/opt/llvm/include/c++/v1/string /opt/homebrew/opt/llvm/include/c++/v1/__algorithm/max.h /opt/homebrew/opt/llvm/include/c++/v1/__algorithm/max_element.h /opt/homebrew/opt/llvm/include/c++/v1/__algorithm/remove.h /opt/homebrew/opt/llvm/include/c++/v1/__algorithm/find.h /opt/homebrew/opt/llvm/include/c++/v1/__algorithm/find_if.h /opt/homebrew/opt/llvm/include/c++/v1/__algorithm/remove_if.h /opt/homebrew/opt/llvm/include/c++/v1/__format/enable_insertable.h /opt/homebrew/opt/llvm/include/c++/v1/__iterator/wrap_iter.h /opt/homebrew/opt/llvm/include/c++/v1/__memory/swap_allocator.h /opt/homebrew/opt/llvm/include/c++/v1/__memory_resource/polymorphic_allocator.h /opt/homebrew/opt/llvm/include/c++/v1/__memory_resource/memory_resource.h /opt/homebrew/opt/llvm/include/c++/v1/tuple /opt/homebrew/opt/llvm/include/c++/v1/__memory/allocator_arg_t.h /opt/homebrew/opt/llvm/include/c++/v1/__memory/uses_allocator.h /opt/homebrew/opt/llvm/include/c++/v1/utility /opt/homebrew/opt/llvm/include/c++/v1/__utility/as_const.h /opt/homebrew/opt/llvm/include/c++/v1/__utility/cmp.h /opt/homebrew/opt/llvm/include/c++/v1/__utility/forward_like.h /opt/homebrew/opt/llvm/include/c++/v1/__utility/in_place.h /opt/homebrew/opt/llvm/include/c++/v1/__utility/rel_ops.h /opt/homebrew/opt/llvm/include/c++/v1/__utility/to_underlying.h /opt/homebrew/opt/llvm/include/c++/v1/__string/char_traits.h /opt/homebrew/opt/llvm/include/c++/v1/__algorithm/copy_n.h /opt/homebrew/opt/llvm/include/c++/v1/__algorithm/fill_n.h /opt/homebrew/opt/llvm/include/c++/v1/__algorithm/find_end.h /opt/homebrew/opt/llvm/include/c++/v1/__algorithm/search.h /opt/homebrew/opt/llvm/include/c++/v1/__algorithm/find_first_of.h /opt/homebrew/opt/llvm/include/c++/v1/cstdio /opt/homebrew/opt/llvm/include/c++/v1/cwchar /opt/homebrew/opt/llvm/include/c++/v1/cwctype /opt/homebrew/opt/llvm/include/c++/v1/wctype.h /Library/Developer/CommandLineTools/SDKs/MacOSX.sdk/usr/include/wctype.h /Library/Developer/CommandLineTools/SDKs/MacOSX.sdk/usr/include/_types/_wctrans_t.h /opt/homebrew/opt/llvm/include/c++/v1/__string/extern_template_lists.h /opt/homebrew/opt/llvm/include/c++/v1/__type_traits/is_allocator.h /opt/homebrew/opt/llvm/include/c++/v1/__type_traits/noexcept_move_assign_container.h /opt/homebrew/opt/llvm/include/c++/v1/string_view /opt/homebrew/opt/llvm/include/c++/v1/__fwd/string_view.h /opt/homebrew/opt/llvm/include/c++/v1/__iterator/data.h /opt/homebrew/opt/llvm/include/c++/v1/__iterator/empty.h /opt/homebrew/opt/llvm/include/c++/v1/__iterator/reverse_access.h /opt/homebrew/opt/llvm/include/c++/v1/__iterator/size.h /opt/homebrew/opt/llvm/include/c++/v1/algorithm /opt/homebrew/opt/llvm/include/c++/v1/__algorithm/adjacent_find.h /opt/homebrew/opt/llvm/include/c++/v1/__algorithm/all_of.h /opt/homebrew/opt/llvm/include/c++/v1/__algorithm/any_of.h /opt/homebrew/opt/llvm/include/c++/v1/__algorithm/binary_search.h /opt/homebrew/opt/llvm/include/c++/v1/__algorithm/lower_bound.h /opt/homebrew/opt/llvm/include/c++/v1/__algorithm/half_positive.h /opt/homebrew/opt/llvm/include/c++/v1/__algorithm/clamp.h /opt/homebrew/opt/llvm/include/c++/v1/__algorithm/copy_backward.h /opt/homebrew/opt/llvm/include/c++/v1/__algorithm/copy_if.h /opt/homebrew/opt/llvm/include/c++/v1/__algorithm/count.h /opt/homebrew/opt/llvm/include/c++/v1/__algorithm/count_if.h /opt/homebrew/opt/llvm/include/c++/v1/__algorithm/equal.h /opt/homebrew/opt/llvm/include/c++/v1/__algorithm/equal_range.h /opt/homebrew/opt/llvm/include/c++/v1/__algorithm/upper_bound.h /opt/homebrew/opt/llvm/include/c++/v1/__algorithm/fill.h /opt/homebrew/opt/llvm/include/c++/v1/__algorithm/find_if_not.h /opt/homebrew/opt/llvm/include/c++/v1/__algorithm/for_each.h /opt/homebrew/opt/llvm/include/c++/v1/__algorithm/for_each_n.h /opt/homebrew/opt/llvm/include/c++/v1/__algorithm/generate.h /opt/homebrew/opt/llvm/include/c++/v1/__algorithm/generate_n.h /opt/homebrew/opt/llvm/include/c++/v1/__algorithm/in_found_result.h /opt/homebrew/opt/llvm/include/c++/v1/__algorithm/in_fun_result.h /opt/homebrew/opt/llvm/include/c++/v1/__algorithm/in_in_out_result.h /opt/homebrew/opt/llvm/include/c++/v1/__algorithm/in_in_result.h /opt/homebrew/opt/llvm/include/c++/v1/__algorithm/in_out_out_result.h /opt/homebrew/opt/llvm/include/c++/v1/__algorithm/in_out_result.h /opt/homebrew/opt/llvm/include/c++/v1/__algorithm/includes.h /opt/homebrew/opt/llvm/include/c++/v1/__algorithm/inplace_merge.h /opt/homebrew/opt/llvm/include/c++/v1/__algorithm/rotate.h /opt/homebrew/opt/llvm/include/c++/v1/__algorithm/move_backward.h /opt/homebrew/opt/llvm/include/c++/v1/__algorithm/swap_ranges.h /opt/homebrew/opt/llvm/include/c++/v1/__memory/destruct_n.h /opt/homebrew/opt/llvm/include/c++/v1/__memory/temporary_buffer.h /opt/homebrew/opt/llvm/include/c++/v1/__algorithm/is_heap.h /opt/homebrew/opt/llvm/include/c++/v1/__algorithm/is_heap_until.h /opt/homebrew/opt/llvm/include/c++/v1/__algorithm/is_partitioned.h /opt/homebrew/opt/llvm/include/c++/v1/__algorithm/is_permutation.h /opt/homebrew/opt/llvm/include/c++/v1/__algorithm/is_sorted.h /opt/homebrew/opt/llvm/include/c++/v1/__algorithm/is_sorted_until.h /opt/homebrew/opt/llvm/include/c++/v1/__algorithm/lexicographical_compare.h /opt/homebrew/opt/llvm/include/c++/v1/__algorithm/make_heap.h /opt/homebrew/opt/llvm/include/c++/v1/__algorithm/sift_down.h /opt/homebrew/opt/llvm/include/c++/v1/__algorithm/merge.h /opt/homebrew/opt/llvm/include/c++/v1/__algorithm/min_max_result.h /opt/homebrew/opt/llvm/include/c++/v1/__algorithm/minmax.h /opt/homebrew/opt/llvm/include/c++/v1/__algorithm/minmax_element.h /opt/homebrew/opt/llvm/include/c++/v1/__algorithm/mismatch.h /opt/homebrew/opt/llvm/include/c++/v1/__algorithm/next_permutation.h /opt/homebrew/opt/llvm/include/c++/v1/__algorithm/reverse.h /opt/homebrew/opt/llvm/include/c++/v1/__algorithm/none_of.h /opt/homebrew/opt/llvm/include/c++/v1/__algorithm/nth_element.h /opt/homebrew/opt/llvm/include/c++/v1/__algorithm/sort.h /opt/homebrew/opt/llvm/include/c++/v1/__algorithm/partial_sort.h /opt/homebrew/opt/llvm/include/c++/v1/__algorithm/sort_heap.h /opt/homebrew/opt/llvm/include/c++/v1/__algorithm/pop_heap.h /opt/homebrew/opt/llvm/include/c++/v1/__algorithm/push_heap.h /opt/homebrew/opt/llvm/include/c++/v1/__debug_utils/randomize_range.h /opt/homebrew/opt/llvm/include/c++/v1/__functional/ranges_operations.h /opt/homebrew/opt/llvm/include/c++/v1/bit /opt/homebrew/opt/llvm/include/c++/v1/__bit/bit_ceil.h /opt/homebrew/opt/llvm/include/c++/v1/__bit/countl.h /opt/homebrew/opt/llvm/include/c++/v1/__bit/rotate.h /opt/homebrew/opt/llvm/include/c++/v1/__bit/bit_floor.h /opt/homebrew/opt/llvm/include/c++/v1/__bit/bit_log2.h /opt/homebrew/opt/llvm/include/c++/v1/__bit/bit_width.h /opt/homebrew/opt/llvm/include/c++/v1/__bit/blsr.h /opt/homebrew/opt/llvm/include/c++/v1/__bit/byteswap.h /opt/homebrew/opt/llvm/include/c++/v1/__bit/countr.h /opt/homebrew/opt/llvm/include/c++/v1/__bit/endian.h /opt/homebrew/opt/llvm/include/c++/v1/__bit/has_single_bit.h /opt/homebrew/opt/llvm/include/c++/v1/__bit/popcount.h /opt/homebrew/opt/llvm/include/c++/v1/__algorithm/partial_sort_copy.h /opt/homebrew/opt/llvm/include/c++/v1/__algorithm/make_projected.h /opt/homebrew/opt/llvm/include/c++/v1/__algorithm/partition.h /opt/homebrew/opt/llvm/include/c++/v1/__algorithm/partition_copy.h /opt/homebrew/opt/llvm/include/c++/v1/__algorithm/partition_point.h /opt/homebrew/opt/llvm/include/c++/v1/__algorithm/prev_permutation.h /opt/homebrew/opt/llvm/include/c++/v1/__algorithm/ranges_adjacent_find.h /opt/homebrew/opt/llvm/include/c++/v1/__iterator/projected.h /opt/homebrew/opt/llvm/include/c++/v1/__algorithm/ranges_all_of.h /opt/homebrew/opt/llvm/include/c++/v1/__algorithm/ranges_any_of.h /opt/homebrew/opt/llvm/include/c++/v1/__algorithm/ranges_binary_search.h /opt/homebrew/opt/llvm/include/c++/v1/__algorithm/ranges_clamp.h /opt/homebrew/opt/llvm/include/c++/v1/__algorithm/ranges_copy.h /opt/homebrew/opt/llvm/include/c++/v1/__algorithm/ranges_copy_backward.h /opt/homebrew/opt/llvm/include/c++/v1/__algorithm/ranges_copy_if.h /opt/homebrew/opt/llvm/include/c++/v1/__algorithm/ranges_copy_n.h /opt/homebrew/opt/llvm/include/c++/v1/__iterator/unreachable_sentinel.h /opt/homebrew/opt/llvm/include/c++/v1/__algorithm/ranges_count.h /opt/homebrew/opt/llvm/include/c++/v1/__algorithm/ranges_count_if.h /opt/homebrew/opt/llvm/include/c++/v1/__algorithm/ranges_equal.h /opt/homebrew/opt/llvm/include/c++/v1/__iterator/indirectly_comparable.h /opt/homebrew/opt/llvm/include/c++/v1/__algorithm/ranges_equal_range.h /opt/homebrew/opt/llvm/include/c++/v1/__algorithm/ranges_fill.h /opt/homebrew/opt/llvm/include/c++/v1/__algorithm/ranges_fill_n.h /opt/homebrew/opt/llvm/include/c++/v1/__algorithm/ranges_find.h /opt/homebrew/opt/llvm/include/c++/v1/__algorithm/ranges_find_if.h /opt/homebrew/opt/llvm/include/c++/v1/__algorithm/ranges_find_end.h /opt/homebrew/opt/llvm/include/c++/v1/__algorithm/ranges_find_first_of.h /opt/homebrew/opt/llvm/include/c++/v1/__algorithm/ranges_find_if_not.h /opt/homebrew/opt/llvm/include/c++/v1/__algorithm/ranges_for_each.h /opt/homebrew/opt/llvm/include/c++/v1/__algorithm/ranges_for_each_n.h /opt/homebrew/opt/llvm/include/c++/v1/__algorithm/ranges_generate.h /opt/homebrew/opt/llvm/include/c++/v1/__algorithm/ranges_generate_n.h /opt/homebrew/opt/llvm/include/c++/v1/__algorithm/ranges_includes.h /opt/homebrew/opt/llvm/include/c++/v1/__algorithm/ranges_inplace_merge.h /opt/homebrew/opt/llvm/include/c++/v1/__iterator/sortable.h /opt/homebrew/opt/llvm/include/c++/v1/__iterator/permutable.h /opt/homebrew/opt/llvm/include/c++/v1/__algorithm/ranges_is_heap.h /opt/homebrew/opt/llvm/include/c++/v1/__algorithm/ranges_is_heap_until.h /opt/homebrew/opt/llvm/include/c++/v1/__algorithm/ranges_is_partitioned.h /opt/homebrew/opt/llvm/include/c++/v1/__algorithm/ranges_is_permutation.h /opt/homebrew/opt/llvm/include/c++/v1/__algorithm/ranges_is_sorted.h /opt/homebrew/opt/llvm/include/c++/v1/__algorithm/ranges_is_sorted_until.h /opt/homebrew/opt/llvm/include/c++/v1/__algorithm/ranges_lexicographical_compare.h /opt/homebrew/opt/llvm/include/c++/v1/__algorithm/ranges_lower_bound.h /opt/homebrew/opt/llvm/include/c++/v1/__algorithm/ranges_make_heap.h /opt/homebrew/opt/llvm/include/c++/v1/__algorithm/ranges_max.h /opt/homebrew/opt/llvm/include/c++/v1/__algorithm/ranges_min_element.h /opt/homebrew/opt/llvm/include/c++/v1/__algorithm/ranges_max_element.h /opt/homebrew/opt/llvm/include/c++/v1/__algorithm/ranges_merge.h /opt/homebrew/opt/llvm/include/c++/v1/__iterator/mergeable.h /opt/homebrew/opt/llvm/include/c++/v1/__algorithm/ranges_min.h /opt/homebrew/opt/llvm/include/c++/v1/__algorithm/ranges_minmax.h /opt/homebrew/opt/llvm/include/c++/v1/__algorithm/ranges_minmax_element.h /opt/homebrew/opt/llvm/include/c++/v1/__algorithm/ranges_mismatch.h /opt/homebrew/opt/llvm/include/c++/v1/__algorithm/ranges_move.h /opt/homebrew/opt/llvm/include/c++/v1/__algorithm/ranges_move_backward.h /opt/homebrew/opt/llvm/include/c++/v1/__algorithm/ranges_next_permutation.h /opt/homebrew/opt/llvm/include/c++/v1/__algorithm/ranges_none_of.h /opt/homebrew/opt/llvm/include/c++/v1/__algorithm/ranges_nth_element.h /opt/homebrew/opt/llvm/include/c++/v1/__algorithm/ranges_partial_sort.h /opt/homebrew/opt/llvm/include/c++/v1/__algorithm/ranges_partial_sort_copy.h /opt/homebrew/opt/llvm/include/c++/v1/__algorithm/ranges_partition.h /opt/homebrew/opt/llvm/include/c++/v1/__algorithm/ranges_partition_copy.h /opt/homebrew/opt/llvm/include/c++/v1/__algorithm/ranges_partition_point.h /opt/homebrew/opt/llvm/include/c++/v1/__algorithm/ranges_pop_heap.h /opt/homebrew/opt/llvm/include/c++/v1/__algorithm/ranges_prev_permutation.h /opt/homebrew/opt/llvm/include/c++/v1/__algorithm/ranges_push_heap.h /opt/homebrew/opt/llvm/include/c++/v1/__algorithm/ranges_remove.h /opt/homebrew/opt/llvm/include/c++/v1/__algorithm/ranges_remove_if.h /opt/homebrew/opt/llvm/include/c++/v1/__algorithm/ranges_remove_copy.h /opt/homebrew/opt/llvm/include/c++/v1/__algorithm/ranges_remove_copy_if.h /opt/homebrew/opt/llvm/include/c++/v1/__algorithm/remove_copy_if.h /opt/homebrew/opt/llvm/include/c++/v1/__algorithm/ranges_replace.h /opt/homebrew/opt/llvm/include/c++/v1/__algorithm/ranges_replace_if.h /opt/homebrew/opt/llvm/include/c++/v1/__algorithm/ranges_replace_copy.h /opt/homebrew/opt/llvm/include/c++/v1/__algorithm/ranges_replace_copy_if.h /opt/homebrew/opt/llvm/include/c++/v1/__algorithm/ranges_reverse.h /opt/homebrew/opt/llvm/include/c++/v1/__algorithm/ranges_reverse_copy.h /opt/homebrew/opt/llvm/include/c++/v1/__algorithm/ranges_rotate.h /opt/homebrew/opt/llvm/include/c++/v1/__algorithm/ranges_rotate_copy.h /opt/homebrew/opt/llvm/include/c++/v1/__algorithm/ranges_sample.h /opt/homebrew/opt/llvm/include/c++/v1/__algorithm/sample.h /opt/homebrew/opt/llvm/include/c++/v1/__random/uniform_int_distribution.h /opt/homebrew/opt/llvm/include/c++/v1/__random/is_valid.h /opt/homebrew/opt/llvm/include/c++/v1/__random/log2.h /opt/homebrew/opt/llvm/include/c++/v1/__algorithm/uniform_random_bit_generator_adaptor.h /opt/homebrew/opt/llvm/include/c++/v1/__random/uniform_random_bit_generator.h /opt/homebrew/opt/llvm/include/c++/v1/__algorithm/ranges_search.h /opt/homebrew/opt/llvm/include/c++/v1/__algorithm/ranges_search_n.h /opt/homebrew/opt/llvm/include/c++/v1/__algorithm/search_n.h /opt/homebrew/opt/llvm/include/c++/v1/__algorithm/ranges_set_difference.h /opt/homebrew/opt/llvm/include/c++/v1/__algorithm/set_difference.h /opt/homebrew/opt/llvm/include/c++/v1/__algorithm/ranges_set_intersection.h /opt/homebrew/opt/llvm/include/c++/v1/__algorithm/set_intersection.h /opt/homebrew/opt/llvm/include/c++/v1/__algorithm/ranges_set_symmetric_difference.h /opt/homebrew/opt/llvm/include/c++/v1/__algorithm/set_symmetric_difference.h /opt/homebrew/opt/llvm/include/c++/v1/__algorithm/ranges_set_union.h /opt/homebrew/opt/llvm/include/c++/v1/__algorithm/set_union.h /opt/homebrew/opt/llvm/include/c++/v1/__algorithm/ranges_shuffle.h /opt/homebrew/opt/llvm/include/c++/v1/__algorithm/shuffle.h /opt/homebrew/opt/llvm/include/c++/v1/__algorithm/ranges_sort.h /opt/homebrew/opt/llvm/include/c++/v1/__algorithm/ranges_sort_heap.h /opt/homebrew/opt/llvm/include/c++/v1/__algorithm/ranges_stable_partition.h /opt/homebrew/opt/llvm/include/c++/v1/__algorithm/stable_partition.h /opt/homebrew/opt/llvm/include/c++/v1/__algorithm/ranges_stable_sort.h /opt/homebrew/opt/llvm/include/c++/v1/__algorithm/stable_sort.h /opt/homebrew/opt/llvm/include/c++/v1/__algorithm/ranges_swap_ranges.h /opt/homebrew/opt/llvm/include/c++/v1/__algorithm/ranges_transform.h /opt/homebrew/opt/llvm/include/c++/v1/__algorithm/ranges_unique.h /opt/homebrew/opt/llvm/include/c++/v1/__algorithm/unique.h /opt/homebrew/opt/llvm/include/c++/v1/__algorithm/ranges_unique_copy.h /opt/homebrew/opt/llvm/include/c++/v1/__algorithm/unique_copy.h /opt/homebrew/opt/llvm/include/c++/v1/__algorithm/ranges_upper_bound.h /opt/homebrew/opt/llvm/include/c++/v1/__algorithm/remove_copy.h /opt/homebrew/opt/llvm/include/c++/v1/__algorithm/replace.h /opt/homebrew/opt/llvm/include/c++/v1/__algorithm/replace_copy.h /opt/homebrew/opt/llvm/include/c++/v1/__algorithm/replace_copy_if.h /opt/homebrew/opt/llvm/include/c++/v1/__algorithm/replace_if.h /opt/homebrew/opt/llvm/include/c++/v1/__algorithm/reverse_copy.h /opt/homebrew/opt/llvm/include/c++/v1/__algorithm/rotate_copy.h /opt/homebrew/opt/llvm/include/c++/v1/__algorithm/shift_left.h /opt/homebrew/opt/llvm/include/c++/v1/__algorithm/shift_right.h /opt/homebrew/opt/llvm/include/c++/v1/__algorithm/transform.h /opt/homebrew/opt/llvm/include/c++/v1/chrono /opt/homebrew/opt/llvm/include/c++/v1/__chrono/calendar.h /opt/homebrew/opt/llvm/include/c++/v1/__chrono/convert_to_tm.h /opt/homebrew/opt/llvm/include/c++/v1/__chrono/day.h /opt/homebrew/opt/llvm/include/c++/v1/__chrono/hh_mm_ss.h /opt/homebrew/opt/llvm/include/c++/v1/__chrono/month.h /opt/homebrew/opt/llvm/include/c++/v1/__chrono/month_weekday.h /opt/homebrew/opt/llvm/include/c++/v1/__chrono/weekday.h /opt/homebrew/opt/llvm/include/c++/v1/__chrono/monthday.h /opt/homebrew/opt/llvm/include/c++/v1/__chrono/statically_widen.h /opt/homebrew/opt/llvm/include/c++/v1/__format/concepts.h /opt/homebrew/opt/llvm/include/c++/v1/__format/format_fwd.h /opt/homebrew/opt/llvm/include/c++/v1/__format/format_parse_context.h /opt/homebrew/opt/llvm/include/c++/v1/__format/format_error.h /opt/homebrew/opt/llvm/include/c++/v1/__chrono/year.h /opt/homebrew/opt/llvm/include/c++/v1/__chrono/year_month.h /opt/homebrew/opt/llvm/include/c++/v1/__chrono/year_month_day.h /opt/homebrew/opt/llvm/include/c++/v1/__chrono/year_month_weekday.h /opt/homebrew/opt/llvm/include/c++/v1/__chrono/file_clock.h /opt/homebrew/opt/llvm/include/c++/v1/__chrono/literals.h /opt/homebrew/opt/llvm/include/c++/v1/concepts /opt/homebrew/opt/llvm/include/c++/v1/__concepts/common_with.h /opt/homebrew/opt/llvm/include/c++/v1/iterator /opt/homebrew/opt/llvm/include/c++/v1/__iterator/back_insert_iterator.h /opt/homebrew/opt/llvm/include/c++/v1/__iterator/bounded_iter.h /opt/homebrew/opt/llvm/include/c++/v1/__iterator/common_iterator.h /opt/homebrew/opt/llvm/include/c++/v1/variant /opt/homebrew/opt/llvm/include/c++/v1/__variant/monostate.h /opt/homebrew/opt/llvm/include/c++/v1/__iterator/counted_iterator.h /opt/homebrew/opt/llvm/include/c++/v1/__iterator/default_sentinel.h /opt/homebrew/opt/llvm/include/c++/v1/__iterator/erase_if_container.h /opt/homebrew/opt/llvm/include/c++/v1/__iterator/front_insert_iterator.h /opt/homebrew/opt/llvm/include/c++/v1/__iterator/insert_iterator.h /opt/homebrew/opt/llvm/include/c++/v1/__iterator/istream_iterator.h /opt/homebrew/opt/llvm/include/c++/v1/__iterator/istreambuf_iterator.h /opt/homebrew/opt/llvm/include/c++/v1/__iterator/move_iterator.h /opt/homebrew/opt/llvm/include/c++/v1/__iterator/move_sentinel.h /opt/homebrew/opt/llvm/include/c++/v1/__iterator/ostream_iterator.h /opt/homebrew/opt/llvm/include/c++/v1/__iterator/ostreambuf_iterator.h /opt/homebrew/opt/llvm/include/c++/v1/memory /opt/homebrew/opt/llvm/include/c++/v1/__memory/align.h /opt/homebrew/opt/llvm/include/c++/v1/__memory/assume_aligned.h /opt/homebrew/opt/llvm/include/c++/v1/__memory/concepts.h /opt/homebrew/opt/llvm/include/c++/v1/__memory/ranges_construct_at.h /opt/homebrew/opt/llvm/include/c++/v1/__memory/ranges_uninitialized_algorithms.h /opt/homebrew/opt/llvm/include/c++/v1/__memory/raw_storage_iterator.h /opt/homebrew/opt/llvm/include/c++/v1/__memory/uses_allocator_construction.h /opt/homebrew/opt/llvm/include/c++/v1/functional /opt/homebrew/opt/llvm/include/c++/v1/__functional/binary_negate.h /opt/homebrew/opt/llvm/include/c++/v1/__functional/bind.h /opt/homebrew/opt/llvm/include/c++/v1/__functional/bind_back.h /opt/homebrew/opt/llvm/include/c++/v1/__functional/perfect_forward.h /opt/homebrew/opt/llvm/include/c++/v1/__functional/bind_front.h /opt/homebrew/opt/llvm/include/c++/v1/__functional/binder1st.h /opt/homebrew/opt/llvm/include/c++/v1/__functional/binder2nd.h /opt/homebrew/opt/llvm/include/c++/v1/__functional/boyer_moore_searcher.h /opt/homebrew/opt/llvm/include/c++/v1/array /opt/homebrew/opt/llvm/include/c++/v1/unordered_map /opt/homebrew/opt/llvm/include/c++/v1/__functional/is_transparent.h /opt/homebrew/opt/llvm/include/c++/v1/__hash_table /opt/homebrew/opt/llvm/include/c++/v1/__node_handle /opt/homebrew/opt/llvm/include/c++/v1/optional /opt/homebrew/opt/llvm/include/c++/v1/vector /opt/homebrew/opt/llvm/include/c++/v1/__bit_reference /opt/homebrew/opt/llvm/include/c++/v1/__format/formatter.h /opt/homebrew/opt/llvm/include/c++/v1/__memory/temp_value.h /opt/homebrew/opt/llvm/include/c++/v1/__split_buffer /opt/homebrew/opt/llvm/include/c++/v1/__functional/compose.h /opt/homebrew/opt/llvm/include/c++/v1/__functional/default_searcher.h /opt/homebrew/opt/llvm/include/c++/v1/__functional/function.h /opt/homebrew/opt/llvm/include/c++/v1/__memory/builtin_new_allocator.h /opt/homebrew/opt/llvm/include/c++/v1/__type_traits/strip_signature.h /opt/homebrew/opt/llvm/include/c++/v1/__functional/mem_fn.h /opt/homebrew/opt/llvm/include/c++/v1/__functional/mem_fun_ref.h /opt/homebrew/opt/llvm/include/c++/v1/__functional/not_fn.h /opt/homebrew/opt/llvm/include/c++/v1/__functional/pointer_to_binary_function.h /opt/homebrew/opt/llvm/include/c++/v1/__functional/pointer_to_unary_function.h /opt/homebrew/opt/llvm/include/c++/v1/__functional/unary_negate.h /Library/Developer/CommandLineTools/SDKs/MacOSX.sdk/usr/include/xlocale.h /Library/Developer/CommandLineTools/SDKs/MacOSX.sdk/usr/include/_xlocale.h /Library/Developer/CommandLineTools/SDKs/MacOSX.sdk/usr/include/xlocale/_ctype.h /Library/Developer/CommandLineTools/SDKs/MacOSX.sdk/usr/include/xlocale/__wctype.h /Library/Developer/CommandLineTools/SDKs/MacOSX.sdk/usr/include/xlocale/_stdio.h /Library/Developer/CommandLineTools/SDKs/MacOSX.sdk/usr/include/xlocale/_stdlib.h /Library/Developer/CommandLineTools/SDKs/MacOSX.sdk/usr/include/xlocale/_string.h /Library/Developer/CommandLineTools/SDKs/MacOSX.sdk/usr/include/xlocale/_time.h /Library/Developer/CommandLineTools/SDKs/MacOSX.sdk/usr/include/xlocale/_wchar.h /Library/Developer/CommandLineTools/SDKs/MacOSX.sdk/usr/include/xlocale/_wctype.h /opt/homebrew/opt/llvm/include/c++/v1/istream /opt/homebrew/opt/llvm/include/c++/v1/ostream /opt/homebrew/opt/llvm/include/c++/v1/bitset /opt/homebrew/opt/llvm/include/c++/v1/locale /opt/homebrew/opt/llvm/include/c++/v1/streambuf /Library/Developer/CommandLineTools/SDKs/MacOSX.sdk/usr/include/nl_types.h /Library/Developer/CommandLineTools/SDKs/MacOSX.sdk/usr/include/sys/types.h /Library/Developer/CommandLineTools/SDKs/MacOSX.sdk/usr/include/sys/_types/_u_char.h /Library/Developer/CommandLineTools/SDKs/MacOSX.sdk/usr/include/sys/_types/_u_short.h /Library/Developer/CommandLineTools/SDKs/MacOSX.sdk/usr/include/sys/_types/_u_int.h /Library/Developer/CommandLineTools/SDKs/MacOSX.sdk/usr/include/sys/_types/_caddr_t.h /Library/Developer/CommandLineTools/SDKs/MacOSX.sdk/usr/include/sys/_types/_blkcnt_t.h /Library/Developer/CommandLineTools/SDKs/MacOSX.sdk/usr/include/sys/_types/_blksize_t.h /Library/Developer/CommandLineTools/SDKs/MacOSX.sdk/usr/include/sys/_types/_gid_t.h /Library/Developer/CommandLineTools/SDKs/MacOSX.sdk/usr/include/sys/_types/_in_addr_t.h /Library/Developer/CommandLineTools/SDKs/MacOSX.sdk/usr/include/sys/_types/_in_port_t.h /Library/Developer/CommandLineTools/SDKs/MacOSX.sdk/usr/include/sys/_types/_ino_t.h /Library/Developer/CommandLineTools/SDKs/MacOSX.sdk/usr/include/sys/_types/_ino64_t.h /Library/Developer/CommandLineTools/SDKs/MacOSX.sdk/usr/include/sys/_types/_key_t.h /Library/Developer/CommandLineTools/SDKs/MacOSX.sdk/usr/include/sys/_types/_nlink_t.h /Library/Developer/CommandLineTools/SDKs/MacOSX.sdk/usr/include/sys/_types/_useconds_t.h /Library/Developer/CommandLineTools/SDKs/MacOSX.sdk/usr/include/sys/_types/_suseconds_t.h /Library/Developer/CommandLineTools/SDKs/MacOSX.sdk/usr/include/sys/_types/_fd_def.h /Library/Developer/CommandLineTools/SDKs/MacOSX.sdk/usr/include/sys/_types/_fd_setsize.h /Library/Developer/CommandLineTools/SDKs/MacOSX.sdk/usr/include/sys/_types/_fd_set.h /Library/Developer/CommandLineTools/SDKs/MacOSX.sdk/usr/include/sys/_types/_fd_clr.h /Library/Developer/CommandLineTools/SDKs/MacOSX.sdk/usr/include/sys/_types/_fd_zero.h /Library/Developer/CommandLineTools/SDKs/MacOSX.sdk/usr/include/sys/_types/_fd_isset.h /Library/Developer/CommandLineTools/SDKs/MacOSX.sdk/usr/include/sys/_types/_fd_copy.h /Library/Developer/CommandLineTools/SDKs/MacOSX.sdk/usr/include/sys/_types/_fsblkcnt_t.h /Library/Developer/CommandLineTools/SDKs/MacOSX.sdk/usr/include/sys/_types/_fsfilcnt_t.h /Library/Developer/CommandLineTools/SDKs/MacOSX.sdk/usr/include/_types/_nl_item.h /opt/homebrew/opt/llvm/include/c++/v1/__bsd_locale_defaults.h /opt/homebrew/opt/llvm/include/c++/v1/cstdarg /Library/Developer/CommandLineTools/SDKs/MacOSX.sdk/usr/include/sys/mman.h /Library/Developer/CommandLineTools/SDKs/MacOSX.sdk/usr/include/unistd.h /Library/Developer/CommandLineTools/SDKs/MacOSX.sdk/usr/include/sys/unistd.h /Library/Developer/CommandLineTools/SDKs/MacOSX.sdk/usr/include/sys/_types/_posix_vdisable.h /Library/Developer/CommandLineTools/SDKs/MacOSX.sdk/usr/include/sys/_types/_seek_set.h /Library/Developer/CommandLineTools/SDKs/MacOSX.sdk/usr/include/sys/select.h /Library/Developer/CommandLineTools/SDKs/MacOSX.sdk/usr/include/sys/_select.h /Library/Developer/CommandLineTools/SDKs/MacOSX.sdk/usr/include/sys/_types/_uuid_t.h /Library/Developer/CommandLineTools/SDKs/MacOSX.sdk/usr/include/gethostuuid.h /Users/c71n93/Programming/C-and-C++/huawei-courses/BESM-666/include/besm-666/memory/mmap-wrapper.hpp /Users/c71n93/Programming/C-and-C++/huawei-courses/BESM-666/include/besm-666/memory/page-allocator.hpp /Users/c71n93/Programming/C-and-C++/huawei-courses/BESM-666/include/besm-666/util/non-copyable.hpp /Users/c71n93/Programming/C-and-C++/huawei-courses/BESM-666/include/besm-666/util/math.hpp src/memory/CMakeFiles/besm666_memory.dir/flags.make
/opt/homebrew/Cellar/cmake/3.26.0/bin/cmake -E cmake_echo_color --switch= --green --progress-dir=/Users/c71n93/Programming/C-and-C++/huawei-courses/BESM-666/build/CMakeFiles --progress-num=5 "Building CXX object src/memory/CMakeFiles/besm666_memory.dir/page-allocator.cpp.o"
[ 16%] Building CXX object src/memory/CMakeFiles/besm666_memory.dir/page-allocator.cpp.o
cd /Users/c71n93/Programming/C-and-C++/huawei-courses/BESM-666/build/src/memory && /opt/homebrew/opt/llvm/bin/clang++  -I/Users/c71n93/Programming/C-and-C++/huawei-courses/BESM-666/./include -I/Users/c71n93/Programming/C-and-C++/huawei-courses/BESM-666/src/util/../../third_party/ELFIO -g -arch arm64 -isysroot /Library/Developer/CommandLineTools/SDKs/MacOSX.sdk -fcolor-diagnostics -MD -MT src/memory/CMakeFiles/besm666_memory.dir/page-allocator.cpp.o -MF CMakeFiles/besm666_memory.dir/page-allocator.cpp.o.d -o CMakeFiles/besm666_memory.dir/page-allocator.cpp.o -c /Users/c71n93/Programming/C-and-C++/huawei-courses/BESM-666/src/memory/page-allocator.cpp
src/memory/CMakeFiles/besm666_memory.dir/build.make:89: update target 'src/memory/CMakeFiles/besm666_memory.dir/phys-mem.cpp.o' due to: src/memory/CMakeFiles/besm666_memory.dir/compiler_depend.ts /Users/c71n93/Programming/C-and-C++/huawei-courses/BESM-666/src/memory/phys-mem.cpp /opt/homebrew/opt/llvm/include/c++/v1/cassert /opt/homebrew/opt/llvm/include/c++/v1/__assert /opt/homebrew/opt/llvm/include/c++/v1/__config /opt/homebrew/opt/llvm/include/c++/v1/__config_site /opt/homebrew/opt/llvm/include/c++/v1/__verbose_abort /opt/homebrew/opt/llvm/include/c++/v1/__availability /Library/Developer/CommandLineTools/SDKs/MacOSX.sdk/usr/include/assert.h /Library/Developer/CommandLineTools/SDKs/MacOSX.sdk/usr/include/sys/cdefs.h /Library/Developer/CommandLineTools/SDKs/MacOSX.sdk/usr/include/sys/_symbol_aliasing.h /Library/Developer/CommandLineTools/SDKs/MacOSX.sdk/usr/include/sys/_posix_availability.h /opt/homebrew/opt/llvm/include/c++/v1/stdlib.h /Library/Developer/CommandLineTools/SDKs/MacOSX.sdk/usr/include/stdlib.h /Library/Developer/CommandLineTools/SDKs/MacOSX.sdk/usr/include/Availability.h /Library/Developer/CommandLineTools/SDKs/MacOSX.sdk/usr/include/AvailabilityVersions.h /Library/Developer/CommandLineTools/SDKs/MacOSX.sdk/usr/include/AvailabilityInternal.h /Library/Developer/CommandLineTools/SDKs/MacOSX.sdk/usr/include/_types.h /Library/Developer/CommandLineTools/SDKs/MacOSX.sdk/usr/include/sys/_types.h /Library/Developer/CommandLineTools/SDKs/MacOSX.sdk/usr/include/machine/_types.h /Library/Developer/CommandLineTools/SDKs/MacOSX.sdk/usr/include/arm/_types.h /Library/Developer/CommandLineTools/SDKs/MacOSX.sdk/usr/include/sys/_pthread/_pthread_types.h /Library/Developer/CommandLineTools/SDKs/MacOSX.sdk/usr/include/sys/wait.h /Library/Developer/CommandLineTools/SDKs/MacOSX.sdk/usr/include/sys/_types/_pid_t.h /Library/Developer/CommandLineTools/SDKs/MacOSX.sdk/usr/include/sys/_types/_id_t.h /Library/Developer/CommandLineTools/SDKs/MacOSX.sdk/usr/include/sys/signal.h /Library/Developer/CommandLineTools/SDKs/MacOSX.sdk/usr/include/sys/appleapiopts.h /Library/Developer/CommandLineTools/SDKs/MacOSX.sdk/usr/include/machine/signal.h /Library/Developer/CommandLineTools/SDKs/MacOSX.sdk/usr/include/arm/signal.h /Library/Developer/CommandLineTools/SDKs/MacOSX.sdk/usr/include/machine/_mcontext.h /Library/Developer/CommandLineTools/SDKs/MacOSX.sdk/usr/include/arm/_mcontext.h /Library/Developer/CommandLineTools/SDKs/MacOSX.sdk/usr/include/mach/machine/_structs.h /Library/Developer/CommandLineTools/SDKs/MacOSX.sdk/usr/include/mach/arm/_structs.h /Library/Developer/CommandLineTools/SDKs/MacOSX.sdk/usr/include/machine/types.h /Library/Developer/CommandLineTools/SDKs/MacOSX.sdk/usr/include/arm/types.h /Library/Developer/CommandLineTools/SDKs/MacOSX.sdk/usr/include/sys/_types/_int8_t.h /Library/Developer/CommandLineTools/SDKs/MacOSX.sdk/usr/include/sys/_types/_int16_t.h /Library/Developer/CommandLineTools/SDKs/MacOSX.sdk/usr/include/sys/_types/_int32_t.h /Library/Developer/CommandLineTools/SDKs/MacOSX.sdk/usr/include/sys/_types/_int64_t.h /Library/Developer/CommandLineTools/SDKs/MacOSX.sdk/usr/include/sys/_types/_u_int8_t.h /Library/Developer/CommandLineTools/SDKs/MacOSX.sdk/usr/include/sys/_types/_u_int16_t.h /Library/Developer/CommandLineTools/SDKs/MacOSX.sdk/usr/include/sys/_types/_u_int32_t.h /Library/Developer/CommandLineTools/SDKs/MacOSX.sdk/usr/include/sys/_types/_u_int64_t.h /Library/Developer/CommandLineTools/SDKs/MacOSX.sdk/usr/include/sys/_types/_intptr_t.h /Library/Developer/CommandLineTools/SDKs/MacOSX.sdk/usr/include/sys/_types/_uintptr_t.h /Library/Developer/CommandLineTools/SDKs/MacOSX.sdk/usr/include/sys/_pthread/_pthread_attr_t.h /Library/Developer/CommandLineTools/SDKs/MacOSX.sdk/usr/include/sys/_types/_sigaltstack.h /Library/Developer/CommandLineTools/SDKs/MacOSX.sdk/usr/include/sys/_types/_ucontext.h /Library/Developer/CommandLineTools/SDKs/MacOSX.sdk/usr/include/sys/_types/_sigset_t.h /Library/Developer/CommandLineTools/SDKs/MacOSX.sdk/usr/include/sys/_types/_size_t.h /Library/Developer/CommandLineTools/SDKs/MacOSX.sdk/usr/include/sys/_types/_uid_t.h /Library/Developer/CommandLineTools/SDKs/MacOSX.sdk/usr/include/sys/resource.h /opt/homebrew/opt/llvm/include/c++/v1/stdint.h /opt/homebrew/Cellar/llvm/16.0.6/lib/clang/16/include/stdint.h /Library/Developer/CommandLineTools/SDKs/MacOSX.sdk/usr/include/stdint.h /Library/Developer/CommandLineTools/SDKs/MacOSX.sdk/usr/include/_types/_uint8_t.h /Library/Developer/CommandLineTools/SDKs/MacOSX.sdk/usr/include/_types/_uint16_t.h /Library/Developer/CommandLineTools/SDKs/MacOSX.sdk/usr/include/_types/_uint32_t.h /Library/Developer/CommandLineTools/SDKs/MacOSX.sdk/usr/include/_types/_uint64_t.h /Library/Developer/CommandLineTools/SDKs/MacOSX.sdk/usr/include/_types/_intmax_t.h /Library/Developer/CommandLineTools/SDKs/MacOSX.sdk/usr/include/_types/_uintmax_t.h /Library/Developer/CommandLineTools/SDKs/MacOSX.sdk/usr/include/sys/_types/_timeval.h /Library/Developer/CommandLineTools/SDKs/MacOSX.sdk/usr/include/machine/endian.h /Library/Developer/CommandLineTools/SDKs/MacOSX.sdk/usr/include/arm/endian.h /Library/Developer/CommandLineTools/SDKs/MacOSX.sdk/usr/include/sys/_endian.h /Library/Developer/CommandLineTools/SDKs/MacOSX.sdk/usr/include/libkern/_OSByteOrder.h /Library/Developer/CommandLineTools/SDKs/MacOSX.sdk/usr/include/libkern/arm/OSByteOrder.h /Library/Developer/CommandLineTools/SDKs/MacOSX.sdk/usr/include/arm/arch.h /Library/Developer/CommandLineTools/SDKs/MacOSX.sdk/usr/include/alloca.h /Library/Developer/CommandLineTools/SDKs/MacOSX.sdk/usr/include/sys/_types/_ct_rune_t.h /Library/Developer/CommandLineTools/SDKs/MacOSX.sdk/usr/include/sys/_types/_rune_t.h /Library/Developer/CommandLineTools/SDKs/MacOSX.sdk/usr/include/sys/_types/_wchar_t.h /Library/Developer/CommandLineTools/SDKs/MacOSX.sdk/usr/include/sys/_types/_null.h /Library/Developer/CommandLineTools/SDKs/MacOSX.sdk/usr/include/malloc/_malloc.h /Library/Developer/CommandLineTools/SDKs/MacOSX.sdk/usr/include/sys/_types/_dev_t.h /Library/Developer/CommandLineTools/SDKs/MacOSX.sdk/usr/include/sys/_types/_mode_t.h /opt/homebrew/opt/llvm/include/c++/v1/stdexcept /opt/homebrew/opt/llvm/include/c++/v1/cstdlib /opt/homebrew/opt/llvm/include/c++/v1/exception /opt/homebrew/opt/llvm/include/c++/v1/__memory/addressof.h /opt/homebrew/opt/llvm/include/c++/v1/__type_traits/decay.h /opt/homebrew/opt/llvm/include/c++/v1/__type_traits/add_pointer.h /opt/homebrew/opt/llvm/include/c++/v1/__type_traits/is_referenceable.h /opt/homebrew/opt/llvm/include/c++/v1/__type_traits/integral_constant.h /opt/homebrew/opt/llvm/include/c++/v1/__type_traits/is_same.h /opt/homebrew/opt/llvm/include/c++/v1/__type_traits/is_void.h /opt/homebrew/opt/llvm/include/c++/v1/__type_traits/remove_cv.h /opt/homebrew/opt/llvm/include/c++/v1/__type_traits/remove_const.h /opt/homebrew/opt/llvm/include/c++/v1/__type_traits/remove_volatile.h /opt/homebrew/opt/llvm/include/c++/v1/__type_traits/remove_reference.h /opt/homebrew/opt/llvm/include/c++/v1/cstddef /opt/homebrew/opt/llvm/include/c++/v1/__type_traits/enable_if.h /opt/homebrew/opt/llvm/include/c++/v1/__type_traits/is_integral.h /opt/homebrew/opt/llvm/include/c++/v1/version /opt/homebrew/opt/llvm/include/c++/v1/stddef.h /opt/homebrew/Cellar/llvm/16.0.6/lib/clang/16/include/stddef.h /opt/homebrew/Cellar/llvm/16.0.6/lib/clang/16/include/__stddef_max_align_t.h /opt/homebrew/opt/llvm/include/c++/v1/__type_traits/conditional.h /opt/homebrew/opt/llvm/include/c++/v1/__type_traits/is_array.h /opt/homebrew/opt/llvm/include/c++/v1/__type_traits/is_function.h /opt/homebrew/opt/llvm/include/c++/v1/__type_traits/is_const.h /opt/homebrew/opt/llvm/include/c++/v1/__type_traits/is_reference.h /opt/homebrew/opt/llvm/include/c++/v1/__type_traits/remove_extent.h /opt/homebrew/opt/llvm/include/c++/v1/__type_traits/is_base_of.h /opt/homebrew/opt/llvm/include/c++/v1/__type_traits/is_class.h /opt/homebrew/opt/llvm/include/c++/v1/__type_traits/is_convertible.h /opt/homebrew/opt/llvm/include/c++/v1/__utility/declval.h /opt/homebrew/opt/llvm/include/c++/v1/__type_traits/is_copy_constructible.h /opt/homebrew/opt/llvm/include/c++/v1/__type_traits/add_const.h /opt/homebrew/opt/llvm/include/c++/v1/__type_traits/add_lvalue_reference.h /opt/homebrew/opt/llvm/include/c++/v1/__type_traits/is_final.h /opt/homebrew/opt/llvm/include/c++/v1/__type_traits/is_polymorphic.h /opt/homebrew/opt/llvm/include/c++/v1/type_traits /opt/homebrew/opt/llvm/include/c++/v1/__functional/invoke.h /opt/homebrew/opt/llvm/include/c++/v1/__type_traits/apply_cv.h /opt/homebrew/opt/llvm/include/c++/v1/__type_traits/is_volatile.h /opt/homebrew/opt/llvm/include/c++/v1/__type_traits/is_core_convertible.h /opt/homebrew/opt/llvm/include/c++/v1/__type_traits/is_member_function_pointer.h /opt/homebrew/opt/llvm/include/c++/v1/__type_traits/is_member_object_pointer.h /opt/homebrew/opt/llvm/include/c++/v1/__type_traits/is_reference_wrapper.h /opt/homebrew/opt/llvm/include/c++/v1/__type_traits/nat.h /opt/homebrew/opt/llvm/include/c++/v1/__utility/forward.h /opt/homebrew/opt/llvm/include/c++/v1/__fwd/hash.h /opt/homebrew/opt/llvm/include/c++/v1/__type_traits/add_cv.h /opt/homebrew/opt/llvm/include/c++/v1/__type_traits/add_rvalue_reference.h /opt/homebrew/opt/llvm/include/c++/v1/__type_traits/add_volatile.h /opt/homebrew/opt/llvm/include/c++/v1/__type_traits/aligned_storage.h /opt/homebrew/opt/llvm/include/c++/v1/__type_traits/type_list.h /opt/homebrew/opt/llvm/include/c++/v1/__type_traits/aligned_union.h /opt/homebrew/opt/llvm/include/c++/v1/__type_traits/alignment_of.h /opt/homebrew/opt/llvm/include/c++/v1/__type_traits/can_extract_key.h /opt/homebrew/opt/llvm/include/c++/v1/__fwd/pair.h /opt/homebrew/opt/llvm/include/c++/v1/__type_traits/remove_const_ref.h /opt/homebrew/opt/llvm/include/c++/v1/__type_traits/common_reference.h /opt/homebrew/opt/llvm/include/c++/v1/__type_traits/common_type.h /opt/homebrew/opt/llvm/include/c++/v1/__type_traits/remove_cvref.h /opt/homebrew/opt/llvm/include/c++/v1/__type_traits/void_t.h /opt/homebrew/opt/llvm/include/c++/v1/__type_traits/copy_cv.h /opt/homebrew/opt/llvm/include/c++/v1/__type_traits/copy_cvref.h /opt/homebrew/opt/llvm/include/c++/v1/__type_traits/conjunction.h /opt/homebrew/opt/llvm/include/c++/v1/__type_traits/dependent_type.h /opt/homebrew/opt/llvm/include/c++/v1/__type_traits/disjunction.h /opt/homebrew/opt/llvm/include/c++/v1/__type_traits/extent.h /opt/homebrew/opt/llvm/include/c++/v1/__type_traits/has_unique_object_representation.h /opt/homebrew/opt/llvm/include/c++/v1/__type_traits/remove_all_extents.h /opt/homebrew/opt/llvm/include/c++/v1/__type_traits/has_virtual_destructor.h /opt/homebrew/opt/llvm/include/c++/v1/__type_traits/is_abstract.h /opt/homebrew/opt/llvm/include/c++/v1/__type_traits/is_aggregate.h /opt/homebrew/opt/llvm/include/c++/v1/__type_traits/is_arithmetic.h /opt/homebrew/opt/llvm/include/c++/v1/__type_traits/is_floating_point.h /opt/homebrew/opt/llvm/include/c++/v1/__type_traits/is_assignable.h /opt/homebrew/opt/llvm/include/c++/v1/__type_traits/is_bounded_array.h /opt/homebrew/opt/llvm/include/c++/v1/__type_traits/is_callable.h /opt/homebrew/opt/llvm/include/c++/v1/__type_traits/is_char_like_type.h /opt/homebrew/opt/llvm/include/c++/v1/__type_traits/is_standard_layout.h /opt/homebrew/opt/llvm/include/c++/v1/__type_traits/is_trivial.h /opt/homebrew/opt/llvm/include/c++/v1/__type_traits/is_compound.h /opt/homebrew/opt/llvm/include/c++/v1/__type_traits/is_fundamental.h /opt/homebrew/opt/llvm/include/c++/v1/__type_traits/is_null_pointer.h /opt/homebrew/opt/llvm/include/c++/v1/__type_traits/is_constant_evaluated.h /opt/homebrew/opt/llvm/include/c++/v1/__type_traits/is_constructible.h /opt/homebrew/opt/llvm/include/c++/v1/__type_traits/is_copy_assignable.h /opt/homebrew/opt/llvm/include/c++/v1/__type_traits/is_default_constructible.h /opt/homebrew/opt/llvm/include/c++/v1/__type_traits/is_destructible.h /opt/homebrew/opt/llvm/include/c++/v1/__type_traits/is_empty.h /opt/homebrew/opt/llvm/include/c++/v1/__type_traits/is_enum.h /opt/homebrew/opt/llvm/include/c++/v1/__type_traits/is_implicitly_default_constructible.h /opt/homebrew/opt/llvm/include/c++/v1/__type_traits/is_literal_type.h /opt/homebrew/opt/llvm/include/c++/v1/__type_traits/is_member_pointer.h /opt/homebrew/opt/llvm/include/c++/v1/__type_traits/is_move_assignable.h /opt/homebrew/opt/llvm/include/c++/v1/__type_traits/is_move_constructible.h /opt/homebrew/opt/llvm/include/c++/v1/__type_traits/is_nothrow_assignable.h /opt/homebrew/opt/llvm/include/c++/v1/__type_traits/is_nothrow_constructible.h /opt/homebrew/opt/llvm/include/c++/v1/__type_traits/is_nothrow_convertible.h /opt/homebrew/opt/llvm/include/c++/v1/__type_traits/lazy.h /opt/homebrew/opt/llvm/include/c++/v1/__type_traits/is_nothrow_copy_assignable.h /opt/homebrew/opt/llvm/include/c++/v1/__type_traits/is_nothrow_copy_constructible.h /opt/homebrew/opt/llvm/include/c++/v1/__type_traits/is_nothrow_default_constructible.h /opt/homebrew/opt/llvm/include/c++/v1/__type_traits/is_nothrow_destructible.h /opt/homebrew/opt/llvm/include/c++/v1/__type_traits/is_scalar.h /opt/homebrew/opt/llvm/include/c++/v1/__type_traits/is_pointer.h /opt/homebrew/opt/llvm/include/c++/v1/__type_traits/is_nothrow_move_assignable.h /opt/homebrew/opt/llvm/include/c++/v1/__type_traits/is_nothrow_move_constructible.h /opt/homebrew/opt/llvm/include/c++/v1/__type_traits/is_object.h /opt/homebrew/opt/llvm/include/c++/v1/__type_traits/is_union.h /opt/homebrew/opt/llvm/include/c++/v1/__type_traits/is_pod.h /opt/homebrew/opt/llvm/include/c++/v1/__type_traits/is_scoped_enum.h /opt/homebrew/opt/llvm/include/c++/v1/__type_traits/underlying_type.h /opt/homebrew/opt/llvm/include/c++/v1/__type_traits/is_signed.h /opt/homebrew/opt/llvm/include/c++/v1/__type_traits/is_specialization.h /opt/homebrew/opt/llvm/include/c++/v1/__type_traits/is_swappable.h /opt/homebrew/opt/llvm/include/c++/v1/__type_traits/is_trivially_assignable.h /opt/homebrew/opt/llvm/include/c++/v1/__type_traits/is_trivially_constructible.h /opt/homebrew/opt/llvm/include/c++/v1/__type_traits/is_trivially_copy_assignable.h /opt/homebrew/opt/llvm/include/c++/v1/__type_traits/is_trivially_copy_constructible.h /opt/homebrew/opt/llvm/include/c++/v1/__type_traits/is_trivially_copyable.h /opt/homebrew/opt/llvm/include/c++/v1/__type_traits/is_trivially_default_constructible.h /opt/homebrew/opt/llvm/include/c++/v1/__type_traits/is_trivially_destructible.h /opt/homebrew/opt/llvm/include/c++/v1/__type_traits/is_trivially_move_assignable.h /opt/homebrew/opt/llvm/include/c++/v1/__type_traits/is_trivially_move_constructible.h /opt/homebrew/opt/llvm/include/c++/v1/__type_traits/is_unbounded_array.h /opt/homebrew/opt/llvm/include/c++/v1/__type_traits/is_unsigned.h /opt/homebrew/opt/llvm/include/c++/v1/__type_traits/make_const_lvalue_ref.h /opt/homebrew/opt/llvm/include/c++/v1/__type_traits/make_signed.h /opt/homebrew/opt/llvm/include/c++/v1/__type_traits/make_unsigned.h /opt/homebrew/opt/llvm/include/c++/v1/__type_traits/maybe_const.h /opt/homebrew/opt/llvm/include/c++/v1/__type_traits/negation.h /opt/homebrew/opt/llvm/include/c++/v1/__type_traits/rank.h /opt/homebrew/opt/llvm/include/c++/v1/__type_traits/remove_pointer.h /opt/homebrew/opt/llvm/include/c++/v1/__type_traits/result_of.h /opt/homebrew/opt/llvm/include/c++/v1/__type_traits/type_identity.h /opt/homebrew/opt/llvm/include/c++/v1/cstdint /opt/homebrew/opt/llvm/include/c++/v1/iosfwd /opt/homebrew/opt/llvm/include/c++/v1/__fwd/string.h /opt/homebrew/opt/llvm/include/c++/v1/__fwd/memory_resource.h /opt/homebrew/opt/llvm/include/c++/v1/__mbstate_t.h /opt/homebrew/opt/llvm/include/c++/v1/wchar.h /Library/Developer/CommandLineTools/SDKs/MacOSX.sdk/usr/include/wchar.h /Library/Developer/CommandLineTools/SDKs/MacOSX.sdk/usr/include/sys/_types/_mbstate_t.h /opt/homebrew/Cellar/llvm/16.0.6/lib/clang/16/include/stdarg.h /opt/homebrew/opt/llvm/include/c++/v1/stdio.h /Library/Developer/CommandLineTools/SDKs/MacOSX.sdk/usr/include/stdio.h /Library/Developer/CommandLineTools/SDKs/MacOSX.sdk/usr/include/_stdio.h /Library/Developer/CommandLineTools/SDKs/MacOSX.sdk/usr/include/sys/_types/_va_list.h /Library/Developer/CommandLineTools/SDKs/MacOSX.sdk/usr/include/sys/stdio.h /Library/Developer/CommandLineTools/SDKs/MacOSX.sdk/usr/include/_ctermid.h /Library/Developer/CommandLineTools/SDKs/MacOSX.sdk/usr/include/sys/_types/_off_t.h /Library/Developer/CommandLineTools/SDKs/MacOSX.sdk/usr/include/sys/_types/_ssize_t.h /Library/Developer/CommandLineTools/SDKs/MacOSX.sdk/usr/include/time.h /Library/Developer/CommandLineTools/SDKs/MacOSX.sdk/usr/include/sys/_types/_clock_t.h /Library/Developer/CommandLineTools/SDKs/MacOSX.sdk/usr/include/sys/_types/_time_t.h /Library/Developer/CommandLineTools/SDKs/MacOSX.sdk/usr/include/sys/_types/_timespec.h /Library/Developer/CommandLineTools/SDKs/MacOSX.sdk/usr/include/_wctype.h /Library/Developer/CommandLineTools/SDKs/MacOSX.sdk/usr/include/__wctype.h /Library/Developer/CommandLineTools/SDKs/MacOSX.sdk/usr/include/sys/_types/_wint_t.h /Library/Developer/CommandLineTools/SDKs/MacOSX.sdk/usr/include/_types/_wctype_t.h /opt/homebrew/opt/llvm/include/c++/v1/ctype.h /Library/Developer/CommandLineTools/SDKs/MacOSX.sdk/usr/include/ctype.h /Library/Developer/CommandLineTools/SDKs/MacOSX.sdk/usr/include/_ctype.h /Library/Developer/CommandLineTools/SDKs/MacOSX.sdk/usr/include/runetype.h /Users/c71n93/Programming/C-and-C++/huawei-courses/BESM-666/include/besm-666/memory/phys-mem.hpp /opt/homebrew/opt/llvm/include/c++/v1/filesystem /opt/homebrew/opt/llvm/include/c++/v1/__filesystem/copy_options.h /opt/homebrew/opt/llvm/include/c++/v1/__filesystem/directory_entry.h /opt/homebrew/opt/llvm/include/c++/v1/__chrono/time_point.h /opt/homebrew/opt/llvm/include/c++/v1/__chrono/duration.h /opt/homebrew/opt/llvm/include/c++/v1/limits /opt/homebrew/opt/llvm/include/c++/v1/__undef_macros /opt/homebrew/opt/llvm/include/c++/v1/ratio /opt/homebrew/opt/llvm/include/c++/v1/climits /opt/homebrew/opt/llvm/include/c++/v1/limits.h /opt/homebrew/Cellar/llvm/16.0.6/lib/clang/16/include/limits.h /Library/Developer/CommandLineTools/SDKs/MacOSX.sdk/usr/include/limits.h /Library/Developer/CommandLineTools/SDKs/MacOSX.sdk/usr/include/machine/limits.h /Library/Developer/CommandLineTools/SDKs/MacOSX.sdk/usr/include/arm/limits.h /Library/Developer/CommandLineTools/SDKs/MacOSX.sdk/usr/include/arm/_limits.h /Library/Developer/CommandLineTools/SDKs/MacOSX.sdk/usr/include/sys/syslimits.h /opt/homebrew/opt/llvm/include/c++/v1/__errc /opt/homebrew/opt/llvm/include/c++/v1/cerrno /opt/homebrew/opt/llvm/include/c++/v1/errno.h /Library/Developer/CommandLineTools/SDKs/MacOSX.sdk/usr/include/errno.h /Library/Developer/CommandLineTools/SDKs/MacOSX.sdk/usr/include/sys/errno.h /Library/Developer/CommandLineTools/SDKs/MacOSX.sdk/usr/include/sys/_types/_errno_t.h /opt/homebrew/opt/llvm/include/c++/v1/__filesystem/file_status.h /opt/homebrew/opt/llvm/include/c++/v1/__filesystem/file_type.h /opt/homebrew/opt/llvm/include/c++/v1/__filesystem/perms.h /opt/homebrew/opt/llvm/include/c++/v1/__filesystem/file_time_type.h /opt/homebrew/opt/llvm/include/c++/v1/__chrono/file_clock.h /opt/homebrew/opt/llvm/include/c++/v1/__chrono/system_clock.h /opt/homebrew/opt/llvm/include/c++/v1/ctime /opt/homebrew/opt/llvm/include/c++/v1/__filesystem/filesystem_error.h /opt/homebrew/opt/llvm/include/c++/v1/__filesystem/path.h /opt/homebrew/opt/llvm/include/c++/v1/__algorithm/replace.h /opt/homebrew/opt/llvm/include/c++/v1/__algorithm/replace_copy.h /opt/homebrew/opt/llvm/include/c++/v1/__iterator/back_insert_iterator.h /opt/homebrew/opt/llvm/include/c++/v1/__iterator/iterator.h /opt/homebrew/opt/llvm/include/c++/v1/__iterator/iterator_traits.h /opt/homebrew/opt/llvm/include/c++/v1/__concepts/arithmetic.h /opt/homebrew/opt/llvm/include/c++/v1/__type_traits/is_signed_integer.h /opt/homebrew/opt/llvm/include/c++/v1/__type_traits/is_unsigned_integer.h /opt/homebrew/opt/llvm/include/c++/v1/__concepts/constructible.h /opt/homebrew/opt/llvm/include/c++/v1/__concepts/convertible_to.h /opt/homebrew/opt/llvm/include/c++/v1/__concepts/destructible.h /opt/homebrew/opt/llvm/include/c++/v1/__concepts/copyable.h /opt/homebrew/opt/llvm/include/c++/v1/__concepts/assignable.h /opt/homebrew/opt/llvm/include/c++/v1/__concepts/common_reference_with.h /opt/homebrew/opt/llvm/include/c++/v1/__concepts/same_as.h /opt/homebrew/opt/llvm/include/c++/v1/__concepts/movable.h /opt/homebrew/opt/llvm/include/c++/v1/__concepts/swappable.h /opt/homebrew/opt/llvm/include/c++/v1/__concepts/class_or_enum.h /opt/homebrew/opt/llvm/include/c++/v1/__utility/exchange.h /opt/homebrew/opt/llvm/include/c++/v1/__utility/move.h /opt/homebrew/opt/llvm/include/c++/v1/__utility/swap.h /opt/homebrew/opt/llvm/include/c++/v1/__concepts/equality_comparable.h /opt/homebrew/opt/llvm/include/c++/v1/__concepts/boolean_testable.h /opt/homebrew/opt/llvm/include/c++/v1/__concepts/totally_ordered.h /opt/homebrew/opt/llvm/include/c++/v1/__iterator/incrementable_traits.h /opt/homebrew/opt/llvm/include/c++/v1/__type_traits/is_primary_template.h /opt/homebrew/opt/llvm/include/c++/v1/__type_traits/is_valid_expansion.h /opt/homebrew/opt/llvm/include/c++/v1/__iterator/readable_traits.h /opt/homebrew/opt/llvm/include/c++/v1/string /opt/homebrew/opt/llvm/include/c++/v1/__algorithm/max.h /opt/homebrew/opt/llvm/include/c++/v1/__algorithm/comp.h /opt/homebrew/opt/llvm/include/c++/v1/__algorithm/comp_ref_type.h /opt/homebrew/opt/llvm/include/c++/v1/__debug /opt/homebrew/opt/llvm/include/c++/v1/__algorithm/max_element.h /opt/homebrew/opt/llvm/include/c++/v1/initializer_list /opt/homebrew/opt/llvm/include/c++/v1/__algorithm/min.h /opt/homebrew/opt/llvm/include/c++/v1/__algorithm/min_element.h /opt/homebrew/opt/llvm/include/c++/v1/__functional/identity.h /opt/homebrew/opt/llvm/include/c++/v1/__algorithm/remove.h /opt/homebrew/opt/llvm/include/c++/v1/__algorithm/find.h /opt/homebrew/opt/llvm/include/c++/v1/__algorithm/find_if.h /opt/homebrew/opt/llvm/include/c++/v1/__algorithm/remove_if.h /opt/homebrew/opt/llvm/include/c++/v1/__format/enable_insertable.h /opt/homebrew/opt/llvm/include/c++/v1/__functional/hash.h /opt/homebrew/opt/llvm/include/c++/v1/__functional/unary_function.h /opt/homebrew/opt/llvm/include/c++/v1/__tuple_dir/sfinae_helpers.h /opt/homebrew/opt/llvm/include/c++/v1/__fwd/tuple.h /opt/homebrew/opt/llvm/include/c++/v1/__tuple_dir/make_tuple_types.h /opt/homebrew/opt/llvm/include/c++/v1/__fwd/array.h /opt/homebrew/opt/llvm/include/c++/v1/__tuple_dir/apply_cv.h /opt/homebrew/opt/llvm/include/c++/v1/__tuple_dir/tuple_element.h /opt/homebrew/opt/llvm/include/c++/v1/__tuple_dir/tuple_indices.h /opt/homebrew/opt/llvm/include/c++/v1/__utility/integer_sequence.h /opt/homebrew/opt/llvm/include/c++/v1/__tuple_dir/tuple_types.h /opt/homebrew/opt/llvm/include/c++/v1/__tuple_dir/tuple_size.h /opt/homebrew/opt/llvm/include/c++/v1/__tuple_dir/tuple_like_ext.h /opt/homebrew/opt/llvm/include/c++/v1/__utility/pair.h /opt/homebrew/opt/llvm/include/c++/v1/__compare/common_comparison_category.h /opt/homebrew/opt/llvm/include/c++/v1/__compare/ordering.h /opt/homebrew/opt/llvm/include/c++/v1/__compare/synth_three_way.h /opt/homebrew/opt/llvm/include/c++/v1/__compare/three_way_comparable.h /opt/homebrew/opt/llvm/include/c++/v1/__functional/unwrap_ref.h /opt/homebrew/opt/llvm/include/c++/v1/__fwd/get.h /opt/homebrew/opt/llvm/include/c++/v1/__fwd/subrange.h /opt/homebrew/opt/llvm/include/c++/v1/__utility/piecewise_construct.h /opt/homebrew/opt/llvm/include/c++/v1/cstring /opt/homebrew/opt/llvm/include/c++/v1/string.h /Library/Developer/CommandLineTools/SDKs/MacOSX.sdk/usr/include/string.h /Library/Developer/CommandLineTools/SDKs/MacOSX.sdk/usr/include/sys/_types/_rsize_t.h /Library/Developer/CommandLineTools/SDKs/MacOSX.sdk/usr/include/strings.h /opt/homebrew/opt/llvm/include/c++/v1/__ios/fpos.h /opt/homebrew/opt/llvm/include/c++/v1/__iterator/distance.h /opt/homebrew/opt/llvm/include/c++/v1/__iterator/concepts.h /opt/homebrew/opt/llvm/include/c++/v1/__concepts/derived_from.h /opt/homebrew/opt/llvm/include/c++/v1/__concepts/invocable.h /opt/homebrew/opt/llvm/include/c++/v1/__concepts/predicate.h /opt/homebrew/opt/llvm/include/c++/v1/__concepts/regular.h /opt/homebrew/opt/llvm/include/c++/v1/__concepts/semiregular.h /opt/homebrew/opt/llvm/include/c++/v1/__concepts/relation.h /opt/homebrew/opt/llvm/include/c++/v1/__iterator/iter_move.h /opt/homebrew/opt/llvm/include/c++/v1/__memory/pointer_traits.h /opt/homebrew/opt/llvm/include/c++/v1/__ranges/access.h /opt/homebrew/opt/llvm/include/c++/v1/__ranges/enable_borrowed_range.h /opt/homebrew/opt/llvm/include/c++/v1/__utility/auto_cast.h /opt/homebrew/opt/llvm/include/c++/v1/__ranges/concepts.h /opt/homebrew/opt/llvm/include/c++/v1/__ranges/data.h /opt/homebrew/opt/llvm/include/c++/v1/__ranges/enable_view.h /opt/homebrew/opt/llvm/include/c++/v1/__ranges/size.h /opt/homebrew/opt/llvm/include/c++/v1/__iterator/reverse_iterator.h /opt/homebrew/opt/llvm/include/c++/v1/__algorithm/unwrap_iter.h /opt/homebrew/opt/llvm/include/c++/v1/__compare/compare_three_way_result.h /opt/homebrew/opt/llvm/include/c++/v1/__iterator/advance.h /opt/homebrew/opt/llvm/include/c++/v1/__utility/convert_to_integral.h /opt/homebrew/opt/llvm/include/c++/v1/__utility/unreachable.h /opt/homebrew/opt/llvm/include/c++/v1/__iterator/iter_swap.h /opt/homebrew/opt/llvm/include/c++/v1/__iterator/next.h /opt/homebrew/opt/llvm/include/c++/v1/__iterator/prev.h /opt/homebrew/opt/llvm/include/c++/v1/__iterator/segmented_iterator.h /opt/homebrew/opt/llvm/include/c++/v1/__ranges/subrange.h /opt/homebrew/opt/llvm/include/c++/v1/__concepts/different_from.h /opt/homebrew/opt/llvm/include/c++/v1/__ranges/dangling.h /opt/homebrew/opt/llvm/include/c++/v1/__ranges/view_interface.h /opt/homebrew/opt/llvm/include/c++/v1/__ranges/empty.h /opt/homebrew/opt/llvm/include/c++/v1/__tuple_dir/pair_like.h /opt/homebrew/opt/llvm/include/c++/v1/__tuple_dir/tuple_like.h /opt/homebrew/opt/llvm/include/c++/v1/__iterator/wrap_iter.h /opt/homebrew/opt/llvm/include/c++/v1/__memory/allocate_at_least.h /opt/homebrew/opt/llvm/include/c++/v1/__memory/allocator_traits.h /opt/homebrew/opt/llvm/include/c++/v1/__memory/construct_at.h /opt/homebrew/opt/llvm/include/c++/v1/__iterator/access.h /opt/homebrew/opt/llvm/include/c++/v1/__memory/voidify.h /opt/homebrew/opt/llvm/include/c++/v1/new /opt/homebrew/opt/llvm/include/c++/v1/__memory/allocator.h /opt/homebrew/opt/llvm/include/c++/v1/__memory/compressed_pair.h /opt/homebrew/opt/llvm/include/c++/v1/__memory/swap_allocator.h /opt/homebrew/opt/llvm/include/c++/v1/__memory_resource/polymorphic_allocator.h /opt/homebrew/opt/llvm/include/c++/v1/__memory_resource/memory_resource.h /opt/homebrew/opt/llvm/include/c++/v1/__utility/exception_guard.h /opt/homebrew/opt/llvm/include/c++/v1/tuple /opt/homebrew/opt/llvm/include/c++/v1/__memory/allocator_arg_t.h /opt/homebrew/opt/llvm/include/c++/v1/__memory/uses_allocator.h /opt/homebrew/opt/llvm/include/c++/v1/compare /opt/homebrew/opt/llvm/include/c++/v1/__compare/compare_partial_order_fallback.h /opt/homebrew/opt/llvm/include/c++/v1/__compare/partial_order.h /opt/homebrew/opt/llvm/include/c++/v1/__compare/compare_three_way.h /opt/homebrew/opt/llvm/include/c++/v1/__compare/weak_order.h /opt/homebrew/opt/llvm/include/c++/v1/__compare/strong_order.h /opt/homebrew/opt/llvm/include/c++/v1/__bit/bit_cast.h /opt/homebrew/opt/llvm/include/c++/v1/__utility/priority_tag.h /opt/homebrew/opt/llvm/include/c++/v1/cmath /opt/homebrew/opt/llvm/include/c++/v1/math.h /Library/Developer/CommandLineTools/SDKs/MacOSX.sdk/usr/include/math.h /opt/homebrew/opt/llvm/include/c++/v1/__type_traits/promote.h /opt/homebrew/opt/llvm/include/c++/v1/__compare/compare_strong_order_fallback.h /opt/homebrew/opt/llvm/include/c++/v1/__compare/compare_weak_order_fallback.h /opt/homebrew/opt/llvm/include/c++/v1/__compare/is_eq.h /opt/homebrew/opt/llvm/include/c++/v1/typeinfo /opt/homebrew/opt/llvm/include/c++/v1/utility /opt/homebrew/opt/llvm/include/c++/v1/__utility/as_const.h /opt/homebrew/opt/llvm/include/c++/v1/__utility/cmp.h /opt/homebrew/opt/llvm/include/c++/v1/__utility/forward_like.h /opt/homebrew/opt/llvm/include/c++/v1/__utility/in_place.h /opt/homebrew/opt/llvm/include/c++/v1/__utility/rel_ops.h /opt/homebrew/opt/llvm/include/c++/v1/__utility/to_underlying.h /opt/homebrew/opt/llvm/include/c++/v1/__string/char_traits.h /opt/homebrew/opt/llvm/include/c++/v1/__algorithm/copy_n.h /opt/homebrew/opt/llvm/include/c++/v1/__algorithm/copy.h /opt/homebrew/opt/llvm/include/c++/v1/__algorithm/copy_move_common.h /opt/homebrew/opt/llvm/include/c++/v1/__algorithm/iterator_operations.h /opt/homebrew/opt/llvm/include/c++/v1/__algorithm/iter_swap.h /opt/homebrew/opt/llvm/include/c++/v1/__algorithm/ranges_iterator_concept.h /opt/homebrew/opt/llvm/include/c++/v1/__algorithm/unwrap_range.h /opt/homebrew/opt/llvm/include/c++/v1/__type_traits/is_always_bitcastable.h /opt/homebrew/opt/llvm/include/c++/v1/__algorithm/fill_n.h /opt/homebrew/opt/llvm/include/c++/v1/__algorithm/find_end.h /opt/homebrew/opt/llvm/include/c++/v1/__algorithm/search.h /opt/homebrew/opt/llvm/include/c++/v1/__algorithm/find_first_of.h /opt/homebrew/opt/llvm/include/c++/v1/cstdio /opt/homebrew/opt/llvm/include/c++/v1/cwchar /opt/homebrew/opt/llvm/include/c++/v1/cwctype /opt/homebrew/opt/llvm/include/c++/v1/cctype /opt/homebrew/opt/llvm/include/c++/v1/wctype.h /Library/Developer/CommandLineTools/SDKs/MacOSX.sdk/usr/include/wctype.h /Library/Developer/CommandLineTools/SDKs/MacOSX.sdk/usr/include/_types/_wctrans_t.h /opt/homebrew/opt/llvm/include/c++/v1/__string/extern_template_lists.h /opt/homebrew/opt/llvm/include/c++/v1/__type_traits/is_allocator.h /opt/homebrew/opt/llvm/include/c++/v1/__type_traits/noexcept_move_assign_container.h /opt/homebrew/opt/llvm/include/c++/v1/string_view /opt/homebrew/opt/llvm/include/c++/v1/__fwd/string_view.h /opt/homebrew/opt/llvm/include/c++/v1/__iterator/data.h /opt/homebrew/opt/llvm/include/c++/v1/__iterator/empty.h /opt/homebrew/opt/llvm/include/c++/v1/__iterator/reverse_access.h /opt/homebrew/opt/llvm/include/c++/v1/__iterator/size.h /opt/homebrew/opt/llvm/include/c++/v1/algorithm /opt/homebrew/opt/llvm/include/c++/v1/__algorithm/adjacent_find.h /opt/homebrew/opt/llvm/include/c++/v1/__algorithm/all_of.h /opt/homebrew/opt/llvm/include/c++/v1/__algorithm/any_of.h /opt/homebrew/opt/llvm/include/c++/v1/__algorithm/binary_search.h /opt/homebrew/opt/llvm/include/c++/v1/__algorithm/lower_bound.h /opt/homebrew/opt/llvm/include/c++/v1/__algorithm/half_positive.h /opt/homebrew/opt/llvm/include/c++/v1/__algorithm/clamp.h /opt/homebrew/opt/llvm/include/c++/v1/__algorithm/copy_backward.h /opt/homebrew/opt/llvm/include/c++/v1/__algorithm/copy_if.h /opt/homebrew/opt/llvm/include/c++/v1/__algorithm/count.h /opt/homebrew/opt/llvm/include/c++/v1/__algorithm/count_if.h /opt/homebrew/opt/llvm/include/c++/v1/__algorithm/equal.h /opt/homebrew/opt/llvm/include/c++/v1/__algorithm/equal_range.h /opt/homebrew/opt/llvm/include/c++/v1/__algorithm/upper_bound.h /opt/homebrew/opt/llvm/include/c++/v1/__algorithm/fill.h /opt/homebrew/opt/llvm/include/c++/v1/__algorithm/find_if_not.h /opt/homebrew/opt/llvm/include/c++/v1/__algorithm/for_each.h /opt/homebrew/opt/llvm/include/c++/v1/__algorithm/for_each_n.h /opt/homebrew/opt/llvm/include/c++/v1/__algorithm/generate.h /opt/homebrew/opt/llvm/include/c++/v1/__algorithm/generate_n.h /opt/homebrew/opt/llvm/include/c++/v1/__algorithm/in_found_result.h /opt/homebrew/opt/llvm/include/c++/v1/__algorithm/in_fun_result.h /opt/homebrew/opt/llvm/include/c++/v1/__algorithm/in_in_out_result.h /opt/homebrew/opt/llvm/include/c++/v1/__algorithm/in_in_result.h /opt/homebrew/opt/llvm/include/c++/v1/__algorithm/in_out_out_result.h /opt/homebrew/opt/llvm/include/c++/v1/__algorithm/in_out_result.h /opt/homebrew/opt/llvm/include/c++/v1/__algorithm/includes.h /opt/homebrew/opt/llvm/include/c++/v1/__algorithm/inplace_merge.h /opt/homebrew/opt/llvm/include/c++/v1/__algorithm/move.h /opt/homebrew/opt/llvm/include/c++/v1/__algorithm/rotate.h /opt/homebrew/opt/llvm/include/c++/v1/__algorithm/move_backward.h /opt/homebrew/opt/llvm/include/c++/v1/__algorithm/swap_ranges.h /opt/homebrew/opt/llvm/include/c++/v1/__memory/destruct_n.h /opt/homebrew/opt/llvm/include/c++/v1/__memory/temporary_buffer.h /opt/homebrew/opt/llvm/include/c++/v1/__memory/unique_ptr.h /opt/homebrew/opt/llvm/include/c++/v1/__functional/operations.h /opt/homebrew/opt/llvm/include/c++/v1/__functional/binary_function.h /opt/homebrew/opt/llvm/include/c++/v1/__memory/auto_ptr.h /opt/homebrew/opt/llvm/include/c++/v1/__algorithm/is_heap.h /opt/homebrew/opt/llvm/include/c++/v1/__algorithm/is_heap_until.h /opt/homebrew/opt/llvm/include/c++/v1/__algorithm/is_partitioned.h /opt/homebrew/opt/llvm/include/c++/v1/__algorithm/is_permutation.h /opt/homebrew/opt/llvm/include/c++/v1/__algorithm/is_sorted.h /opt/homebrew/opt/llvm/include/c++/v1/__algorithm/is_sorted_until.h /opt/homebrew/opt/llvm/include/c++/v1/__algorithm/lexicographical_compare.h /opt/homebrew/opt/llvm/include/c++/v1/__algorithm/make_heap.h /opt/homebrew/opt/llvm/include/c++/v1/__algorithm/sift_down.h /opt/homebrew/opt/llvm/include/c++/v1/__algorithm/merge.h /opt/homebrew/opt/llvm/include/c++/v1/__algorithm/min_max_result.h /opt/homebrew/opt/llvm/include/c++/v1/__algorithm/minmax.h /opt/homebrew/opt/llvm/include/c++/v1/__algorithm/minmax_element.h /opt/homebrew/opt/llvm/include/c++/v1/__algorithm/mismatch.h /opt/homebrew/opt/llvm/include/c++/v1/__algorithm/next_permutation.h /opt/homebrew/opt/llvm/include/c++/v1/__algorithm/reverse.h /opt/homebrew/opt/llvm/include/c++/v1/__algorithm/none_of.h /opt/homebrew/opt/llvm/include/c++/v1/__algorithm/nth_element.h /opt/homebrew/opt/llvm/include/c++/v1/__algorithm/sort.h /opt/homebrew/opt/llvm/include/c++/v1/__algorithm/partial_sort.h /opt/homebrew/opt/llvm/include/c++/v1/__algorithm/sort_heap.h /opt/homebrew/opt/llvm/include/c++/v1/__algorithm/pop_heap.h /opt/homebrew/opt/llvm/include/c++/v1/__algorithm/push_heap.h /opt/homebrew/opt/llvm/include/c++/v1/__debug_utils/randomize_range.h /opt/homebrew/opt/llvm/include/c++/v1/__functional/ranges_operations.h /opt/homebrew/opt/llvm/include/c++/v1/bit /opt/homebrew/opt/llvm/include/c++/v1/__bit/bit_ceil.h /opt/homebrew/opt/llvm/include/c++/v1/__bit/countl.h /opt/homebrew/opt/llvm/include/c++/v1/__bit/rotate.h /opt/homebrew/opt/llvm/include/c++/v1/__bit/bit_floor.h /opt/homebrew/opt/llvm/include/c++/v1/__bit/bit_log2.h /opt/homebrew/opt/llvm/include/c++/v1/__bit/bit_width.h /opt/homebrew/opt/llvm/include/c++/v1/__bit/blsr.h /opt/homebrew/opt/llvm/include/c++/v1/__bit/byteswap.h /opt/homebrew/opt/llvm/include/c++/v1/__bit/countr.h /opt/homebrew/opt/llvm/include/c++/v1/__bit/endian.h /opt/homebrew/opt/llvm/include/c++/v1/__bit/has_single_bit.h /opt/homebrew/opt/llvm/include/c++/v1/__bit/popcount.h /opt/homebrew/opt/llvm/include/c++/v1/__algorithm/partial_sort_copy.h /opt/homebrew/opt/llvm/include/c++/v1/__algorithm/make_projected.h /opt/homebrew/opt/llvm/include/c++/v1/__algorithm/partition.h /opt/homebrew/opt/llvm/include/c++/v1/__algorithm/partition_copy.h /opt/homebrew/opt/llvm/include/c++/v1/__algorithm/partition_point.h /opt/homebrew/opt/llvm/include/c++/v1/__algorithm/prev_permutation.h /opt/homebrew/opt/llvm/include/c++/v1/__algorithm/ranges_adjacent_find.h /opt/homebrew/opt/llvm/include/c++/v1/__iterator/projected.h /opt/homebrew/opt/llvm/include/c++/v1/__algorithm/ranges_all_of.h /opt/homebrew/opt/llvm/include/c++/v1/__algorithm/ranges_any_of.h /opt/homebrew/opt/llvm/include/c++/v1/__algorithm/ranges_binary_search.h /opt/homebrew/opt/llvm/include/c++/v1/__algorithm/ranges_clamp.h /opt/homebrew/opt/llvm/include/c++/v1/__algorithm/ranges_copy.h /opt/homebrew/opt/llvm/include/c++/v1/__algorithm/ranges_copy_backward.h /opt/homebrew/opt/llvm/include/c++/v1/__algorithm/ranges_copy_if.h /opt/homebrew/opt/llvm/include/c++/v1/__algorithm/ranges_copy_n.h /opt/homebrew/opt/llvm/include/c++/v1/__iterator/unreachable_sentinel.h /opt/homebrew/opt/llvm/include/c++/v1/__algorithm/ranges_count.h /opt/homebrew/opt/llvm/include/c++/v1/__algorithm/ranges_count_if.h /opt/homebrew/opt/llvm/include/c++/v1/__algorithm/ranges_equal.h /opt/homebrew/opt/llvm/include/c++/v1/__iterator/indirectly_comparable.h /opt/homebrew/opt/llvm/include/c++/v1/__algorithm/ranges_equal_range.h /opt/homebrew/opt/llvm/include/c++/v1/__algorithm/ranges_fill.h /opt/homebrew/opt/llvm/include/c++/v1/__algorithm/ranges_fill_n.h /opt/homebrew/opt/llvm/include/c++/v1/__algorithm/ranges_find.h /opt/homebrew/opt/llvm/include/c++/v1/__algorithm/ranges_find_if.h /opt/homebrew/opt/llvm/include/c++/v1/__algorithm/ranges_find_end.h /opt/homebrew/opt/llvm/include/c++/v1/__algorithm/ranges_find_first_of.h /opt/homebrew/opt/llvm/include/c++/v1/__algorithm/ranges_find_if_not.h /opt/homebrew/opt/llvm/include/c++/v1/__algorithm/ranges_for_each.h /opt/homebrew/opt/llvm/include/c++/v1/__algorithm/ranges_for_each_n.h /opt/homebrew/opt/llvm/include/c++/v1/__algorithm/ranges_generate.h /opt/homebrew/opt/llvm/include/c++/v1/__algorithm/ranges_generate_n.h /opt/homebrew/opt/llvm/include/c++/v1/__algorithm/ranges_includes.h /opt/homebrew/opt/llvm/include/c++/v1/__algorithm/ranges_inplace_merge.h /opt/homebrew/opt/llvm/include/c++/v1/__iterator/sortable.h /opt/homebrew/opt/llvm/include/c++/v1/__iterator/permutable.h /opt/homebrew/opt/llvm/include/c++/v1/__algorithm/ranges_is_heap.h /opt/homebrew/opt/llvm/include/c++/v1/__algorithm/ranges_is_heap_until.h /opt/homebrew/opt/llvm/include/c++/v1/__algorithm/ranges_is_partitioned.h /opt/homebrew/opt/llvm/include/c++/v1/__algorithm/ranges_is_permutation.h /opt/homebrew/opt/llvm/include/c++/v1/__algorithm/ranges_is_sorted.h /opt/homebrew/opt/llvm/include/c++/v1/__algorithm/ranges_is_sorted_until.h /opt/homebrew/opt/llvm/include/c++/v1/__algorithm/ranges_lexicographical_compare.h /opt/homebrew/opt/llvm/include/c++/v1/__algorithm/ranges_lower_bound.h /opt/homebrew/opt/llvm/include/c++/v1/__algorithm/ranges_make_heap.h /opt/homebrew/opt/llvm/include/c++/v1/__algorithm/ranges_max.h /opt/homebrew/opt/llvm/include/c++/v1/__algorithm/ranges_min_element.h /opt/homebrew/opt/llvm/include/c++/v1/__algorithm/ranges_max_element.h /opt/homebrew/opt/llvm/include/c++/v1/__algorithm/ranges_merge.h /opt/homebrew/opt/llvm/include/c++/v1/__iterator/mergeable.h /opt/homebrew/opt/llvm/include/c++/v1/__algorithm/ranges_min.h /opt/homebrew/opt/llvm/include/c++/v1/__algorithm/ranges_minmax.h /opt/homebrew/opt/llvm/include/c++/v1/__algorithm/ranges_minmax_element.h /opt/homebrew/opt/llvm/include/c++/v1/__algorithm/ranges_mismatch.h /opt/homebrew/opt/llvm/include/c++/v1/__algorithm/ranges_move.h /opt/homebrew/opt/llvm/include/c++/v1/__algorithm/ranges_move_backward.h /opt/homebrew/opt/llvm/include/c++/v1/__algorithm/ranges_next_permutation.h /opt/homebrew/opt/llvm/include/c++/v1/__algorithm/ranges_none_of.h /opt/homebrew/opt/llvm/include/c++/v1/__algorithm/ranges_nth_element.h /opt/homebrew/opt/llvm/include/c++/v1/__algorithm/ranges_partial_sort.h /opt/homebrew/opt/llvm/include/c++/v1/__algorithm/ranges_partial_sort_copy.h /opt/homebrew/opt/llvm/include/c++/v1/__algorithm/ranges_partition.h /opt/homebrew/opt/llvm/include/c++/v1/__algorithm/ranges_partition_copy.h /opt/homebrew/opt/llvm/include/c++/v1/__algorithm/ranges_partition_point.h /opt/homebrew/opt/llvm/include/c++/v1/__algorithm/ranges_pop_heap.h /opt/homebrew/opt/llvm/include/c++/v1/__algorithm/ranges_prev_permutation.h /opt/homebrew/opt/llvm/include/c++/v1/__algorithm/ranges_push_heap.h /opt/homebrew/opt/llvm/include/c++/v1/__algorithm/ranges_remove.h /opt/homebrew/opt/llvm/include/c++/v1/__algorithm/ranges_remove_if.h /opt/homebrew/opt/llvm/include/c++/v1/__algorithm/ranges_remove_copy.h /opt/homebrew/opt/llvm/include/c++/v1/__algorithm/ranges_remove_copy_if.h /opt/homebrew/opt/llvm/include/c++/v1/__algorithm/remove_copy_if.h /opt/homebrew/opt/llvm/include/c++/v1/__algorithm/ranges_replace.h /opt/homebrew/opt/llvm/include/c++/v1/__algorithm/ranges_replace_if.h /opt/homebrew/opt/llvm/include/c++/v1/__algorithm/ranges_replace_copy.h /opt/homebrew/opt/llvm/include/c++/v1/__algorithm/ranges_replace_copy_if.h /opt/homebrew/opt/llvm/include/c++/v1/__algorithm/ranges_reverse.h /opt/homebrew/opt/llvm/include/c++/v1/__algorithm/ranges_reverse_copy.h /opt/homebrew/opt/llvm/include/c++/v1/__algorithm/ranges_rotate.h /opt/homebrew/opt/llvm/include/c++/v1/__algorithm/ranges_rotate_copy.h /opt/homebrew/opt/llvm/include/c++/v1/__algorithm/ranges_sample.h /opt/homebrew/opt/llvm/include/c++/v1/__algorithm/sample.h /opt/homebrew/opt/llvm/include/c++/v1/__random/uniform_int_distribution.h /opt/homebrew/opt/llvm/include/c++/v1/__random/is_valid.h /opt/homebrew/opt/llvm/include/c++/v1/__random/log2.h /opt/homebrew/opt/llvm/include/c++/v1/__algorithm/uniform_random_bit_generator_adaptor.h /opt/homebrew/opt/llvm/include/c++/v1/__random/uniform_random_bit_generator.h /opt/homebrew/opt/llvm/include/c++/v1/__algorithm/ranges_search.h /opt/homebrew/opt/llvm/include/c++/v1/__algorithm/ranges_search_n.h /opt/homebrew/opt/llvm/include/c++/v1/__algorithm/search_n.h /opt/homebrew/opt/llvm/include/c++/v1/__algorithm/ranges_set_difference.h /opt/homebrew/opt/llvm/include/c++/v1/__algorithm/set_difference.h /opt/homebrew/opt/llvm/include/c++/v1/__algorithm/ranges_set_intersection.h /opt/homebrew/opt/llvm/include/c++/v1/__algorithm/set_intersection.h /opt/homebrew/opt/llvm/include/c++/v1/__algorithm/ranges_set_symmetric_difference.h /opt/homebrew/opt/llvm/include/c++/v1/__algorithm/set_symmetric_difference.h /opt/homebrew/opt/llvm/include/c++/v1/__algorithm/ranges_set_union.h /opt/homebrew/opt/llvm/include/c++/v1/__algorithm/set_union.h /opt/homebrew/opt/llvm/include/c++/v1/__algorithm/ranges_shuffle.h /opt/homebrew/opt/llvm/include/c++/v1/__algorithm/shuffle.h /opt/homebrew/opt/llvm/include/c++/v1/__algorithm/ranges_sort.h /opt/homebrew/opt/llvm/include/c++/v1/__algorithm/ranges_sort_heap.h /opt/homebrew/opt/llvm/include/c++/v1/__algorithm/ranges_stable_partition.h /opt/homebrew/opt/llvm/include/c++/v1/__algorithm/stable_partition.h /opt/homebrew/opt/llvm/include/c++/v1/__algorithm/ranges_stable_sort.h /opt/homebrew/opt/llvm/include/c++/v1/__algorithm/stable_sort.h /opt/homebrew/opt/llvm/include/c++/v1/__algorithm/ranges_swap_ranges.h /opt/homebrew/opt/llvm/include/c++/v1/__algorithm/ranges_transform.h /opt/homebrew/opt/llvm/include/c++/v1/__algorithm/ranges_unique.h /opt/homebrew/opt/llvm/include/c++/v1/__algorithm/unique.h /opt/homebrew/opt/llvm/include/c++/v1/__algorithm/ranges_unique_copy.h /opt/homebrew/opt/llvm/include/c++/v1/__algorithm/unique_copy.h /opt/homebrew/opt/llvm/include/c++/v1/__algorithm/ranges_upper_bound.h /opt/homebrew/opt/llvm/include/c++/v1/__algorithm/remove_copy.h /opt/homebrew/opt/llvm/include/c++/v1/__algorithm/replace_copy_if.h /opt/homebrew/opt/llvm/include/c++/v1/__algorithm/replace_if.h /opt/homebrew/opt/llvm/include/c++/v1/__algorithm/reverse_copy.h /opt/homebrew/opt/llvm/include/c++/v1/__algorithm/rotate_copy.h /opt/homebrew/opt/llvm/include/c++/v1/__algorithm/shift_left.h /opt/homebrew/opt/llvm/include/c++/v1/__algorithm/shift_right.h /opt/homebrew/opt/llvm/include/c++/v1/__algorithm/transform.h /opt/homebrew/opt/llvm/include/c++/v1/chrono /opt/homebrew/opt/llvm/include/c++/v1/__chrono/calendar.h /opt/homebrew/opt/llvm/include/c++/v1/__chrono/convert_to_timespec.h /opt/homebrew/opt/llvm/include/c++/v1/__chrono/convert_to_tm.h /opt/homebrew/opt/llvm/include/c++/v1/__chrono/day.h /opt/homebrew/opt/llvm/include/c++/v1/__chrono/hh_mm_ss.h /opt/homebrew/opt/llvm/include/c++/v1/__chrono/month.h /opt/homebrew/opt/llvm/include/c++/v1/__chrono/month_weekday.h /opt/homebrew/opt/llvm/include/c++/v1/__chrono/weekday.h /opt/homebrew/opt/llvm/include/c++/v1/__chrono/monthday.h /opt/homebrew/opt/llvm/include/c++/v1/__chrono/statically_widen.h /opt/homebrew/opt/llvm/include/c++/v1/__format/concepts.h /opt/homebrew/opt/llvm/include/c++/v1/__format/format_fwd.h /opt/homebrew/opt/llvm/include/c++/v1/__format/format_parse_context.h /opt/homebrew/opt/llvm/include/c++/v1/__format/format_error.h /opt/homebrew/opt/llvm/include/c++/v1/__chrono/year.h /opt/homebrew/opt/llvm/include/c++/v1/__chrono/year_month.h /opt/homebrew/opt/llvm/include/c++/v1/__chrono/year_month_day.h /opt/homebrew/opt/llvm/include/c++/v1/__chrono/year_month_weekday.h /opt/homebrew/opt/llvm/include/c++/v1/__chrono/high_resolution_clock.h /opt/homebrew/opt/llvm/include/c++/v1/__chrono/steady_clock.h /opt/homebrew/opt/llvm/include/c++/v1/__chrono/literals.h /opt/homebrew/opt/llvm/include/c++/v1/concepts /opt/homebrew/opt/llvm/include/c++/v1/__concepts/common_with.h /opt/homebrew/opt/llvm/include/c++/v1/atomic /opt/homebrew/opt/llvm/include/c++/v1/__thread/poll_with_backoff.h /opt/homebrew/opt/llvm/include/c++/v1/__thread/timed_backoff_policy.h /opt/homebrew/opt/llvm/include/c++/v1/__threading_support /Library/Developer/CommandLineTools/SDKs/MacOSX.sdk/usr/include/pthread.h /Library/Developer/CommandLineTools/SDKs/MacOSX.sdk/usr/include/pthread/sched.h /Library/Developer/CommandLineTools/SDKs/MacOSX.sdk/usr/include/pthread/pthread_impl.h /Library/Developer/CommandLineTools/SDKs/MacOSX.sdk/usr/include/sys/_pthread/_pthread_cond_t.h /Library/Developer/CommandLineTools/SDKs/MacOSX.sdk/usr/include/sys/_pthread/_pthread_condattr_t.h /Library/Developer/CommandLineTools/SDKs/MacOSX.sdk/usr/include/sys/_pthread/_pthread_key_t.h /Library/Developer/CommandLineTools/SDKs/MacOSX.sdk/usr/include/sys/_pthread/_pthread_mutex_t.h /Library/Developer/CommandLineTools/SDKs/MacOSX.sdk/usr/include/sys/_pthread/_pthread_mutexattr_t.h /Library/Developer/CommandLineTools/SDKs/MacOSX.sdk/usr/include/sys/_pthread/_pthread_once_t.h /Library/Developer/CommandLineTools/SDKs/MacOSX.sdk/usr/include/sys/_pthread/_pthread_rwlock_t.h /Library/Developer/CommandLineTools/SDKs/MacOSX.sdk/usr/include/sys/_pthread/_pthread_rwlockattr_t.h /Library/Developer/CommandLineTools/SDKs/MacOSX.sdk/usr/include/sys/_pthread/_pthread_t.h /Library/Developer/CommandLineTools/SDKs/MacOSX.sdk/usr/include/pthread/qos.h /Library/Developer/CommandLineTools/SDKs/MacOSX.sdk/usr/include/sys/qos.h /Library/Developer/CommandLineTools/SDKs/MacOSX.sdk/usr/include/sys/_types/_mach_port_t.h /Library/Developer/CommandLineTools/SDKs/MacOSX.sdk/usr/include/sched.h /opt/homebrew/opt/llvm/include/c++/v1/iterator /opt/homebrew/opt/llvm/include/c++/v1/__iterator/bounded_iter.h /opt/homebrew/opt/llvm/include/c++/v1/__iterator/common_iterator.h /opt/homebrew/opt/llvm/include/c++/v1/variant /opt/homebrew/opt/llvm/include/c++/v1/__variant/monostate.h /opt/homebrew/opt/llvm/include/c++/v1/__iterator/counted_iterator.h /opt/homebrew/opt/llvm/include/c++/v1/__iterator/default_sentinel.h /opt/homebrew/opt/llvm/include/c++/v1/__iterator/erase_if_container.h /opt/homebrew/opt/llvm/include/c++/v1/__iterator/front_insert_iterator.h /opt/homebrew/opt/llvm/include/c++/v1/__iterator/insert_iterator.h /opt/homebrew/opt/llvm/include/c++/v1/__iterator/istream_iterator.h /opt/homebrew/opt/llvm/include/c++/v1/__iterator/istreambuf_iterator.h /opt/homebrew/opt/llvm/include/c++/v1/__iterator/move_iterator.h /opt/homebrew/opt/llvm/include/c++/v1/__iterator/move_sentinel.h /opt/homebrew/opt/llvm/include/c++/v1/__iterator/ostream_iterator.h /opt/homebrew/opt/llvm/include/c++/v1/__iterator/ostreambuf_iterator.h /opt/homebrew/opt/llvm/include/c++/v1/memory /opt/homebrew/opt/llvm/include/c++/v1/__memory/align.h /opt/homebrew/opt/llvm/include/c++/v1/__memory/allocation_guard.h /opt/homebrew/opt/llvm/include/c++/v1/__memory/assume_aligned.h /opt/homebrew/opt/llvm/include/c++/v1/__memory/concepts.h /opt/homebrew/opt/llvm/include/c++/v1/__memory/ranges_construct_at.h /opt/homebrew/opt/llvm/include/c++/v1/__memory/ranges_uninitialized_algorithms.h /opt/homebrew/opt/llvm/include/c++/v1/__memory/uninitialized_algorithms.h /opt/homebrew/opt/llvm/include/c++/v1/__memory/raw_storage_iterator.h /opt/homebrew/opt/llvm/include/c++/v1/__memory/shared_ptr.h /opt/homebrew/opt/llvm/include/c++/v1/__functional/reference_wrapper.h /opt/homebrew/opt/llvm/include/c++/v1/__functional/weak_result_type.h /opt/homebrew/opt/llvm/include/c++/v1/__memory/allocator_destructor.h /opt/homebrew/opt/llvm/include/c++/v1/__memory/uses_allocator_construction.h /opt/homebrew/opt/llvm/include/c++/v1/functional /opt/homebrew/opt/llvm/include/c++/v1/__functional/binary_negate.h /opt/homebrew/opt/llvm/include/c++/v1/__functional/bind.h /opt/homebrew/opt/llvm/include/c++/v1/__functional/bind_back.h /opt/homebrew/opt/llvm/include/c++/v1/__functional/perfect_forward.h /opt/homebrew/opt/llvm/include/c++/v1/__functional/bind_front.h /opt/homebrew/opt/llvm/include/c++/v1/__functional/binder1st.h /opt/homebrew/opt/llvm/include/c++/v1/__functional/binder2nd.h /opt/homebrew/opt/llvm/include/c++/v1/__functional/boyer_moore_searcher.h /opt/homebrew/opt/llvm/include/c++/v1/array /opt/homebrew/opt/llvm/include/c++/v1/unordered_map /opt/homebrew/opt/llvm/include/c++/v1/__functional/is_transparent.h /opt/homebrew/opt/llvm/include/c++/v1/__hash_table /opt/homebrew/opt/llvm/include/c++/v1/__node_handle /opt/homebrew/opt/llvm/include/c++/v1/optional /opt/homebrew/opt/llvm/include/c++/v1/vector /opt/homebrew/opt/llvm/include/c++/v1/__bit_reference /opt/homebrew/opt/llvm/include/c++/v1/__format/formatter.h /opt/homebrew/opt/llvm/include/c++/v1/__memory/temp_value.h /opt/homebrew/opt/llvm/include/c++/v1/__split_buffer /opt/homebrew/opt/llvm/include/c++/v1/__functional/compose.h /opt/homebrew/opt/llvm/include/c++/v1/__functional/default_searcher.h /opt/homebrew/opt/llvm/include/c++/v1/__functional/function.h /opt/homebrew/opt/llvm/include/c++/v1/__memory/builtin_new_allocator.h /opt/homebrew/opt/llvm/include/c++/v1/__type_traits/strip_signature.h /opt/homebrew/opt/llvm/include/c++/v1/__functional/mem_fn.h /opt/homebrew/opt/llvm/include/c++/v1/__functional/mem_fun_ref.h /opt/homebrew/opt/llvm/include/c++/v1/__functional/not_fn.h /opt/homebrew/opt/llvm/include/c++/v1/__functional/pointer_to_binary_function.h /opt/homebrew/opt/llvm/include/c++/v1/__functional/pointer_to_unary_function.h /opt/homebrew/opt/llvm/include/c++/v1/__functional/unary_negate.h /opt/homebrew/opt/llvm/include/c++/v1/iomanip /opt/homebrew/opt/llvm/include/c++/v1/istream /opt/homebrew/opt/llvm/include/c++/v1/ostream /opt/homebrew/opt/llvm/include/c++/v1/bitset /opt/homebrew/opt/llvm/include/c++/v1/ios /opt/homebrew/opt/llvm/include/c++/v1/__locale /opt/homebrew/opt/llvm/include/c++/v1/locale.h /Library/Developer/CommandLineTools/SDKs/MacOSX.sdk/usr/include/locale.h /Library/Developer/CommandLineTools/SDKs/MacOSX.sdk/usr/include/_locale.h /opt/homebrew/opt/llvm/include/c++/v1/mutex /opt/homebrew/opt/llvm/include/c++/v1/__mutex_base /opt/homebrew/opt/llvm/include/c++/v1/system_error /Library/Developer/CommandLineTools/SDKs/MacOSX.sdk/usr/include/xlocale.h /Library/Developer/CommandLineTools/SDKs/MacOSX.sdk/usr/include/_xlocale.h /Library/Developer/CommandLineTools/SDKs/MacOSX.sdk/usr/include/xlocale/_ctype.h /Library/Developer/CommandLineTools/SDKs/MacOSX.sdk/usr/include/xlocale/__wctype.h /Library/Developer/CommandLineTools/SDKs/MacOSX.sdk/usr/include/xlocale/_stdio.h /Library/Developer/CommandLineTools/SDKs/MacOSX.sdk/usr/include/xlocale/_stdlib.h /Library/Developer/CommandLineTools/SDKs/MacOSX.sdk/usr/include/xlocale/_string.h /Library/Developer/CommandLineTools/SDKs/MacOSX.sdk/usr/include/xlocale/_time.h /Library/Developer/CommandLineTools/SDKs/MacOSX.sdk/usr/include/xlocale/_wchar.h /Library/Developer/CommandLineTools/SDKs/MacOSX.sdk/usr/include/xlocale/_wctype.h /opt/homebrew/opt/llvm/include/c++/v1/locale /opt/homebrew/opt/llvm/include/c++/v1/streambuf /Library/Developer/CommandLineTools/SDKs/MacOSX.sdk/usr/include/nl_types.h /Library/Developer/CommandLineTools/SDKs/MacOSX.sdk/usr/include/sys/types.h /Library/Developer/CommandLineTools/SDKs/MacOSX.sdk/usr/include/sys/_types/_u_char.h /Library/Developer/CommandLineTools/SDKs/MacOSX.sdk/usr/include/sys/_types/_u_short.h /Library/Developer/CommandLineTools/SDKs/MacOSX.sdk/usr/include/sys/_types/_u_int.h /Library/Developer/CommandLineTools/SDKs/MacOSX.sdk/usr/include/sys/_types/_caddr_t.h /Library/Developer/CommandLineTools/SDKs/MacOSX.sdk/usr/include/sys/_types/_blkcnt_t.h /Library/Developer/CommandLineTools/SDKs/MacOSX.sdk/usr/include/sys/_types/_blksize_t.h /Library/Developer/CommandLineTools/SDKs/MacOSX.sdk/usr/include/sys/_types/_gid_t.h /Library/Developer/CommandLineTools/SDKs/MacOSX.sdk/usr/include/sys/_types/_in_addr_t.h /Library/Developer/CommandLineTools/SDKs/MacOSX.sdk/usr/include/sys/_types/_in_port_t.h /Library/Developer/CommandLineTools/SDKs/MacOSX.sdk/usr/include/sys/_types/_ino_t.h /Library/Developer/CommandLineTools/SDKs/MacOSX.sdk/usr/include/sys/_types/_ino64_t.h /Library/Developer/CommandLineTools/SDKs/MacOSX.sdk/usr/include/sys/_types/_key_t.h /Library/Developer/CommandLineTools/SDKs/MacOSX.sdk/usr/include/sys/_types/_nlink_t.h /Library/Developer/CommandLineTools/SDKs/MacOSX.sdk/usr/include/sys/_types/_useconds_t.h /Library/Developer/CommandLineTools/SDKs/MacOSX.sdk/usr/include/sys/_types/_suseconds_t.h /Library/Developer/CommandLineTools/SDKs/MacOSX.sdk/usr/include/sys/_types/_fd_def.h /Library/Developer/CommandLineTools/SDKs/MacOSX.sdk/usr/include/sys/_types/_fd_setsize.h /Library/Developer/CommandLineTools/SDKs/MacOSX.sdk/usr/include/sys/_types/_fd_set.h /Library/Developer/CommandLineTools/SDKs/MacOSX.sdk/usr/include/sys/_types/_fd_clr.h /Library/Developer/CommandLineTools/SDKs/MacOSX.sdk/usr/include/sys/_types/_fd_zero.h /Library/Developer/CommandLineTools/SDKs/MacOSX.sdk/usr/include/sys/_types/_fd_isset.h /Library/Developer/CommandLineTools/SDKs/MacOSX.sdk/usr/include/sys/_types/_fd_copy.h /Library/Developer/CommandLineTools/SDKs/MacOSX.sdk/usr/include/sys/_types/_fsblkcnt_t.h /Library/Developer/CommandLineTools/SDKs/MacOSX.sdk/usr/include/sys/_types/_fsfilcnt_t.h /Library/Developer/CommandLineTools/SDKs/MacOSX.sdk/usr/include/_types/_nl_item.h /opt/homebrew/opt/llvm/include/c++/v1/__bsd_locale_defaults.h /opt/homebrew/opt/llvm/include/c++/v1/cstdarg /opt/homebrew/opt/llvm/include/c++/v1/__filesystem/operations.h /opt/homebrew/opt/llvm/include/c++/v1/__filesystem/perm_options.h /opt/homebrew/opt/llvm/include/c++/v1/__filesystem/space_info.h /opt/homebrew/opt/llvm/include/c++/v1/__filesystem/directory_iterator.h /opt/homebrew/opt/llvm/include/c++/v1/__filesystem/directory_options.h /opt/homebrew/opt/llvm/include/c++/v1/__filesystem/path_iterator.h /opt/homebrew/opt/llvm/include/c++/v1/__filesystem/recursive_directory_iterator.h /opt/homebrew/opt/llvm/include/c++/v1/__filesystem/u8path.h /opt/homebrew/opt/llvm/include/c++/v1/set /opt/homebrew/opt/llvm/include/c++/v1/__tree /Users/c71n93/Programming/C-and-C++/huawei-courses/BESM-666/include/besm-666/memory/page-allocator.hpp /Users/c71n93/Programming/C-and-C++/huawei-courses/BESM-666/include/besm-666/util/non-copyable.hpp /Users/c71n93/Programming/C-and-C++/huawei-courses/BESM-666/include/besm-666/riscv-types.hpp /Users/c71n93/Programming/C-and-C++/huawei-courses/BESM-666/include/besm-666/autogen/encoding.out.h /Users/c71n93/Programming/C-and-C++/huawei-courses/BESM-666/include/besm-666/util/elf-parser.hpp /opt/homebrew/opt/llvm/include/c++/v1/fstream /opt/homebrew/opt/llvm/include/c++/v1/iostream /Users/c71n93/Programming/C-and-C++/huawei-courses/BESM-666/third_party/ELFIO/elfio/elfio.hpp /opt/homebrew/opt/llvm/include/c++/v1/deque /Users/c71n93/Programming/C-and-C++/huawei-courses/BESM-666/third_party/ELFIO/elfio/elf_types.hpp /Users/c71n93/Programming/C-and-C++/huawei-courses/BESM-666/third_party/ELFIO/elfio/elfio_version.hpp /Users/c71n93/Programming/C-and-C++/huawei-courses/BESM-666/third_party/ELFIO/elfio/elfio_utils.hpp /Users/c71n93/Programming/C-and-C++/huawei-courses/BESM-666/third_party/ELFIO/elfio/elfio_header.hpp /Users/c71n93/Programming/C-and-C++/huawei-courses/BESM-666/third_party/ELFIO/elfio/elfio_section.hpp /Users/c71n93/Programming/C-and-C++/huawei-courses/BESM-666/third_party/ELFIO/elfio/elfio_segment.hpp /Users/c71n93/Programming/C-and-C++/huawei-courses/BESM-666/third_party/ELFIO/elfio/elfio_strings.hpp /Users/c71n93/Programming/C-and-C++/huawei-courses/BESM-666/third_party/ELFIO/elfio/elfio_symbols.hpp /Users/c71n93/Programming/C-and-C++/huawei-courses/BESM-666/third_party/ELFIO/elfio/elfio_note.hpp /Users/c71n93/Programming/C-and-C++/huawei-courses/BESM-666/third_party/ELFIO/elfio/elfio_relocation.hpp /Users/c71n93/Programming/C-and-C++/huawei-courses/BESM-666/third_party/ELFIO/elfio/elfio_dynamic.hpp /Users/c71n93/Programming/C-and-C++/huawei-courses/BESM-666/third_party/ELFIO/elfio/elfio_array.hpp /Users/c71n93/Programming/C-and-C++/huawei-courses/BESM-666/third_party/ELFIO/elfio/elfio_modinfo.hpp /Users/c71n93/Programming/C-and-C++/huawei-courses/BESM-666/third_party/ELFIO/elfio/elfio_versym.hpp /Users/c71n93/Programming/C-and-C++/huawei-courses/BESM-666/include/besm-666/util/math.hpp src/memory/CMakeFiles/besm666_memory.dir/flags.make
/opt/homebrew/Cellar/cmake/3.26.0/bin/cmake -E cmake_echo_color --switch= --green --progress-dir=/Users/c71n93/Programming/C-and-C++/huawei-courses/BESM-666/build/CMakeFiles --progress-num=6 "Building CXX object src/memory/CMakeFiles/besm666_memory.dir/phys-mem.cpp.o"
[ 20%] Building CXX object src/memory/CMakeFiles/besm666_memory.dir/phys-mem.cpp.o
cd /Users/c71n93/Programming/C-and-C++/huawei-courses/BESM-666/build/src/memory && /opt/homebrew/opt/llvm/bin/clang++  -I/Users/c71n93/Programming/C-and-C++/huawei-courses/BESM-666/./include -I/Users/c71n93/Programming/C-and-C++/huawei-courses/BESM-666/src/util/../../third_party/ELFIO -g -arch arm64 -isysroot /Library/Developer/CommandLineTools/SDKs/MacOSX.sdk -fcolor-diagnostics -MD -MT src/memory/CMakeFiles/besm666_memory.dir/phys-mem.cpp.o -MF CMakeFiles/besm666_memory.dir/phys-mem.cpp.o.d -o CMakeFiles/besm666_memory.dir/phys-mem.cpp.o -c /Users/c71n93/Programming/C-and-C++/huawei-courses/BESM-666/src/memory/phys-mem.cpp
src/memory/CMakeFiles/besm666_memory.dir/build.make:103: update target 'src/memory/CMakeFiles/besm666_memory.dir/mmap-wrapper.cpp.o' due to: src/memory/CMakeFiles/besm666_memory.dir/compiler_depend.ts /Users/c71n93/Programming/C-and-C++/huawei-courses/BESM-666/src/memory/mmap-wrapper.cpp /Library/Developer/CommandLineTools/SDKs/MacOSX.sdk/usr/include/sys/mman.h /Library/Developer/CommandLineTools/SDKs/MacOSX.sdk/usr/include/sys/appleapiopts.h /Library/Developer/CommandLineTools/SDKs/MacOSX.sdk/usr/include/sys/cdefs.h /Library/Developer/CommandLineTools/SDKs/MacOSX.sdk/usr/include/sys/_symbol_aliasing.h /Library/Developer/CommandLineTools/SDKs/MacOSX.sdk/usr/include/sys/_posix_availability.h /Library/Developer/CommandLineTools/SDKs/MacOSX.sdk/usr/include/sys/_types.h /Library/Developer/CommandLineTools/SDKs/MacOSX.sdk/usr/include/machine/_types.h /Library/Developer/CommandLineTools/SDKs/MacOSX.sdk/usr/include/arm/_types.h /Library/Developer/CommandLineTools/SDKs/MacOSX.sdk/usr/include/sys/_pthread/_pthread_types.h /Library/Developer/CommandLineTools/SDKs/MacOSX.sdk/usr/include/sys/_types/_mode_t.h /Library/Developer/CommandLineTools/SDKs/MacOSX.sdk/usr/include/sys/_types/_off_t.h /Library/Developer/CommandLineTools/SDKs/MacOSX.sdk/usr/include/sys/_types/_size_t.h /Library/Developer/CommandLineTools/SDKs/MacOSX.sdk/usr/include/Availability.h /Library/Developer/CommandLineTools/SDKs/MacOSX.sdk/usr/include/AvailabilityVersions.h /Library/Developer/CommandLineTools/SDKs/MacOSX.sdk/usr/include/AvailabilityInternal.h /Users/c71n93/Programming/C-and-C++/huawei-courses/BESM-666/include/besm-666/memory/mmap-wrapper.hpp /Library/Developer/CommandLineTools/SDKs/MacOSX.sdk/usr/include/sys/types.h /Library/Developer/CommandLineTools/SDKs/MacOSX.sdk/usr/include/machine/types.h /Library/Developer/CommandLineTools/SDKs/MacOSX.sdk/usr/include/arm/types.h /Library/Developer/CommandLineTools/SDKs/MacOSX.sdk/usr/include/sys/_types/_int8_t.h /Library/Developer/CommandLineTools/SDKs/MacOSX.sdk/usr/include/sys/_types/_int16_t.h /Library/Developer/CommandLineTools/SDKs/MacOSX.sdk/usr/include/sys/_types/_int32_t.h /Library/Developer/CommandLineTools/SDKs/MacOSX.sdk/usr/include/sys/_types/_int64_t.h /Library/Developer/CommandLineTools/SDKs/MacOSX.sdk/usr/include/sys/_types/_u_int8_t.h /Library/Developer/CommandLineTools/SDKs/MacOSX.sdk/usr/include/sys/_types/_u_int16_t.h /Library/Developer/CommandLineTools/SDKs/MacOSX.sdk/usr/include/sys/_types/_u_int32_t.h /Library/Developer/CommandLineTools/SDKs/MacOSX.sdk/usr/include/sys/_types/_u_int64_t.h /Library/Developer/CommandLineTools/SDKs/MacOSX.sdk/usr/include/sys/_types/_intptr_t.h /Library/Developer/CommandLineTools/SDKs/MacOSX.sdk/usr/include/sys/_types/_uintptr_t.h /Library/Developer/CommandLineTools/SDKs/MacOSX.sdk/usr/include/machine/endian.h /Library/Developer/CommandLineTools/SDKs/MacOSX.sdk/usr/include/arm/endian.h /Library/Developer/CommandLineTools/SDKs/MacOSX.sdk/usr/include/sys/_endian.h /Library/Developer/CommandLineTools/SDKs/MacOSX.sdk/usr/include/libkern/_OSByteOrder.h /Library/Developer/CommandLineTools/SDKs/MacOSX.sdk/usr/include/libkern/arm/OSByteOrder.h /opt/homebrew/opt/llvm/include/c++/v1/stdint.h /opt/homebrew/opt/llvm/include/c++/v1/__config /opt/homebrew/opt/llvm/include/c++/v1/__config_site /opt/homebrew/Cellar/llvm/16.0.6/lib/clang/16/include/stdint.h /Library/Developer/CommandLineTools/SDKs/MacOSX.sdk/usr/include/stdint.h /Library/Developer/CommandLineTools/SDKs/MacOSX.sdk/usr/include/_types/_uint8_t.h /Library/Developer/CommandLineTools/SDKs/MacOSX.sdk/usr/include/_types/_uint16_t.h /Library/Developer/CommandLineTools/SDKs/MacOSX.sdk/usr/include/_types/_uint32_t.h /Library/Developer/CommandLineTools/SDKs/MacOSX.sdk/usr/include/_types/_uint64_t.h /Library/Developer/CommandLineTools/SDKs/MacOSX.sdk/usr/include/_types/_intmax_t.h /Library/Developer/CommandLineTools/SDKs/MacOSX.sdk/usr/include/_types/_uintmax_t.h /Library/Developer/CommandLineTools/SDKs/MacOSX.sdk/usr/include/arm/arch.h /Library/Developer/CommandLineTools/SDKs/MacOSX.sdk/usr/include/sys/_types/_u_char.h /Library/Developer/CommandLineTools/SDKs/MacOSX.sdk/usr/include/sys/_types/_u_short.h /Library/Developer/CommandLineTools/SDKs/MacOSX.sdk/usr/include/sys/_types/_u_int.h /Library/Developer/CommandLineTools/SDKs/MacOSX.sdk/usr/include/sys/_types/_caddr_t.h /Library/Developer/CommandLineTools/SDKs/MacOSX.sdk/usr/include/sys/_types/_dev_t.h /Library/Developer/CommandLineTools/SDKs/MacOSX.sdk/usr/include/sys/_types/_blkcnt_t.h /Library/Developer/CommandLineTools/SDKs/MacOSX.sdk/usr/include/sys/_types/_blksize_t.h /Library/Developer/CommandLineTools/SDKs/MacOSX.sdk/usr/include/sys/_types/_gid_t.h /Library/Developer/CommandLineTools/SDKs/MacOSX.sdk/usr/include/sys/_types/_in_addr_t.h /Library/Developer/CommandLineTools/SDKs/MacOSX.sdk/usr/include/sys/_types/_in_port_t.h /Library/Developer/CommandLineTools/SDKs/MacOSX.sdk/usr/include/sys/_types/_ino_t.h /Library/Developer/CommandLineTools/SDKs/MacOSX.sdk/usr/include/sys/_types/_ino64_t.h /Library/Developer/CommandLineTools/SDKs/MacOSX.sdk/usr/include/sys/_types/_key_t.h /Library/Developer/CommandLineTools/SDKs/MacOSX.sdk/usr/include/sys/_types/_nlink_t.h /Library/Developer/CommandLineTools/SDKs/MacOSX.sdk/usr/include/sys/_types/_id_t.h /Library/Developer/CommandLineTools/SDKs/MacOSX.sdk/usr/include/sys/_types/_pid_t.h /Library/Developer/CommandLineTools/SDKs/MacOSX.sdk/usr/include/sys/_types/_uid_t.h /Library/Developer/CommandLineTools/SDKs/MacOSX.sdk/usr/include/sys/_types/_clock_t.h /Library/Developer/CommandLineTools/SDKs/MacOSX.sdk/usr/include/sys/_types/_ssize_t.h /Library/Developer/CommandLineTools/SDKs/MacOSX.sdk/usr/include/sys/_types/_time_t.h /Library/Developer/CommandLineTools/SDKs/MacOSX.sdk/usr/include/sys/_types/_useconds_t.h /Library/Developer/CommandLineTools/SDKs/MacOSX.sdk/usr/include/sys/_types/_suseconds_t.h /Library/Developer/CommandLineTools/SDKs/MacOSX.sdk/usr/include/sys/_types/_rsize_t.h /Library/Developer/CommandLineTools/SDKs/MacOSX.sdk/usr/include/sys/_types/_errno_t.h /Library/Developer/CommandLineTools/SDKs/MacOSX.sdk/usr/include/sys/_types/_fd_def.h /Library/Developer/CommandLineTools/SDKs/MacOSX.sdk/usr/include/sys/_types/_fd_setsize.h /Library/Developer/CommandLineTools/SDKs/MacOSX.sdk/usr/include/sys/_types/_fd_set.h /Library/Developer/CommandLineTools/SDKs/MacOSX.sdk/usr/include/sys/_types/_fd_clr.h /Library/Developer/CommandLineTools/SDKs/MacOSX.sdk/usr/include/sys/_types/_fd_zero.h /Library/Developer/CommandLineTools/SDKs/MacOSX.sdk/usr/include/sys/_types/_fd_isset.h /Library/Developer/CommandLineTools/SDKs/MacOSX.sdk/usr/include/sys/_types/_fd_copy.h /Library/Developer/CommandLineTools/SDKs/MacOSX.sdk/usr/include/sys/_pthread/_pthread_attr_t.h /Library/Developer/CommandLineTools/SDKs/MacOSX.sdk/usr/include/sys/_pthread/_pthread_cond_t.h /Library/Developer/CommandLineTools/SDKs/MacOSX.sdk/usr/include/sys/_pthread/_pthread_condattr_t.h /Library/Developer/CommandLineTools/SDKs/MacOSX.sdk/usr/include/sys/_pthread/_pthread_mutex_t.h /Library/Developer/CommandLineTools/SDKs/MacOSX.sdk/usr/include/sys/_pthread/_pthread_mutexattr_t.h /Library/Developer/CommandLineTools/SDKs/MacOSX.sdk/usr/include/sys/_pthread/_pthread_once_t.h /Library/Developer/CommandLineTools/SDKs/MacOSX.sdk/usr/include/sys/_pthread/_pthread_rwlock_t.h /Library/Developer/CommandLineTools/SDKs/MacOSX.sdk/usr/include/sys/_pthread/_pthread_rwlockattr_t.h /Library/Developer/CommandLineTools/SDKs/MacOSX.sdk/usr/include/sys/_pthread/_pthread_t.h /Library/Developer/CommandLineTools/SDKs/MacOSX.sdk/usr/include/sys/_pthread/_pthread_key_t.h /Library/Developer/CommandLineTools/SDKs/MacOSX.sdk/usr/include/sys/_types/_fsblkcnt_t.h /Library/Developer/CommandLineTools/SDKs/MacOSX.sdk/usr/include/sys/_types/_fsfilcnt_t.h src/memory/CMakeFiles/besm666_memory.dir/flags.make
/opt/homebrew/Cellar/cmake/3.26.0/bin/cmake -E cmake_echo_color --switch= --green --progress-dir=/Users/c71n93/Programming/C-and-C++/huawei-courses/BESM-666/build/CMakeFiles --progress-num=7 "Building CXX object src/memory/CMakeFiles/besm666_memory.dir/mmap-wrapper.cpp.o"
[ 23%] Building CXX object src/memory/CMakeFiles/besm666_memory.dir/mmap-wrapper.cpp.o
cd /Users/c71n93/Programming/C-and-C++/huawei-courses/BESM-666/build/src/memory && /opt/homebrew/opt/llvm/bin/clang++  -I/Users/c71n93/Programming/C-and-C++/huawei-courses/BESM-666/./include -I/Users/c71n93/Programming/C-and-C++/huawei-courses/BESM-666/src/util/../../third_party/ELFIO -g -arch arm64 -isysroot /Library/Developer/CommandLineTools/SDKs/MacOSX.sdk -fcolor-diagnostics -MD -MT src/memory/CMakeFiles/besm666_memory.dir/mmap-wrapper.cpp.o -MF CMakeFiles/besm666_memory.dir/mmap-wrapper.cpp.o.d -o CMakeFiles/besm666_memory.dir/mmap-wrapper.cpp.o -c /Users/c71n93/Programming/C-and-C++/huawei-courses/BESM-666/src/memory/mmap-wrapper.cpp
src/memory/CMakeFiles/besm666_memory.dir/build.make:128: update target 'src/memory/libbesm666_memory.a' due to: src/memory/CMakeFiles/besm666_memory.dir/link.txt src/memory/CMakeFiles/besm666_memory.dir/page-allocator.cpp.o src/memory/CMakeFiles/besm666_memory.dir/phys-mem.cpp.o src/memory/CMakeFiles/besm666_memory.dir/mmap-wrapper.cpp.o src/memory/CMakeFiles/besm666_memory.dir/build.make
/opt/homebrew/Cellar/cmake/3.26.0/bin/cmake -E cmake_echo_color --switch= --green --bold --progress-dir=/Users/c71n93/Programming/C-and-C++/huawei-courses/BESM-666/build/CMakeFiles --progress-num=8 "Linking CXX static library libbesm666_memory.a"
[ 26%] Linking CXX static library libbesm666_memory.a
cd /Users/c71n93/Programming/C-and-C++/huawei-courses/BESM-666/build/src/memory && /opt/homebrew/Cellar/cmake/3.26.0/bin/cmake -P CMakeFiles/besm666_memory.dir/cmake_clean_target.cmake
cd /Users/c71n93/Programming/C-and-C++/huawei-courses/BESM-666/build/src/memory && /opt/homebrew/Cellar/cmake/3.26.0/bin/cmake -E cmake_link_script CMakeFiles/besm666_memory.dir/link.txt --verbose=
/opt/homebrew/Cellar/cmake/3.26.0/bin/cmake -E cmake_echo_color --switch= --progress-dir=/Users/c71n93/Programming/C-and-C++/huawei-courses/BESM-666/build/CMakeFiles --progress-num=5,6,7,8 "Built target besm666_memory"
[ 26%] Built target besm666_memory
CMakeFiles/Makefile2:369: update target 'CMakeFiles/besm666_shared.dir/all' due to: target is .PHONY
make -s -f CMakeFiles/besm666_shared.dir/build.make CMakeFiles/besm666_shared.dir/depend
CMakeFiles/besm666_shared.dir/build.make:110: update target 'CMakeFiles/besm666_shared.dir/depend' due to: target is .PHONY
cd /Users/c71n93/Programming/C-and-C++/huawei-courses/BESM-666/build && /opt/homebrew/Cellar/cmake/3.26.0/bin/cmake -E cmake_depends "Unix Makefiles" /Users/c71n93/Programming/C-and-C++/huawei-courses/BESM-666 /Users/c71n93/Programming/C-and-C++/huawei-courses/BESM-666 /Users/c71n93/Programming/C-and-C++/huawei-courses/BESM-666/build /Users/c71n93/Programming/C-and-C++/huawei-courses/BESM-666/build /Users/c71n93/Programming/C-and-C++/huawei-courses/BESM-666/build/CMakeFiles/besm666_shared.dir/DependInfo.cmake --color=
make -s -f CMakeFiles/besm666_shared.dir/build.make CMakeFiles/besm666_shared.dir/build
CMakeFiles/besm666_shared.dir/build.make:75: update target 'CMakeFiles/besm666_shared.dir/src/stub.cpp.o' due to: CMakeFiles/besm666_shared.dir/compiler_depend.ts /Users/c71n93/Programming/C-and-C++/huawei-courses/BESM-666/src/stub.cpp CMakeFiles/besm666_shared.dir/flags.make
/opt/homebrew/Cellar/cmake/3.26.0/bin/cmake -E cmake_echo_color --switch= --green --progress-dir=/Users/c71n93/Programming/C-and-C++/huawei-courses/BESM-666/build/CMakeFiles --progress-num=13 "Building CXX object CMakeFiles/besm666_shared.dir/src/stub.cpp.o"
[ 30%] Building CXX object CMakeFiles/besm666_shared.dir/src/stub.cpp.o
/opt/homebrew/opt/llvm/bin/clang++ -Dbesm666_shared_EXPORTS -I/Users/c71n93/Programming/C-and-C++/huawei-courses/BESM-666/./include -I/Users/c71n93/Programming/C-and-C++/huawei-courses/BESM-666/src/util/../../third_party/ELFIO -g -arch arm64 -isysroot /Library/Developer/CommandLineTools/SDKs/MacOSX.sdk -fPIC -fcolor-diagnostics -MD -MT CMakeFiles/besm666_shared.dir/src/stub.cpp.o -MF CMakeFiles/besm666_shared.dir/src/stub.cpp.o.d -o CMakeFiles/besm666_shared.dir/src/stub.cpp.o -c /Users/c71n93/Programming/C-and-C++/huawei-courses/BESM-666/src/stub.cpp
CMakeFiles/besm666_shared.dir/build.make:98: update target 'libbesm666_shared.dylib' due to: CMakeFiles/besm666_shared.dir/link.txt CMakeFiles/besm666_shared.dir/src/stub.cpp.o CMakeFiles/besm666_shared.dir/build.make src/memory/libbesm666_memory.a src/util/libbesm666_util.a
/opt/homebrew/Cellar/cmake/3.26.0/bin/cmake -E cmake_echo_color --switch= --green --bold --progress-dir=/Users/c71n93/Programming/C-and-C++/huawei-courses/BESM-666/build/CMakeFiles --progress-num=14 "Linking CXX shared library libbesm666_shared.dylib"
[ 33%] Linking CXX shared library libbesm666_shared.dylib
/opt/homebrew/Cellar/cmake/3.26.0/bin/cmake -E cmake_link_script CMakeFiles/besm666_shared.dir/link.txt --verbose=
/opt/homebrew/Cellar/cmake/3.26.0/bin/cmake -E cmake_echo_color --switch= --progress-dir=/Users/c71n93/Programming/C-and-C++/huawei-courses/BESM-666/build/CMakeFiles --progress-num=13,14 "Built target besm666_shared"
[ 33%] Built target besm666_shared
CMakeFiles/Makefile2:396: update target 'CMakeFiles/besm666.dir/all' due to: target is .PHONY
make -s -f CMakeFiles/besm666.dir/build.make CMakeFiles/besm666.dir/depend
CMakeFiles/besm666.dir/build.make:109: update target 'CMakeFiles/besm666.dir/depend' due to: target is .PHONY
cd /Users/c71n93/Programming/C-and-C++/huawei-courses/BESM-666/build && /opt/homebrew/Cellar/cmake/3.26.0/bin/cmake -E cmake_depends "Unix Makefiles" /Users/c71n93/Programming/C-and-C++/huawei-courses/BESM-666 /Users/c71n93/Programming/C-and-C++/huawei-courses/BESM-666 /Users/c71n93/Programming/C-and-C++/huawei-courses/BESM-666/build /Users/c71n93/Programming/C-and-C++/huawei-courses/BESM-666/build /Users/c71n93/Programming/C-and-C++/huawei-courses/BESM-666/build/CMakeFiles/besm666.dir/DependInfo.cmake --color=
make -s -f CMakeFiles/besm666.dir/build.make CMakeFiles/besm666.dir/build
CMakeFiles/besm666.dir/build.make:75: update target 'CMakeFiles/besm666.dir/standalone/main.cpp.o' due to: CMakeFiles/besm666.dir/compiler_depend.ts /Users/c71n93/Programming/C-and-C++/huawei-courses/BESM-666/standalone/main.cpp /opt/homebrew/opt/llvm/include/c++/v1/iostream /opt/homebrew/opt/llvm/include/c++/v1/__assert /opt/homebrew/opt/llvm/include/c++/v1/__config /opt/homebrew/opt/llvm/include/c++/v1/__config_site /opt/homebrew/opt/llvm/include/c++/v1/__verbose_abort /opt/homebrew/opt/llvm/include/c++/v1/__availability /opt/homebrew/opt/llvm/include/c++/v1/version /opt/homebrew/opt/llvm/include/c++/v1/ios /opt/homebrew/opt/llvm/include/c++/v1/__ios/fpos.h /opt/homebrew/opt/llvm/include/c++/v1/iosfwd /opt/homebrew/opt/llvm/include/c++/v1/__fwd/string.h /opt/homebrew/opt/llvm/include/c++/v1/__fwd/memory_resource.h /opt/homebrew/opt/llvm/include/c++/v1/__mbstate_t.h /opt/homebrew/opt/llvm/include/c++/v1/wchar.h /opt/homebrew/opt/llvm/include/c++/v1/stddef.h /opt/homebrew/Cellar/llvm/16.0.6/lib/clang/16/include/stddef.h /opt/homebrew/Cellar/llvm/16.0.6/lib/clang/16/include/__stddef_max_align_t.h /Library/Developer/CommandLineTools/SDKs/MacOSX.sdk/usr/include/wchar.h /Library/Developer/CommandLineTools/SDKs/MacOSX.sdk/usr/include/_types.h /Library/Developer/CommandLineTools/SDKs/MacOSX.sdk/usr/include/sys/_types.h /Library/Developer/CommandLineTools/SDKs/MacOSX.sdk/usr/include/sys/cdefs.h /Library/Developer/CommandLineTools/SDKs/MacOSX.sdk/usr/include/sys/_symbol_aliasing.h /Library/Developer/CommandLineTools/SDKs/MacOSX.sdk/usr/include/sys/_posix_availability.h /Library/Developer/CommandLineTools/SDKs/MacOSX.sdk/usr/include/machine/_types.h /Library/Developer/CommandLineTools/SDKs/MacOSX.sdk/usr/include/arm/_types.h /Library/Developer/CommandLineTools/SDKs/MacOSX.sdk/usr/include/sys/_pthread/_pthread_types.h /Library/Developer/CommandLineTools/SDKs/MacOSX.sdk/usr/include/Availability.h /Library/Developer/CommandLineTools/SDKs/MacOSX.sdk/usr/include/AvailabilityVersions.h /Library/Developer/CommandLineTools/SDKs/MacOSX.sdk/usr/include/AvailabilityInternal.h /Library/Developer/CommandLineTools/SDKs/MacOSX.sdk/usr/include/sys/_types/_null.h /Library/Developer/CommandLineTools/SDKs/MacOSX.sdk/usr/include/sys/_types/_size_t.h /Library/Developer/CommandLineTools/SDKs/MacOSX.sdk/usr/include/sys/_types/_mbstate_t.h /Library/Developer/CommandLineTools/SDKs/MacOSX.sdk/usr/include/machine/types.h /Library/Developer/CommandLineTools/SDKs/MacOSX.sdk/usr/include/arm/types.h /Library/Developer/CommandLineTools/SDKs/MacOSX.sdk/usr/include/sys/_types/_int8_t.h /Library/Developer/CommandLineTools/SDKs/MacOSX.sdk/usr/include/sys/_types/_int16_t.h /Library/Developer/CommandLineTools/SDKs/MacOSX.sdk/usr/include/sys/_types/_int32_t.h /Library/Developer/CommandLineTools/SDKs/MacOSX.sdk/usr/include/sys/_types/_int64_t.h /Library/Developer/CommandLineTools/SDKs/MacOSX.sdk/usr/include/sys/_types/_u_int8_t.h /Library/Developer/CommandLineTools/SDKs/MacOSX.sdk/usr/include/sys/_types/_u_int16_t.h /Library/Developer/CommandLineTools/SDKs/MacOSX.sdk/usr/include/sys/_types/_u_int32_t.h /Library/Developer/CommandLineTools/SDKs/MacOSX.sdk/usr/include/sys/_types/_u_int64_t.h /Library/Developer/CommandLineTools/SDKs/MacOSX.sdk/usr/include/sys/_types/_intptr_t.h /Library/Developer/CommandLineTools/SDKs/MacOSX.sdk/usr/include/sys/_types/_uintptr_t.h /Library/Developer/CommandLineTools/SDKs/MacOSX.sdk/usr/include/sys/_types/_ct_rune_t.h /Library/Developer/CommandLineTools/SDKs/MacOSX.sdk/usr/include/sys/_types/_rune_t.h /Library/Developer/CommandLineTools/SDKs/MacOSX.sdk/usr/include/sys/_types/_wchar_t.h /opt/homebrew/Cellar/llvm/16.0.6/lib/clang/16/include/stdarg.h /opt/homebrew/opt/llvm/include/c++/v1/stdio.h /Library/Developer/CommandLineTools/SDKs/MacOSX.sdk/usr/include/stdio.h /Library/Developer/CommandLineTools/SDKs/MacOSX.sdk/usr/include/_stdio.h /Library/Developer/CommandLineTools/SDKs/MacOSX.sdk/usr/include/sys/_types/_va_list.h /Library/Developer/CommandLineTools/SDKs/MacOSX.sdk/usr/include/sys/stdio.h /Library/Developer/CommandLineTools/SDKs/MacOSX.sdk/usr/include/_ctermid.h /Library/Developer/CommandLineTools/SDKs/MacOSX.sdk/usr/include/sys/_types/_off_t.h /Library/Developer/CommandLineTools/SDKs/MacOSX.sdk/usr/include/sys/_types/_ssize_t.h /Library/Developer/CommandLineTools/SDKs/MacOSX.sdk/usr/include/time.h /Library/Developer/CommandLineTools/SDKs/MacOSX.sdk/usr/include/sys/_types/_clock_t.h /Library/Developer/CommandLineTools/SDKs/MacOSX.sdk/usr/include/sys/_types/_time_t.h /Library/Developer/CommandLineTools/SDKs/MacOSX.sdk/usr/include/sys/_types/_timespec.h /Library/Developer/CommandLineTools/SDKs/MacOSX.sdk/usr/include/_wctype.h /Library/Developer/CommandLineTools/SDKs/MacOSX.sdk/usr/include/__wctype.h /Library/Developer/CommandLineTools/SDKs/MacOSX.sdk/usr/include/sys/_types/_wint_t.h /Library/Developer/CommandLineTools/SDKs/MacOSX.sdk/usr/include/_types/_wctype_t.h /opt/homebrew/opt/llvm/include/c++/v1/ctype.h /Library/Developer/CommandLineTools/SDKs/MacOSX.sdk/usr/include/ctype.h /Library/Developer/CommandLineTools/SDKs/MacOSX.sdk/usr/include/_ctype.h /Library/Developer/CommandLineTools/SDKs/MacOSX.sdk/usr/include/runetype.h /opt/homebrew/opt/llvm/include/c++/v1/__locale /opt/homebrew/opt/llvm/include/c++/v1/cctype /opt/homebrew/opt/llvm/include/c++/v1/cstdint /opt/homebrew/opt/llvm/include/c++/v1/stdint.h /opt/homebrew/Cellar/llvm/16.0.6/lib/clang/16/include/stdint.h /Library/Developer/CommandLineTools/SDKs/MacOSX.sdk/usr/include/stdint.h /Library/Developer/CommandLineTools/SDKs/MacOSX.sdk/usr/include/_types/_uint8_t.h /Library/Developer/CommandLineTools/SDKs/MacOSX.sdk/usr/include/_types/_uint16_t.h /Library/Developer/CommandLineTools/SDKs/MacOSX.sdk/usr/include/_types/_uint32_t.h /Library/Developer/CommandLineTools/SDKs/MacOSX.sdk/usr/include/_types/_uint64_t.h /Library/Developer/CommandLineTools/SDKs/MacOSX.sdk/usr/include/_types/_intmax_t.h /Library/Developer/CommandLineTools/SDKs/MacOSX.sdk/usr/include/_types/_uintmax_t.h /opt/homebrew/opt/llvm/include/c++/v1/locale.h /Library/Developer/CommandLineTools/SDKs/MacOSX.sdk/usr/include/locale.h /Library/Developer/CommandLineTools/SDKs/MacOSX.sdk/usr/include/_locale.h /opt/homebrew/opt/llvm/include/c++/v1/mutex /opt/homebrew/opt/llvm/include/c++/v1/__memory/shared_ptr.h /opt/homebrew/opt/llvm/include/c++/v1/__compare/compare_three_way.h /opt/homebrew/opt/llvm/include/c++/v1/__compare/three_way_comparable.h /opt/homebrew/opt/llvm/include/c++/v1/__compare/common_comparison_category.h /opt/homebrew/opt/llvm/include/c++/v1/__compare/ordering.h /opt/homebrew/opt/llvm/include/c++/v1/__type_traits/enable_if.h /opt/homebrew/opt/llvm/include/c++/v1/__type_traits/is_same.h /opt/homebrew/opt/llvm/include/c++/v1/__type_traits/integral_constant.h /opt/homebrew/opt/llvm/include/c++/v1/cstddef /opt/homebrew/opt/llvm/include/c++/v1/__type_traits/is_integral.h /opt/homebrew/opt/llvm/include/c++/v1/__type_traits/remove_cv.h /opt/homebrew/opt/llvm/include/c++/v1/__type_traits/remove_const.h /opt/homebrew/opt/llvm/include/c++/v1/__type_traits/remove_volatile.h /opt/homebrew/opt/llvm/include/c++/v1/__concepts/common_reference_with.h /opt/homebrew/opt/llvm/include/c++/v1/__concepts/convertible_to.h /opt/homebrew/opt/llvm/include/c++/v1/__type_traits/is_convertible.h /opt/homebrew/opt/llvm/include/c++/v1/__type_traits/is_array.h /opt/homebrew/opt/llvm/include/c++/v1/__type_traits/is_function.h /opt/homebrew/opt/llvm/include/c++/v1/__type_traits/is_const.h /opt/homebrew/opt/llvm/include/c++/v1/__type_traits/is_reference.h /opt/homebrew/opt/llvm/include/c++/v1/__type_traits/is_void.h /opt/homebrew/opt/llvm/include/c++/v1/__type_traits/remove_reference.h /opt/homebrew/opt/llvm/include/c++/v1/__utility/declval.h /opt/homebrew/opt/llvm/include/c++/v1/__concepts/same_as.h /opt/homebrew/opt/llvm/include/c++/v1/__type_traits/common_reference.h /opt/homebrew/opt/llvm/include/c++/v1/__type_traits/common_type.h /opt/homebrew/opt/llvm/include/c++/v1/__type_traits/conditional.h /opt/homebrew/opt/llvm/include/c++/v1/__type_traits/decay.h /opt/homebrew/opt/llvm/include/c++/v1/__type_traits/add_pointer.h /opt/homebrew/opt/llvm/include/c++/v1/__type_traits/is_referenceable.h /opt/homebrew/opt/llvm/include/c++/v1/__type_traits/remove_extent.h /opt/homebrew/opt/llvm/include/c++/v1/__type_traits/remove_cvref.h /opt/homebrew/opt/llvm/include/c++/v1/__type_traits/void_t.h /opt/homebrew/opt/llvm/include/c++/v1/__type_traits/copy_cv.h /opt/homebrew/opt/llvm/include/c++/v1/__type_traits/add_const.h /opt/homebrew/opt/llvm/include/c++/v1/__type_traits/add_cv.h /opt/homebrew/opt/llvm/include/c++/v1/__type_traits/add_volatile.h /opt/homebrew/opt/llvm/include/c++/v1/__type_traits/copy_cvref.h /opt/homebrew/opt/llvm/include/c++/v1/__type_traits/add_lvalue_reference.h /opt/homebrew/opt/llvm/include/c++/v1/__type_traits/add_rvalue_reference.h /opt/homebrew/opt/llvm/include/c++/v1/__concepts/equality_comparable.h /opt/homebrew/opt/llvm/include/c++/v1/__concepts/boolean_testable.h /opt/homebrew/opt/llvm/include/c++/v1/__utility/forward.h /opt/homebrew/opt/llvm/include/c++/v1/__type_traits/make_const_lvalue_ref.h /opt/homebrew/opt/llvm/include/c++/v1/__concepts/totally_ordered.h /opt/homebrew/opt/llvm/include/c++/v1/__functional/binary_function.h /opt/homebrew/opt/llvm/include/c++/v1/__functional/operations.h /opt/homebrew/opt/llvm/include/c++/v1/__functional/unary_function.h /opt/homebrew/opt/llvm/include/c++/v1/__functional/reference_wrapper.h /opt/homebrew/opt/llvm/include/c++/v1/__functional/invoke.h /opt/homebrew/opt/llvm/include/c++/v1/__type_traits/apply_cv.h /opt/homebrew/opt/llvm/include/c++/v1/__type_traits/is_volatile.h /opt/homebrew/opt/llvm/include/c++/v1/__type_traits/is_base_of.h /opt/homebrew/opt/llvm/include/c++/v1/__type_traits/is_core_convertible.h /opt/homebrew/opt/llvm/include/c++/v1/__type_traits/is_member_function_pointer.h /opt/homebrew/opt/llvm/include/c++/v1/__type_traits/is_member_object_pointer.h /opt/homebrew/opt/llvm/include/c++/v1/__type_traits/is_reference_wrapper.h /opt/homebrew/opt/llvm/include/c++/v1/__type_traits/nat.h /opt/homebrew/opt/llvm/include/c++/v1/__functional/weak_result_type.h /opt/homebrew/opt/llvm/include/c++/v1/__memory/addressof.h /opt/homebrew/opt/llvm/include/c++/v1/__iterator/access.h /opt/homebrew/opt/llvm/include/c++/v1/__memory/allocation_guard.h /opt/homebrew/opt/llvm/include/c++/v1/__memory/allocator_traits.h /opt/homebrew/opt/llvm/include/c++/v1/__memory/construct_at.h /opt/homebrew/opt/llvm/include/c++/v1/__memory/voidify.h /opt/homebrew/opt/llvm/include/c++/v1/__utility/move.h /opt/homebrew/opt/llvm/include/c++/v1/__type_traits/is_copy_constructible.h /opt/homebrew/opt/llvm/include/c++/v1/__type_traits/is_nothrow_move_constructible.h /opt/homebrew/opt/llvm/include/c++/v1/__type_traits/is_nothrow_constructible.h /opt/homebrew/opt/llvm/include/c++/v1/__type_traits/is_constructible.h /opt/homebrew/opt/llvm/include/c++/v1/new /opt/homebrew/opt/llvm/include/c++/v1/cstdlib /opt/homebrew/opt/llvm/include/c++/v1/stdlib.h /Library/Developer/CommandLineTools/SDKs/MacOSX.sdk/usr/include/stdlib.h /Library/Developer/CommandLineTools/SDKs/MacOSX.sdk/usr/include/sys/wait.h /Library/Developer/CommandLineTools/SDKs/MacOSX.sdk/usr/include/sys/_types/_pid_t.h /Library/Developer/CommandLineTools/SDKs/MacOSX.sdk/usr/include/sys/_types/_id_t.h /Library/Developer/CommandLineTools/SDKs/MacOSX.sdk/usr/include/sys/signal.h /Library/Developer/CommandLineTools/SDKs/MacOSX.sdk/usr/include/sys/appleapiopts.h /Library/Developer/CommandLineTools/SDKs/MacOSX.sdk/usr/include/machine/signal.h /Library/Developer/CommandLineTools/SDKs/MacOSX.sdk/usr/include/arm/signal.h /Library/Developer/CommandLineTools/SDKs/MacOSX.sdk/usr/include/machine/_mcontext.h /Library/Developer/CommandLineTools/SDKs/MacOSX.sdk/usr/include/arm/_mcontext.h /Library/Developer/CommandLineTools/SDKs/MacOSX.sdk/usr/include/mach/machine/_structs.h /Library/Developer/CommandLineTools/SDKs/MacOSX.sdk/usr/include/mach/arm/_structs.h /Library/Developer/CommandLineTools/SDKs/MacOSX.sdk/usr/include/sys/_pthread/_pthread_attr_t.h /Library/Developer/CommandLineTools/SDKs/MacOSX.sdk/usr/include/sys/_types/_sigaltstack.h /Library/Developer/CommandLineTools/SDKs/MacOSX.sdk/usr/include/sys/_types/_ucontext.h /Library/Developer/CommandLineTools/SDKs/MacOSX.sdk/usr/include/sys/_types/_sigset_t.h /Library/Developer/CommandLineTools/SDKs/MacOSX.sdk/usr/include/sys/_types/_uid_t.h /Library/Developer/CommandLineTools/SDKs/MacOSX.sdk/usr/include/sys/resource.h /Library/Developer/CommandLineTools/SDKs/MacOSX.sdk/usr/include/sys/_types/_timeval.h /Library/Developer/CommandLineTools/SDKs/MacOSX.sdk/usr/include/machine/endian.h /Library/Developer/CommandLineTools/SDKs/MacOSX.sdk/usr/include/arm/endian.h /Library/Developer/CommandLineTools/SDKs/MacOSX.sdk/usr/include/sys/_endian.h /Library/Developer/CommandLineTools/SDKs/MacOSX.sdk/usr/include/libkern/_OSByteOrder.h /Library/Developer/CommandLineTools/SDKs/MacOSX.sdk/usr/include/libkern/arm/OSByteOrder.h /Library/Developer/CommandLineTools/SDKs/MacOSX.sdk/usr/include/arm/arch.h /Library/Developer/CommandLineTools/SDKs/MacOSX.sdk/usr/include/alloca.h /Library/Developer/CommandLineTools/SDKs/MacOSX.sdk/usr/include/malloc/_malloc.h /Library/Developer/CommandLineTools/SDKs/MacOSX.sdk/usr/include/sys/_types/_dev_t.h /Library/Developer/CommandLineTools/SDKs/MacOSX.sdk/usr/include/sys/_types/_mode_t.h /opt/homebrew/opt/llvm/include/c++/v1/exception /opt/homebrew/opt/llvm/include/c++/v1/__type_traits/is_class.h /opt/homebrew/opt/llvm/include/c++/v1/__type_traits/is_final.h /opt/homebrew/opt/llvm/include/c++/v1/__type_traits/is_polymorphic.h /opt/homebrew/opt/llvm/include/c++/v1/type_traits /opt/homebrew/opt/llvm/include/c++/v1/__fwd/hash.h /opt/homebrew/opt/llvm/include/c++/v1/__type_traits/aligned_storage.h /opt/homebrew/opt/llvm/include/c++/v1/__type_traits/type_list.h /opt/homebrew/opt/llvm/include/c++/v1/__type_traits/aligned_union.h /opt/homebrew/opt/llvm/include/c++/v1/__type_traits/alignment_of.h /opt/homebrew/opt/llvm/include/c++/v1/__type_traits/can_extract_key.h /opt/homebrew/opt/llvm/include/c++/v1/__fwd/pair.h /opt/homebrew/opt/llvm/include/c++/v1/__type_traits/remove_const_ref.h /opt/homebrew/opt/llvm/include/c++/v1/__type_traits/conjunction.h /opt/homebrew/opt/llvm/include/c++/v1/__type_traits/dependent_type.h /opt/homebrew/opt/llvm/include/c++/v1/__type_traits/disjunction.h /opt/homebrew/opt/llvm/include/c++/v1/__type_traits/extent.h /opt/homebrew/opt/llvm/include/c++/v1/__type_traits/has_unique_object_representation.h /opt/homebrew/opt/llvm/include/c++/v1/__type_traits/remove_all_extents.h /opt/homebrew/opt/llvm/include/c++/v1/__type_traits/has_virtual_destructor.h /opt/homebrew/opt/llvm/include/c++/v1/__type_traits/is_abstract.h /opt/homebrew/opt/llvm/include/c++/v1/__type_traits/is_aggregate.h /opt/homebrew/opt/llvm/include/c++/v1/__type_traits/is_arithmetic.h /opt/homebrew/opt/llvm/include/c++/v1/__type_traits/is_floating_point.h /opt/homebrew/opt/llvm/include/c++/v1/__type_traits/is_assignable.h /opt/homebrew/opt/llvm/include/c++/v1/__type_traits/is_bounded_array.h /opt/homebrew/opt/llvm/include/c++/v1/__type_traits/is_callable.h /opt/homebrew/opt/llvm/include/c++/v1/__type_traits/is_char_like_type.h /opt/homebrew/opt/llvm/include/c++/v1/__type_traits/is_standard_layout.h /opt/homebrew/opt/llvm/include/c++/v1/__type_traits/is_trivial.h /opt/homebrew/opt/llvm/include/c++/v1/__type_traits/is_compound.h /opt/homebrew/opt/llvm/include/c++/v1/__type_traits/is_fundamental.h /opt/homebrew/opt/llvm/include/c++/v1/__type_traits/is_null_pointer.h /opt/homebrew/opt/llvm/include/c++/v1/__type_traits/is_constant_evaluated.h /opt/homebrew/opt/llvm/include/c++/v1/__type_traits/is_copy_assignable.h /opt/homebrew/opt/llvm/include/c++/v1/__type_traits/is_default_constructible.h /opt/homebrew/opt/llvm/include/c++/v1/__type_traits/is_destructible.h /opt/homebrew/opt/llvm/include/c++/v1/__type_traits/is_empty.h /opt/homebrew/opt/llvm/include/c++/v1/__type_traits/is_enum.h /opt/homebrew/opt/llvm/include/c++/v1/__type_traits/is_implicitly_default_constructible.h /opt/homebrew/opt/llvm/include/c++/v1/__type_traits/is_literal_type.h /opt/homebrew/opt/llvm/include/c++/v1/__type_traits/is_member_pointer.h /opt/homebrew/opt/llvm/include/c++/v1/__type_traits/is_move_assignable.h /opt/homebrew/opt/llvm/include/c++/v1/__type_traits/is_move_constructible.h /opt/homebrew/opt/llvm/include/c++/v1/__type_traits/is_nothrow_assignable.h /opt/homebrew/opt/llvm/include/c++/v1/__type_traits/is_nothrow_convertible.h /opt/homebrew/opt/llvm/include/c++/v1/__type_traits/lazy.h /opt/homebrew/opt/llvm/include/c++/v1/__type_traits/is_nothrow_copy_assignable.h /opt/homebrew/opt/llvm/include/c++/v1/__type_traits/is_nothrow_copy_constructible.h /opt/homebrew/opt/llvm/include/c++/v1/__type_traits/is_nothrow_default_constructible.h /opt/homebrew/opt/llvm/include/c++/v1/__type_traits/is_nothrow_destructible.h /opt/homebrew/opt/llvm/include/c++/v1/__type_traits/is_scalar.h /opt/homebrew/opt/llvm/include/c++/v1/__type_traits/is_pointer.h /opt/homebrew/opt/llvm/include/c++/v1/__type_traits/is_nothrow_move_assignable.h /opt/homebrew/opt/llvm/include/c++/v1/__type_traits/is_object.h /opt/homebrew/opt/llvm/include/c++/v1/__type_traits/is_union.h /opt/homebrew/opt/llvm/include/c++/v1/__type_traits/is_pod.h /opt/homebrew/opt/llvm/include/c++/v1/__type_traits/is_scoped_enum.h /opt/homebrew/opt/llvm/include/c++/v1/__type_traits/underlying_type.h /opt/homebrew/opt/llvm/include/c++/v1/__type_traits/is_signed.h /opt/homebrew/opt/llvm/include/c++/v1/__type_traits/is_specialization.h /opt/homebrew/opt/llvm/include/c++/v1/__type_traits/is_swappable.h /opt/homebrew/opt/llvm/include/c++/v1/__type_traits/is_trivially_assignable.h /opt/homebrew/opt/llvm/include/c++/v1/__type_traits/is_trivially_constructible.h /opt/homebrew/opt/llvm/include/c++/v1/__type_traits/is_trivially_copy_assignable.h /opt/homebrew/opt/llvm/include/c++/v1/__type_traits/is_trivially_copy_constructible.h /opt/homebrew/opt/llvm/include/c++/v1/__type_traits/is_trivially_copyable.h /opt/homebrew/opt/llvm/include/c++/v1/__type_traits/is_trivially_default_constructible.h /opt/homebrew/opt/llvm/include/c++/v1/__type_traits/is_trivially_destructible.h /opt/homebrew/opt/llvm/include/c++/v1/__type_traits/is_trivially_move_assignable.h /opt/homebrew/opt/llvm/include/c++/v1/__type_traits/is_trivially_move_constructible.h /opt/homebrew/opt/llvm/include/c++/v1/__type_traits/is_unbounded_array.h /opt/homebrew/opt/llvm/include/c++/v1/__type_traits/is_unsigned.h /opt/homebrew/opt/llvm/include/c++/v1/__type_traits/make_signed.h /opt/homebrew/opt/llvm/include/c++/v1/__type_traits/make_unsigned.h /opt/homebrew/opt/llvm/include/c++/v1/__type_traits/maybe_const.h /opt/homebrew/opt/llvm/include/c++/v1/__type_traits/negation.h /opt/homebrew/opt/llvm/include/c++/v1/__type_traits/rank.h /opt/homebrew/opt/llvm/include/c++/v1/__type_traits/remove_pointer.h /opt/homebrew/opt/llvm/include/c++/v1/__type_traits/result_of.h /opt/homebrew/opt/llvm/include/c++/v1/__type_traits/type_identity.h /opt/homebrew/opt/llvm/include/c++/v1/__memory/pointer_traits.h /opt/homebrew/opt/llvm/include/c++/v1/limits /opt/homebrew/opt/llvm/include/c++/v1/__undef_macros /opt/homebrew/opt/llvm/include/c++/v1/__memory/allocator.h /opt/homebrew/opt/llvm/include/c++/v1/__memory/allocate_at_least.h /opt/homebrew/opt/llvm/include/c++/v1/stdexcept /opt/homebrew/opt/llvm/include/c++/v1/__memory/allocator_destructor.h /opt/homebrew/opt/llvm/include/c++/v1/__memory/auto_ptr.h /opt/homebrew/opt/llvm/include/c++/v1/__memory/compressed_pair.h /opt/homebrew/opt/llvm/include/c++/v1/__fwd/get.h /opt/homebrew/opt/llvm/include/c++/v1/__concepts/copyable.h /opt/homebrew/opt/llvm/include/c++/v1/__concepts/assignable.h /opt/homebrew/opt/llvm/include/c++/v1/__concepts/constructible.h /opt/homebrew/opt/llvm/include/c++/v1/__concepts/destructible.h /opt/homebrew/opt/llvm/include/c++/v1/__concepts/movable.h /opt/homebrew/opt/llvm/include/c++/v1/__concepts/swappable.h /opt/homebrew/opt/llvm/include/c++/v1/__concepts/class_or_enum.h /opt/homebrew/opt/llvm/include/c++/v1/__utility/exchange.h /opt/homebrew/opt/llvm/include/c++/v1/__utility/swap.h /opt/homebrew/opt/llvm/include/c++/v1/__fwd/array.h /opt/homebrew/opt/llvm/include/c++/v1/__fwd/subrange.h /opt/homebrew/opt/llvm/include/c++/v1/__fwd/tuple.h /opt/homebrew/opt/llvm/include/c++/v1/__tuple_dir/tuple_element.h /opt/homebrew/opt/llvm/include/c++/v1/__tuple_dir/tuple_indices.h /opt/homebrew/opt/llvm/include/c++/v1/__utility/integer_sequence.h /opt/homebrew/opt/llvm/include/c++/v1/__tuple_dir/tuple_types.h /opt/homebrew/opt/llvm/include/c++/v1/__utility/piecewise_construct.h /opt/homebrew/opt/llvm/include/c++/v1/__memory/uninitialized_algorithms.h /opt/homebrew/opt/llvm/include/c++/v1/__algorithm/copy.h /opt/homebrew/opt/llvm/include/c++/v1/__algorithm/copy_move_common.h /opt/homebrew/opt/llvm/include/c++/v1/__algorithm/iterator_operations.h /opt/homebrew/opt/llvm/include/c++/v1/__algorithm/iter_swap.h /opt/homebrew/opt/llvm/include/c++/v1/__algorithm/ranges_iterator_concept.h /opt/homebrew/opt/llvm/include/c++/v1/__iterator/concepts.h /opt/homebrew/opt/llvm/include/c++/v1/__concepts/arithmetic.h /opt/homebrew/opt/llvm/include/c++/v1/__type_traits/is_signed_integer.h /opt/homebrew/opt/llvm/include/c++/v1/__type_traits/is_unsigned_integer.h /opt/homebrew/opt/llvm/include/c++/v1/__concepts/derived_from.h /opt/homebrew/opt/llvm/include/c++/v1/__concepts/invocable.h /opt/homebrew/opt/llvm/include/c++/v1/__concepts/predicate.h /opt/homebrew/opt/llvm/include/c++/v1/__concepts/regular.h /opt/homebrew/opt/llvm/include/c++/v1/__concepts/semiregular.h /opt/homebrew/opt/llvm/include/c++/v1/__concepts/relation.h /opt/homebrew/opt/llvm/include/c++/v1/__iterator/incrementable_traits.h /opt/homebrew/opt/llvm/include/c++/v1/__type_traits/is_primary_template.h /opt/homebrew/opt/llvm/include/c++/v1/__type_traits/is_valid_expansion.h /opt/homebrew/opt/llvm/include/c++/v1/__iterator/iter_move.h /opt/homebrew/opt/llvm/include/c++/v1/__iterator/iterator_traits.h /opt/homebrew/opt/llvm/include/c++/v1/__iterator/readable_traits.h /opt/homebrew/opt/llvm/include/c++/v1/__iterator/advance.h /opt/homebrew/opt/llvm/include/c++/v1/__utility/convert_to_integral.h /opt/homebrew/opt/llvm/include/c++/v1/__utility/unreachable.h /opt/homebrew/opt/llvm/include/c++/v1/__iterator/distance.h /opt/homebrew/opt/llvm/include/c++/v1/__ranges/access.h /opt/homebrew/opt/llvm/include/c++/v1/__ranges/enable_borrowed_range.h /opt/homebrew/opt/llvm/include/c++/v1/__utility/auto_cast.h /opt/homebrew/opt/llvm/include/c++/v1/__ranges/concepts.h /opt/homebrew/opt/llvm/include/c++/v1/__ranges/data.h /opt/homebrew/opt/llvm/include/c++/v1/__ranges/enable_view.h /opt/homebrew/opt/llvm/include/c++/v1/__ranges/size.h /opt/homebrew/opt/llvm/include/c++/v1/initializer_list /opt/homebrew/opt/llvm/include/c++/v1/__iterator/iter_swap.h /opt/homebrew/opt/llvm/include/c++/v1/__iterator/next.h /opt/homebrew/opt/llvm/include/c++/v1/__iterator/prev.h /opt/homebrew/opt/llvm/include/c++/v1/__algorithm/unwrap_iter.h /opt/homebrew/opt/llvm/include/c++/v1/__algorithm/unwrap_range.h /opt/homebrew/opt/llvm/include/c++/v1/__utility/pair.h /opt/homebrew/opt/llvm/include/c++/v1/__compare/synth_three_way.h /opt/homebrew/opt/llvm/include/c++/v1/__functional/unwrap_ref.h /opt/homebrew/opt/llvm/include/c++/v1/__tuple_dir/sfinae_helpers.h /opt/homebrew/opt/llvm/include/c++/v1/__tuple_dir/make_tuple_types.h /opt/homebrew/opt/llvm/include/c++/v1/__tuple_dir/apply_cv.h /opt/homebrew/opt/llvm/include/c++/v1/__tuple_dir/tuple_size.h /opt/homebrew/opt/llvm/include/c++/v1/__tuple_dir/tuple_like_ext.h /opt/homebrew/opt/llvm/include/c++/v1/__type_traits/is_always_bitcastable.h /opt/homebrew/opt/llvm/include/c++/v1/__algorithm/min.h /opt/homebrew/opt/llvm/include/c++/v1/__algorithm/comp.h /opt/homebrew/opt/llvm/include/c++/v1/__algorithm/comp_ref_type.h /opt/homebrew/opt/llvm/include/c++/v1/__debug /opt/homebrew/opt/llvm/include/c++/v1/__algorithm/min_element.h /opt/homebrew/opt/llvm/include/c++/v1/__functional/identity.h /opt/homebrew/opt/llvm/include/c++/v1/__iterator/segmented_iterator.h /opt/homebrew/opt/llvm/include/c++/v1/__algorithm/move.h /opt/homebrew/opt/llvm/include/c++/v1/__iterator/reverse_iterator.h /opt/homebrew/opt/llvm/include/c++/v1/__compare/compare_three_way_result.h /opt/homebrew/opt/llvm/include/c++/v1/__iterator/iterator.h /opt/homebrew/opt/llvm/include/c++/v1/__ranges/subrange.h /opt/homebrew/opt/llvm/include/c++/v1/__concepts/different_from.h /opt/homebrew/opt/llvm/include/c++/v1/__ranges/dangling.h /opt/homebrew/opt/llvm/include/c++/v1/__ranges/view_interface.h /opt/homebrew/opt/llvm/include/c++/v1/__ranges/empty.h /opt/homebrew/opt/llvm/include/c++/v1/__tuple_dir/pair_like.h /opt/homebrew/opt/llvm/include/c++/v1/__tuple_dir/tuple_like.h /opt/homebrew/opt/llvm/include/c++/v1/__utility/exception_guard.h /opt/homebrew/opt/llvm/include/c++/v1/__memory/unique_ptr.h /opt/homebrew/opt/llvm/include/c++/v1/__functional/hash.h /opt/homebrew/opt/llvm/include/c++/v1/cstring /opt/homebrew/opt/llvm/include/c++/v1/string.h /Library/Developer/CommandLineTools/SDKs/MacOSX.sdk/usr/include/string.h /Library/Developer/CommandLineTools/SDKs/MacOSX.sdk/usr/include/sys/_types/_rsize_t.h /Library/Developer/CommandLineTools/SDKs/MacOSX.sdk/usr/include/sys/_types/_errno_t.h /Library/Developer/CommandLineTools/SDKs/MacOSX.sdk/usr/include/strings.h /opt/homebrew/opt/llvm/include/c++/v1/typeinfo /opt/homebrew/opt/llvm/include/c++/v1/atomic /opt/homebrew/opt/llvm/include/c++/v1/__chrono/duration.h /opt/homebrew/opt/llvm/include/c++/v1/ratio /opt/homebrew/opt/llvm/include/c++/v1/climits /opt/homebrew/opt/llvm/include/c++/v1/limits.h /opt/homebrew/Cellar/llvm/16.0.6/lib/clang/16/include/limits.h /Library/Developer/CommandLineTools/SDKs/MacOSX.sdk/usr/include/limits.h /Library/Developer/CommandLineTools/SDKs/MacOSX.sdk/usr/include/machine/limits.h /Library/Developer/CommandLineTools/SDKs/MacOSX.sdk/usr/include/arm/limits.h /Library/Developer/CommandLineTools/SDKs/MacOSX.sdk/usr/include/arm/_limits.h /Library/Developer/CommandLineTools/SDKs/MacOSX.sdk/usr/include/sys/syslimits.h /opt/homebrew/opt/llvm/include/c++/v1/__thread/poll_with_backoff.h /opt/homebrew/opt/llvm/include/c++/v1/__chrono/high_resolution_clock.h /opt/homebrew/opt/llvm/include/c++/v1/__chrono/steady_clock.h /opt/homebrew/opt/llvm/include/c++/v1/__chrono/time_point.h /opt/homebrew/opt/llvm/include/c++/v1/__chrono/system_clock.h /opt/homebrew/opt/llvm/include/c++/v1/ctime /opt/homebrew/opt/llvm/include/c++/v1/__thread/timed_backoff_policy.h /opt/homebrew/opt/llvm/include/c++/v1/__threading_support /opt/homebrew/opt/llvm/include/c++/v1/__chrono/convert_to_timespec.h /opt/homebrew/opt/llvm/include/c++/v1/errno.h /Library/Developer/CommandLineTools/SDKs/MacOSX.sdk/usr/include/errno.h /Library/Developer/CommandLineTools/SDKs/MacOSX.sdk/usr/include/sys/errno.h /Library/Developer/CommandLineTools/SDKs/MacOSX.sdk/usr/include/pthread.h /Library/Developer/CommandLineTools/SDKs/MacOSX.sdk/usr/include/pthread/sched.h /Library/Developer/CommandLineTools/SDKs/MacOSX.sdk/usr/include/pthread/pthread_impl.h /Library/Developer/CommandLineTools/SDKs/MacOSX.sdk/usr/include/sys/_pthread/_pthread_cond_t.h /Library/Developer/CommandLineTools/SDKs/MacOSX.sdk/usr/include/sys/_pthread/_pthread_condattr_t.h /Library/Developer/CommandLineTools/SDKs/MacOSX.sdk/usr/include/sys/_pthread/_pthread_key_t.h /Library/Developer/CommandLineTools/SDKs/MacOSX.sdk/usr/include/sys/_pthread/_pthread_mutex_t.h /Library/Developer/CommandLineTools/SDKs/MacOSX.sdk/usr/include/sys/_pthread/_pthread_mutexattr_t.h /Library/Developer/CommandLineTools/SDKs/MacOSX.sdk/usr/include/sys/_pthread/_pthread_once_t.h /Library/Developer/CommandLineTools/SDKs/MacOSX.sdk/usr/include/sys/_pthread/_pthread_rwlock_t.h /Library/Developer/CommandLineTools/SDKs/MacOSX.sdk/usr/include/sys/_pthread/_pthread_rwlockattr_t.h /Library/Developer/CommandLineTools/SDKs/MacOSX.sdk/usr/include/sys/_pthread/_pthread_t.h /Library/Developer/CommandLineTools/SDKs/MacOSX.sdk/usr/include/pthread/qos.h /Library/Developer/CommandLineTools/SDKs/MacOSX.sdk/usr/include/sys/qos.h /Library/Developer/CommandLineTools/SDKs/MacOSX.sdk/usr/include/sys/_types/_mach_port_t.h /Library/Developer/CommandLineTools/SDKs/MacOSX.sdk/usr/include/sched.h /opt/homebrew/opt/llvm/include/c++/v1/cmath /opt/homebrew/opt/llvm/include/c++/v1/math.h /Library/Developer/CommandLineTools/SDKs/MacOSX.sdk/usr/include/math.h /opt/homebrew/opt/llvm/include/c++/v1/__type_traits/promote.h /opt/homebrew/opt/llvm/include/c++/v1/compare /opt/homebrew/opt/llvm/include/c++/v1/__compare/compare_partial_order_fallback.h /opt/homebrew/opt/llvm/include/c++/v1/__compare/partial_order.h /opt/homebrew/opt/llvm/include/c++/v1/__compare/weak_order.h /opt/homebrew/opt/llvm/include/c++/v1/__compare/strong_order.h /opt/homebrew/opt/llvm/include/c++/v1/__bit/bit_cast.h /opt/homebrew/opt/llvm/include/c++/v1/__utility/priority_tag.h /opt/homebrew/opt/llvm/include/c++/v1/__compare/compare_strong_order_fallback.h /opt/homebrew/opt/llvm/include/c++/v1/__compare/compare_weak_order_fallback.h /opt/homebrew/opt/llvm/include/c++/v1/__compare/is_eq.h /opt/homebrew/opt/llvm/include/c++/v1/__mutex_base /opt/homebrew/opt/llvm/include/c++/v1/system_error /opt/homebrew/opt/llvm/include/c++/v1/__errc /opt/homebrew/opt/llvm/include/c++/v1/cerrno /opt/homebrew/opt/llvm/include/c++/v1/string /opt/homebrew/opt/llvm/include/c++/v1/__algorithm/max.h /opt/homebrew/opt/llvm/include/c++/v1/__algorithm/max_element.h /opt/homebrew/opt/llvm/include/c++/v1/__algorithm/remove.h /opt/homebrew/opt/llvm/include/c++/v1/__algorithm/find.h /opt/homebrew/opt/llvm/include/c++/v1/__algorithm/find_if.h /opt/homebrew/opt/llvm/include/c++/v1/__algorithm/remove_if.h /opt/homebrew/opt/llvm/include/c++/v1/__format/enable_insertable.h /opt/homebrew/opt/llvm/include/c++/v1/__iterator/wrap_iter.h /opt/homebrew/opt/llvm/include/c++/v1/__memory/swap_allocator.h /opt/homebrew/opt/llvm/include/c++/v1/__memory_resource/polymorphic_allocator.h /opt/homebrew/opt/llvm/include/c++/v1/__memory_resource/memory_resource.h /opt/homebrew/opt/llvm/include/c++/v1/tuple /opt/homebrew/opt/llvm/include/c++/v1/__memory/allocator_arg_t.h /opt/homebrew/opt/llvm/include/c++/v1/__memory/uses_allocator.h /opt/homebrew/opt/llvm/include/c++/v1/utility /opt/homebrew/opt/llvm/include/c++/v1/__utility/as_const.h /opt/homebrew/opt/llvm/include/c++/v1/__utility/cmp.h /opt/homebrew/opt/llvm/include/c++/v1/__utility/forward_like.h /opt/homebrew/opt/llvm/include/c++/v1/__utility/in_place.h /opt/homebrew/opt/llvm/include/c++/v1/__utility/rel_ops.h /opt/homebrew/opt/llvm/include/c++/v1/__utility/to_underlying.h /opt/homebrew/opt/llvm/include/c++/v1/__string/char_traits.h /opt/homebrew/opt/llvm/include/c++/v1/__algorithm/copy_n.h /opt/homebrew/opt/llvm/include/c++/v1/__algorithm/fill_n.h /opt/homebrew/opt/llvm/include/c++/v1/__algorithm/find_end.h /opt/homebrew/opt/llvm/include/c++/v1/__algorithm/search.h /opt/homebrew/opt/llvm/include/c++/v1/__algorithm/find_first_of.h /opt/homebrew/opt/llvm/include/c++/v1/cstdio /opt/homebrew/opt/llvm/include/c++/v1/cwchar /opt/homebrew/opt/llvm/include/c++/v1/cwctype /opt/homebrew/opt/llvm/include/c++/v1/wctype.h /Library/Developer/CommandLineTools/SDKs/MacOSX.sdk/usr/include/wctype.h /Library/Developer/CommandLineTools/SDKs/MacOSX.sdk/usr/include/_types/_wctrans_t.h /opt/homebrew/opt/llvm/include/c++/v1/__string/extern_template_lists.h /opt/homebrew/opt/llvm/include/c++/v1/__type_traits/is_allocator.h /opt/homebrew/opt/llvm/include/c++/v1/__type_traits/noexcept_move_assign_container.h /opt/homebrew/opt/llvm/include/c++/v1/string_view /opt/homebrew/opt/llvm/include/c++/v1/__fwd/string_view.h /opt/homebrew/opt/llvm/include/c++/v1/__iterator/data.h /opt/homebrew/opt/llvm/include/c++/v1/__iterator/empty.h /opt/homebrew/opt/llvm/include/c++/v1/__iterator/reverse_access.h /opt/homebrew/opt/llvm/include/c++/v1/__iterator/size.h /opt/homebrew/opt/llvm/include/c++/v1/algorithm /opt/homebrew/opt/llvm/include/c++/v1/__algorithm/adjacent_find.h /opt/homebrew/opt/llvm/include/c++/v1/__algorithm/all_of.h /opt/homebrew/opt/llvm/include/c++/v1/__algorithm/any_of.h /opt/homebrew/opt/llvm/include/c++/v1/__algorithm/binary_search.h /opt/homebrew/opt/llvm/include/c++/v1/__algorithm/lower_bound.h /opt/homebrew/opt/llvm/include/c++/v1/__algorithm/half_positive.h /opt/homebrew/opt/llvm/include/c++/v1/__algorithm/clamp.h /opt/homebrew/opt/llvm/include/c++/v1/__algorithm/copy_backward.h /opt/homebrew/opt/llvm/include/c++/v1/__algorithm/copy_if.h /opt/homebrew/opt/llvm/include/c++/v1/__algorithm/count.h /opt/homebrew/opt/llvm/include/c++/v1/__algorithm/count_if.h /opt/homebrew/opt/llvm/include/c++/v1/__algorithm/equal.h /opt/homebrew/opt/llvm/include/c++/v1/__algorithm/equal_range.h /opt/homebrew/opt/llvm/include/c++/v1/__algorithm/upper_bound.h /opt/homebrew/opt/llvm/include/c++/v1/__algorithm/fill.h /opt/homebrew/opt/llvm/include/c++/v1/__algorithm/find_if_not.h /opt/homebrew/opt/llvm/include/c++/v1/__algorithm/for_each.h /opt/homebrew/opt/llvm/include/c++/v1/__algorithm/for_each_n.h /opt/homebrew/opt/llvm/include/c++/v1/__algorithm/generate.h /opt/homebrew/opt/llvm/include/c++/v1/__algorithm/generate_n.h /opt/homebrew/opt/llvm/include/c++/v1/__algorithm/in_found_result.h /opt/homebrew/opt/llvm/include/c++/v1/__algorithm/in_fun_result.h /opt/homebrew/opt/llvm/include/c++/v1/__algorithm/in_in_out_result.h /opt/homebrew/opt/llvm/include/c++/v1/__algorithm/in_in_result.h /opt/homebrew/opt/llvm/include/c++/v1/__algorithm/in_out_out_result.h /opt/homebrew/opt/llvm/include/c++/v1/__algorithm/in_out_result.h /opt/homebrew/opt/llvm/include/c++/v1/__algorithm/includes.h /opt/homebrew/opt/llvm/include/c++/v1/__algorithm/inplace_merge.h /opt/homebrew/opt/llvm/include/c++/v1/__algorithm/rotate.h /opt/homebrew/opt/llvm/include/c++/v1/__algorithm/move_backward.h /opt/homebrew/opt/llvm/include/c++/v1/__algorithm/swap_ranges.h /opt/homebrew/opt/llvm/include/c++/v1/__memory/destruct_n.h /opt/homebrew/opt/llvm/include/c++/v1/__memory/temporary_buffer.h /opt/homebrew/opt/llvm/include/c++/v1/__algorithm/is_heap.h /opt/homebrew/opt/llvm/include/c++/v1/__algorithm/is_heap_until.h /opt/homebrew/opt/llvm/include/c++/v1/__algorithm/is_partitioned.h /opt/homebrew/opt/llvm/include/c++/v1/__algorithm/is_permutation.h /opt/homebrew/opt/llvm/include/c++/v1/__algorithm/is_sorted.h /opt/homebrew/opt/llvm/include/c++/v1/__algorithm/is_sorted_until.h /opt/homebrew/opt/llvm/include/c++/v1/__algorithm/lexicographical_compare.h /opt/homebrew/opt/llvm/include/c++/v1/__algorithm/make_heap.h /opt/homebrew/opt/llvm/include/c++/v1/__algorithm/sift_down.h /opt/homebrew/opt/llvm/include/c++/v1/__algorithm/merge.h /opt/homebrew/opt/llvm/include/c++/v1/__algorithm/min_max_result.h /opt/homebrew/opt/llvm/include/c++/v1/__algorithm/minmax.h /opt/homebrew/opt/llvm/include/c++/v1/__algorithm/minmax_element.h /opt/homebrew/opt/llvm/include/c++/v1/__algorithm/mismatch.h /opt/homebrew/opt/llvm/include/c++/v1/__algorithm/next_permutation.h /opt/homebrew/opt/llvm/include/c++/v1/__algorithm/reverse.h /opt/homebrew/opt/llvm/include/c++/v1/__algorithm/none_of.h /opt/homebrew/opt/llvm/include/c++/v1/__algorithm/nth_element.h /opt/homebrew/opt/llvm/include/c++/v1/__algorithm/sort.h /opt/homebrew/opt/llvm/include/c++/v1/__algorithm/partial_sort.h /opt/homebrew/opt/llvm/include/c++/v1/__algorithm/sort_heap.h /opt/homebrew/opt/llvm/include/c++/v1/__algorithm/pop_heap.h /opt/homebrew/opt/llvm/include/c++/v1/__algorithm/push_heap.h /opt/homebrew/opt/llvm/include/c++/v1/__debug_utils/randomize_range.h /opt/homebrew/opt/llvm/include/c++/v1/__functional/ranges_operations.h /opt/homebrew/opt/llvm/include/c++/v1/bit /opt/homebrew/opt/llvm/include/c++/v1/__bit/bit_ceil.h /opt/homebrew/opt/llvm/include/c++/v1/__bit/countl.h /opt/homebrew/opt/llvm/include/c++/v1/__bit/rotate.h /opt/homebrew/opt/llvm/include/c++/v1/__bit/bit_floor.h /opt/homebrew/opt/llvm/include/c++/v1/__bit/bit_log2.h /opt/homebrew/opt/llvm/include/c++/v1/__bit/bit_width.h /opt/homebrew/opt/llvm/include/c++/v1/__bit/blsr.h /opt/homebrew/opt/llvm/include/c++/v1/__bit/byteswap.h /opt/homebrew/opt/llvm/include/c++/v1/__bit/countr.h /opt/homebrew/opt/llvm/include/c++/v1/__bit/endian.h /opt/homebrew/opt/llvm/include/c++/v1/__bit/has_single_bit.h /opt/homebrew/opt/llvm/include/c++/v1/__bit/popcount.h /opt/homebrew/opt/llvm/include/c++/v1/__algorithm/partial_sort_copy.h /opt/homebrew/opt/llvm/include/c++/v1/__algorithm/make_projected.h /opt/homebrew/opt/llvm/include/c++/v1/__algorithm/partition.h /opt/homebrew/opt/llvm/include/c++/v1/__algorithm/partition_copy.h /opt/homebrew/opt/llvm/include/c++/v1/__algorithm/partition_point.h /opt/homebrew/opt/llvm/include/c++/v1/__algorithm/prev_permutation.h /opt/homebrew/opt/llvm/include/c++/v1/__algorithm/ranges_adjacent_find.h /opt/homebrew/opt/llvm/include/c++/v1/__iterator/projected.h /opt/homebrew/opt/llvm/include/c++/v1/__algorithm/ranges_all_of.h /opt/homebrew/opt/llvm/include/c++/v1/__algorithm/ranges_any_of.h /opt/homebrew/opt/llvm/include/c++/v1/__algorithm/ranges_binary_search.h /opt/homebrew/opt/llvm/include/c++/v1/__algorithm/ranges_clamp.h /opt/homebrew/opt/llvm/include/c++/v1/__algorithm/ranges_copy.h /opt/homebrew/opt/llvm/include/c++/v1/__algorithm/ranges_copy_backward.h /opt/homebrew/opt/llvm/include/c++/v1/__algorithm/ranges_copy_if.h /opt/homebrew/opt/llvm/include/c++/v1/__algorithm/ranges_copy_n.h /opt/homebrew/opt/llvm/include/c++/v1/__iterator/unreachable_sentinel.h /opt/homebrew/opt/llvm/include/c++/v1/__algorithm/ranges_count.h /opt/homebrew/opt/llvm/include/c++/v1/__algorithm/ranges_count_if.h /opt/homebrew/opt/llvm/include/c++/v1/__algorithm/ranges_equal.h /opt/homebrew/opt/llvm/include/c++/v1/__iterator/indirectly_comparable.h /opt/homebrew/opt/llvm/include/c++/v1/__algorithm/ranges_equal_range.h /opt/homebrew/opt/llvm/include/c++/v1/__algorithm/ranges_fill.h /opt/homebrew/opt/llvm/include/c++/v1/__algorithm/ranges_fill_n.h /opt/homebrew/opt/llvm/include/c++/v1/__algorithm/ranges_find.h /opt/homebrew/opt/llvm/include/c++/v1/__algorithm/ranges_find_if.h /opt/homebrew/opt/llvm/include/c++/v1/__algorithm/ranges_find_end.h /opt/homebrew/opt/llvm/include/c++/v1/__algorithm/ranges_find_first_of.h /opt/homebrew/opt/llvm/include/c++/v1/__algorithm/ranges_find_if_not.h /opt/homebrew/opt/llvm/include/c++/v1/__algorithm/ranges_for_each.h /opt/homebrew/opt/llvm/include/c++/v1/__algorithm/ranges_for_each_n.h /opt/homebrew/opt/llvm/include/c++/v1/__algorithm/ranges_generate.h /opt/homebrew/opt/llvm/include/c++/v1/__algorithm/ranges_generate_n.h /opt/homebrew/opt/llvm/include/c++/v1/__algorithm/ranges_includes.h /opt/homebrew/opt/llvm/include/c++/v1/__algorithm/ranges_inplace_merge.h /opt/homebrew/opt/llvm/include/c++/v1/__iterator/sortable.h /opt/homebrew/opt/llvm/include/c++/v1/__iterator/permutable.h /opt/homebrew/opt/llvm/include/c++/v1/__algorithm/ranges_is_heap.h /opt/homebrew/opt/llvm/include/c++/v1/__algorithm/ranges_is_heap_until.h /opt/homebrew/opt/llvm/include/c++/v1/__algorithm/ranges_is_partitioned.h /opt/homebrew/opt/llvm/include/c++/v1/__algorithm/ranges_is_permutation.h /opt/homebrew/opt/llvm/include/c++/v1/__algorithm/ranges_is_sorted.h /opt/homebrew/opt/llvm/include/c++/v1/__algorithm/ranges_is_sorted_until.h /opt/homebrew/opt/llvm/include/c++/v1/__algorithm/ranges_lexicographical_compare.h /opt/homebrew/opt/llvm/include/c++/v1/__algorithm/ranges_lower_bound.h /opt/homebrew/opt/llvm/include/c++/v1/__algorithm/ranges_make_heap.h /opt/homebrew/opt/llvm/include/c++/v1/__algorithm/ranges_max.h /opt/homebrew/opt/llvm/include/c++/v1/__algorithm/ranges_min_element.h /opt/homebrew/opt/llvm/include/c++/v1/__algorithm/ranges_max_element.h /opt/homebrew/opt/llvm/include/c++/v1/__algorithm/ranges_merge.h /opt/homebrew/opt/llvm/include/c++/v1/__iterator/mergeable.h /opt/homebrew/opt/llvm/include/c++/v1/__algorithm/ranges_min.h /opt/homebrew/opt/llvm/include/c++/v1/__algorithm/ranges_minmax.h /opt/homebrew/opt/llvm/include/c++/v1/__algorithm/ranges_minmax_element.h /opt/homebrew/opt/llvm/include/c++/v1/__algorithm/ranges_mismatch.h /opt/homebrew/opt/llvm/include/c++/v1/__algorithm/ranges_move.h /opt/homebrew/opt/llvm/include/c++/v1/__algorithm/ranges_move_backward.h /opt/homebrew/opt/llvm/include/c++/v1/__algorithm/ranges_next_permutation.h /opt/homebrew/opt/llvm/include/c++/v1/__algorithm/ranges_none_of.h /opt/homebrew/opt/llvm/include/c++/v1/__algorithm/ranges_nth_element.h /opt/homebrew/opt/llvm/include/c++/v1/__algorithm/ranges_partial_sort.h /opt/homebrew/opt/llvm/include/c++/v1/__algorithm/ranges_partial_sort_copy.h /opt/homebrew/opt/llvm/include/c++/v1/__algorithm/ranges_partition.h /opt/homebrew/opt/llvm/include/c++/v1/__algorithm/ranges_partition_copy.h /opt/homebrew/opt/llvm/include/c++/v1/__algorithm/ranges_partition_point.h /opt/homebrew/opt/llvm/include/c++/v1/__algorithm/ranges_pop_heap.h /opt/homebrew/opt/llvm/include/c++/v1/__algorithm/ranges_prev_permutation.h /opt/homebrew/opt/llvm/include/c++/v1/__algorithm/ranges_push_heap.h /opt/homebrew/opt/llvm/include/c++/v1/__algorithm/ranges_remove.h /opt/homebrew/opt/llvm/include/c++/v1/__algorithm/ranges_remove_if.h /opt/homebrew/opt/llvm/include/c++/v1/__algorithm/ranges_remove_copy.h /opt/homebrew/opt/llvm/include/c++/v1/__algorithm/ranges_remove_copy_if.h /opt/homebrew/opt/llvm/include/c++/v1/__algorithm/remove_copy_if.h /opt/homebrew/opt/llvm/include/c++/v1/__algorithm/ranges_replace.h /opt/homebrew/opt/llvm/include/c++/v1/__algorithm/ranges_replace_if.h /opt/homebrew/opt/llvm/include/c++/v1/__algorithm/ranges_replace_copy.h /opt/homebrew/opt/llvm/include/c++/v1/__algorithm/ranges_replace_copy_if.h /opt/homebrew/opt/llvm/include/c++/v1/__algorithm/ranges_reverse.h /opt/homebrew/opt/llvm/include/c++/v1/__algorithm/ranges_reverse_copy.h /opt/homebrew/opt/llvm/include/c++/v1/__algorithm/ranges_rotate.h /opt/homebrew/opt/llvm/include/c++/v1/__algorithm/ranges_rotate_copy.h /opt/homebrew/opt/llvm/include/c++/v1/__algorithm/ranges_sample.h /opt/homebrew/opt/llvm/include/c++/v1/__algorithm/sample.h /opt/homebrew/opt/llvm/include/c++/v1/__random/uniform_int_distribution.h /opt/homebrew/opt/llvm/include/c++/v1/__random/is_valid.h /opt/homebrew/opt/llvm/include/c++/v1/__random/log2.h /opt/homebrew/opt/llvm/include/c++/v1/__algorithm/uniform_random_bit_generator_adaptor.h /opt/homebrew/opt/llvm/include/c++/v1/__random/uniform_random_bit_generator.h /opt/homebrew/opt/llvm/include/c++/v1/__algorithm/ranges_search.h /opt/homebrew/opt/llvm/include/c++/v1/__algorithm/ranges_search_n.h /opt/homebrew/opt/llvm/include/c++/v1/__algorithm/search_n.h /opt/homebrew/opt/llvm/include/c++/v1/__algorithm/ranges_set_difference.h /opt/homebrew/opt/llvm/include/c++/v1/__algorithm/set_difference.h /opt/homebrew/opt/llvm/include/c++/v1/__algorithm/ranges_set_intersection.h /opt/homebrew/opt/llvm/include/c++/v1/__algorithm/set_intersection.h /opt/homebrew/opt/llvm/include/c++/v1/__algorithm/ranges_set_symmetric_difference.h /opt/homebrew/opt/llvm/include/c++/v1/__algorithm/set_symmetric_difference.h /opt/homebrew/opt/llvm/include/c++/v1/__algorithm/ranges_set_union.h /opt/homebrew/opt/llvm/include/c++/v1/__algorithm/set_union.h /opt/homebrew/opt/llvm/include/c++/v1/__algorithm/ranges_shuffle.h /opt/homebrew/opt/llvm/include/c++/v1/__algorithm/shuffle.h /opt/homebrew/opt/llvm/include/c++/v1/__algorithm/ranges_sort.h /opt/homebrew/opt/llvm/include/c++/v1/__algorithm/ranges_sort_heap.h /opt/homebrew/opt/llvm/include/c++/v1/__algorithm/ranges_stable_partition.h /opt/homebrew/opt/llvm/include/c++/v1/__algorithm/stable_partition.h /opt/homebrew/opt/llvm/include/c++/v1/__algorithm/ranges_stable_sort.h /opt/homebrew/opt/llvm/include/c++/v1/__algorithm/stable_sort.h /opt/homebrew/opt/llvm/include/c++/v1/__algorithm/ranges_swap_ranges.h /opt/homebrew/opt/llvm/include/c++/v1/__algorithm/ranges_transform.h /opt/homebrew/opt/llvm/include/c++/v1/__algorithm/ranges_unique.h /opt/homebrew/opt/llvm/include/c++/v1/__algorithm/unique.h /opt/homebrew/opt/llvm/include/c++/v1/__algorithm/ranges_unique_copy.h /opt/homebrew/opt/llvm/include/c++/v1/__algorithm/unique_copy.h /opt/homebrew/opt/llvm/include/c++/v1/__algorithm/ranges_upper_bound.h /opt/homebrew/opt/llvm/include/c++/v1/__algorithm/remove_copy.h /opt/homebrew/opt/llvm/include/c++/v1/__algorithm/replace.h /opt/homebrew/opt/llvm/include/c++/v1/__algorithm/replace_copy.h /opt/homebrew/opt/llvm/include/c++/v1/__algorithm/replace_copy_if.h /opt/homebrew/opt/llvm/include/c++/v1/__algorithm/replace_if.h /opt/homebrew/opt/llvm/include/c++/v1/__algorithm/reverse_copy.h /opt/homebrew/opt/llvm/include/c++/v1/__algorithm/rotate_copy.h /opt/homebrew/opt/llvm/include/c++/v1/__algorithm/shift_left.h /opt/homebrew/opt/llvm/include/c++/v1/__algorithm/shift_right.h /opt/homebrew/opt/llvm/include/c++/v1/__algorithm/transform.h /opt/homebrew/opt/llvm/include/c++/v1/chrono /opt/homebrew/opt/llvm/include/c++/v1/__chrono/calendar.h /opt/homebrew/opt/llvm/include/c++/v1/__chrono/convert_to_tm.h /opt/homebrew/opt/llvm/include/c++/v1/__chrono/day.h /opt/homebrew/opt/llvm/include/c++/v1/__chrono/hh_mm_ss.h /opt/homebrew/opt/llvm/include/c++/v1/__chrono/month.h /opt/homebrew/opt/llvm/include/c++/v1/__chrono/month_weekday.h /opt/homebrew/opt/llvm/include/c++/v1/__chrono/weekday.h /opt/homebrew/opt/llvm/include/c++/v1/__chrono/monthday.h /opt/homebrew/opt/llvm/include/c++/v1/__chrono/statically_widen.h /opt/homebrew/opt/llvm/include/c++/v1/__format/concepts.h /opt/homebrew/opt/llvm/include/c++/v1/__format/format_fwd.h /opt/homebrew/opt/llvm/include/c++/v1/__format/format_parse_context.h /opt/homebrew/opt/llvm/include/c++/v1/__format/format_error.h /opt/homebrew/opt/llvm/include/c++/v1/__chrono/year.h /opt/homebrew/opt/llvm/include/c++/v1/__chrono/year_month.h /opt/homebrew/opt/llvm/include/c++/v1/__chrono/year_month_day.h /opt/homebrew/opt/llvm/include/c++/v1/__chrono/year_month_weekday.h /opt/homebrew/opt/llvm/include/c++/v1/__chrono/file_clock.h /opt/homebrew/opt/llvm/include/c++/v1/__chrono/literals.h /opt/homebrew/opt/llvm/include/c++/v1/concepts /opt/homebrew/opt/llvm/include/c++/v1/__concepts/common_with.h /opt/homebrew/opt/llvm/include/c++/v1/iterator /opt/homebrew/opt/llvm/include/c++/v1/__iterator/back_insert_iterator.h /opt/homebrew/opt/llvm/include/c++/v1/__iterator/bounded_iter.h /opt/homebrew/opt/llvm/include/c++/v1/__iterator/common_iterator.h /opt/homebrew/opt/llvm/include/c++/v1/variant /opt/homebrew/opt/llvm/include/c++/v1/__variant/monostate.h /opt/homebrew/opt/llvm/include/c++/v1/__iterator/counted_iterator.h /opt/homebrew/opt/llvm/include/c++/v1/__iterator/default_sentinel.h /opt/homebrew/opt/llvm/include/c++/v1/__iterator/erase_if_container.h /opt/homebrew/opt/llvm/include/c++/v1/__iterator/front_insert_iterator.h /opt/homebrew/opt/llvm/include/c++/v1/__iterator/insert_iterator.h /opt/homebrew/opt/llvm/include/c++/v1/__iterator/istream_iterator.h /opt/homebrew/opt/llvm/include/c++/v1/__iterator/istreambuf_iterator.h /opt/homebrew/opt/llvm/include/c++/v1/__iterator/move_iterator.h /opt/homebrew/opt/llvm/include/c++/v1/__iterator/move_sentinel.h /opt/homebrew/opt/llvm/include/c++/v1/__iterator/ostream_iterator.h /opt/homebrew/opt/llvm/include/c++/v1/__iterator/ostreambuf_iterator.h /opt/homebrew/opt/llvm/include/c++/v1/memory /opt/homebrew/opt/llvm/include/c++/v1/__memory/align.h /opt/homebrew/opt/llvm/include/c++/v1/__memory/assume_aligned.h /opt/homebrew/opt/llvm/include/c++/v1/__memory/concepts.h /opt/homebrew/opt/llvm/include/c++/v1/__memory/ranges_construct_at.h /opt/homebrew/opt/llvm/include/c++/v1/__memory/ranges_uninitialized_algorithms.h /opt/homebrew/opt/llvm/include/c++/v1/__memory/raw_storage_iterator.h /opt/homebrew/opt/llvm/include/c++/v1/__memory/uses_allocator_construction.h /opt/homebrew/opt/llvm/include/c++/v1/functional /opt/homebrew/opt/llvm/include/c++/v1/__functional/binary_negate.h /opt/homebrew/opt/llvm/include/c++/v1/__functional/bind.h /opt/homebrew/opt/llvm/include/c++/v1/__functional/bind_back.h /opt/homebrew/opt/llvm/include/c++/v1/__functional/perfect_forward.h /opt/homebrew/opt/llvm/include/c++/v1/__functional/bind_front.h /opt/homebrew/opt/llvm/include/c++/v1/__functional/binder1st.h /opt/homebrew/opt/llvm/include/c++/v1/__functional/binder2nd.h /opt/homebrew/opt/llvm/include/c++/v1/__functional/boyer_moore_searcher.h /opt/homebrew/opt/llvm/include/c++/v1/array /opt/homebrew/opt/llvm/include/c++/v1/unordered_map /opt/homebrew/opt/llvm/include/c++/v1/__functional/is_transparent.h /opt/homebrew/opt/llvm/include/c++/v1/__hash_table /opt/homebrew/opt/llvm/include/c++/v1/__node_handle /opt/homebrew/opt/llvm/include/c++/v1/optional /opt/homebrew/opt/llvm/include/c++/v1/vector /opt/homebrew/opt/llvm/include/c++/v1/__bit_reference /opt/homebrew/opt/llvm/include/c++/v1/__format/formatter.h /opt/homebrew/opt/llvm/include/c++/v1/__memory/temp_value.h /opt/homebrew/opt/llvm/include/c++/v1/__split_buffer /opt/homebrew/opt/llvm/include/c++/v1/__functional/compose.h /opt/homebrew/opt/llvm/include/c++/v1/__functional/default_searcher.h /opt/homebrew/opt/llvm/include/c++/v1/__functional/function.h /opt/homebrew/opt/llvm/include/c++/v1/__memory/builtin_new_allocator.h /opt/homebrew/opt/llvm/include/c++/v1/__type_traits/strip_signature.h /opt/homebrew/opt/llvm/include/c++/v1/__functional/mem_fn.h /opt/homebrew/opt/llvm/include/c++/v1/__functional/mem_fun_ref.h /opt/homebrew/opt/llvm/include/c++/v1/__functional/not_fn.h /opt/homebrew/opt/llvm/include/c++/v1/__functional/pointer_to_binary_function.h /opt/homebrew/opt/llvm/include/c++/v1/__functional/pointer_to_unary_function.h /opt/homebrew/opt/llvm/include/c++/v1/__functional/unary_negate.h /Library/Developer/CommandLineTools/SDKs/MacOSX.sdk/usr/include/xlocale.h /Library/Developer/CommandLineTools/SDKs/MacOSX.sdk/usr/include/_xlocale.h /Library/Developer/CommandLineTools/SDKs/MacOSX.sdk/usr/include/xlocale/_ctype.h /Library/Developer/CommandLineTools/SDKs/MacOSX.sdk/usr/include/xlocale/__wctype.h /Library/Developer/CommandLineTools/SDKs/MacOSX.sdk/usr/include/xlocale/_stdio.h /Library/Developer/CommandLineTools/SDKs/MacOSX.sdk/usr/include/xlocale/_stdlib.h /Library/Developer/CommandLineTools/SDKs/MacOSX.sdk/usr/include/xlocale/_string.h /Library/Developer/CommandLineTools/SDKs/MacOSX.sdk/usr/include/xlocale/_time.h /Library/Developer/CommandLineTools/SDKs/MacOSX.sdk/usr/include/xlocale/_wchar.h /Library/Developer/CommandLineTools/SDKs/MacOSX.sdk/usr/include/xlocale/_wctype.h /opt/homebrew/opt/llvm/include/c++/v1/istream /opt/homebrew/opt/llvm/include/c++/v1/ostream /opt/homebrew/opt/llvm/include/c++/v1/bitset /opt/homebrew/opt/llvm/include/c++/v1/locale /opt/homebrew/opt/llvm/include/c++/v1/streambuf /Library/Developer/CommandLineTools/SDKs/MacOSX.sdk/usr/include/nl_types.h /Library/Developer/CommandLineTools/SDKs/MacOSX.sdk/usr/include/sys/types.h /Library/Developer/CommandLineTools/SDKs/MacOSX.sdk/usr/include/sys/_types/_u_char.h /Library/Developer/CommandLineTools/SDKs/MacOSX.sdk/usr/include/sys/_types/_u_short.h /Library/Developer/CommandLineTools/SDKs/MacOSX.sdk/usr/include/sys/_types/_u_int.h /Library/Developer/CommandLineTools/SDKs/MacOSX.sdk/usr/include/sys/_types/_caddr_t.h /Library/Developer/CommandLineTools/SDKs/MacOSX.sdk/usr/include/sys/_types/_blkcnt_t.h /Library/Developer/CommandLineTools/SDKs/MacOSX.sdk/usr/include/sys/_types/_blksize_t.h /Library/Developer/CommandLineTools/SDKs/MacOSX.sdk/usr/include/sys/_types/_gid_t.h /Library/Developer/CommandLineTools/SDKs/MacOSX.sdk/usr/include/sys/_types/_in_addr_t.h /Library/Developer/CommandLineTools/SDKs/MacOSX.sdk/usr/include/sys/_types/_in_port_t.h /Library/Developer/CommandLineTools/SDKs/MacOSX.sdk/usr/include/sys/_types/_ino_t.h /Library/Developer/CommandLineTools/SDKs/MacOSX.sdk/usr/include/sys/_types/_ino64_t.h /Library/Developer/CommandLineTools/SDKs/MacOSX.sdk/usr/include/sys/_types/_key_t.h /Library/Developer/CommandLineTools/SDKs/MacOSX.sdk/usr/include/sys/_types/_nlink_t.h /Library/Developer/CommandLineTools/SDKs/MacOSX.sdk/usr/include/sys/_types/_useconds_t.h /Library/Developer/CommandLineTools/SDKs/MacOSX.sdk/usr/include/sys/_types/_suseconds_t.h /Library/Developer/CommandLineTools/SDKs/MacOSX.sdk/usr/include/sys/_types/_fd_def.h /Library/Developer/CommandLineTools/SDKs/MacOSX.sdk/usr/include/sys/_types/_fd_setsize.h /Library/Developer/CommandLineTools/SDKs/MacOSX.sdk/usr/include/sys/_types/_fd_set.h /Library/Developer/CommandLineTools/SDKs/MacOSX.sdk/usr/include/sys/_types/_fd_clr.h /Library/Developer/CommandLineTools/SDKs/MacOSX.sdk/usr/include/sys/_types/_fd_zero.h /Library/Developer/CommandLineTools/SDKs/MacOSX.sdk/usr/include/sys/_types/_fd_isset.h /Library/Developer/CommandLineTools/SDKs/MacOSX.sdk/usr/include/sys/_types/_fd_copy.h /Library/Developer/CommandLineTools/SDKs/MacOSX.sdk/usr/include/sys/_types/_fsblkcnt_t.h /Library/Developer/CommandLineTools/SDKs/MacOSX.sdk/usr/include/sys/_types/_fsfilcnt_t.h /Library/Developer/CommandLineTools/SDKs/MacOSX.sdk/usr/include/_types/_nl_item.h /opt/homebrew/opt/llvm/include/c++/v1/__bsd_locale_defaults.h /opt/homebrew/opt/llvm/include/c++/v1/cstdarg CMakeFiles/besm666.dir/flags.make
/opt/homebrew/Cellar/cmake/3.26.0/bin/cmake -E cmake_echo_color --switch= --green --progress-dir=/Users/c71n93/Programming/C-and-C++/huawei-courses/BESM-666/build/CMakeFiles --progress-num=1 "Building CXX object CMakeFiles/besm666.dir/standalone/main.cpp.o"
[ 36%] Building CXX object CMakeFiles/besm666.dir/standalone/main.cpp.o
/opt/homebrew/opt/llvm/bin/clang++  -I/Users/c71n93/Programming/C-and-C++/huawei-courses/BESM-666/./include -g -arch arm64 -isysroot /Library/Developer/CommandLineTools/SDKs/MacOSX.sdk -fcolor-diagnostics -MD -MT CMakeFiles/besm666.dir/standalone/main.cpp.o -MF CMakeFiles/besm666.dir/standalone/main.cpp.o.d -o CMakeFiles/besm666.dir/standalone/main.cpp.o -c /Users/c71n93/Programming/C-and-C++/huawei-courses/BESM-666/standalone/main.cpp
CMakeFiles/besm666.dir/build.make:97: update target 'besm666' due to: CMakeFiles/besm666.dir/link.txt CMakeFiles/besm666.dir/standalone/main.cpp.o CMakeFiles/besm666.dir/build.make libbesm666_shared.dylib
/opt/homebrew/Cellar/cmake/3.26.0/bin/cmake -E cmake_echo_color --switch= --green --bold --progress-dir=/Users/c71n93/Programming/C-and-C++/huawei-courses/BESM-666/build/CMakeFiles --progress-num=2 "Linking CXX executable besm666"
[ 40%] Linking CXX executable besm666
/opt/homebrew/Cellar/cmake/3.26.0/bin/cmake -E cmake_link_script CMakeFiles/besm666.dir/link.txt --verbose=
/opt/homebrew/Cellar/cmake/3.26.0/bin/cmake -E cmake_echo_color --switch= --progress-dir=/Users/c71n93/Programming/C-and-C++/huawei-courses/BESM-666/build/CMakeFiles --progress-num=1,2 "Built target besm666"
[ 40%] Built target besm666
CMakeFiles/Makefile2:1256: update target 'third_party/googletest/googletest/CMakeFiles/gtest.dir/all' due to: target is .PHONY
make -s -f third_party/googletest/googletest/CMakeFiles/gtest.dir/build.make third_party/googletest/googletest/CMakeFiles/gtest.dir/depend
third_party/googletest/googletest/CMakeFiles/gtest.dir/build.make:109: update target 'third_party/googletest/googletest/CMakeFiles/gtest.dir/depend' due to: target is .PHONY
cd /Users/c71n93/Programming/C-and-C++/huawei-courses/BESM-666/build && /opt/homebrew/Cellar/cmake/3.26.0/bin/cmake -E cmake_depends "Unix Makefiles" /Users/c71n93/Programming/C-and-C++/huawei-courses/BESM-666 /Users/c71n93/Programming/C-and-C++/huawei-courses/BESM-666/third_party/googletest/googletest /Users/c71n93/Programming/C-and-C++/huawei-courses/BESM-666/build /Users/c71n93/Programming/C-and-C++/huawei-courses/BESM-666/build/third_party/googletest/googletest /Users/c71n93/Programming/C-and-C++/huawei-courses/BESM-666/build/third_party/googletest/googletest/CMakeFiles/gtest.dir/DependInfo.cmake --color=
make -s -f third_party/googletest/googletest/CMakeFiles/gtest.dir/build.make third_party/googletest/googletest/CMakeFiles/gtest.dir/build
third_party/googletest/googletest/CMakeFiles/gtest.dir/build.make:75: update target 'third_party/googletest/googletest/CMakeFiles/gtest.dir/src/gtest-all.cc.o' due to: third_party/googletest/googletest/CMakeFiles/gtest.dir/compiler_depend.ts /Users/c71n93/Programming/C-and-C++/huawei-courses/BESM-666/third_party/googletest/googletest/src/gtest-all.cc /Users/c71n93/Programming/C-and-C++/huawei-courses/BESM-666/third_party/googletest/googletest/include/gtest/gtest.h /opt/homebrew/opt/llvm/include/c++/v1/cstddef /opt/homebrew/opt/llvm/include/c++/v1/__assert /opt/homebrew/opt/llvm/include/c++/v1/__config /opt/homebrew/opt/llvm/include/c++/v1/__config_site /opt/homebrew/opt/llvm/include/c++/v1/__verbose_abort /opt/homebrew/opt/llvm/include/c++/v1/__availability /opt/homebrew/opt/llvm/include/c++/v1/__type_traits/enable_if.h /opt/homebrew/opt/llvm/include/c++/v1/__type_traits/integral_constant.h /opt/homebrew/opt/llvm/include/c++/v1/__type_traits/is_integral.h /opt/homebrew/opt/llvm/include/c++/v1/__type_traits/remove_cv.h /opt/homebrew/opt/llvm/include/c++/v1/__type_traits/remove_const.h /opt/homebrew/opt/llvm/include/c++/v1/__type_traits/remove_volatile.h /opt/homebrew/opt/llvm/include/c++/v1/version /opt/homebrew/opt/llvm/include/c++/v1/stddef.h /opt/homebrew/Cellar/llvm/16.0.6/lib/clang/16/include/stddef.h /opt/homebrew/Cellar/llvm/16.0.6/lib/clang/16/include/__stddef_max_align_t.h /opt/homebrew/opt/llvm/include/c++/v1/cstdint /opt/homebrew/opt/llvm/include/c++/v1/stdint.h /opt/homebrew/Cellar/llvm/16.0.6/lib/clang/16/include/stdint.h /Library/Developer/CommandLineTools/SDKs/MacOSX.sdk/usr/include/stdint.h /Library/Developer/CommandLineTools/SDKs/MacOSX.sdk/usr/include/sys/_types/_int8_t.h /Library/Developer/CommandLineTools/SDKs/MacOSX.sdk/usr/include/sys/_types/_int16_t.h /Library/Developer/CommandLineTools/SDKs/MacOSX.sdk/usr/include/sys/_types/_int32_t.h /Library/Developer/CommandLineTools/SDKs/MacOSX.sdk/usr/include/sys/_types/_int64_t.h /Library/Developer/CommandLineTools/SDKs/MacOSX.sdk/usr/include/_types/_uint8_t.h /Library/Developer/CommandLineTools/SDKs/MacOSX.sdk/usr/include/_types/_uint16_t.h /Library/Developer/CommandLineTools/SDKs/MacOSX.sdk/usr/include/_types/_uint32_t.h /Library/Developer/CommandLineTools/SDKs/MacOSX.sdk/usr/include/_types/_uint64_t.h /Library/Developer/CommandLineTools/SDKs/MacOSX.sdk/usr/include/sys/_types.h /Library/Developer/CommandLineTools/SDKs/MacOSX.sdk/usr/include/sys/cdefs.h /Library/Developer/CommandLineTools/SDKs/MacOSX.sdk/usr/include/sys/_symbol_aliasing.h /Library/Developer/CommandLineTools/SDKs/MacOSX.sdk/usr/include/sys/_posix_availability.h /Library/Developer/CommandLineTools/SDKs/MacOSX.sdk/usr/include/machine/_types.h /Library/Developer/CommandLineTools/SDKs/MacOSX.sdk/usr/include/arm/_types.h /Library/Developer/CommandLineTools/SDKs/MacOSX.sdk/usr/include/sys/_pthread/_pthread_types.h /Library/Developer/CommandLineTools/SDKs/MacOSX.sdk/usr/include/sys/_types/_intptr_t.h /Library/Developer/CommandLineTools/SDKs/MacOSX.sdk/usr/include/machine/types.h /Library/Developer/CommandLineTools/SDKs/MacOSX.sdk/usr/include/arm/types.h /Library/Developer/CommandLineTools/SDKs/MacOSX.sdk/usr/include/sys/_types/_u_int8_t.h /Library/Developer/CommandLineTools/SDKs/MacOSX.sdk/usr/include/sys/_types/_u_int16_t.h /Library/Developer/CommandLineTools/SDKs/MacOSX.sdk/usr/include/sys/_types/_u_int32_t.h /Library/Developer/CommandLineTools/SDKs/MacOSX.sdk/usr/include/sys/_types/_u_int64_t.h /Library/Developer/CommandLineTools/SDKs/MacOSX.sdk/usr/include/sys/_types/_uintptr_t.h /Library/Developer/CommandLineTools/SDKs/MacOSX.sdk/usr/include/_types/_intmax_t.h /Library/Developer/CommandLineTools/SDKs/MacOSX.sdk/usr/include/_types/_uintmax_t.h /opt/homebrew/opt/llvm/include/c++/v1/iomanip /opt/homebrew/opt/llvm/include/c++/v1/istream /opt/homebrew/opt/llvm/include/c++/v1/__iterator/istreambuf_iterator.h /opt/homebrew/opt/llvm/include/c++/v1/__iterator/default_sentinel.h /opt/homebrew/opt/llvm/include/c++/v1/__iterator/iterator.h /opt/homebrew/opt/llvm/include/c++/v1/__iterator/iterator_traits.h /opt/homebrew/opt/llvm/include/c++/v1/__concepts/arithmetic.h /opt/homebrew/opt/llvm/include/c++/v1/__type_traits/is_floating_point.h /opt/homebrew/opt/llvm/include/c++/v1/__type_traits/is_signed.h /opt/homebrew/opt/llvm/include/c++/v1/__type_traits/is_arithmetic.h /opt/homebrew/opt/llvm/include/c++/v1/__type_traits/is_signed_integer.h /opt/homebrew/opt/llvm/include/c++/v1/__type_traits/is_unsigned_integer.h /opt/homebrew/opt/llvm/include/c++/v1/__concepts/constructible.h /opt/homebrew/opt/llvm/include/c++/v1/__concepts/convertible_to.h /opt/homebrew/opt/llvm/include/c++/v1/__type_traits/is_convertible.h /opt/homebrew/opt/llvm/include/c++/v1/__type_traits/is_array.h /opt/homebrew/opt/llvm/include/c++/v1/__type_traits/is_function.h /opt/homebrew/opt/llvm/include/c++/v1/__type_traits/is_const.h /opt/homebrew/opt/llvm/include/c++/v1/__type_traits/is_reference.h /opt/homebrew/opt/llvm/include/c++/v1/__type_traits/is_void.h /opt/homebrew/opt/llvm/include/c++/v1/__type_traits/is_same.h /opt/homebrew/opt/llvm/include/c++/v1/__type_traits/remove_reference.h /opt/homebrew/opt/llvm/include/c++/v1/__utility/declval.h /opt/homebrew/opt/llvm/include/c++/v1/__concepts/destructible.h /opt/homebrew/opt/llvm/include/c++/v1/__type_traits/is_nothrow_destructible.h /opt/homebrew/opt/llvm/include/c++/v1/__type_traits/is_destructible.h /opt/homebrew/opt/llvm/include/c++/v1/__type_traits/remove_all_extents.h /opt/homebrew/opt/llvm/include/c++/v1/__type_traits/is_scalar.h /opt/homebrew/opt/llvm/include/c++/v1/__type_traits/is_enum.h /opt/homebrew/opt/llvm/include/c++/v1/__type_traits/is_member_pointer.h /opt/homebrew/opt/llvm/include/c++/v1/__type_traits/is_member_function_pointer.h /opt/homebrew/opt/llvm/include/c++/v1/__type_traits/is_null_pointer.h /opt/homebrew/opt/llvm/include/c++/v1/__type_traits/is_pointer.h /opt/homebrew/opt/llvm/include/c++/v1/__type_traits/is_constructible.h /opt/homebrew/opt/llvm/include/c++/v1/__concepts/copyable.h /opt/homebrew/opt/llvm/include/c++/v1/__concepts/assignable.h /opt/homebrew/opt/llvm/include/c++/v1/__concepts/common_reference_with.h /opt/homebrew/opt/llvm/include/c++/v1/__concepts/same_as.h /opt/homebrew/opt/llvm/include/c++/v1/__type_traits/common_reference.h /opt/homebrew/opt/llvm/include/c++/v1/__type_traits/common_type.h /opt/homebrew/opt/llvm/include/c++/v1/__type_traits/conditional.h /opt/homebrew/opt/llvm/include/c++/v1/__type_traits/decay.h /opt/homebrew/opt/llvm/include/c++/v1/__type_traits/add_pointer.h /opt/homebrew/opt/llvm/include/c++/v1/__type_traits/is_referenceable.h /opt/homebrew/opt/llvm/include/c++/v1/__type_traits/remove_extent.h /opt/homebrew/opt/llvm/include/c++/v1/__type_traits/remove_cvref.h /opt/homebrew/opt/llvm/include/c++/v1/__type_traits/void_t.h /opt/homebrew/opt/llvm/include/c++/v1/__type_traits/copy_cv.h /opt/homebrew/opt/llvm/include/c++/v1/__type_traits/add_const.h /opt/homebrew/opt/llvm/include/c++/v1/__type_traits/add_cv.h /opt/homebrew/opt/llvm/include/c++/v1/__type_traits/add_volatile.h /opt/homebrew/opt/llvm/include/c++/v1/__type_traits/copy_cvref.h /opt/homebrew/opt/llvm/include/c++/v1/__type_traits/add_lvalue_reference.h /opt/homebrew/opt/llvm/include/c++/v1/__type_traits/add_rvalue_reference.h /opt/homebrew/opt/llvm/include/c++/v1/__type_traits/make_const_lvalue_ref.h /opt/homebrew/opt/llvm/include/c++/v1/__utility/forward.h /opt/homebrew/opt/llvm/include/c++/v1/__concepts/movable.h /opt/homebrew/opt/llvm/include/c++/v1/__concepts/swappable.h /opt/homebrew/opt/llvm/include/c++/v1/__concepts/class_or_enum.h /opt/homebrew/opt/llvm/include/c++/v1/__type_traits/is_class.h /opt/homebrew/opt/llvm/include/c++/v1/__type_traits/is_union.h /opt/homebrew/opt/llvm/include/c++/v1/__type_traits/extent.h /opt/homebrew/opt/llvm/include/c++/v1/__type_traits/is_nothrow_move_assignable.h /opt/homebrew/opt/llvm/include/c++/v1/__type_traits/is_nothrow_move_constructible.h /opt/homebrew/opt/llvm/include/c++/v1/__type_traits/is_nothrow_constructible.h /opt/homebrew/opt/llvm/include/c++/v1/__utility/exchange.h /opt/homebrew/opt/llvm/include/c++/v1/__type_traits/is_nothrow_assignable.h /opt/homebrew/opt/llvm/include/c++/v1/__utility/move.h /opt/homebrew/opt/llvm/include/c++/v1/__type_traits/is_copy_constructible.h /opt/homebrew/opt/llvm/include/c++/v1/__utility/swap.h /opt/homebrew/opt/llvm/include/c++/v1/__type_traits/is_move_assignable.h /opt/homebrew/opt/llvm/include/c++/v1/__type_traits/is_move_constructible.h /opt/homebrew/opt/llvm/include/c++/v1/__type_traits/is_swappable.h /opt/homebrew/opt/llvm/include/c++/v1/__type_traits/nat.h /opt/homebrew/opt/llvm/include/c++/v1/__type_traits/is_object.h /opt/homebrew/opt/llvm/include/c++/v1/__concepts/equality_comparable.h /opt/homebrew/opt/llvm/include/c++/v1/__concepts/boolean_testable.h /opt/homebrew/opt/llvm/include/c++/v1/__concepts/totally_ordered.h /opt/homebrew/opt/llvm/include/c++/v1/__fwd/pair.h /opt/homebrew/opt/llvm/include/c++/v1/__iterator/incrementable_traits.h /opt/homebrew/opt/llvm/include/c++/v1/__type_traits/is_primary_template.h /opt/homebrew/opt/llvm/include/c++/v1/__type_traits/is_valid_expansion.h /opt/homebrew/opt/llvm/include/c++/v1/__type_traits/make_signed.h /opt/homebrew/opt/llvm/include/c++/v1/__type_traits/apply_cv.h /opt/homebrew/opt/llvm/include/c++/v1/__type_traits/is_volatile.h /opt/homebrew/opt/llvm/include/c++/v1/__type_traits/type_list.h /opt/homebrew/opt/llvm/include/c++/v1/__iterator/readable_traits.h /opt/homebrew/opt/llvm/include/c++/v1/__type_traits/disjunction.h /opt/homebrew/opt/llvm/include/c++/v1/iosfwd /opt/homebrew/opt/llvm/include/c++/v1/__fwd/string.h /opt/homebrew/opt/llvm/include/c++/v1/__fwd/memory_resource.h /opt/homebrew/opt/llvm/include/c++/v1/__mbstate_t.h /opt/homebrew/opt/llvm/include/c++/v1/wchar.h /Library/Developer/CommandLineTools/SDKs/MacOSX.sdk/usr/include/wchar.h /Library/Developer/CommandLineTools/SDKs/MacOSX.sdk/usr/include/_types.h /Library/Developer/CommandLineTools/SDKs/MacOSX.sdk/usr/include/Availability.h /Library/Developer/CommandLineTools/SDKs/MacOSX.sdk/usr/include/AvailabilityVersions.h /Library/Developer/CommandLineTools/SDKs/MacOSX.sdk/usr/include/AvailabilityInternal.h /Library/Developer/CommandLineTools/SDKs/MacOSX.sdk/usr/include/sys/_types/_null.h /Library/Developer/CommandLineTools/SDKs/MacOSX.sdk/usr/include/sys/_types/_size_t.h /Library/Developer/CommandLineTools/SDKs/MacOSX.sdk/usr/include/sys/_types/_mbstate_t.h /Library/Developer/CommandLineTools/SDKs/MacOSX.sdk/usr/include/sys/_types/_ct_rune_t.h /Library/Developer/CommandLineTools/SDKs/MacOSX.sdk/usr/include/sys/_types/_rune_t.h /Library/Developer/CommandLineTools/SDKs/MacOSX.sdk/usr/include/sys/_types/_wchar_t.h /opt/homebrew/Cellar/llvm/16.0.6/lib/clang/16/include/stdarg.h /opt/homebrew/opt/llvm/include/c++/v1/stdio.h /Library/Developer/CommandLineTools/SDKs/MacOSX.sdk/usr/include/stdio.h /Library/Developer/CommandLineTools/SDKs/MacOSX.sdk/usr/include/_stdio.h /Library/Developer/CommandLineTools/SDKs/MacOSX.sdk/usr/include/sys/_types/_va_list.h /Library/Developer/CommandLineTools/SDKs/MacOSX.sdk/usr/include/sys/stdio.h /Library/Developer/CommandLineTools/SDKs/MacOSX.sdk/usr/include/_ctermid.h /Library/Developer/CommandLineTools/SDKs/MacOSX.sdk/usr/include/sys/_types/_off_t.h /Library/Developer/CommandLineTools/SDKs/MacOSX.sdk/usr/include/sys/_types/_ssize_t.h /Library/Developer/CommandLineTools/SDKs/MacOSX.sdk/usr/include/time.h /Library/Developer/CommandLineTools/SDKs/MacOSX.sdk/usr/include/sys/_types/_clock_t.h /Library/Developer/CommandLineTools/SDKs/MacOSX.sdk/usr/include/sys/_types/_time_t.h /Library/Developer/CommandLineTools/SDKs/MacOSX.sdk/usr/include/sys/_types/_timespec.h /Library/Developer/CommandLineTools/SDKs/MacOSX.sdk/usr/include/_wctype.h /Library/Developer/CommandLineTools/SDKs/MacOSX.sdk/usr/include/__wctype.h /Library/Developer/CommandLineTools/SDKs/MacOSX.sdk/usr/include/sys/_types/_wint_t.h /Library/Developer/CommandLineTools/SDKs/MacOSX.sdk/usr/include/_types/_wctype_t.h /opt/homebrew/opt/llvm/include/c++/v1/ctype.h /Library/Developer/CommandLineTools/SDKs/MacOSX.sdk/usr/include/ctype.h /Library/Developer/CommandLineTools/SDKs/MacOSX.sdk/usr/include/_ctype.h /Library/Developer/CommandLineTools/SDKs/MacOSX.sdk/usr/include/runetype.h /opt/homebrew/opt/llvm/include/c++/v1/ostream /opt/homebrew/opt/llvm/include/c++/v1/__memory/shared_ptr.h /opt/homebrew/opt/llvm/include/c++/v1/__compare/compare_three_way.h /opt/homebrew/opt/llvm/include/c++/v1/__compare/three_way_comparable.h /opt/homebrew/opt/llvm/include/c++/v1/__compare/common_comparison_category.h /opt/homebrew/opt/llvm/include/c++/v1/__compare/ordering.h /opt/homebrew/opt/llvm/include/c++/v1/__functional/binary_function.h /opt/homebrew/opt/llvm/include/c++/v1/__functional/operations.h /opt/homebrew/opt/llvm/include/c++/v1/__functional/unary_function.h /opt/homebrew/opt/llvm/include/c++/v1/__functional/reference_wrapper.h /opt/homebrew/opt/llvm/include/c++/v1/__functional/invoke.h /opt/homebrew/opt/llvm/include/c++/v1/__type_traits/is_base_of.h /opt/homebrew/opt/llvm/include/c++/v1/__type_traits/is_core_convertible.h /opt/homebrew/opt/llvm/include/c++/v1/__type_traits/is_member_object_pointer.h /opt/homebrew/opt/llvm/include/c++/v1/__type_traits/is_reference_wrapper.h /opt/homebrew/opt/llvm/include/c++/v1/__functional/weak_result_type.h /opt/homebrew/opt/llvm/include/c++/v1/__memory/addressof.h /opt/homebrew/opt/llvm/include/c++/v1/__iterator/access.h /opt/homebrew/opt/llvm/include/c++/v1/__memory/allocation_guard.h /opt/homebrew/opt/llvm/include/c++/v1/__memory/allocator_traits.h /opt/homebrew/opt/llvm/include/c++/v1/__memory/construct_at.h /opt/homebrew/opt/llvm/include/c++/v1/__memory/voidify.h /opt/homebrew/opt/llvm/include/c++/v1/new /opt/homebrew/opt/llvm/include/c++/v1/cstdlib /opt/homebrew/opt/llvm/include/c++/v1/stdlib.h /Library/Developer/CommandLineTools/SDKs/MacOSX.sdk/usr/include/stdlib.h /Library/Developer/CommandLineTools/SDKs/MacOSX.sdk/usr/include/sys/wait.h /Library/Developer/CommandLineTools/SDKs/MacOSX.sdk/usr/include/sys/_types/_pid_t.h /Library/Developer/CommandLineTools/SDKs/MacOSX.sdk/usr/include/sys/_types/_id_t.h /Library/Developer/CommandLineTools/SDKs/MacOSX.sdk/usr/include/sys/signal.h /Library/Developer/CommandLineTools/SDKs/MacOSX.sdk/usr/include/sys/appleapiopts.h /Library/Developer/CommandLineTools/SDKs/MacOSX.sdk/usr/include/machine/signal.h /Library/Developer/CommandLineTools/SDKs/MacOSX.sdk/usr/include/arm/signal.h /Library/Developer/CommandLineTools/SDKs/MacOSX.sdk/usr/include/machine/_mcontext.h /Library/Developer/CommandLineTools/SDKs/MacOSX.sdk/usr/include/arm/_mcontext.h /Library/Developer/CommandLineTools/SDKs/MacOSX.sdk/usr/include/mach/machine/_structs.h /Library/Developer/CommandLineTools/SDKs/MacOSX.sdk/usr/include/mach/arm/_structs.h /Library/Developer/CommandLineTools/SDKs/MacOSX.sdk/usr/include/sys/_pthread/_pthread_attr_t.h /Library/Developer/CommandLineTools/SDKs/MacOSX.sdk/usr/include/sys/_types/_sigaltstack.h /Library/Developer/CommandLineTools/SDKs/MacOSX.sdk/usr/include/sys/_types/_ucontext.h /Library/Developer/CommandLineTools/SDKs/MacOSX.sdk/usr/include/sys/_types/_sigset_t.h /Library/Developer/CommandLineTools/SDKs/MacOSX.sdk/usr/include/sys/_types/_uid_t.h /Library/Developer/CommandLineTools/SDKs/MacOSX.sdk/usr/include/sys/resource.h /Library/Developer/CommandLineTools/SDKs/MacOSX.sdk/usr/include/sys/_types/_timeval.h /Library/Developer/CommandLineTools/SDKs/MacOSX.sdk/usr/include/machine/endian.h /Library/Developer/CommandLineTools/SDKs/MacOSX.sdk/usr/include/arm/endian.h /Library/Developer/CommandLineTools/SDKs/MacOSX.sdk/usr/include/sys/_endian.h /Library/Developer/CommandLineTools/SDKs/MacOSX.sdk/usr/include/libkern/_OSByteOrder.h /Library/Developer/CommandLineTools/SDKs/MacOSX.sdk/usr/include/libkern/arm/OSByteOrder.h /Library/Developer/CommandLineTools/SDKs/MacOSX.sdk/usr/include/arm/arch.h /Library/Developer/CommandLineTools/SDKs/MacOSX.sdk/usr/include/alloca.h /Library/Developer/CommandLineTools/SDKs/MacOSX.sdk/usr/include/malloc/_malloc.h /Library/Developer/CommandLineTools/SDKs/MacOSX.sdk/usr/include/sys/_types/_dev_t.h /Library/Developer/CommandLineTools/SDKs/MacOSX.sdk/usr/include/sys/_types/_mode_t.h /opt/homebrew/opt/llvm/include/c++/v1/exception /opt/homebrew/opt/llvm/include/c++/v1/__type_traits/is_final.h /opt/homebrew/opt/llvm/include/c++/v1/__type_traits/is_polymorphic.h /opt/homebrew/opt/llvm/include/c++/v1/type_traits /opt/homebrew/opt/llvm/include/c++/v1/__fwd/hash.h /opt/homebrew/opt/llvm/include/c++/v1/__type_traits/aligned_storage.h /opt/homebrew/opt/llvm/include/c++/v1/__type_traits/aligned_union.h /opt/homebrew/opt/llvm/include/c++/v1/__type_traits/alignment_of.h /opt/homebrew/opt/llvm/include/c++/v1/__type_traits/can_extract_key.h /opt/homebrew/opt/llvm/include/c++/v1/__type_traits/remove_const_ref.h /opt/homebrew/opt/llvm/include/c++/v1/__type_traits/conjunction.h /opt/homebrew/opt/llvm/include/c++/v1/__type_traits/dependent_type.h /opt/homebrew/opt/llvm/include/c++/v1/__type_traits/has_unique_object_representation.h /opt/homebrew/opt/llvm/include/c++/v1/__type_traits/has_virtual_destructor.h /opt/homebrew/opt/llvm/include/c++/v1/__type_traits/is_abstract.h /opt/homebrew/opt/llvm/include/c++/v1/__type_traits/is_aggregate.h /opt/homebrew/opt/llvm/include/c++/v1/__type_traits/is_assignable.h /opt/homebrew/opt/llvm/include/c++/v1/__type_traits/is_bounded_array.h /opt/homebrew/opt/llvm/include/c++/v1/__type_traits/is_callable.h /opt/homebrew/opt/llvm/include/c++/v1/__type_traits/is_char_like_type.h /opt/homebrew/opt/llvm/include/c++/v1/__type_traits/is_standard_layout.h /opt/homebrew/opt/llvm/include/c++/v1/__type_traits/is_trivial.h /opt/homebrew/opt/llvm/include/c++/v1/__type_traits/is_compound.h /opt/homebrew/opt/llvm/include/c++/v1/__type_traits/is_fundamental.h /opt/homebrew/opt/llvm/include/c++/v1/__type_traits/is_constant_evaluated.h /opt/homebrew/opt/llvm/include/c++/v1/__type_traits/is_copy_assignable.h /opt/homebrew/opt/llvm/include/c++/v1/__type_traits/is_default_constructible.h /opt/homebrew/opt/llvm/include/c++/v1/__type_traits/is_empty.h /opt/homebrew/opt/llvm/include/c++/v1/__type_traits/is_implicitly_default_constructible.h /opt/homebrew/opt/llvm/include/c++/v1/__type_traits/is_literal_type.h /opt/homebrew/opt/llvm/include/c++/v1/__type_traits/is_nothrow_convertible.h /opt/homebrew/opt/llvm/include/c++/v1/__type_traits/lazy.h /opt/homebrew/opt/llvm/include/c++/v1/__type_traits/is_nothrow_copy_assignable.h /opt/homebrew/opt/llvm/include/c++/v1/__type_traits/is_nothrow_copy_constructible.h /opt/homebrew/opt/llvm/include/c++/v1/__type_traits/is_nothrow_default_constructible.h /opt/homebrew/opt/llvm/include/c++/v1/__type_traits/is_pod.h /opt/homebrew/opt/llvm/include/c++/v1/__type_traits/is_scoped_enum.h /opt/homebrew/opt/llvm/include/c++/v1/__type_traits/underlying_type.h /opt/homebrew/opt/llvm/include/c++/v1/__type_traits/is_specialization.h /opt/homebrew/opt/llvm/include/c++/v1/__type_traits/is_trivially_assignable.h /opt/homebrew/opt/llvm/include/c++/v1/__type_traits/is_trivially_constructible.h /opt/homebrew/opt/llvm/include/c++/v1/__type_traits/is_trivially_copy_assignable.h /opt/homebrew/opt/llvm/include/c++/v1/__type_traits/is_trivially_copy_constructible.h /opt/homebrew/opt/llvm/include/c++/v1/__type_traits/is_trivially_copyable.h /opt/homebrew/opt/llvm/include/c++/v1/__type_traits/is_trivially_default_constructible.h /opt/homebrew/opt/llvm/include/c++/v1/__type_traits/is_trivially_destructible.h /opt/homebrew/opt/llvm/include/c++/v1/__type_traits/is_trivially_move_assignable.h /opt/homebrew/opt/llvm/include/c++/v1/__type_traits/is_trivially_move_constructible.h /opt/homebrew/opt/llvm/include/c++/v1/__type_traits/is_unbounded_array.h /opt/homebrew/opt/llvm/include/c++/v1/__type_traits/is_unsigned.h /opt/homebrew/opt/llvm/include/c++/v1/__type_traits/make_unsigned.h /opt/homebrew/opt/llvm/include/c++/v1/__type_traits/maybe_const.h /opt/homebrew/opt/llvm/include/c++/v1/__type_traits/negation.h /opt/homebrew/opt/llvm/include/c++/v1/__type_traits/rank.h /opt/homebrew/opt/llvm/include/c++/v1/__type_traits/remove_pointer.h /opt/homebrew/opt/llvm/include/c++/v1/__type_traits/result_of.h /opt/homebrew/opt/llvm/include/c++/v1/__type_traits/type_identity.h /opt/homebrew/opt/llvm/include/c++/v1/__memory/pointer_traits.h /opt/homebrew/opt/llvm/include/c++/v1/limits /opt/homebrew/opt/llvm/include/c++/v1/__undef_macros /opt/homebrew/opt/llvm/include/c++/v1/__memory/allocator.h /opt/homebrew/opt/llvm/include/c++/v1/__memory/allocate_at_least.h /opt/homebrew/opt/llvm/include/c++/v1/stdexcept /opt/homebrew/opt/llvm/include/c++/v1/__memory/allocator_destructor.h /opt/homebrew/opt/llvm/include/c++/v1/__memory/auto_ptr.h /opt/homebrew/opt/llvm/include/c++/v1/__memory/compressed_pair.h /opt/homebrew/opt/llvm/include/c++/v1/__fwd/get.h /opt/homebrew/opt/llvm/include/c++/v1/__fwd/array.h /opt/homebrew/opt/llvm/include/c++/v1/__fwd/subrange.h /opt/homebrew/opt/llvm/include/c++/v1/__fwd/tuple.h /opt/homebrew/opt/llvm/include/c++/v1/__tuple_dir/tuple_element.h /opt/homebrew/opt/llvm/include/c++/v1/__tuple_dir/tuple_indices.h /opt/homebrew/opt/llvm/include/c++/v1/__utility/integer_sequence.h /opt/homebrew/opt/llvm/include/c++/v1/__tuple_dir/tuple_types.h /opt/homebrew/opt/llvm/include/c++/v1/__utility/piecewise_construct.h /opt/homebrew/opt/llvm/include/c++/v1/__memory/uninitialized_algorithms.h /opt/homebrew/opt/llvm/include/c++/v1/__algorithm/copy.h /opt/homebrew/opt/llvm/include/c++/v1/__algorithm/copy_move_common.h /opt/homebrew/opt/llvm/include/c++/v1/__algorithm/iterator_operations.h /opt/homebrew/opt/llvm/include/c++/v1/__algorithm/iter_swap.h /opt/homebrew/opt/llvm/include/c++/v1/__algorithm/ranges_iterator_concept.h /opt/homebrew/opt/llvm/include/c++/v1/__iterator/concepts.h /opt/homebrew/opt/llvm/include/c++/v1/__concepts/derived_from.h /opt/homebrew/opt/llvm/include/c++/v1/__concepts/invocable.h /opt/homebrew/opt/llvm/include/c++/v1/__concepts/predicate.h /opt/homebrew/opt/llvm/include/c++/v1/__concepts/regular.h /opt/homebrew/opt/llvm/include/c++/v1/__concepts/semiregular.h /opt/homebrew/opt/llvm/include/c++/v1/__concepts/relation.h /opt/homebrew/opt/llvm/include/c++/v1/__iterator/iter_move.h /opt/homebrew/opt/llvm/include/c++/v1/__iterator/advance.h /opt/homebrew/opt/llvm/include/c++/v1/__utility/convert_to_integral.h /opt/homebrew/opt/llvm/include/c++/v1/__utility/unreachable.h /opt/homebrew/opt/llvm/include/c++/v1/__iterator/distance.h /opt/homebrew/opt/llvm/include/c++/v1/__ranges/access.h /opt/homebrew/opt/llvm/include/c++/v1/__ranges/enable_borrowed_range.h /opt/homebrew/opt/llvm/include/c++/v1/__utility/auto_cast.h /opt/homebrew/opt/llvm/include/c++/v1/__ranges/concepts.h /opt/homebrew/opt/llvm/include/c++/v1/__ranges/data.h /opt/homebrew/opt/llvm/include/c++/v1/__ranges/enable_view.h /opt/homebrew/opt/llvm/include/c++/v1/__ranges/size.h /opt/homebrew/opt/llvm/include/c++/v1/initializer_list /opt/homebrew/opt/llvm/include/c++/v1/__iterator/iter_swap.h /opt/homebrew/opt/llvm/include/c++/v1/__iterator/next.h /opt/homebrew/opt/llvm/include/c++/v1/__iterator/prev.h /opt/homebrew/opt/llvm/include/c++/v1/__algorithm/unwrap_iter.h /opt/homebrew/opt/llvm/include/c++/v1/__algorithm/unwrap_range.h /opt/homebrew/opt/llvm/include/c++/v1/__utility/pair.h /opt/homebrew/opt/llvm/include/c++/v1/__compare/synth_three_way.h /opt/homebrew/opt/llvm/include/c++/v1/__functional/unwrap_ref.h /opt/homebrew/opt/llvm/include/c++/v1/__tuple_dir/sfinae_helpers.h /opt/homebrew/opt/llvm/include/c++/v1/__tuple_dir/make_tuple_types.h /opt/homebrew/opt/llvm/include/c++/v1/__tuple_dir/apply_cv.h /opt/homebrew/opt/llvm/include/c++/v1/__tuple_dir/tuple_size.h /opt/homebrew/opt/llvm/include/c++/v1/__tuple_dir/tuple_like_ext.h /opt/homebrew/opt/llvm/include/c++/v1/__type_traits/is_always_bitcastable.h /opt/homebrew/opt/llvm/include/c++/v1/__algorithm/min.h /opt/homebrew/opt/llvm/include/c++/v1/__algorithm/comp.h /opt/homebrew/opt/llvm/include/c++/v1/__algorithm/comp_ref_type.h /opt/homebrew/opt/llvm/include/c++/v1/__debug /opt/homebrew/opt/llvm/include/c++/v1/__algorithm/min_element.h /opt/homebrew/opt/llvm/include/c++/v1/__functional/identity.h /opt/homebrew/opt/llvm/include/c++/v1/__iterator/segmented_iterator.h /opt/homebrew/opt/llvm/include/c++/v1/__algorithm/move.h /opt/homebrew/opt/llvm/include/c++/v1/__iterator/reverse_iterator.h /opt/homebrew/opt/llvm/include/c++/v1/__compare/compare_three_way_result.h /opt/homebrew/opt/llvm/include/c++/v1/__ranges/subrange.h /opt/homebrew/opt/llvm/include/c++/v1/__concepts/different_from.h /opt/homebrew/opt/llvm/include/c++/v1/__ranges/dangling.h /opt/homebrew/opt/llvm/include/c++/v1/__ranges/view_interface.h /opt/homebrew/opt/llvm/include/c++/v1/__ranges/empty.h /opt/homebrew/opt/llvm/include/c++/v1/__tuple_dir/pair_like.h /opt/homebrew/opt/llvm/include/c++/v1/__tuple_dir/tuple_like.h /opt/homebrew/opt/llvm/include/c++/v1/__utility/exception_guard.h /opt/homebrew/opt/llvm/include/c++/v1/__memory/unique_ptr.h /opt/homebrew/opt/llvm/include/c++/v1/__functional/hash.h /opt/homebrew/opt/llvm/include/c++/v1/cstring /opt/homebrew/opt/llvm/include/c++/v1/string.h /Library/Developer/CommandLineTools/SDKs/MacOSX.sdk/usr/include/string.h /Library/Developer/CommandLineTools/SDKs/MacOSX.sdk/usr/include/strings.h /opt/homebrew/opt/llvm/include/c++/v1/typeinfo /opt/homebrew/opt/llvm/include/c++/v1/atomic /opt/homebrew/opt/llvm/include/c++/v1/__chrono/duration.h /opt/homebrew/opt/llvm/include/c++/v1/ratio /opt/homebrew/opt/llvm/include/c++/v1/climits /opt/homebrew/opt/llvm/include/c++/v1/limits.h /opt/homebrew/Cellar/llvm/16.0.6/lib/clang/16/include/limits.h /Library/Developer/CommandLineTools/SDKs/MacOSX.sdk/usr/include/limits.h /Library/Developer/CommandLineTools/SDKs/MacOSX.sdk/usr/include/machine/limits.h /Library/Developer/CommandLineTools/SDKs/MacOSX.sdk/usr/include/arm/limits.h /Library/Developer/CommandLineTools/SDKs/MacOSX.sdk/usr/include/arm/_limits.h /Library/Developer/CommandLineTools/SDKs/MacOSX.sdk/usr/include/sys/syslimits.h /opt/homebrew/opt/llvm/include/c++/v1/__thread/poll_with_backoff.h /opt/homebrew/opt/llvm/include/c++/v1/__chrono/high_resolution_clock.h /opt/homebrew/opt/llvm/include/c++/v1/__chrono/steady_clock.h /opt/homebrew/opt/llvm/include/c++/v1/__chrono/time_point.h /opt/homebrew/opt/llvm/include/c++/v1/__chrono/system_clock.h /opt/homebrew/opt/llvm/include/c++/v1/ctime /opt/homebrew/opt/llvm/include/c++/v1/__thread/timed_backoff_policy.h /opt/homebrew/opt/llvm/include/c++/v1/__threading_support /opt/homebrew/opt/llvm/include/c++/v1/__chrono/convert_to_timespec.h /opt/homebrew/opt/llvm/include/c++/v1/errno.h /Library/Developer/CommandLineTools/SDKs/MacOSX.sdk/usr/include/errno.h /Library/Developer/CommandLineTools/SDKs/MacOSX.sdk/usr/include/sys/errno.h /Library/Developer/CommandLineTools/SDKs/MacOSX.sdk/usr/include/pthread.h /Library/Developer/CommandLineTools/SDKs/MacOSX.sdk/usr/include/pthread/sched.h /Library/Developer/CommandLineTools/SDKs/MacOSX.sdk/usr/include/pthread/pthread_impl.h /Library/Developer/CommandLineTools/SDKs/MacOSX.sdk/usr/include/sys/_pthread/_pthread_cond_t.h /Library/Developer/CommandLineTools/SDKs/MacOSX.sdk/usr/include/sys/_pthread/_pthread_condattr_t.h /Library/Developer/CommandLineTools/SDKs/MacOSX.sdk/usr/include/sys/_pthread/_pthread_key_t.h /Library/Developer/CommandLineTools/SDKs/MacOSX.sdk/usr/include/sys/_pthread/_pthread_mutex_t.h /Library/Developer/CommandLineTools/SDKs/MacOSX.sdk/usr/include/sys/_pthread/_pthread_mutexattr_t.h /Library/Developer/CommandLineTools/SDKs/MacOSX.sdk/usr/include/sys/_pthread/_pthread_once_t.h /Library/Developer/CommandLineTools/SDKs/MacOSX.sdk/usr/include/sys/_pthread/_pthread_rwlock_t.h /Library/Developer/CommandLineTools/SDKs/MacOSX.sdk/usr/include/sys/_pthread/_pthread_rwlockattr_t.h /Library/Developer/CommandLineTools/SDKs/MacOSX.sdk/usr/include/sys/_pthread/_pthread_t.h /Library/Developer/CommandLineTools/SDKs/MacOSX.sdk/usr/include/pthread/qos.h /Library/Developer/CommandLineTools/SDKs/MacOSX.sdk/usr/include/sys/qos.h /Library/Developer/CommandLineTools/SDKs/MacOSX.sdk/usr/include/sys/_types/_mach_port_t.h /Library/Developer/CommandLineTools/SDKs/MacOSX.sdk/usr/include/sched.h /opt/homebrew/opt/llvm/include/c++/v1/cmath /opt/homebrew/opt/llvm/include/c++/v1/math.h /Library/Developer/CommandLineTools/SDKs/MacOSX.sdk/usr/include/math.h /opt/homebrew/opt/llvm/include/c++/v1/__type_traits/promote.h /opt/homebrew/opt/llvm/include/c++/v1/compare /opt/homebrew/opt/llvm/include/c++/v1/__compare/compare_partial_order_fallback.h /opt/homebrew/opt/llvm/include/c++/v1/__compare/partial_order.h /opt/homebrew/opt/llvm/include/c++/v1/__compare/weak_order.h /opt/homebrew/opt/llvm/include/c++/v1/__compare/strong_order.h /opt/homebrew/opt/llvm/include/c++/v1/__bit/bit_cast.h /opt/homebrew/opt/llvm/include/c++/v1/__utility/priority_tag.h /opt/homebrew/opt/llvm/include/c++/v1/__compare/compare_strong_order_fallback.h /opt/homebrew/opt/llvm/include/c++/v1/__compare/compare_weak_order_fallback.h /opt/homebrew/opt/llvm/include/c++/v1/__compare/is_eq.h /opt/homebrew/opt/llvm/include/c++/v1/bitset /opt/homebrew/opt/llvm/include/c++/v1/__algorithm/fill.h /opt/homebrew/opt/llvm/include/c++/v1/__algorithm/fill_n.h /opt/homebrew/opt/llvm/include/c++/v1/__bit_reference /opt/homebrew/opt/llvm/include/c++/v1/__algorithm/copy_n.h /opt/homebrew/opt/llvm/include/c++/v1/__bit/countr.h /opt/homebrew/opt/llvm/include/c++/v1/__bit/rotate.h /opt/homebrew/opt/llvm/include/c++/v1/__bit/popcount.h /opt/homebrew/opt/llvm/include/c++/v1/string /opt/homebrew/opt/llvm/include/c++/v1/__algorithm/max.h /opt/homebrew/opt/llvm/include/c++/v1/__algorithm/max_element.h /opt/homebrew/opt/llvm/include/c++/v1/__algorithm/remove.h /opt/homebrew/opt/llvm/include/c++/v1/__algorithm/find.h /opt/homebrew/opt/llvm/include/c++/v1/__algorithm/find_if.h /opt/homebrew/opt/llvm/include/c++/v1/__algorithm/remove_if.h /opt/homebrew/opt/llvm/include/c++/v1/__format/enable_insertable.h /opt/homebrew/opt/llvm/include/c++/v1/__ios/fpos.h /opt/homebrew/opt/llvm/include/c++/v1/__iterator/wrap_iter.h /opt/homebrew/opt/llvm/include/c++/v1/__memory/swap_allocator.h /opt/homebrew/opt/llvm/include/c++/v1/__memory_resource/polymorphic_allocator.h /opt/homebrew/opt/llvm/include/c++/v1/__memory_resource/memory_resource.h /opt/homebrew/opt/llvm/include/c++/v1/tuple /opt/homebrew/opt/llvm/include/c++/v1/__memory/allocator_arg_t.h /opt/homebrew/opt/llvm/include/c++/v1/__memory/uses_allocator.h /opt/homebrew/opt/llvm/include/c++/v1/utility /opt/homebrew/opt/llvm/include/c++/v1/__utility/as_const.h /opt/homebrew/opt/llvm/include/c++/v1/__utility/cmp.h /opt/homebrew/opt/llvm/include/c++/v1/__utility/forward_like.h /opt/homebrew/opt/llvm/include/c++/v1/__utility/in_place.h /opt/homebrew/opt/llvm/include/c++/v1/__utility/rel_ops.h /opt/homebrew/opt/llvm/include/c++/v1/__utility/to_underlying.h /opt/homebrew/opt/llvm/include/c++/v1/__string/char_traits.h /opt/homebrew/opt/llvm/include/c++/v1/__algorithm/find_end.h /opt/homebrew/opt/llvm/include/c++/v1/__algorithm/search.h /opt/homebrew/opt/llvm/include/c++/v1/__algorithm/find_first_of.h /opt/homebrew/opt/llvm/include/c++/v1/cstdio /opt/homebrew/opt/llvm/include/c++/v1/cwchar /opt/homebrew/opt/llvm/include/c++/v1/cwctype /opt/homebrew/opt/llvm/include/c++/v1/cctype /opt/homebrew/opt/llvm/include/c++/v1/wctype.h /Library/Developer/CommandLineTools/SDKs/MacOSX.sdk/usr/include/wctype.h /Library/Developer/CommandLineTools/SDKs/MacOSX.sdk/usr/include/_types/_wctrans_t.h /opt/homebrew/opt/llvm/include/c++/v1/__string/extern_template_lists.h /opt/homebrew/opt/llvm/include/c++/v1/__type_traits/is_allocator.h /opt/homebrew/opt/llvm/include/c++/v1/__type_traits/noexcept_move_assign_container.h /opt/homebrew/opt/llvm/include/c++/v1/string_view /opt/homebrew/opt/llvm/include/c++/v1/__fwd/string_view.h /opt/homebrew/opt/llvm/include/c++/v1/__iterator/data.h /opt/homebrew/opt/llvm/include/c++/v1/__iterator/empty.h /opt/homebrew/opt/llvm/include/c++/v1/__iterator/reverse_access.h /opt/homebrew/opt/llvm/include/c++/v1/__iterator/size.h /opt/homebrew/opt/llvm/include/c++/v1/algorithm /opt/homebrew/opt/llvm/include/c++/v1/__algorithm/adjacent_find.h /opt/homebrew/opt/llvm/include/c++/v1/__algorithm/all_of.h /opt/homebrew/opt/llvm/include/c++/v1/__algorithm/any_of.h /opt/homebrew/opt/llvm/include/c++/v1/__algorithm/binary_search.h /opt/homebrew/opt/llvm/include/c++/v1/__algorithm/lower_bound.h /opt/homebrew/opt/llvm/include/c++/v1/__algorithm/half_positive.h /opt/homebrew/opt/llvm/include/c++/v1/__algorithm/clamp.h /opt/homebrew/opt/llvm/include/c++/v1/__algorithm/copy_backward.h /opt/homebrew/opt/llvm/include/c++/v1/__algorithm/copy_if.h /opt/homebrew/opt/llvm/include/c++/v1/__algorithm/count.h /opt/homebrew/opt/llvm/include/c++/v1/__algorithm/count_if.h /opt/homebrew/opt/llvm/include/c++/v1/__algorithm/equal.h /opt/homebrew/opt/llvm/include/c++/v1/__algorithm/equal_range.h /opt/homebrew/opt/llvm/include/c++/v1/__algorithm/upper_bound.h /opt/homebrew/opt/llvm/include/c++/v1/__algorithm/find_if_not.h /opt/homebrew/opt/llvm/include/c++/v1/__algorithm/for_each.h /opt/homebrew/opt/llvm/include/c++/v1/__algorithm/for_each_n.h /opt/homebrew/opt/llvm/include/c++/v1/__algorithm/generate.h /opt/homebrew/opt/llvm/include/c++/v1/__algorithm/generate_n.h /opt/homebrew/opt/llvm/include/c++/v1/__algorithm/in_found_result.h /opt/homebrew/opt/llvm/include/c++/v1/__algorithm/in_fun_result.h /opt/homebrew/opt/llvm/include/c++/v1/__algorithm/in_in_out_result.h /opt/homebrew/opt/llvm/include/c++/v1/__algorithm/in_in_result.h /opt/homebrew/opt/llvm/include/c++/v1/__algorithm/in_out_out_result.h /opt/homebrew/opt/llvm/include/c++/v1/__algorithm/in_out_result.h /opt/homebrew/opt/llvm/include/c++/v1/__algorithm/includes.h /opt/homebrew/opt/llvm/include/c++/v1/__algorithm/inplace_merge.h /opt/homebrew/opt/llvm/include/c++/v1/__algorithm/rotate.h /opt/homebrew/opt/llvm/include/c++/v1/__algorithm/move_backward.h /opt/homebrew/opt/llvm/include/c++/v1/__algorithm/swap_ranges.h /opt/homebrew/opt/llvm/include/c++/v1/__memory/destruct_n.h /opt/homebrew/opt/llvm/include/c++/v1/__memory/temporary_buffer.h /opt/homebrew/opt/llvm/include/c++/v1/__algorithm/is_heap.h /opt/homebrew/opt/llvm/include/c++/v1/__algorithm/is_heap_until.h /opt/homebrew/opt/llvm/include/c++/v1/__algorithm/is_partitioned.h /opt/homebrew/opt/llvm/include/c++/v1/__algorithm/is_permutation.h /opt/homebrew/opt/llvm/include/c++/v1/__algorithm/is_sorted.h /opt/homebrew/opt/llvm/include/c++/v1/__algorithm/is_sorted_until.h /opt/homebrew/opt/llvm/include/c++/v1/__algorithm/lexicographical_compare.h /opt/homebrew/opt/llvm/include/c++/v1/__algorithm/make_heap.h /opt/homebrew/opt/llvm/include/c++/v1/__algorithm/sift_down.h /opt/homebrew/opt/llvm/include/c++/v1/__algorithm/merge.h /opt/homebrew/opt/llvm/include/c++/v1/__algorithm/min_max_result.h /opt/homebrew/opt/llvm/include/c++/v1/__algorithm/minmax.h /opt/homebrew/opt/llvm/include/c++/v1/__algorithm/minmax_element.h /opt/homebrew/opt/llvm/include/c++/v1/__algorithm/mismatch.h /opt/homebrew/opt/llvm/include/c++/v1/__algorithm/next_permutation.h /opt/homebrew/opt/llvm/include/c++/v1/__algorithm/reverse.h /opt/homebrew/opt/llvm/include/c++/v1/__algorithm/none_of.h /opt/homebrew/opt/llvm/include/c++/v1/__algorithm/nth_element.h /opt/homebrew/opt/llvm/include/c++/v1/__algorithm/sort.h /opt/homebrew/opt/llvm/include/c++/v1/__algorithm/partial_sort.h /opt/homebrew/opt/llvm/include/c++/v1/__algorithm/sort_heap.h /opt/homebrew/opt/llvm/include/c++/v1/__algorithm/pop_heap.h /opt/homebrew/opt/llvm/include/c++/v1/__algorithm/push_heap.h /opt/homebrew/opt/llvm/include/c++/v1/__debug_utils/randomize_range.h /opt/homebrew/opt/llvm/include/c++/v1/__functional/ranges_operations.h /opt/homebrew/opt/llvm/include/c++/v1/bit /opt/homebrew/opt/llvm/include/c++/v1/__bit/bit_ceil.h /opt/homebrew/opt/llvm/include/c++/v1/__bit/countl.h /opt/homebrew/opt/llvm/include/c++/v1/__bit/bit_floor.h /opt/homebrew/opt/llvm/include/c++/v1/__bit/bit_log2.h /opt/homebrew/opt/llvm/include/c++/v1/__bit/bit_width.h /opt/homebrew/opt/llvm/include/c++/v1/__bit/blsr.h /opt/homebrew/opt/llvm/include/c++/v1/__bit/byteswap.h /opt/homebrew/opt/llvm/include/c++/v1/__bit/endian.h /opt/homebrew/opt/llvm/include/c++/v1/__bit/has_single_bit.h /opt/homebrew/opt/llvm/include/c++/v1/__algorithm/partial_sort_copy.h /opt/homebrew/opt/llvm/include/c++/v1/__algorithm/make_projected.h /opt/homebrew/opt/llvm/include/c++/v1/__algorithm/partition.h /opt/homebrew/opt/llvm/include/c++/v1/__algorithm/partition_copy.h /opt/homebrew/opt/llvm/include/c++/v1/__algorithm/partition_point.h /opt/homebrew/opt/llvm/include/c++/v1/__algorithm/prev_permutation.h /opt/homebrew/opt/llvm/include/c++/v1/__algorithm/ranges_adjacent_find.h /opt/homebrew/opt/llvm/include/c++/v1/__iterator/projected.h /opt/homebrew/opt/llvm/include/c++/v1/__algorithm/ranges_all_of.h /opt/homebrew/opt/llvm/include/c++/v1/__algorithm/ranges_any_of.h /opt/homebrew/opt/llvm/include/c++/v1/__algorithm/ranges_binary_search.h /opt/homebrew/opt/llvm/include/c++/v1/__algorithm/ranges_clamp.h /opt/homebrew/opt/llvm/include/c++/v1/__algorithm/ranges_copy.h /opt/homebrew/opt/llvm/include/c++/v1/__algorithm/ranges_copy_backward.h /opt/homebrew/opt/llvm/include/c++/v1/__algorithm/ranges_copy_if.h /opt/homebrew/opt/llvm/include/c++/v1/__algorithm/ranges_copy_n.h /opt/homebrew/opt/llvm/include/c++/v1/__iterator/unreachable_sentinel.h /opt/homebrew/opt/llvm/include/c++/v1/__algorithm/ranges_count.h /opt/homebrew/opt/llvm/include/c++/v1/__algorithm/ranges_count_if.h /opt/homebrew/opt/llvm/include/c++/v1/__algorithm/ranges_equal.h /opt/homebrew/opt/llvm/include/c++/v1/__iterator/indirectly_comparable.h /opt/homebrew/opt/llvm/include/c++/v1/__algorithm/ranges_equal_range.h /opt/homebrew/opt/llvm/include/c++/v1/__algorithm/ranges_fill.h /opt/homebrew/opt/llvm/include/c++/v1/__algorithm/ranges_fill_n.h /opt/homebrew/opt/llvm/include/c++/v1/__algorithm/ranges_find.h /opt/homebrew/opt/llvm/include/c++/v1/__algorithm/ranges_find_if.h /opt/homebrew/opt/llvm/include/c++/v1/__algorithm/ranges_find_end.h /opt/homebrew/opt/llvm/include/c++/v1/__algorithm/ranges_find_first_of.h /opt/homebrew/opt/llvm/include/c++/v1/__algorithm/ranges_find_if_not.h /opt/homebrew/opt/llvm/include/c++/v1/__algorithm/ranges_for_each.h /opt/homebrew/opt/llvm/include/c++/v1/__algorithm/ranges_for_each_n.h /opt/homebrew/opt/llvm/include/c++/v1/__algorithm/ranges_generate.h /opt/homebrew/opt/llvm/include/c++/v1/__algorithm/ranges_generate_n.h /opt/homebrew/opt/llvm/include/c++/v1/__algorithm/ranges_includes.h /opt/homebrew/opt/llvm/include/c++/v1/__algorithm/ranges_inplace_merge.h /opt/homebrew/opt/llvm/include/c++/v1/__iterator/sortable.h /opt/homebrew/opt/llvm/include/c++/v1/__iterator/permutable.h /opt/homebrew/opt/llvm/include/c++/v1/__algorithm/ranges_is_heap.h /opt/homebrew/opt/llvm/include/c++/v1/__algorithm/ranges_is_heap_until.h /opt/homebrew/opt/llvm/include/c++/v1/__algorithm/ranges_is_partitioned.h /opt/homebrew/opt/llvm/include/c++/v1/__algorithm/ranges_is_permutation.h /opt/homebrew/opt/llvm/include/c++/v1/__algorithm/ranges_is_sorted.h /opt/homebrew/opt/llvm/include/c++/v1/__algorithm/ranges_is_sorted_until.h /opt/homebrew/opt/llvm/include/c++/v1/__algorithm/ranges_lexicographical_compare.h /opt/homebrew/opt/llvm/include/c++/v1/__algorithm/ranges_lower_bound.h /opt/homebrew/opt/llvm/include/c++/v1/__algorithm/ranges_make_heap.h /opt/homebrew/opt/llvm/include/c++/v1/__algorithm/ranges_max.h /opt/homebrew/opt/llvm/include/c++/v1/__algorithm/ranges_min_element.h /opt/homebrew/opt/llvm/include/c++/v1/__algorithm/ranges_max_element.h /opt/homebrew/opt/llvm/include/c++/v1/__algorithm/ranges_merge.h /opt/homebrew/opt/llvm/include/c++/v1/__iterator/mergeable.h /opt/homebrew/opt/llvm/include/c++/v1/__algorithm/ranges_min.h /opt/homebrew/opt/llvm/include/c++/v1/__algorithm/ranges_minmax.h /opt/homebrew/opt/llvm/include/c++/v1/__algorithm/ranges_minmax_element.h /opt/homebrew/opt/llvm/include/c++/v1/__algorithm/ranges_mismatch.h /opt/homebrew/opt/llvm/include/c++/v1/__algorithm/ranges_move.h /opt/homebrew/opt/llvm/include/c++/v1/__algorithm/ranges_move_backward.h /opt/homebrew/opt/llvm/include/c++/v1/__algorithm/ranges_next_permutation.h /opt/homebrew/opt/llvm/include/c++/v1/__algorithm/ranges_none_of.h /opt/homebrew/opt/llvm/include/c++/v1/__algorithm/ranges_nth_element.h /opt/homebrew/opt/llvm/include/c++/v1/__algorithm/ranges_partial_sort.h /opt/homebrew/opt/llvm/include/c++/v1/__algorithm/ranges_partial_sort_copy.h /opt/homebrew/opt/llvm/include/c++/v1/__algorithm/ranges_partition.h /opt/homebrew/opt/llvm/include/c++/v1/__algorithm/ranges_partition_copy.h /opt/homebrew/opt/llvm/include/c++/v1/__algorithm/ranges_partition_point.h /opt/homebrew/opt/llvm/include/c++/v1/__algorithm/ranges_pop_heap.h /opt/homebrew/opt/llvm/include/c++/v1/__algorithm/ranges_prev_permutation.h /opt/homebrew/opt/llvm/include/c++/v1/__algorithm/ranges_push_heap.h /opt/homebrew/opt/llvm/include/c++/v1/__algorithm/ranges_remove.h /opt/homebrew/opt/llvm/include/c++/v1/__algorithm/ranges_remove_if.h /opt/homebrew/opt/llvm/include/c++/v1/__algorithm/ranges_remove_copy.h /opt/homebrew/opt/llvm/include/c++/v1/__algorithm/ranges_remove_copy_if.h /opt/homebrew/opt/llvm/include/c++/v1/__algorithm/remove_copy_if.h /opt/homebrew/opt/llvm/include/c++/v1/__algorithm/ranges_replace.h /opt/homebrew/opt/llvm/include/c++/v1/__algorithm/ranges_replace_if.h /opt/homebrew/opt/llvm/include/c++/v1/__algorithm/ranges_replace_copy.h /opt/homebrew/opt/llvm/include/c++/v1/__algorithm/ranges_replace_copy_if.h /opt/homebrew/opt/llvm/include/c++/v1/__algorithm/ranges_reverse.h /opt/homebrew/opt/llvm/include/c++/v1/__algorithm/ranges_reverse_copy.h /opt/homebrew/opt/llvm/include/c++/v1/__algorithm/ranges_rotate.h /opt/homebrew/opt/llvm/include/c++/v1/__algorithm/ranges_rotate_copy.h /opt/homebrew/opt/llvm/include/c++/v1/__algorithm/ranges_sample.h /opt/homebrew/opt/llvm/include/c++/v1/__algorithm/sample.h /opt/homebrew/opt/llvm/include/c++/v1/__random/uniform_int_distribution.h /opt/homebrew/opt/llvm/include/c++/v1/__random/is_valid.h /opt/homebrew/opt/llvm/include/c++/v1/__random/log2.h /opt/homebrew/opt/llvm/include/c++/v1/__algorithm/uniform_random_bit_generator_adaptor.h /opt/homebrew/opt/llvm/include/c++/v1/__random/uniform_random_bit_generator.h /opt/homebrew/opt/llvm/include/c++/v1/__algorithm/ranges_search.h /opt/homebrew/opt/llvm/include/c++/v1/__algorithm/ranges_search_n.h /opt/homebrew/opt/llvm/include/c++/v1/__algorithm/search_n.h /opt/homebrew/opt/llvm/include/c++/v1/__algorithm/ranges_set_difference.h /opt/homebrew/opt/llvm/include/c++/v1/__algorithm/set_difference.h /opt/homebrew/opt/llvm/include/c++/v1/__algorithm/ranges_set_intersection.h /opt/homebrew/opt/llvm/include/c++/v1/__algorithm/set_intersection.h /opt/homebrew/opt/llvm/include/c++/v1/__algorithm/ranges_set_symmetric_difference.h /opt/homebrew/opt/llvm/include/c++/v1/__algorithm/set_symmetric_difference.h /opt/homebrew/opt/llvm/include/c++/v1/__algorithm/ranges_set_union.h /opt/homebrew/opt/llvm/include/c++/v1/__algorithm/set_union.h /opt/homebrew/opt/llvm/include/c++/v1/__algorithm/ranges_shuffle.h /opt/homebrew/opt/llvm/include/c++/v1/__algorithm/shuffle.h /opt/homebrew/opt/llvm/include/c++/v1/__algorithm/ranges_sort.h /opt/homebrew/opt/llvm/include/c++/v1/__algorithm/ranges_sort_heap.h /opt/homebrew/opt/llvm/include/c++/v1/__algorithm/ranges_stable_partition.h /opt/homebrew/opt/llvm/include/c++/v1/__algorithm/stable_partition.h /opt/homebrew/opt/llvm/include/c++/v1/__algorithm/ranges_stable_sort.h /opt/homebrew/opt/llvm/include/c++/v1/__algorithm/stable_sort.h /opt/homebrew/opt/llvm/include/c++/v1/__algorithm/ranges_swap_ranges.h /opt/homebrew/opt/llvm/include/c++/v1/__algorithm/ranges_transform.h /opt/homebrew/opt/llvm/include/c++/v1/__algorithm/ranges_unique.h /opt/homebrew/opt/llvm/include/c++/v1/__algorithm/unique.h /opt/homebrew/opt/llvm/include/c++/v1/__algorithm/ranges_unique_copy.h /opt/homebrew/opt/llvm/include/c++/v1/__algorithm/unique_copy.h /opt/homebrew/opt/llvm/include/c++/v1/__algorithm/ranges_upper_bound.h /opt/homebrew/opt/llvm/include/c++/v1/__algorithm/remove_copy.h /opt/homebrew/opt/llvm/include/c++/v1/__algorithm/replace.h /opt/homebrew/opt/llvm/include/c++/v1/__algorithm/replace_copy.h /opt/homebrew/opt/llvm/include/c++/v1/__algorithm/replace_copy_if.h /opt/homebrew/opt/llvm/include/c++/v1/__algorithm/replace_if.h /opt/homebrew/opt/llvm/include/c++/v1/__algorithm/reverse_copy.h /opt/homebrew/opt/llvm/include/c++/v1/__algorithm/rotate_copy.h /opt/homebrew/opt/llvm/include/c++/v1/__algorithm/shift_left.h /opt/homebrew/opt/llvm/include/c++/v1/__algorithm/shift_right.h /opt/homebrew/opt/llvm/include/c++/v1/__algorithm/transform.h /opt/homebrew/opt/llvm/include/c++/v1/chrono /opt/homebrew/opt/llvm/include/c++/v1/__chrono/calendar.h /opt/homebrew/opt/llvm/include/c++/v1/__chrono/convert_to_tm.h /opt/homebrew/opt/llvm/include/c++/v1/__chrono/day.h /opt/homebrew/opt/llvm/include/c++/v1/__chrono/hh_mm_ss.h /opt/homebrew/opt/llvm/include/c++/v1/__chrono/month.h /opt/homebrew/opt/llvm/include/c++/v1/__chrono/month_weekday.h /opt/homebrew/opt/llvm/include/c++/v1/__chrono/weekday.h /opt/homebrew/opt/llvm/include/c++/v1/__chrono/monthday.h /opt/homebrew/opt/llvm/include/c++/v1/__chrono/statically_widen.h /opt/homebrew/opt/llvm/include/c++/v1/__format/concepts.h /opt/homebrew/opt/llvm/include/c++/v1/__format/format_fwd.h /opt/homebrew/opt/llvm/include/c++/v1/__format/format_parse_context.h /opt/homebrew/opt/llvm/include/c++/v1/__format/format_error.h /opt/homebrew/opt/llvm/include/c++/v1/__chrono/year.h /opt/homebrew/opt/llvm/include/c++/v1/__chrono/year_month.h /opt/homebrew/opt/llvm/include/c++/v1/__chrono/year_month_day.h /opt/homebrew/opt/llvm/include/c++/v1/__chrono/year_month_weekday.h /opt/homebrew/opt/llvm/include/c++/v1/__chrono/file_clock.h /opt/homebrew/opt/llvm/include/c++/v1/__chrono/literals.h /opt/homebrew/opt/llvm/include/c++/v1/concepts /opt/homebrew/opt/llvm/include/c++/v1/__concepts/common_with.h /opt/homebrew/opt/llvm/include/c++/v1/iterator /opt/homebrew/opt/llvm/include/c++/v1/__iterator/back_insert_iterator.h /opt/homebrew/opt/llvm/include/c++/v1/__iterator/bounded_iter.h /opt/homebrew/opt/llvm/include/c++/v1/__iterator/common_iterator.h /opt/homebrew/opt/llvm/include/c++/v1/variant /opt/homebrew/opt/llvm/include/c++/v1/__variant/monostate.h /opt/homebrew/opt/llvm/include/c++/v1/__iterator/counted_iterator.h /opt/homebrew/opt/llvm/include/c++/v1/__iterator/erase_if_container.h /opt/homebrew/opt/llvm/include/c++/v1/__iterator/front_insert_iterator.h /opt/homebrew/opt/llvm/include/c++/v1/__iterator/insert_iterator.h /opt/homebrew/opt/llvm/include/c++/v1/__iterator/istream_iterator.h /opt/homebrew/opt/llvm/include/c++/v1/__iterator/move_iterator.h /opt/homebrew/opt/llvm/include/c++/v1/__iterator/move_sentinel.h /opt/homebrew/opt/llvm/include/c++/v1/__iterator/ostream_iterator.h /opt/homebrew/opt/llvm/include/c++/v1/__iterator/ostreambuf_iterator.h /opt/homebrew/opt/llvm/include/c++/v1/memory /opt/homebrew/opt/llvm/include/c++/v1/__memory/align.h /opt/homebrew/opt/llvm/include/c++/v1/__memory/assume_aligned.h /opt/homebrew/opt/llvm/include/c++/v1/__memory/concepts.h /opt/homebrew/opt/llvm/include/c++/v1/__memory/ranges_construct_at.h /opt/homebrew/opt/llvm/include/c++/v1/__memory/ranges_uninitialized_algorithms.h /opt/homebrew/opt/llvm/include/c++/v1/__memory/raw_storage_iterator.h /opt/homebrew/opt/llvm/include/c++/v1/__memory/uses_allocator_construction.h /opt/homebrew/opt/llvm/include/c++/v1/functional /opt/homebrew/opt/llvm/include/c++/v1/__functional/binary_negate.h /opt/homebrew/opt/llvm/include/c++/v1/__functional/bind.h /opt/homebrew/opt/llvm/include/c++/v1/__functional/bind_back.h /opt/homebrew/opt/llvm/include/c++/v1/__functional/perfect_forward.h /opt/homebrew/opt/llvm/include/c++/v1/__functional/bind_front.h /opt/homebrew/opt/llvm/include/c++/v1/__functional/binder1st.h /opt/homebrew/opt/llvm/include/c++/v1/__functional/binder2nd.h /opt/homebrew/opt/llvm/include/c++/v1/__functional/boyer_moore_searcher.h /opt/homebrew/opt/llvm/include/c++/v1/array /opt/homebrew/opt/llvm/include/c++/v1/unordered_map /opt/homebrew/opt/llvm/include/c++/v1/__functional/is_transparent.h /opt/homebrew/opt/llvm/include/c++/v1/__hash_table /opt/homebrew/opt/llvm/include/c++/v1/__node_handle /opt/homebrew/opt/llvm/include/c++/v1/optional /opt/homebrew/opt/llvm/include/c++/v1/vector /opt/homebrew/opt/llvm/include/c++/v1/__format/formatter.h /opt/homebrew/opt/llvm/include/c++/v1/__memory/temp_value.h /opt/homebrew/opt/llvm/include/c++/v1/__split_buffer /opt/homebrew/opt/llvm/include/c++/v1/__functional/compose.h /opt/homebrew/opt/llvm/include/c++/v1/__functional/default_searcher.h /opt/homebrew/opt/llvm/include/c++/v1/__functional/function.h /opt/homebrew/opt/llvm/include/c++/v1/__memory/builtin_new_allocator.h /opt/homebrew/opt/llvm/include/c++/v1/__type_traits/strip_signature.h /opt/homebrew/opt/llvm/include/c++/v1/__functional/mem_fn.h /opt/homebrew/opt/llvm/include/c++/v1/__functional/mem_fun_ref.h /opt/homebrew/opt/llvm/include/c++/v1/__functional/not_fn.h /opt/homebrew/opt/llvm/include/c++/v1/__functional/pointer_to_binary_function.h /opt/homebrew/opt/llvm/include/c++/v1/__functional/pointer_to_unary_function.h /opt/homebrew/opt/llvm/include/c++/v1/__functional/unary_negate.h /opt/homebrew/opt/llvm/include/c++/v1/ios /opt/homebrew/opt/llvm/include/c++/v1/__locale /opt/homebrew/opt/llvm/include/c++/v1/locale.h /Library/Developer/CommandLineTools/SDKs/MacOSX.sdk/usr/include/locale.h /Library/Developer/CommandLineTools/SDKs/MacOSX.sdk/usr/include/_locale.h /opt/homebrew/opt/llvm/include/c++/v1/mutex /opt/homebrew/opt/llvm/include/c++/v1/__mutex_base /opt/homebrew/opt/llvm/include/c++/v1/system_error /opt/homebrew/opt/llvm/include/c++/v1/__errc /opt/homebrew/opt/llvm/include/c++/v1/cerrno /Library/Developer/CommandLineTools/SDKs/MacOSX.sdk/usr/include/xlocale.h /Library/Developer/CommandLineTools/SDKs/MacOSX.sdk/usr/include/_xlocale.h /Library/Developer/CommandLineTools/SDKs/MacOSX.sdk/usr/include/xlocale/_ctype.h /Library/Developer/CommandLineTools/SDKs/MacOSX.sdk/usr/include/xlocale/__wctype.h /Library/Developer/CommandLineTools/SDKs/MacOSX.sdk/usr/include/xlocale/_stdio.h /Library/Developer/CommandLineTools/SDKs/MacOSX.sdk/usr/include/xlocale/_stdlib.h /Library/Developer/CommandLineTools/SDKs/MacOSX.sdk/usr/include/xlocale/_string.h /Library/Developer/CommandLineTools/SDKs/MacOSX.sdk/usr/include/xlocale/_time.h /Library/Developer/CommandLineTools/SDKs/MacOSX.sdk/usr/include/xlocale/_wchar.h /Library/Developer/CommandLineTools/SDKs/MacOSX.sdk/usr/include/xlocale/_wctype.h /opt/homebrew/opt/llvm/include/c++/v1/locale /opt/homebrew/opt/llvm/include/c++/v1/streambuf /Library/Developer/CommandLineTools/SDKs/MacOSX.sdk/usr/include/nl_types.h /Library/Developer/CommandLineTools/SDKs/MacOSX.sdk/usr/include/sys/types.h /Library/Developer/CommandLineTools/SDKs/MacOSX.sdk/usr/include/sys/_types/_u_char.h /Library/Developer/CommandLineTools/SDKs/MacOSX.sdk/usr/include/sys/_types/_u_short.h /Library/Developer/CommandLineTools/SDKs/MacOSX.sdk/usr/include/sys/_types/_u_int.h /Library/Developer/CommandLineTools/SDKs/MacOSX.sdk/usr/include/sys/_types/_caddr_t.h /Library/Developer/CommandLineTools/SDKs/MacOSX.sdk/usr/include/sys/_types/_blkcnt_t.h /Library/Developer/CommandLineTools/SDKs/MacOSX.sdk/usr/include/sys/_types/_blksize_t.h /Library/Developer/CommandLineTools/SDKs/MacOSX.sdk/usr/include/sys/_types/_gid_t.h /Library/Developer/CommandLineTools/SDKs/MacOSX.sdk/usr/include/sys/_types/_in_addr_t.h /Library/Developer/CommandLineTools/SDKs/MacOSX.sdk/usr/include/sys/_types/_in_port_t.h /Library/Developer/CommandLineTools/SDKs/MacOSX.sdk/usr/include/sys/_types/_ino_t.h /Library/Developer/CommandLineTools/SDKs/MacOSX.sdk/usr/include/sys/_types/_ino64_t.h /Library/Developer/CommandLineTools/SDKs/MacOSX.sdk/usr/include/sys/_types/_key_t.h /Library/Developer/CommandLineTools/SDKs/MacOSX.sdk/usr/include/sys/_types/_nlink_t.h /Library/Developer/CommandLineTools/SDKs/MacOSX.sdk/usr/include/sys/_types/_useconds_t.h /Library/Developer/CommandLineTools/SDKs/MacOSX.sdk/usr/include/sys/_types/_suseconds_t.h /Library/Developer/CommandLineTools/SDKs/MacOSX.sdk/usr/include/sys/_types/_rsize_t.h /Library/Developer/CommandLineTools/SDKs/MacOSX.sdk/usr/include/sys/_types/_errno_t.h /Library/Developer/CommandLineTools/SDKs/MacOSX.sdk/usr/include/sys/_types/_fd_def.h /Library/Developer/CommandLineTools/SDKs/MacOSX.sdk/usr/include/sys/_types/_fd_setsize.h /Library/Developer/CommandLineTools/SDKs/MacOSX.sdk/usr/include/sys/_types/_fd_set.h /Library/Developer/CommandLineTools/SDKs/MacOSX.sdk/usr/include/sys/_types/_fd_clr.h /Library/Developer/CommandLineTools/SDKs/MacOSX.sdk/usr/include/sys/_types/_fd_zero.h /Library/Developer/CommandLineTools/SDKs/MacOSX.sdk/usr/include/sys/_types/_fd_isset.h /Library/Developer/CommandLineTools/SDKs/MacOSX.sdk/usr/include/sys/_types/_fd_copy.h /Library/Developer/CommandLineTools/SDKs/MacOSX.sdk/usr/include/sys/_types/_fsblkcnt_t.h /Library/Developer/CommandLineTools/SDKs/MacOSX.sdk/usr/include/sys/_types/_fsfilcnt_t.h /Library/Developer/CommandLineTools/SDKs/MacOSX.sdk/usr/include/_types/_nl_item.h /opt/homebrew/opt/llvm/include/c++/v1/__bsd_locale_defaults.h /opt/homebrew/opt/llvm/include/c++/v1/cstdarg /opt/homebrew/opt/llvm/include/c++/v1/set /opt/homebrew/opt/llvm/include/c++/v1/__tree /opt/homebrew/opt/llvm/include/c++/v1/sstream /Users/c71n93/Programming/C-and-C++/huawei-courses/BESM-666/third_party/googletest/googletest/include/gtest/gtest-assertion-result.h /Users/c71n93/Programming/C-and-C++/huawei-courses/BESM-666/third_party/googletest/googletest/include/gtest/gtest-message.h /Users/c71n93/Programming/C-and-C++/huawei-courses/BESM-666/third_party/googletest/googletest/include/gtest/internal/gtest-port.h /opt/homebrew/opt/llvm/include/c++/v1/iostream /Library/Developer/CommandLineTools/SDKs/MacOSX.sdk/usr/include/sys/stat.h /Library/Developer/CommandLineTools/SDKs/MacOSX.sdk/usr/include/sys/_types/_s_ifmt.h /Library/Developer/CommandLineTools/SDKs/MacOSX.sdk/usr/include/sys/_types/_filesec_t.h /Library/Developer/CommandLineTools/SDKs/MacOSX.sdk/usr/include/AvailabilityMacros.h /Library/Developer/CommandLineTools/SDKs/MacOSX.sdk/usr/include/TargetConditionals.h /Users/c71n93/Programming/C-and-C++/huawei-courses/BESM-666/third_party/googletest/googletest/include/gtest/internal/custom/gtest-port.h /Users/c71n93/Programming/C-and-C++/huawei-courses/BESM-666/third_party/googletest/googletest/include/gtest/internal/gtest-port-arch.h /Library/Developer/CommandLineTools/SDKs/MacOSX.sdk/usr/include/unistd.h /Library/Developer/CommandLineTools/SDKs/MacOSX.sdk/usr/include/sys/unistd.h /Library/Developer/CommandLineTools/SDKs/MacOSX.sdk/usr/include/sys/_types/_posix_vdisable.h /Library/Developer/CommandLineTools/SDKs/MacOSX.sdk/usr/include/sys/_types/_seek_set.h /Library/Developer/CommandLineTools/SDKs/MacOSX.sdk/usr/include/sys/select.h /Library/Developer/CommandLineTools/SDKs/MacOSX.sdk/usr/include/sys/_select.h /Library/Developer/CommandLineTools/SDKs/MacOSX.sdk/usr/include/sys/_types/_uuid_t.h /Library/Developer/CommandLineTools/SDKs/MacOSX.sdk/usr/include/gethostuuid.h /Library/Developer/CommandLineTools/SDKs/MacOSX.sdk/usr/include/regex.h /Library/Developer/CommandLineTools/SDKs/MacOSX.sdk/usr/include/_regex.h /Library/Developer/CommandLineTools/SDKs/MacOSX.sdk/usr/include/xlocale/_regex.h /opt/homebrew/opt/llvm/include/c++/v1/condition_variable /opt/homebrew/opt/llvm/include/c++/v1/any /Users/c71n93/Programming/C-and-C++/huawei-courses/BESM-666/third_party/googletest/googletest/include/gtest/gtest-death-test.h /Users/c71n93/Programming/C-and-C++/huawei-courses/BESM-666/third_party/googletest/googletest/include/gtest/internal/gtest-death-test-internal.h /Users/c71n93/Programming/C-and-C++/huawei-courses/BESM-666/third_party/googletest/googletest/include/gtest/gtest-matchers.h /Users/c71n93/Programming/C-and-C++/huawei-courses/BESM-666/third_party/googletest/googletest/include/gtest/gtest-printers.h /Users/c71n93/Programming/C-and-C++/huawei-courses/BESM-666/third_party/googletest/googletest/include/gtest/internal/gtest-internal.h /opt/homebrew/opt/llvm/include/c++/v1/float.h /opt/homebrew/Cellar/llvm/16.0.6/lib/clang/16/include/float.h /Library/Developer/CommandLineTools/SDKs/MacOSX.sdk/usr/include/float.h /opt/homebrew/opt/llvm/include/c++/v1/map /Users/c71n93/Programming/C-and-C++/huawei-courses/BESM-666/third_party/googletest/googletest/include/gtest/internal/gtest-filepath.h /Users/c71n93/Programming/C-and-C++/huawei-courses/BESM-666/third_party/googletest/googletest/include/gtest/internal/gtest-string.h /Users/c71n93/Programming/C-and-C++/huawei-courses/BESM-666/third_party/googletest/googletest/include/gtest/internal/gtest-type-util.h /opt/homebrew/opt/llvm/include/c++/v1/cxxabi.h /opt/homebrew/opt/llvm/include/c++/v1/__cxxabi_config.h /Users/c71n93/Programming/C-and-C++/huawei-courses/BESM-666/third_party/googletest/googletest/include/gtest/internal/custom/gtest-printers.h /Users/c71n93/Programming/C-and-C++/huawei-courses/BESM-666/third_party/googletest/googletest/include/gtest/gtest-param-test.h /Users/c71n93/Programming/C-and-C++/huawei-courses/BESM-666/third_party/googletest/googletest/include/gtest/internal/gtest-param-util.h /opt/homebrew/opt/llvm/include/c++/v1/cassert /Library/Developer/CommandLineTools/SDKs/MacOSX.sdk/usr/include/assert.h /Users/c71n93/Programming/C-and-C++/huawei-courses/BESM-666/third_party/googletest/googletest/include/gtest/gtest-test-part.h /Users/c71n93/Programming/C-and-C++/huawei-courses/BESM-666/third_party/googletest/googletest/include/gtest/gtest-typed-test.h /Users/c71n93/Programming/C-and-C++/huawei-courses/BESM-666/third_party/googletest/googletest/include/gtest/gtest_pred_impl.h /Users/c71n93/Programming/C-and-C++/huawei-courses/BESM-666/third_party/googletest/googletest/include/gtest/gtest_prod.h /Users/c71n93/Programming/C-and-C++/huawei-courses/BESM-666/third_party/googletest/googletest/src/gtest-assertion-result.cc /Users/c71n93/Programming/C-and-C++/huawei-courses/BESM-666/third_party/googletest/googletest/src/gtest-death-test.cc /Users/c71n93/Programming/C-and-C++/huawei-courses/BESM-666/third_party/googletest/googletest/include/gtest/internal/custom/gtest.h /Library/Developer/CommandLineTools/SDKs/MacOSX.sdk/usr/include/crt_externs.h /Library/Developer/CommandLineTools/SDKs/MacOSX.sdk/usr/include/fcntl.h /Library/Developer/CommandLineTools/SDKs/MacOSX.sdk/usr/include/sys/fcntl.h /Library/Developer/CommandLineTools/SDKs/MacOSX.sdk/usr/include/sys/_types/_o_sync.h /Library/Developer/CommandLineTools/SDKs/MacOSX.sdk/usr/include/sys/_types/_o_dsync.h /Library/Developer/CommandLineTools/SDKs/MacOSX.sdk/usr/include/sys/mman.h /Users/c71n93/Programming/C-and-C++/huawei-courses/BESM-666/third_party/googletest/googletest/src/gtest-internal-inl.h /Library/Developer/CommandLineTools/SDKs/MacOSX.sdk/usr/include/arpa/inet.h /Library/Developer/CommandLineTools/SDKs/MacOSX.sdk/usr/include/netinet/in.h /Library/Developer/CommandLineTools/SDKs/MacOSX.sdk/usr/include/sys/socket.h /Library/Developer/CommandLineTools/SDKs/MacOSX.sdk/usr/include/sys/constrained_ctypes.h /Library/Developer/CommandLineTools/SDKs/MacOSX.sdk/usr/include/machine/_param.h /Library/Developer/CommandLineTools/SDKs/MacOSX.sdk/usr/include/arm/_param.h /Library/Developer/CommandLineTools/SDKs/MacOSX.sdk/usr/include/net/net_kev.h /Library/Developer/CommandLineTools/SDKs/MacOSX.sdk/usr/include/sys/_types/_sa_family_t.h /Library/Developer/CommandLineTools/SDKs/MacOSX.sdk/usr/include/sys/_types/_socklen_t.h /Library/Developer/CommandLineTools/SDKs/MacOSX.sdk/usr/include/sys/_types/_iovec_t.h /Library/Developer/CommandLineTools/SDKs/MacOSX.sdk/usr/include/netinet6/in6.h /Library/Developer/CommandLineTools/SDKs/MacOSX.sdk/usr/include/netdb.h /Users/c71n93/Programming/C-and-C++/huawei-courses/BESM-666/third_party/googletest/googletest/include/gtest/gtest-spi.h /Users/c71n93/Programming/C-and-C++/huawei-courses/BESM-666/third_party/googletest/googletest/src/gtest-filepath.cc /Users/c71n93/Programming/C-and-C++/huawei-courses/BESM-666/third_party/googletest/googletest/src/gtest-matchers.cc /Users/c71n93/Programming/C-and-C++/huawei-courses/BESM-666/third_party/googletest/googletest/src/gtest-port.cc /opt/homebrew/opt/llvm/include/c++/v1/fstream /opt/homebrew/opt/llvm/include/c++/v1/filesystem /opt/homebrew/opt/llvm/include/c++/v1/__filesystem/copy_options.h /opt/homebrew/opt/llvm/include/c++/v1/__filesystem/directory_entry.h /opt/homebrew/opt/llvm/include/c++/v1/__filesystem/file_status.h /opt/homebrew/opt/llvm/include/c++/v1/__filesystem/file_type.h /opt/homebrew/opt/llvm/include/c++/v1/__filesystem/perms.h /opt/homebrew/opt/llvm/include/c++/v1/__filesystem/file_time_type.h /opt/homebrew/opt/llvm/include/c++/v1/__filesystem/filesystem_error.h /opt/homebrew/opt/llvm/include/c++/v1/__filesystem/path.h /opt/homebrew/opt/llvm/include/c++/v1/__filesystem/operations.h /opt/homebrew/opt/llvm/include/c++/v1/__filesystem/perm_options.h /opt/homebrew/opt/llvm/include/c++/v1/__filesystem/space_info.h /opt/homebrew/opt/llvm/include/c++/v1/__filesystem/directory_iterator.h /opt/homebrew/opt/llvm/include/c++/v1/__filesystem/directory_options.h /opt/homebrew/opt/llvm/include/c++/v1/__filesystem/path_iterator.h /opt/homebrew/opt/llvm/include/c++/v1/__filesystem/recursive_directory_iterator.h /opt/homebrew/opt/llvm/include/c++/v1/__filesystem/u8path.h /Library/Developer/CommandLineTools/SDKs/MacOSX.sdk/usr/include/mach/mach_init.h /Library/Developer/CommandLineTools/SDKs/MacOSX.sdk/usr/include/mach/mach_types.h /Library/Developer/CommandLineTools/SDKs/MacOSX.sdk/usr/include/mach/host_info.h /Library/Developer/CommandLineTools/SDKs/MacOSX.sdk/usr/include/mach/message.h /Library/Developer/CommandLineTools/SDKs/MacOSX.sdk/usr/include/mach/port.h /Library/Developer/CommandLineTools/SDKs/MacOSX.sdk/usr/include/mach/boolean.h /Library/Developer/CommandLineTools/SDKs/MacOSX.sdk/usr/include/mach/machine/boolean.h /Library/Developer/CommandLineTools/SDKs/MacOSX.sdk/usr/include/mach/arm/boolean.h /Library/Developer/CommandLineTools/SDKs/MacOSX.sdk/usr/include/mach/machine/vm_types.h /Library/Developer/CommandLineTools/SDKs/MacOSX.sdk/usr/include/mach/arm/vm_types.h /Library/Developer/CommandLineTools/SDKs/MacOSX.sdk/usr/include/mach/kern_return.h /Library/Developer/CommandLineTools/SDKs/MacOSX.sdk/usr/include/mach/machine/kern_return.h /Library/Developer/CommandLineTools/SDKs/MacOSX.sdk/usr/include/mach/arm/kern_return.h /Library/Developer/CommandLineTools/SDKs/MacOSX.sdk/usr/include/mach/vm_statistics.h /Library/Developer/CommandLineTools/SDKs/MacOSX.sdk/usr/include/mach/machine.h /Library/Developer/CommandLineTools/SDKs/MacOSX.sdk/usr/include/mach/time_value.h /Library/Developer/CommandLineTools/SDKs/MacOSX.sdk/usr/include/mach/host_notify.h /Library/Developer/CommandLineTools/SDKs/MacOSX.sdk/usr/include/mach/host_special_ports.h /Library/Developer/CommandLineTools/SDKs/MacOSX.sdk/usr/include/mach/memory_object_types.h /Library/Developer/CommandLineTools/SDKs/MacOSX.sdk/usr/include/mach/vm_prot.h /Library/Developer/CommandLineTools/SDKs/MacOSX.sdk/usr/include/mach/vm_sync.h /Library/Developer/CommandLineTools/SDKs/MacOSX.sdk/usr/include/mach/vm_types.h /Library/Developer/CommandLineTools/SDKs/MacOSX.sdk/usr/include/mach/exception_types.h /Library/Developer/CommandLineTools/SDKs/MacOSX.sdk/usr/include/mach/machine/exception.h /Library/Developer/CommandLineTools/SDKs/MacOSX.sdk/usr/include/mach/arm/exception.h /Library/Developer/CommandLineTools/SDKs/MacOSX.sdk/usr/include/mach/thread_status.h /Library/Developer/CommandLineTools/SDKs/MacOSX.sdk/usr/include/mach/machine/thread_status.h /Library/Developer/CommandLineTools/SDKs/MacOSX.sdk/usr/include/mach/arm/thread_status.h /Library/Developer/CommandLineTools/SDKs/MacOSX.sdk/usr/include/mach/machine/thread_state.h /Library/Developer/CommandLineTools/SDKs/MacOSX.sdk/usr/include/mach/arm/thread_state.h /Library/Developer/CommandLineTools/SDKs/MacOSX.sdk/usr/include/mach_debug/ipc_info.h /Library/Developer/CommandLineTools/SDKs/MacOSX.sdk/usr/include/mach/mach_voucher_types.h /Library/Developer/CommandLineTools/SDKs/MacOSX.sdk/usr/include/mach/std_types.h /Library/Developer/CommandLineTools/SDKs/MacOSX.sdk/usr/include/mach/processor_info.h /Library/Developer/CommandLineTools/SDKs/MacOSX.sdk/usr/include/mach/machine/processor_info.h /Library/Developer/CommandLineTools/SDKs/MacOSX.sdk/usr/include/mach/arm/processor_info.h /Library/Developer/CommandLineTools/SDKs/MacOSX.sdk/usr/include/mach/task_info.h /Library/Developer/CommandLineTools/SDKs/MacOSX.sdk/usr/include/mach/policy.h /Library/Developer/CommandLineTools/SDKs/MacOSX.sdk/usr/include/mach/task_inspect.h /Library/Developer/CommandLineTools/SDKs/MacOSX.sdk/usr/include/mach/task_policy.h /Library/Developer/CommandLineTools/SDKs/MacOSX.sdk/usr/include/mach/task_special_ports.h /Library/Developer/CommandLineTools/SDKs/MacOSX.sdk/usr/include/mach/thread_info.h /Library/Developer/CommandLineTools/SDKs/MacOSX.sdk/usr/include/mach/thread_policy.h /Library/Developer/CommandLineTools/SDKs/MacOSX.sdk/usr/include/mach/thread_special_ports.h /Library/Developer/CommandLineTools/SDKs/MacOSX.sdk/usr/include/mach/clock_types.h /Library/Developer/CommandLineTools/SDKs/MacOSX.sdk/usr/include/mach/vm_attributes.h /Library/Developer/CommandLineTools/SDKs/MacOSX.sdk/usr/include/mach/vm_inherit.h /Library/Developer/CommandLineTools/SDKs/MacOSX.sdk/usr/include/mach/vm_purgable.h /Library/Developer/CommandLineTools/SDKs/MacOSX.sdk/usr/include/mach/vm_behavior.h /Library/Developer/CommandLineTools/SDKs/MacOSX.sdk/usr/include/mach/vm_region.h /Library/Developer/CommandLineTools/SDKs/MacOSX.sdk/usr/include/mach/machine/vm_param.h /Library/Developer/CommandLineTools/SDKs/MacOSX.sdk/usr/include/mach/arm/vm_param.h /Library/Developer/CommandLineTools/SDKs/MacOSX.sdk/usr/include/mach/vm_page_size.h /Library/Developer/CommandLineTools/SDKs/MacOSX.sdk/usr/include/mach/kmod.h /Library/Developer/CommandLineTools/SDKs/MacOSX.sdk/usr/include/mach/dyld_kernel.h /Library/Developer/CommandLineTools/SDKs/MacOSX.sdk/usr/include/sys/_types/_fsid_t.h /Library/Developer/CommandLineTools/SDKs/MacOSX.sdk/usr/include/sys/_types/_fsobj_id_t.h /Library/Developer/CommandLineTools/SDKs/MacOSX.sdk/usr/include/mach/mach_traps.h /Library/Developer/CommandLineTools/SDKs/MacOSX.sdk/usr/include/mach/task.h /Library/Developer/CommandLineTools/SDKs/MacOSX.sdk/usr/include/mach/ndr.h /Library/Developer/CommandLineTools/SDKs/MacOSX.sdk/usr/include/libkern/OSByteOrder.h /Library/Developer/CommandLineTools/SDKs/MacOSX.sdk/usr/include/mach/notify.h /Library/Developer/CommandLineTools/SDKs/MacOSX.sdk/usr/include/mach/mig_errors.h /Library/Developer/CommandLineTools/SDKs/MacOSX.sdk/usr/include/mach/mig.h /Library/Developer/CommandLineTools/SDKs/MacOSX.sdk/usr/include/mach/mig_strncpy_zerofill_support.h /Library/Developer/CommandLineTools/SDKs/MacOSX.sdk/usr/include/mach_debug/mach_debug_types.h /Library/Developer/CommandLineTools/SDKs/MacOSX.sdk/usr/include/mach_debug/vm_info.h /Library/Developer/CommandLineTools/SDKs/MacOSX.sdk/usr/include/mach_debug/zone_info.h /Library/Developer/CommandLineTools/SDKs/MacOSX.sdk/usr/include/mach_debug/page_info.h /Library/Developer/CommandLineTools/SDKs/MacOSX.sdk/usr/include/mach_debug/hash_info.h /Library/Developer/CommandLineTools/SDKs/MacOSX.sdk/usr/include/mach_debug/lockgroup_info.h /Library/Developer/CommandLineTools/SDKs/MacOSX.sdk/usr/include/mach/vm_map.h /Users/c71n93/Programming/C-and-C++/huawei-courses/BESM-666/third_party/googletest/googletest/src/gtest-printers.cc /Users/c71n93/Programming/C-and-C++/huawei-courses/BESM-666/third_party/googletest/googletest/src/gtest-test-part.cc /Users/c71n93/Programming/C-and-C++/huawei-courses/BESM-666/third_party/googletest/googletest/src/gtest-typed-test.cc /Users/c71n93/Programming/C-and-C++/huawei-courses/BESM-666/third_party/googletest/googletest/src/gtest.cc /opt/homebrew/opt/llvm/include/c++/v1/list /opt/homebrew/opt/llvm/include/c++/v1/unordered_set /Library/Developer/CommandLineTools/SDKs/MacOSX.sdk/usr/include/sys/time.h /Library/Developer/CommandLineTools/SDKs/MacOSX.sdk/usr/include/sys/_types/_timeval64.h third_party/googletest/googletest/CMakeFiles/gtest.dir/flags.make
/opt/homebrew/Cellar/cmake/3.26.0/bin/cmake -E cmake_echo_color --switch= --green --progress-dir=/Users/c71n93/Programming/C-and-C++/huawei-courses/BESM-666/build/CMakeFiles --progress-num=27 "Building CXX object third_party/googletest/googletest/CMakeFiles/gtest.dir/src/gtest-all.cc.o"
[ 43%] Building CXX object third_party/googletest/googletest/CMakeFiles/gtest.dir/src/gtest-all.cc.o
cd /Users/c71n93/Programming/C-and-C++/huawei-courses/BESM-666/build/third_party/googletest/googletest && /opt/homebrew/opt/llvm/bin/clang++  -I/Users/c71n93/Programming/C-and-C++/huawei-courses/BESM-666/third_party/googletest/googletest/include -I/Users/c71n93/Programming/C-and-C++/huawei-courses/BESM-666/third_party/googletest/googletest -g -std=c++17 -arch arm64 -isysroot /Library/Developer/CommandLineTools/SDKs/MacOSX.sdk -fcolor-diagnostics -Wall -Wshadow -Wconversion -Wundef -DGTEST_HAS_PTHREAD=1 -fexceptions -W -Wpointer-arith -Wreturn-type -Wcast-qual -Wwrite-strings -Wswitch -Wunused-parameter -Wcast-align -Winline -Wredundant-decls -Wchar-subscripts -MD -MT third_party/googletest/googletest/CMakeFiles/gtest.dir/src/gtest-all.cc.o -MF CMakeFiles/gtest.dir/src/gtest-all.cc.o.d -o CMakeFiles/gtest.dir/src/gtest-all.cc.o -c /Users/c71n93/Programming/C-and-C++/huawei-courses/BESM-666/third_party/googletest/googletest/src/gtest-all.cc
third_party/googletest/googletest/CMakeFiles/gtest.dir/build.make:96: update target 'lib/libgtest.a' due to: third_party/googletest/googletest/CMakeFiles/gtest.dir/link.txt third_party/googletest/googletest/CMakeFiles/gtest.dir/src/gtest-all.cc.o third_party/googletest/googletest/CMakeFiles/gtest.dir/build.make
/opt/homebrew/Cellar/cmake/3.26.0/bin/cmake -E cmake_echo_color --switch= --green --bold --progress-dir=/Users/c71n93/Programming/C-and-C++/huawei-courses/BESM-666/build/CMakeFiles --progress-num=28 "Linking CXX static library ../../../lib/libgtest.a"
[ 46%] Linking CXX static library ../../../lib/libgtest.a
cd /Users/c71n93/Programming/C-and-C++/huawei-courses/BESM-666/build/third_party/googletest/googletest && /opt/homebrew/Cellar/cmake/3.26.0/bin/cmake -P CMakeFiles/gtest.dir/cmake_clean_target.cmake
cd /Users/c71n93/Programming/C-and-C++/huawei-courses/BESM-666/build/third_party/googletest/googletest && /opt/homebrew/Cellar/cmake/3.26.0/bin/cmake -E cmake_link_script CMakeFiles/gtest.dir/link.txt --verbose=
/opt/homebrew/Cellar/cmake/3.26.0/bin/cmake -E cmake_echo_color --switch= --progress-dir=/Users/c71n93/Programming/C-and-C++/huawei-courses/BESM-666/build/CMakeFiles --progress-num=27,28 "Built target gtest"
[ 46%] Built target gtest
CMakeFiles/Makefile2:1203: update target 'third_party/googletest/googlemock/CMakeFiles/gmock.dir/all' due to: target is .PHONY
make -s -f third_party/googletest/googlemock/CMakeFiles/gmock.dir/build.make third_party/googletest/googlemock/CMakeFiles/gmock.dir/depend
third_party/googletest/googlemock/CMakeFiles/gmock.dir/build.make:109: update target 'third_party/googletest/googlemock/CMakeFiles/gmock.dir/depend' due to: target is .PHONY
cd /Users/c71n93/Programming/C-and-C++/huawei-courses/BESM-666/build && /opt/homebrew/Cellar/cmake/3.26.0/bin/cmake -E cmake_depends "Unix Makefiles" /Users/c71n93/Programming/C-and-C++/huawei-courses/BESM-666 /Users/c71n93/Programming/C-and-C++/huawei-courses/BESM-666/third_party/googletest/googlemock /Users/c71n93/Programming/C-and-C++/huawei-courses/BESM-666/build /Users/c71n93/Programming/C-and-C++/huawei-courses/BESM-666/build/third_party/googletest/googlemock /Users/c71n93/Programming/C-and-C++/huawei-courses/BESM-666/build/third_party/googletest/googlemock/CMakeFiles/gmock.dir/DependInfo.cmake --color=
make -s -f third_party/googletest/googlemock/CMakeFiles/gmock.dir/build.make third_party/googletest/googlemock/CMakeFiles/gmock.dir/build
third_party/googletest/googlemock/CMakeFiles/gmock.dir/build.make:75: update target 'third_party/googletest/googlemock/CMakeFiles/gmock.dir/src/gmock-all.cc.o' due to: third_party/googletest/googlemock/CMakeFiles/gmock.dir/compiler_depend.ts /Users/c71n93/Programming/C-and-C++/huawei-courses/BESM-666/third_party/googletest/googlemock/src/gmock-all.cc /Users/c71n93/Programming/C-and-C++/huawei-courses/BESM-666/third_party/googletest/googlemock/include/gmock/gmock.h /Users/c71n93/Programming/C-and-C++/huawei-courses/BESM-666/third_party/googletest/googlemock/include/gmock/gmock-actions.h /opt/homebrew/opt/llvm/include/c++/v1/errno.h /opt/homebrew/opt/llvm/include/c++/v1/__config /opt/homebrew/opt/llvm/include/c++/v1/__config_site /Library/Developer/CommandLineTools/SDKs/MacOSX.sdk/usr/include/errno.h /Library/Developer/CommandLineTools/SDKs/MacOSX.sdk/usr/include/sys/errno.h /Library/Developer/CommandLineTools/SDKs/MacOSX.sdk/usr/include/sys/cdefs.h /Library/Developer/CommandLineTools/SDKs/MacOSX.sdk/usr/include/sys/_symbol_aliasing.h /Library/Developer/CommandLineTools/SDKs/MacOSX.sdk/usr/include/sys/_posix_availability.h /opt/homebrew/opt/llvm/include/c++/v1/algorithm /opt/homebrew/opt/llvm/include/c++/v1/__assert /opt/homebrew/opt/llvm/include/c++/v1/__verbose_abort /opt/homebrew/opt/llvm/include/c++/v1/__availability /opt/homebrew/opt/llvm/include/c++/v1/__debug /opt/homebrew/opt/llvm/include/c++/v1/__type_traits/is_constant_evaluated.h /opt/homebrew/opt/llvm/include/c++/v1/cstddef /opt/homebrew/opt/llvm/include/c++/v1/__type_traits/enable_if.h /opt/homebrew/opt/llvm/include/c++/v1/__type_traits/integral_constant.h /opt/homebrew/opt/llvm/include/c++/v1/__type_traits/is_integral.h /opt/homebrew/opt/llvm/include/c++/v1/__type_traits/remove_cv.h /opt/homebrew/opt/llvm/include/c++/v1/__type_traits/remove_const.h /opt/homebrew/opt/llvm/include/c++/v1/__type_traits/remove_volatile.h /opt/homebrew/opt/llvm/include/c++/v1/version /opt/homebrew/opt/llvm/include/c++/v1/stddef.h /opt/homebrew/Cellar/llvm/16.0.6/lib/clang/16/include/stddef.h /opt/homebrew/Cellar/llvm/16.0.6/lib/clang/16/include/__stddef_max_align_t.h /opt/homebrew/opt/llvm/include/c++/v1/type_traits /opt/homebrew/opt/llvm/include/c++/v1/__functional/invoke.h /opt/homebrew/opt/llvm/include/c++/v1/__type_traits/add_lvalue_reference.h /opt/homebrew/opt/llvm/include/c++/v1/__type_traits/is_referenceable.h /opt/homebrew/opt/llvm/include/c++/v1/__type_traits/is_same.h /opt/homebrew/opt/llvm/include/c++/v1/__type_traits/apply_cv.h /opt/homebrew/opt/llvm/include/c++/v1/__type_traits/is_const.h /opt/homebrew/opt/llvm/include/c++/v1/__type_traits/is_volatile.h /opt/homebrew/opt/llvm/include/c++/v1/__type_traits/remove_reference.h /opt/homebrew/opt/llvm/include/c++/v1/__type_traits/conditional.h /opt/homebrew/opt/llvm/include/c++/v1/__type_traits/decay.h /opt/homebrew/opt/llvm/include/c++/v1/__type_traits/add_pointer.h /opt/homebrew/opt/llvm/include/c++/v1/__type_traits/is_void.h /opt/homebrew/opt/llvm/include/c++/v1/__type_traits/is_array.h /opt/homebrew/opt/llvm/include/c++/v1/__type_traits/is_function.h /opt/homebrew/opt/llvm/include/c++/v1/__type_traits/is_reference.h /opt/homebrew/opt/llvm/include/c++/v1/__type_traits/remove_extent.h /opt/homebrew/opt/llvm/include/c++/v1/__type_traits/is_base_of.h /opt/homebrew/opt/llvm/include/c++/v1/__type_traits/is_core_convertible.h /opt/homebrew/opt/llvm/include/c++/v1/__type_traits/is_member_function_pointer.h /opt/homebrew/opt/llvm/include/c++/v1/__type_traits/is_member_object_pointer.h /opt/homebrew/opt/llvm/include/c++/v1/__type_traits/is_reference_wrapper.h /opt/homebrew/opt/llvm/include/c++/v1/__type_traits/nat.h /opt/homebrew/opt/llvm/include/c++/v1/__utility/declval.h /opt/homebrew/opt/llvm/include/c++/v1/__utility/forward.h /opt/homebrew/opt/llvm/include/c++/v1/__fwd/hash.h /opt/homebrew/opt/llvm/include/c++/v1/__type_traits/add_const.h /opt/homebrew/opt/llvm/include/c++/v1/__type_traits/add_cv.h /opt/homebrew/opt/llvm/include/c++/v1/__type_traits/add_rvalue_reference.h /opt/homebrew/opt/llvm/include/c++/v1/__type_traits/add_volatile.h /opt/homebrew/opt/llvm/include/c++/v1/__type_traits/aligned_storage.h /opt/homebrew/opt/llvm/include/c++/v1/__type_traits/type_list.h /opt/homebrew/opt/llvm/include/c++/v1/__type_traits/aligned_union.h /opt/homebrew/opt/llvm/include/c++/v1/__type_traits/alignment_of.h /opt/homebrew/opt/llvm/include/c++/v1/__type_traits/can_extract_key.h /opt/homebrew/opt/llvm/include/c++/v1/__fwd/pair.h /opt/homebrew/opt/llvm/include/c++/v1/__type_traits/remove_const_ref.h /opt/homebrew/opt/llvm/include/c++/v1/__type_traits/common_reference.h /opt/homebrew/opt/llvm/include/c++/v1/__type_traits/common_type.h /opt/homebrew/opt/llvm/include/c++/v1/__type_traits/remove_cvref.h /opt/homebrew/opt/llvm/include/c++/v1/__type_traits/void_t.h /opt/homebrew/opt/llvm/include/c++/v1/__type_traits/copy_cv.h /opt/homebrew/opt/llvm/include/c++/v1/__type_traits/copy_cvref.h /opt/homebrew/opt/llvm/include/c++/v1/__type_traits/is_convertible.h /opt/homebrew/opt/llvm/include/c++/v1/__type_traits/conjunction.h /opt/homebrew/opt/llvm/include/c++/v1/__type_traits/dependent_type.h /opt/homebrew/opt/llvm/include/c++/v1/__type_traits/disjunction.h /opt/homebrew/opt/llvm/include/c++/v1/__type_traits/extent.h /opt/homebrew/opt/llvm/include/c++/v1/__type_traits/has_unique_object_representation.h /opt/homebrew/opt/llvm/include/c++/v1/__type_traits/remove_all_extents.h /opt/homebrew/opt/llvm/include/c++/v1/__type_traits/has_virtual_destructor.h /opt/homebrew/opt/llvm/include/c++/v1/__type_traits/is_abstract.h /opt/homebrew/opt/llvm/include/c++/v1/__type_traits/is_aggregate.h /opt/homebrew/opt/llvm/include/c++/v1/__type_traits/is_arithmetic.h /opt/homebrew/opt/llvm/include/c++/v1/__type_traits/is_floating_point.h /opt/homebrew/opt/llvm/include/c++/v1/__type_traits/is_assignable.h /opt/homebrew/opt/llvm/include/c++/v1/__type_traits/is_bounded_array.h /opt/homebrew/opt/llvm/include/c++/v1/__type_traits/is_callable.h /opt/homebrew/opt/llvm/include/c++/v1/__type_traits/is_char_like_type.h /opt/homebrew/opt/llvm/include/c++/v1/__type_traits/is_standard_layout.h /opt/homebrew/opt/llvm/include/c++/v1/__type_traits/is_trivial.h /opt/homebrew/opt/llvm/include/c++/v1/__type_traits/is_class.h /opt/homebrew/opt/llvm/include/c++/v1/__type_traits/is_compound.h /opt/homebrew/opt/llvm/include/c++/v1/__type_traits/is_fundamental.h /opt/homebrew/opt/llvm/include/c++/v1/__type_traits/is_null_pointer.h /opt/homebrew/opt/llvm/include/c++/v1/__type_traits/is_constructible.h /opt/homebrew/opt/llvm/include/c++/v1/__type_traits/is_copy_assignable.h /opt/homebrew/opt/llvm/include/c++/v1/__type_traits/is_copy_constructible.h /opt/homebrew/opt/llvm/include/c++/v1/__type_traits/is_default_constructible.h /opt/homebrew/opt/llvm/include/c++/v1/__type_traits/is_destructible.h /opt/homebrew/opt/llvm/include/c++/v1/__type_traits/is_empty.h /opt/homebrew/opt/llvm/include/c++/v1/__type_traits/is_enum.h /opt/homebrew/opt/llvm/include/c++/v1/__type_traits/is_final.h /opt/homebrew/opt/llvm/include/c++/v1/__type_traits/is_implicitly_default_constructible.h /opt/homebrew/opt/llvm/include/c++/v1/__type_traits/is_literal_type.h /opt/homebrew/opt/llvm/include/c++/v1/__type_traits/is_member_pointer.h /opt/homebrew/opt/llvm/include/c++/v1/__type_traits/is_move_assignable.h /opt/homebrew/opt/llvm/include/c++/v1/__type_traits/is_move_constructible.h /opt/homebrew/opt/llvm/include/c++/v1/__type_traits/is_nothrow_assignable.h /opt/homebrew/opt/llvm/include/c++/v1/__type_traits/is_nothrow_constructible.h /opt/homebrew/opt/llvm/include/c++/v1/__type_traits/is_nothrow_convertible.h /opt/homebrew/opt/llvm/include/c++/v1/__type_traits/lazy.h /opt/homebrew/opt/llvm/include/c++/v1/__type_traits/is_nothrow_copy_assignable.h /opt/homebrew/opt/llvm/include/c++/v1/__type_traits/is_nothrow_copy_constructible.h /opt/homebrew/opt/llvm/include/c++/v1/__type_traits/is_nothrow_default_constructible.h /opt/homebrew/opt/llvm/include/c++/v1/__type_traits/is_nothrow_destructible.h /opt/homebrew/opt/llvm/include/c++/v1/__type_traits/is_scalar.h /opt/homebrew/opt/llvm/include/c++/v1/__type_traits/is_pointer.h /opt/homebrew/opt/llvm/include/c++/v1/__type_traits/is_nothrow_move_assignable.h /opt/homebrew/opt/llvm/include/c++/v1/__type_traits/is_nothrow_move_constructible.h /opt/homebrew/opt/llvm/include/c++/v1/__type_traits/is_object.h /opt/homebrew/opt/llvm/include/c++/v1/__type_traits/is_union.h /opt/homebrew/opt/llvm/include/c++/v1/__type_traits/is_pod.h /opt/homebrew/opt/llvm/include/c++/v1/__type_traits/is_polymorphic.h /opt/homebrew/opt/llvm/include/c++/v1/__type_traits/is_scoped_enum.h /opt/homebrew/opt/llvm/include/c++/v1/__type_traits/underlying_type.h /opt/homebrew/opt/llvm/include/c++/v1/__type_traits/is_signed.h /opt/homebrew/opt/llvm/include/c++/v1/__type_traits/is_specialization.h /opt/homebrew/opt/llvm/include/c++/v1/__type_traits/is_swappable.h /opt/homebrew/opt/llvm/include/c++/v1/__type_traits/is_trivially_assignable.h /opt/homebrew/opt/llvm/include/c++/v1/__type_traits/is_trivially_constructible.h /opt/homebrew/opt/llvm/include/c++/v1/__type_traits/is_trivially_copy_assignable.h /opt/homebrew/opt/llvm/include/c++/v1/__type_traits/is_trivially_copy_constructible.h /opt/homebrew/opt/llvm/include/c++/v1/__type_traits/is_trivially_copyable.h /opt/homebrew/opt/llvm/include/c++/v1/__type_traits/is_trivially_default_constructible.h /opt/homebrew/opt/llvm/include/c++/v1/__type_traits/is_trivially_destructible.h /opt/homebrew/opt/llvm/include/c++/v1/__type_traits/is_trivially_move_assignable.h /opt/homebrew/opt/llvm/include/c++/v1/__type_traits/is_trivially_move_constructible.h /opt/homebrew/opt/llvm/include/c++/v1/__type_traits/is_unbounded_array.h /opt/homebrew/opt/llvm/include/c++/v1/__type_traits/is_unsigned.h /opt/homebrew/opt/llvm/include/c++/v1/__type_traits/make_const_lvalue_ref.h /opt/homebrew/opt/llvm/include/c++/v1/__type_traits/make_signed.h /opt/homebrew/opt/llvm/include/c++/v1/__type_traits/make_unsigned.h /opt/homebrew/opt/llvm/include/c++/v1/__type_traits/maybe_const.h /opt/homebrew/opt/llvm/include/c++/v1/__type_traits/negation.h /opt/homebrew/opt/llvm/include/c++/v1/__type_traits/rank.h /opt/homebrew/opt/llvm/include/c++/v1/__type_traits/remove_pointer.h /opt/homebrew/opt/llvm/include/c++/v1/__type_traits/result_of.h /opt/homebrew/opt/llvm/include/c++/v1/__type_traits/type_identity.h /opt/homebrew/opt/llvm/include/c++/v1/cstdint /opt/homebrew/opt/llvm/include/c++/v1/stdint.h /opt/homebrew/Cellar/llvm/16.0.6/lib/clang/16/include/stdint.h /Library/Developer/CommandLineTools/SDKs/MacOSX.sdk/usr/include/stdint.h /Library/Developer/CommandLineTools/SDKs/MacOSX.sdk/usr/include/sys/_types/_int8_t.h /Library/Developer/CommandLineTools/SDKs/MacOSX.sdk/usr/include/sys/_types/_int16_t.h /Library/Developer/CommandLineTools/SDKs/MacOSX.sdk/usr/include/sys/_types/_int32_t.h /Library/Developer/CommandLineTools/SDKs/MacOSX.sdk/usr/include/sys/_types/_int64_t.h /Library/Developer/CommandLineTools/SDKs/MacOSX.sdk/usr/include/_types/_uint8_t.h /Library/Developer/CommandLineTools/SDKs/MacOSX.sdk/usr/include/_types/_uint16_t.h /Library/Developer/CommandLineTools/SDKs/MacOSX.sdk/usr/include/_types/_uint32_t.h /Library/Developer/CommandLineTools/SDKs/MacOSX.sdk/usr/include/_types/_uint64_t.h /Library/Developer/CommandLineTools/SDKs/MacOSX.sdk/usr/include/sys/_types.h /Library/Developer/CommandLineTools/SDKs/MacOSX.sdk/usr/include/machine/_types.h /Library/Developer/CommandLineTools/SDKs/MacOSX.sdk/usr/include/arm/_types.h /Library/Developer/CommandLineTools/SDKs/MacOSX.sdk/usr/include/sys/_pthread/_pthread_types.h /Library/Developer/CommandLineTools/SDKs/MacOSX.sdk/usr/include/sys/_types/_intptr_t.h /Library/Developer/CommandLineTools/SDKs/MacOSX.sdk/usr/include/machine/types.h /Library/Developer/CommandLineTools/SDKs/MacOSX.sdk/usr/include/arm/types.h /Library/Developer/CommandLineTools/SDKs/MacOSX.sdk/usr/include/sys/_types/_u_int8_t.h /Library/Developer/CommandLineTools/SDKs/MacOSX.sdk/usr/include/sys/_types/_u_int16_t.h /Library/Developer/CommandLineTools/SDKs/MacOSX.sdk/usr/include/sys/_types/_u_int32_t.h /Library/Developer/CommandLineTools/SDKs/MacOSX.sdk/usr/include/sys/_types/_u_int64_t.h /Library/Developer/CommandLineTools/SDKs/MacOSX.sdk/usr/include/sys/_types/_uintptr_t.h /Library/Developer/CommandLineTools/SDKs/MacOSX.sdk/usr/include/_types/_intmax_t.h /Library/Developer/CommandLineTools/SDKs/MacOSX.sdk/usr/include/_types/_uintmax_t.h /opt/homebrew/opt/llvm/include/c++/v1/__algorithm/adjacent_find.h /opt/homebrew/opt/llvm/include/c++/v1/__algorithm/comp.h /opt/homebrew/opt/llvm/include/c++/v1/__algorithm/iterator_operations.h /opt/homebrew/opt/llvm/include/c++/v1/__algorithm/iter_swap.h /opt/homebrew/opt/llvm/include/c++/v1/__utility/swap.h /opt/homebrew/opt/llvm/include/c++/v1/__utility/move.h /opt/homebrew/opt/llvm/include/c++/v1/__algorithm/ranges_iterator_concept.h /opt/homebrew/opt/llvm/include/c++/v1/__iterator/concepts.h /opt/homebrew/opt/llvm/include/c++/v1/__concepts/arithmetic.h /opt/homebrew/opt/llvm/include/c++/v1/__type_traits/is_signed_integer.h /opt/homebrew/opt/llvm/include/c++/v1/__type_traits/is_unsigned_integer.h /opt/homebrew/opt/llvm/include/c++/v1/__concepts/assignable.h /opt/homebrew/opt/llvm/include/c++/v1/__concepts/common_reference_with.h /opt/homebrew/opt/llvm/include/c++/v1/__concepts/convertible_to.h /opt/homebrew/opt/llvm/include/c++/v1/__concepts/same_as.h /opt/homebrew/opt/llvm/include/c++/v1/__concepts/constructible.h /opt/homebrew/opt/llvm/include/c++/v1/__concepts/destructible.h /opt/homebrew/opt/llvm/include/c++/v1/__concepts/copyable.h /opt/homebrew/opt/llvm/include/c++/v1/__concepts/movable.h /opt/homebrew/opt/llvm/include/c++/v1/__concepts/swappable.h /opt/homebrew/opt/llvm/include/c++/v1/__concepts/class_or_enum.h /opt/homebrew/opt/llvm/include/c++/v1/__utility/exchange.h /opt/homebrew/opt/llvm/include/c++/v1/__concepts/derived_from.h /opt/homebrew/opt/llvm/include/c++/v1/__concepts/equality_comparable.h /opt/homebrew/opt/llvm/include/c++/v1/__concepts/boolean_testable.h /opt/homebrew/opt/llvm/include/c++/v1/__concepts/invocable.h /opt/homebrew/opt/llvm/include/c++/v1/__concepts/predicate.h /opt/homebrew/opt/llvm/include/c++/v1/__concepts/regular.h /opt/homebrew/opt/llvm/include/c++/v1/__concepts/semiregular.h /opt/homebrew/opt/llvm/include/c++/v1/__concepts/relation.h /opt/homebrew/opt/llvm/include/c++/v1/__concepts/totally_ordered.h /opt/homebrew/opt/llvm/include/c++/v1/__iterator/incrementable_traits.h /opt/homebrew/opt/llvm/include/c++/v1/__type_traits/is_primary_template.h /opt/homebrew/opt/llvm/include/c++/v1/__type_traits/is_valid_expansion.h /opt/homebrew/opt/llvm/include/c++/v1/__iterator/iter_move.h /opt/homebrew/opt/llvm/include/c++/v1/__iterator/iterator_traits.h /opt/homebrew/opt/llvm/include/c++/v1/__iterator/readable_traits.h /opt/homebrew/opt/llvm/include/c++/v1/__memory/pointer_traits.h /opt/homebrew/opt/llvm/include/c++/v1/__memory/addressof.h /opt/homebrew/opt/llvm/include/c++/v1/__iterator/advance.h /opt/homebrew/opt/llvm/include/c++/v1/__utility/convert_to_integral.h /opt/homebrew/opt/llvm/include/c++/v1/__utility/unreachable.h /opt/homebrew/opt/llvm/include/c++/v1/cstdlib /opt/homebrew/opt/llvm/include/c++/v1/stdlib.h /Library/Developer/CommandLineTools/SDKs/MacOSX.sdk/usr/include/stdlib.h /Library/Developer/CommandLineTools/SDKs/MacOSX.sdk/usr/include/Availability.h /Library/Developer/CommandLineTools/SDKs/MacOSX.sdk/usr/include/AvailabilityVersions.h /Library/Developer/CommandLineTools/SDKs/MacOSX.sdk/usr/include/AvailabilityInternal.h /Library/Developer/CommandLineTools/SDKs/MacOSX.sdk/usr/include/_types.h /Library/Developer/CommandLineTools/SDKs/MacOSX.sdk/usr/include/sys/wait.h /Library/Developer/CommandLineTools/SDKs/MacOSX.sdk/usr/include/sys/_types/_pid_t.h /Library/Developer/CommandLineTools/SDKs/MacOSX.sdk/usr/include/sys/_types/_id_t.h /Library/Developer/CommandLineTools/SDKs/MacOSX.sdk/usr/include/sys/signal.h /Library/Developer/CommandLineTools/SDKs/MacOSX.sdk/usr/include/sys/appleapiopts.h /Library/Developer/CommandLineTools/SDKs/MacOSX.sdk/usr/include/machine/signal.h /Library/Developer/CommandLineTools/SDKs/MacOSX.sdk/usr/include/arm/signal.h /Library/Developer/CommandLineTools/SDKs/MacOSX.sdk/usr/include/machine/_mcontext.h /Library/Developer/CommandLineTools/SDKs/MacOSX.sdk/usr/include/arm/_mcontext.h /Library/Developer/CommandLineTools/SDKs/MacOSX.sdk/usr/include/mach/machine/_structs.h /Library/Developer/CommandLineTools/SDKs/MacOSX.sdk/usr/include/mach/arm/_structs.h /Library/Developer/CommandLineTools/SDKs/MacOSX.sdk/usr/include/sys/_pthread/_pthread_attr_t.h /Library/Developer/CommandLineTools/SDKs/MacOSX.sdk/usr/include/sys/_types/_sigaltstack.h /Library/Developer/CommandLineTools/SDKs/MacOSX.sdk/usr/include/sys/_types/_ucontext.h /Library/Developer/CommandLineTools/SDKs/MacOSX.sdk/usr/include/sys/_types/_sigset_t.h /Library/Developer/CommandLineTools/SDKs/MacOSX.sdk/usr/include/sys/_types/_size_t.h /Library/Developer/CommandLineTools/SDKs/MacOSX.sdk/usr/include/sys/_types/_uid_t.h /Library/Developer/CommandLineTools/SDKs/MacOSX.sdk/usr/include/sys/resource.h /Library/Developer/CommandLineTools/SDKs/MacOSX.sdk/usr/include/sys/_types/_timeval.h /Library/Developer/CommandLineTools/SDKs/MacOSX.sdk/usr/include/machine/endian.h /Library/Developer/CommandLineTools/SDKs/MacOSX.sdk/usr/include/arm/endian.h /Library/Developer/CommandLineTools/SDKs/MacOSX.sdk/usr/include/sys/_endian.h /Library/Developer/CommandLineTools/SDKs/MacOSX.sdk/usr/include/libkern/_OSByteOrder.h /Library/Developer/CommandLineTools/SDKs/MacOSX.sdk/usr/include/libkern/arm/OSByteOrder.h /Library/Developer/CommandLineTools/SDKs/MacOSX.sdk/usr/include/arm/arch.h /Library/Developer/CommandLineTools/SDKs/MacOSX.sdk/usr/include/alloca.h /Library/Developer/CommandLineTools/SDKs/MacOSX.sdk/usr/include/sys/_types/_ct_rune_t.h /Library/Developer/CommandLineTools/SDKs/MacOSX.sdk/usr/include/sys/_types/_rune_t.h /Library/Developer/CommandLineTools/SDKs/MacOSX.sdk/usr/include/sys/_types/_wchar_t.h /Library/Developer/CommandLineTools/SDKs/MacOSX.sdk/usr/include/sys/_types/_null.h /Library/Developer/CommandLineTools/SDKs/MacOSX.sdk/usr/include/malloc/_malloc.h /Library/Developer/CommandLineTools/SDKs/MacOSX.sdk/usr/include/sys/_types/_dev_t.h /Library/Developer/CommandLineTools/SDKs/MacOSX.sdk/usr/include/sys/_types/_mode_t.h /opt/homebrew/opt/llvm/include/c++/v1/limits /opt/homebrew/opt/llvm/include/c++/v1/__undef_macros /opt/homebrew/opt/llvm/include/c++/v1/__iterator/distance.h /opt/homebrew/opt/llvm/include/c++/v1/__ranges/access.h /opt/homebrew/opt/llvm/include/c++/v1/__ranges/enable_borrowed_range.h /opt/homebrew/opt/llvm/include/c++/v1/__utility/auto_cast.h /opt/homebrew/opt/llvm/include/c++/v1/__ranges/concepts.h /opt/homebrew/opt/llvm/include/c++/v1/__ranges/data.h /opt/homebrew/opt/llvm/include/c++/v1/__ranges/enable_view.h /opt/homebrew/opt/llvm/include/c++/v1/__ranges/size.h /opt/homebrew/opt/llvm/include/c++/v1/initializer_list /opt/homebrew/opt/llvm/include/c++/v1/__iterator/iter_swap.h /opt/homebrew/opt/llvm/include/c++/v1/__iterator/next.h /opt/homebrew/opt/llvm/include/c++/v1/__iterator/prev.h /opt/homebrew/opt/llvm/include/c++/v1/__algorithm/all_of.h /opt/homebrew/opt/llvm/include/c++/v1/__algorithm/any_of.h /opt/homebrew/opt/llvm/include/c++/v1/__algorithm/binary_search.h /opt/homebrew/opt/llvm/include/c++/v1/__algorithm/comp_ref_type.h /opt/homebrew/opt/llvm/include/c++/v1/__algorithm/lower_bound.h /opt/homebrew/opt/llvm/include/c++/v1/__algorithm/half_positive.h /opt/homebrew/opt/llvm/include/c++/v1/__functional/identity.h /opt/homebrew/opt/llvm/include/c++/v1/__algorithm/clamp.h /opt/homebrew/opt/llvm/include/c++/v1/__algorithm/copy.h /opt/homebrew/opt/llvm/include/c++/v1/__algorithm/copy_move_common.h /opt/homebrew/opt/llvm/include/c++/v1/__algorithm/unwrap_iter.h /opt/homebrew/opt/llvm/include/c++/v1/__algorithm/unwrap_range.h /opt/homebrew/opt/llvm/include/c++/v1/__utility/pair.h /opt/homebrew/opt/llvm/include/c++/v1/__compare/common_comparison_category.h /opt/homebrew/opt/llvm/include/c++/v1/__compare/ordering.h /opt/homebrew/opt/llvm/include/c++/v1/__compare/synth_three_way.h /opt/homebrew/opt/llvm/include/c++/v1/__compare/three_way_comparable.h /opt/homebrew/opt/llvm/include/c++/v1/__functional/unwrap_ref.h /opt/homebrew/opt/llvm/include/c++/v1/__fwd/get.h /opt/homebrew/opt/llvm/include/c++/v1/__fwd/array.h /opt/homebrew/opt/llvm/include/c++/v1/__fwd/subrange.h /opt/homebrew/opt/llvm/include/c++/v1/__fwd/tuple.h /opt/homebrew/opt/llvm/include/c++/v1/__tuple_dir/tuple_element.h /opt/homebrew/opt/llvm/include/c++/v1/__tuple_dir/tuple_indices.h /opt/homebrew/opt/llvm/include/c++/v1/__utility/integer_sequence.h /opt/homebrew/opt/llvm/include/c++/v1/__tuple_dir/tuple_types.h /opt/homebrew/opt/llvm/include/c++/v1/__tuple_dir/sfinae_helpers.h /opt/homebrew/opt/llvm/include/c++/v1/__tuple_dir/make_tuple_types.h /opt/homebrew/opt/llvm/include/c++/v1/__tuple_dir/apply_cv.h /opt/homebrew/opt/llvm/include/c++/v1/__tuple_dir/tuple_size.h /opt/homebrew/opt/llvm/include/c++/v1/__tuple_dir/tuple_like_ext.h /opt/homebrew/opt/llvm/include/c++/v1/__utility/piecewise_construct.h /opt/homebrew/opt/llvm/include/c++/v1/__type_traits/is_always_bitcastable.h /opt/homebrew/opt/llvm/include/c++/v1/__algorithm/min.h /opt/homebrew/opt/llvm/include/c++/v1/__algorithm/min_element.h /opt/homebrew/opt/llvm/include/c++/v1/__iterator/segmented_iterator.h /opt/homebrew/opt/llvm/include/c++/v1/__algorithm/copy_backward.h /opt/homebrew/opt/llvm/include/c++/v1/__algorithm/copy_if.h /opt/homebrew/opt/llvm/include/c++/v1/__algorithm/copy_n.h /opt/homebrew/opt/llvm/include/c++/v1/__algorithm/count.h /opt/homebrew/opt/llvm/include/c++/v1/__algorithm/count_if.h /opt/homebrew/opt/llvm/include/c++/v1/__algorithm/equal.h /opt/homebrew/opt/llvm/include/c++/v1/__algorithm/equal_range.h /opt/homebrew/opt/llvm/include/c++/v1/__algorithm/upper_bound.h /opt/homebrew/opt/llvm/include/c++/v1/__algorithm/fill.h /opt/homebrew/opt/llvm/include/c++/v1/__algorithm/fill_n.h /opt/homebrew/opt/llvm/include/c++/v1/__algorithm/find.h /opt/homebrew/opt/llvm/include/c++/v1/__algorithm/find_end.h /opt/homebrew/opt/llvm/include/c++/v1/__algorithm/search.h /opt/homebrew/opt/llvm/include/c++/v1/__iterator/reverse_iterator.h /opt/homebrew/opt/llvm/include/c++/v1/__compare/compare_three_way_result.h /opt/homebrew/opt/llvm/include/c++/v1/__iterator/iterator.h /opt/homebrew/opt/llvm/include/c++/v1/__ranges/subrange.h /opt/homebrew/opt/llvm/include/c++/v1/__concepts/different_from.h /opt/homebrew/opt/llvm/include/c++/v1/__ranges/dangling.h /opt/homebrew/opt/llvm/include/c++/v1/__ranges/view_interface.h /opt/homebrew/opt/llvm/include/c++/v1/__ranges/empty.h /opt/homebrew/opt/llvm/include/c++/v1/__tuple_dir/pair_like.h /opt/homebrew/opt/llvm/include/c++/v1/__tuple_dir/tuple_like.h /opt/homebrew/opt/llvm/include/c++/v1/__algorithm/find_first_of.h /opt/homebrew/opt/llvm/include/c++/v1/__algorithm/find_if.h /opt/homebrew/opt/llvm/include/c++/v1/__algorithm/find_if_not.h /opt/homebrew/opt/llvm/include/c++/v1/__algorithm/for_each.h /opt/homebrew/opt/llvm/include/c++/v1/__algorithm/for_each_n.h /opt/homebrew/opt/llvm/include/c++/v1/__algorithm/generate.h /opt/homebrew/opt/llvm/include/c++/v1/__algorithm/generate_n.h /opt/homebrew/opt/llvm/include/c++/v1/__algorithm/in_found_result.h /opt/homebrew/opt/llvm/include/c++/v1/__algorithm/in_fun_result.h /opt/homebrew/opt/llvm/include/c++/v1/__algorithm/in_in_out_result.h /opt/homebrew/opt/llvm/include/c++/v1/__algorithm/in_in_result.h /opt/homebrew/opt/llvm/include/c++/v1/__algorithm/in_out_out_result.h /opt/homebrew/opt/llvm/include/c++/v1/__algorithm/in_out_result.h /opt/homebrew/opt/llvm/include/c++/v1/__algorithm/includes.h /opt/homebrew/opt/llvm/include/c++/v1/__algorithm/inplace_merge.h /opt/homebrew/opt/llvm/include/c++/v1/__algorithm/move.h /opt/homebrew/opt/llvm/include/c++/v1/__algorithm/rotate.h /opt/homebrew/opt/llvm/include/c++/v1/__algorithm/move_backward.h /opt/homebrew/opt/llvm/include/c++/v1/__algorithm/swap_ranges.h /opt/homebrew/opt/llvm/include/c++/v1/__memory/destruct_n.h /opt/homebrew/opt/llvm/include/c++/v1/__memory/temporary_buffer.h /opt/homebrew/opt/llvm/include/c++/v1/new /opt/homebrew/opt/llvm/include/c++/v1/exception /opt/homebrew/opt/llvm/include/c++/v1/__memory/unique_ptr.h /opt/homebrew/opt/llvm/include/c++/v1/__compare/compare_three_way.h /opt/homebrew/opt/llvm/include/c++/v1/__functional/hash.h /opt/homebrew/opt/llvm/include/c++/v1/__functional/unary_function.h /opt/homebrew/opt/llvm/include/c++/v1/cstring /opt/homebrew/opt/llvm/include/c++/v1/string.h /Library/Developer/CommandLineTools/SDKs/MacOSX.sdk/usr/include/string.h /Library/Developer/CommandLineTools/SDKs/MacOSX.sdk/usr/include/sys/_types/_ssize_t.h /Library/Developer/CommandLineTools/SDKs/MacOSX.sdk/usr/include/strings.h /opt/homebrew/opt/llvm/include/c++/v1/__functional/operations.h /opt/homebrew/opt/llvm/include/c++/v1/__functional/binary_function.h /opt/homebrew/opt/llvm/include/c++/v1/__memory/allocator_traits.h /opt/homebrew/opt/llvm/include/c++/v1/__memory/construct_at.h /opt/homebrew/opt/llvm/include/c++/v1/__iterator/access.h /opt/homebrew/opt/llvm/include/c++/v1/__memory/voidify.h /opt/homebrew/opt/llvm/include/c++/v1/__memory/auto_ptr.h /opt/homebrew/opt/llvm/include/c++/v1/__memory/compressed_pair.h /opt/homebrew/opt/llvm/include/c++/v1/__algorithm/is_heap.h /opt/homebrew/opt/llvm/include/c++/v1/__algorithm/is_heap_until.h /opt/homebrew/opt/llvm/include/c++/v1/__algorithm/is_partitioned.h /opt/homebrew/opt/llvm/include/c++/v1/__algorithm/is_permutation.h /opt/homebrew/opt/llvm/include/c++/v1/__algorithm/is_sorted.h /opt/homebrew/opt/llvm/include/c++/v1/__algorithm/is_sorted_until.h /opt/homebrew/opt/llvm/include/c++/v1/__algorithm/lexicographical_compare.h /opt/homebrew/opt/llvm/include/c++/v1/__algorithm/make_heap.h /opt/homebrew/opt/llvm/include/c++/v1/__algorithm/sift_down.h /opt/homebrew/opt/llvm/include/c++/v1/__algorithm/max.h /opt/homebrew/opt/llvm/include/c++/v1/__algorithm/max_element.h /opt/homebrew/opt/llvm/include/c++/v1/__algorithm/merge.h /opt/homebrew/opt/llvm/include/c++/v1/__algorithm/min_max_result.h /opt/homebrew/opt/llvm/include/c++/v1/__algorithm/minmax.h /opt/homebrew/opt/llvm/include/c++/v1/__algorithm/minmax_element.h /opt/homebrew/opt/llvm/include/c++/v1/__algorithm/mismatch.h /opt/homebrew/opt/llvm/include/c++/v1/__algorithm/next_permutation.h /opt/homebrew/opt/llvm/include/c++/v1/__algorithm/reverse.h /opt/homebrew/opt/llvm/include/c++/v1/__algorithm/none_of.h /opt/homebrew/opt/llvm/include/c++/v1/__algorithm/nth_element.h /opt/homebrew/opt/llvm/include/c++/v1/__algorithm/sort.h /opt/homebrew/opt/llvm/include/c++/v1/__algorithm/partial_sort.h /opt/homebrew/opt/llvm/include/c++/v1/__algorithm/sort_heap.h /opt/homebrew/opt/llvm/include/c++/v1/__algorithm/pop_heap.h /opt/homebrew/opt/llvm/include/c++/v1/__algorithm/push_heap.h /opt/homebrew/opt/llvm/include/c++/v1/__debug_utils/randomize_range.h /opt/homebrew/opt/llvm/include/c++/v1/__functional/ranges_operations.h /opt/homebrew/opt/llvm/include/c++/v1/bit /opt/homebrew/opt/llvm/include/c++/v1/__bit/bit_cast.h /opt/homebrew/opt/llvm/include/c++/v1/__bit/bit_ceil.h /opt/homebrew/opt/llvm/include/c++/v1/__bit/countl.h /opt/homebrew/opt/llvm/include/c++/v1/__bit/rotate.h /opt/homebrew/opt/llvm/include/c++/v1/__bit/bit_floor.h /opt/homebrew/opt/llvm/include/c++/v1/__bit/bit_log2.h /opt/homebrew/opt/llvm/include/c++/v1/__bit/bit_width.h /opt/homebrew/opt/llvm/include/c++/v1/__bit/blsr.h /opt/homebrew/opt/llvm/include/c++/v1/__bit/byteswap.h /opt/homebrew/opt/llvm/include/c++/v1/__bit/countr.h /opt/homebrew/opt/llvm/include/c++/v1/__bit/endian.h /opt/homebrew/opt/llvm/include/c++/v1/__bit/has_single_bit.h /opt/homebrew/opt/llvm/include/c++/v1/__bit/popcount.h /opt/homebrew/opt/llvm/include/c++/v1/iosfwd /opt/homebrew/opt/llvm/include/c++/v1/__fwd/string.h /opt/homebrew/opt/llvm/include/c++/v1/__fwd/memory_resource.h /opt/homebrew/opt/llvm/include/c++/v1/__mbstate_t.h /opt/homebrew/opt/llvm/include/c++/v1/wchar.h /Library/Developer/CommandLineTools/SDKs/MacOSX.sdk/usr/include/wchar.h /Library/Developer/CommandLineTools/SDKs/MacOSX.sdk/usr/include/sys/_types/_mbstate_t.h /opt/homebrew/Cellar/llvm/16.0.6/lib/clang/16/include/stdarg.h /opt/homebrew/opt/llvm/include/c++/v1/stdio.h /Library/Developer/CommandLineTools/SDKs/MacOSX.sdk/usr/include/stdio.h /Library/Developer/CommandLineTools/SDKs/MacOSX.sdk/usr/include/_stdio.h /Library/Developer/CommandLineTools/SDKs/MacOSX.sdk/usr/include/sys/_types/_va_list.h /Library/Developer/CommandLineTools/SDKs/MacOSX.sdk/usr/include/sys/stdio.h /Library/Developer/CommandLineTools/SDKs/MacOSX.sdk/usr/include/_ctermid.h /Library/Developer/CommandLineTools/SDKs/MacOSX.sdk/usr/include/sys/_types/_off_t.h /Library/Developer/CommandLineTools/SDKs/MacOSX.sdk/usr/include/time.h /Library/Developer/CommandLineTools/SDKs/MacOSX.sdk/usr/include/sys/_types/_clock_t.h /Library/Developer/CommandLineTools/SDKs/MacOSX.sdk/usr/include/sys/_types/_time_t.h /Library/Developer/CommandLineTools/SDKs/MacOSX.sdk/usr/include/sys/_types/_timespec.h /Library/Developer/CommandLineTools/SDKs/MacOSX.sdk/usr/include/_wctype.h /Library/Developer/CommandLineTools/SDKs/MacOSX.sdk/usr/include/__wctype.h /Library/Developer/CommandLineTools/SDKs/MacOSX.sdk/usr/include/sys/_types/_wint_t.h /Library/Developer/CommandLineTools/SDKs/MacOSX.sdk/usr/include/_types/_wctype_t.h /opt/homebrew/opt/llvm/include/c++/v1/ctype.h /Library/Developer/CommandLineTools/SDKs/MacOSX.sdk/usr/include/ctype.h /Library/Developer/CommandLineTools/SDKs/MacOSX.sdk/usr/include/_ctype.h /Library/Developer/CommandLineTools/SDKs/MacOSX.sdk/usr/include/runetype.h /opt/homebrew/opt/llvm/include/c++/v1/climits /opt/homebrew/opt/llvm/include/c++/v1/limits.h /opt/homebrew/Cellar/llvm/16.0.6/lib/clang/16/include/limits.h /Library/Developer/CommandLineTools/SDKs/MacOSX.sdk/usr/include/limits.h /Library/Developer/CommandLineTools/SDKs/MacOSX.sdk/usr/include/machine/limits.h /Library/Developer/CommandLineTools/SDKs/MacOSX.sdk/usr/include/arm/limits.h /Library/Developer/CommandLineTools/SDKs/MacOSX.sdk/usr/include/arm/_limits.h /Library/Developer/CommandLineTools/SDKs/MacOSX.sdk/usr/include/sys/syslimits.h /opt/homebrew/opt/llvm/include/c++/v1/__algorithm/partial_sort_copy.h /opt/homebrew/opt/llvm/include/c++/v1/__algorithm/make_projected.h /opt/homebrew/opt/llvm/include/c++/v1/__algorithm/partition.h /opt/homebrew/opt/llvm/include/c++/v1/__algorithm/partition_copy.h /opt/homebrew/opt/llvm/include/c++/v1/__algorithm/partition_point.h /opt/homebrew/opt/llvm/include/c++/v1/__algorithm/prev_permutation.h /opt/homebrew/opt/llvm/include/c++/v1/__algorithm/ranges_adjacent_find.h /opt/homebrew/opt/llvm/include/c++/v1/__iterator/projected.h /opt/homebrew/opt/llvm/include/c++/v1/__algorithm/ranges_all_of.h /opt/homebrew/opt/llvm/include/c++/v1/__algorithm/ranges_any_of.h /opt/homebrew/opt/llvm/include/c++/v1/__algorithm/ranges_binary_search.h /opt/homebrew/opt/llvm/include/c++/v1/__algorithm/ranges_clamp.h /opt/homebrew/opt/llvm/include/c++/v1/__algorithm/ranges_copy.h /opt/homebrew/opt/llvm/include/c++/v1/__algorithm/ranges_copy_backward.h /opt/homebrew/opt/llvm/include/c++/v1/__algorithm/ranges_copy_if.h /opt/homebrew/opt/llvm/include/c++/v1/__algorithm/ranges_copy_n.h /opt/homebrew/opt/llvm/include/c++/v1/__iterator/unreachable_sentinel.h /opt/homebrew/opt/llvm/include/c++/v1/__iterator/wrap_iter.h /opt/homebrew/opt/llvm/include/c++/v1/__algorithm/ranges_count.h /opt/homebrew/opt/llvm/include/c++/v1/__algorithm/ranges_count_if.h /opt/homebrew/opt/llvm/include/c++/v1/__algorithm/ranges_equal.h /opt/homebrew/opt/llvm/include/c++/v1/__iterator/indirectly_comparable.h /opt/homebrew/opt/llvm/include/c++/v1/__algorithm/ranges_equal_range.h /opt/homebrew/opt/llvm/include/c++/v1/__algorithm/ranges_fill.h /opt/homebrew/opt/llvm/include/c++/v1/__algorithm/ranges_fill_n.h /opt/homebrew/opt/llvm/include/c++/v1/__algorithm/ranges_find.h /opt/homebrew/opt/llvm/include/c++/v1/__algorithm/ranges_find_if.h /opt/homebrew/opt/llvm/include/c++/v1/__algorithm/ranges_find_end.h /opt/homebrew/opt/llvm/include/c++/v1/__algorithm/ranges_find_first_of.h /opt/homebrew/opt/llvm/include/c++/v1/__algorithm/ranges_find_if_not.h /opt/homebrew/opt/llvm/include/c++/v1/__algorithm/ranges_for_each.h /opt/homebrew/opt/llvm/include/c++/v1/__algorithm/ranges_for_each_n.h /opt/homebrew/opt/llvm/include/c++/v1/__algorithm/ranges_generate.h /opt/homebrew/opt/llvm/include/c++/v1/__algorithm/ranges_generate_n.h /opt/homebrew/opt/llvm/include/c++/v1/__algorithm/ranges_includes.h /opt/homebrew/opt/llvm/include/c++/v1/__algorithm/ranges_inplace_merge.h /opt/homebrew/opt/llvm/include/c++/v1/__iterator/sortable.h /opt/homebrew/opt/llvm/include/c++/v1/__iterator/permutable.h /opt/homebrew/opt/llvm/include/c++/v1/__algorithm/ranges_is_heap.h /opt/homebrew/opt/llvm/include/c++/v1/__algorithm/ranges_is_heap_until.h /opt/homebrew/opt/llvm/include/c++/v1/__algorithm/ranges_is_partitioned.h /opt/homebrew/opt/llvm/include/c++/v1/__algorithm/ranges_is_permutation.h /opt/homebrew/opt/llvm/include/c++/v1/__algorithm/ranges_is_sorted.h /opt/homebrew/opt/llvm/include/c++/v1/__algorithm/ranges_is_sorted_until.h /opt/homebrew/opt/llvm/include/c++/v1/__algorithm/ranges_lexicographical_compare.h /opt/homebrew/opt/llvm/include/c++/v1/__algorithm/ranges_lower_bound.h /opt/homebrew/opt/llvm/include/c++/v1/__algorithm/ranges_make_heap.h /opt/homebrew/opt/llvm/include/c++/v1/__algorithm/ranges_max.h /opt/homebrew/opt/llvm/include/c++/v1/__algorithm/ranges_min_element.h /opt/homebrew/opt/llvm/include/c++/v1/__algorithm/ranges_max_element.h /opt/homebrew/opt/llvm/include/c++/v1/__algorithm/ranges_merge.h /opt/homebrew/opt/llvm/include/c++/v1/__iterator/mergeable.h /opt/homebrew/opt/llvm/include/c++/v1/__algorithm/ranges_min.h /opt/homebrew/opt/llvm/include/c++/v1/__algorithm/ranges_minmax.h /opt/homebrew/opt/llvm/include/c++/v1/__algorithm/ranges_minmax_element.h /opt/homebrew/opt/llvm/include/c++/v1/__algorithm/ranges_mismatch.h /opt/homebrew/opt/llvm/include/c++/v1/__algorithm/ranges_move.h /opt/homebrew/opt/llvm/include/c++/v1/__algorithm/ranges_move_backward.h /opt/homebrew/opt/llvm/include/c++/v1/__algorithm/ranges_next_permutation.h /opt/homebrew/opt/llvm/include/c++/v1/__algorithm/ranges_none_of.h /opt/homebrew/opt/llvm/include/c++/v1/__algorithm/ranges_nth_element.h /opt/homebrew/opt/llvm/include/c++/v1/__algorithm/ranges_partial_sort.h /opt/homebrew/opt/llvm/include/c++/v1/__algorithm/ranges_partial_sort_copy.h /opt/homebrew/opt/llvm/include/c++/v1/__algorithm/ranges_partition.h /opt/homebrew/opt/llvm/include/c++/v1/__algorithm/ranges_partition_copy.h /opt/homebrew/opt/llvm/include/c++/v1/__algorithm/ranges_partition_point.h /opt/homebrew/opt/llvm/include/c++/v1/__algorithm/ranges_pop_heap.h /opt/homebrew/opt/llvm/include/c++/v1/__algorithm/ranges_prev_permutation.h /opt/homebrew/opt/llvm/include/c++/v1/__algorithm/ranges_push_heap.h /opt/homebrew/opt/llvm/include/c++/v1/__algorithm/ranges_remove.h /opt/homebrew/opt/llvm/include/c++/v1/__algorithm/ranges_remove_if.h /opt/homebrew/opt/llvm/include/c++/v1/__algorithm/ranges_remove_copy.h /opt/homebrew/opt/llvm/include/c++/v1/__algorithm/ranges_remove_copy_if.h /opt/homebrew/opt/llvm/include/c++/v1/__algorithm/remove_copy_if.h /opt/homebrew/opt/llvm/include/c++/v1/__algorithm/ranges_replace.h /opt/homebrew/opt/llvm/include/c++/v1/__algorithm/ranges_replace_if.h /opt/homebrew/opt/llvm/include/c++/v1/__algorithm/ranges_replace_copy.h /opt/homebrew/opt/llvm/include/c++/v1/__algorithm/ranges_replace_copy_if.h /opt/homebrew/opt/llvm/include/c++/v1/__algorithm/ranges_reverse.h /opt/homebrew/opt/llvm/include/c++/v1/__algorithm/ranges_reverse_copy.h /opt/homebrew/opt/llvm/include/c++/v1/__algorithm/ranges_rotate.h /opt/homebrew/opt/llvm/include/c++/v1/__algorithm/ranges_rotate_copy.h /opt/homebrew/opt/llvm/include/c++/v1/__algorithm/ranges_sample.h /opt/homebrew/opt/llvm/include/c++/v1/__algorithm/sample.h /opt/homebrew/opt/llvm/include/c++/v1/__random/uniform_int_distribution.h /opt/homebrew/opt/llvm/include/c++/v1/__random/is_valid.h /opt/homebrew/opt/llvm/include/c++/v1/__random/log2.h /opt/homebrew/opt/llvm/include/c++/v1/__algorithm/uniform_random_bit_generator_adaptor.h /opt/homebrew/opt/llvm/include/c++/v1/__random/uniform_random_bit_generator.h /opt/homebrew/opt/llvm/include/c++/v1/__algorithm/ranges_search.h /opt/homebrew/opt/llvm/include/c++/v1/__algorithm/ranges_search_n.h /opt/homebrew/opt/llvm/include/c++/v1/__algorithm/search_n.h /opt/homebrew/opt/llvm/include/c++/v1/__algorithm/ranges_set_difference.h /opt/homebrew/opt/llvm/include/c++/v1/__algorithm/set_difference.h /opt/homebrew/opt/llvm/include/c++/v1/__algorithm/ranges_set_intersection.h /opt/homebrew/opt/llvm/include/c++/v1/__algorithm/set_intersection.h /opt/homebrew/opt/llvm/include/c++/v1/__algorithm/ranges_set_symmetric_difference.h /opt/homebrew/opt/llvm/include/c++/v1/__algorithm/set_symmetric_difference.h /opt/homebrew/opt/llvm/include/c++/v1/__algorithm/ranges_set_union.h /opt/homebrew/opt/llvm/include/c++/v1/__algorithm/set_union.h /opt/homebrew/opt/llvm/include/c++/v1/__algorithm/ranges_shuffle.h /opt/homebrew/opt/llvm/include/c++/v1/__algorithm/shuffle.h /opt/homebrew/opt/llvm/include/c++/v1/__algorithm/ranges_sort.h /opt/homebrew/opt/llvm/include/c++/v1/__algorithm/ranges_sort_heap.h /opt/homebrew/opt/llvm/include/c++/v1/__algorithm/ranges_stable_partition.h /opt/homebrew/opt/llvm/include/c++/v1/__algorithm/stable_partition.h /opt/homebrew/opt/llvm/include/c++/v1/__algorithm/ranges_stable_sort.h /opt/homebrew/opt/llvm/include/c++/v1/__algorithm/stable_sort.h /opt/homebrew/opt/llvm/include/c++/v1/__algorithm/ranges_swap_ranges.h /opt/homebrew/opt/llvm/include/c++/v1/__algorithm/ranges_transform.h /opt/homebrew/opt/llvm/include/c++/v1/__algorithm/ranges_unique.h /opt/homebrew/opt/llvm/include/c++/v1/__algorithm/unique.h /opt/homebrew/opt/llvm/include/c++/v1/__algorithm/ranges_unique_copy.h /opt/homebrew/opt/llvm/include/c++/v1/__algorithm/unique_copy.h /opt/homebrew/opt/llvm/include/c++/v1/__algorithm/ranges_upper_bound.h /opt/homebrew/opt/llvm/include/c++/v1/__algorithm/remove.h /opt/homebrew/opt/llvm/include/c++/v1/__algorithm/remove_copy.h /opt/homebrew/opt/llvm/include/c++/v1/__algorithm/remove_if.h /opt/homebrew/opt/llvm/include/c++/v1/__algorithm/replace.h /opt/homebrew/opt/llvm/include/c++/v1/__algorithm/replace_copy.h /opt/homebrew/opt/llvm/include/c++/v1/__algorithm/replace_copy_if.h /opt/homebrew/opt/llvm/include/c++/v1/__algorithm/replace_if.h /opt/homebrew/opt/llvm/include/c++/v1/__algorithm/reverse_copy.h /opt/homebrew/opt/llvm/include/c++/v1/__algorithm/rotate_copy.h /opt/homebrew/opt/llvm/include/c++/v1/__algorithm/shift_left.h /opt/homebrew/opt/llvm/include/c++/v1/__algorithm/shift_right.h /opt/homebrew/opt/llvm/include/c++/v1/__algorithm/transform.h /opt/homebrew/opt/llvm/include/c++/v1/chrono /opt/homebrew/opt/llvm/include/c++/v1/__chrono/calendar.h /opt/homebrew/opt/llvm/include/c++/v1/__chrono/duration.h /opt/homebrew/opt/llvm/include/c++/v1/ratio /opt/homebrew/opt/llvm/include/c++/v1/__chrono/time_point.h /opt/homebrew/opt/llvm/include/c++/v1/__chrono/convert_to_timespec.h /opt/homebrew/opt/llvm/include/c++/v1/__chrono/convert_to_tm.h /opt/homebrew/opt/llvm/include/c++/v1/__chrono/day.h /opt/homebrew/opt/llvm/include/c++/v1/compare /opt/homebrew/opt/llvm/include/c++/v1/__compare/compare_partial_order_fallback.h /opt/homebrew/opt/llvm/include/c++/v1/__compare/partial_order.h /opt/homebrew/opt/llvm/include/c++/v1/__compare/weak_order.h /opt/homebrew/opt/llvm/include/c++/v1/__compare/strong_order.h /opt/homebrew/opt/llvm/include/c++/v1/__utility/priority_tag.h /opt/homebrew/opt/llvm/include/c++/v1/cmath /opt/homebrew/opt/llvm/include/c++/v1/math.h /Library/Developer/CommandLineTools/SDKs/MacOSX.sdk/usr/include/math.h /opt/homebrew/opt/llvm/include/c++/v1/__type_traits/promote.h /opt/homebrew/opt/llvm/include/c++/v1/__compare/compare_strong_order_fallback.h /opt/homebrew/opt/llvm/include/c++/v1/__compare/compare_weak_order_fallback.h /opt/homebrew/opt/llvm/include/c++/v1/__compare/is_eq.h /opt/homebrew/opt/llvm/include/c++/v1/__chrono/hh_mm_ss.h /opt/homebrew/opt/llvm/include/c++/v1/__chrono/month.h /opt/homebrew/opt/llvm/include/c++/v1/__chrono/month_weekday.h /opt/homebrew/opt/llvm/include/c++/v1/__chrono/weekday.h /opt/homebrew/opt/llvm/include/c++/v1/__chrono/system_clock.h /opt/homebrew/opt/llvm/include/c++/v1/ctime /opt/homebrew/opt/llvm/include/c++/v1/__chrono/monthday.h /opt/homebrew/opt/llvm/include/c++/v1/__chrono/statically_widen.h /opt/homebrew/opt/llvm/include/c++/v1/__format/concepts.h /opt/homebrew/opt/llvm/include/c++/v1/__format/format_fwd.h /opt/homebrew/opt/llvm/include/c++/v1/__format/format_parse_context.h /opt/homebrew/opt/llvm/include/c++/v1/__format/format_error.h /opt/homebrew/opt/llvm/include/c++/v1/stdexcept /opt/homebrew/opt/llvm/include/c++/v1/string_view /opt/homebrew/opt/llvm/include/c++/v1/__fwd/string_view.h /opt/homebrew/opt/llvm/include/c++/v1/__string/char_traits.h /opt/homebrew/opt/llvm/include/c++/v1/cstdio /opt/homebrew/opt/llvm/include/c++/v1/cwchar /opt/homebrew/opt/llvm/include/c++/v1/cwctype /opt/homebrew/opt/llvm/include/c++/v1/cctype /opt/homebrew/opt/llvm/include/c++/v1/wctype.h /Library/Developer/CommandLineTools/SDKs/MacOSX.sdk/usr/include/wctype.h /Library/Developer/CommandLineTools/SDKs/MacOSX.sdk/usr/include/_types/_wctrans_t.h /opt/homebrew/opt/llvm/include/c++/v1/__iterator/data.h /opt/homebrew/opt/llvm/include/c++/v1/__iterator/empty.h /opt/homebrew/opt/llvm/include/c++/v1/__iterator/reverse_access.h /opt/homebrew/opt/llvm/include/c++/v1/__iterator/size.h /opt/homebrew/opt/llvm/include/c++/v1/concepts /opt/homebrew/opt/llvm/include/c++/v1/__concepts/common_with.h /opt/homebrew/opt/llvm/include/c++/v1/functional /opt/homebrew/opt/llvm/include/c++/v1/__functional/binary_negate.h /opt/homebrew/opt/llvm/include/c++/v1/__functional/bind.h /opt/homebrew/opt/llvm/include/c++/v1/__functional/weak_result_type.h /opt/homebrew/opt/llvm/include/c++/v1/tuple /opt/homebrew/opt/llvm/include/c++/v1/__memory/allocator_arg_t.h /opt/homebrew/opt/llvm/include/c++/v1/__memory/uses_allocator.h /opt/homebrew/opt/llvm/include/c++/v1/typeinfo /opt/homebrew/opt/llvm/include/c++/v1/utility /opt/homebrew/opt/llvm/include/c++/v1/__utility/as_const.h /opt/homebrew/opt/llvm/include/c++/v1/__utility/cmp.h /opt/homebrew/opt/llvm/include/c++/v1/__utility/exception_guard.h /opt/homebrew/opt/llvm/include/c++/v1/__utility/forward_like.h /opt/homebrew/opt/llvm/include/c++/v1/__utility/in_place.h /opt/homebrew/opt/llvm/include/c++/v1/__utility/rel_ops.h /opt/homebrew/opt/llvm/include/c++/v1/__utility/to_underlying.h /opt/homebrew/opt/llvm/include/c++/v1/__functional/bind_back.h /opt/homebrew/opt/llvm/include/c++/v1/__functional/perfect_forward.h /opt/homebrew/opt/llvm/include/c++/v1/__functional/bind_front.h /opt/homebrew/opt/llvm/include/c++/v1/__functional/binder1st.h /opt/homebrew/opt/llvm/include/c++/v1/__functional/binder2nd.h /opt/homebrew/opt/llvm/include/c++/v1/__functional/boyer_moore_searcher.h /opt/homebrew/opt/llvm/include/c++/v1/__memory/shared_ptr.h /opt/homebrew/opt/llvm/include/c++/v1/__functional/reference_wrapper.h /opt/homebrew/opt/llvm/include/c++/v1/__memory/allocation_guard.h /opt/homebrew/opt/llvm/include/c++/v1/__memory/allocator.h /opt/homebrew/opt/llvm/include/c++/v1/__memory/allocate_at_least.h /opt/homebrew/opt/llvm/include/c++/v1/__memory/allocator_destructor.h /opt/homebrew/opt/llvm/include/c++/v1/__memory/uninitialized_algorithms.h /opt/homebrew/opt/llvm/include/c++/v1/atomic /opt/homebrew/opt/llvm/include/c++/v1/__thread/poll_with_backoff.h /opt/homebrew/opt/llvm/include/c++/v1/__chrono/high_resolution_clock.h /opt/homebrew/opt/llvm/include/c++/v1/__chrono/steady_clock.h /opt/homebrew/opt/llvm/include/c++/v1/__thread/timed_backoff_policy.h /opt/homebrew/opt/llvm/include/c++/v1/__threading_support /Library/Developer/CommandLineTools/SDKs/MacOSX.sdk/usr/include/pthread.h /Library/Developer/CommandLineTools/SDKs/MacOSX.sdk/usr/include/pthread/sched.h /Library/Developer/CommandLineTools/SDKs/MacOSX.sdk/usr/include/pthread/pthread_impl.h /Library/Developer/CommandLineTools/SDKs/MacOSX.sdk/usr/include/sys/_pthread/_pthread_cond_t.h /Library/Developer/CommandLineTools/SDKs/MacOSX.sdk/usr/include/sys/_pthread/_pthread_condattr_t.h /Library/Developer/CommandLineTools/SDKs/MacOSX.sdk/usr/include/sys/_pthread/_pthread_key_t.h /Library/Developer/CommandLineTools/SDKs/MacOSX.sdk/usr/include/sys/_pthread/_pthread_mutex_t.h /Library/Developer/CommandLineTools/SDKs/MacOSX.sdk/usr/include/sys/_pthread/_pthread_mutexattr_t.h /Library/Developer/CommandLineTools/SDKs/MacOSX.sdk/usr/include/sys/_pthread/_pthread_once_t.h /Library/Developer/CommandLineTools/SDKs/MacOSX.sdk/usr/include/sys/_pthread/_pthread_rwlock_t.h /Library/Developer/CommandLineTools/SDKs/MacOSX.sdk/usr/include/sys/_pthread/_pthread_rwlockattr_t.h /Library/Developer/CommandLineTools/SDKs/MacOSX.sdk/usr/include/sys/_pthread/_pthread_t.h /Library/Developer/CommandLineTools/SDKs/MacOSX.sdk/usr/include/pthread/qos.h /Library/Developer/CommandLineTools/SDKs/MacOSX.sdk/usr/include/sys/qos.h /Library/Developer/CommandLineTools/SDKs/MacOSX.sdk/usr/include/sys/_types/_mach_port_t.h /Library/Developer/CommandLineTools/SDKs/MacOSX.sdk/usr/include/sched.h /opt/homebrew/opt/llvm/include/c++/v1/array /opt/homebrew/opt/llvm/include/c++/v1/iterator /opt/homebrew/opt/llvm/include/c++/v1/__iterator/back_insert_iterator.h /opt/homebrew/opt/llvm/include/c++/v1/__iterator/bounded_iter.h /opt/homebrew/opt/llvm/include/c++/v1/__iterator/common_iterator.h /opt/homebrew/opt/llvm/include/c++/v1/variant /opt/homebrew/opt/llvm/include/c++/v1/__variant/monostate.h /opt/homebrew/opt/llvm/include/c++/v1/__iterator/counted_iterator.h /opt/homebrew/opt/llvm/include/c++/v1/__iterator/default_sentinel.h /opt/homebrew/opt/llvm/include/c++/v1/__iterator/erase_if_container.h /opt/homebrew/opt/llvm/include/c++/v1/__iterator/front_insert_iterator.h /opt/homebrew/opt/llvm/include/c++/v1/__iterator/insert_iterator.h /opt/homebrew/opt/llvm/include/c++/v1/__iterator/istream_iterator.h /opt/homebrew/opt/llvm/include/c++/v1/__iterator/istreambuf_iterator.h /opt/homebrew/opt/llvm/include/c++/v1/__iterator/move_iterator.h /opt/homebrew/opt/llvm/include/c++/v1/__iterator/move_sentinel.h /opt/homebrew/opt/llvm/include/c++/v1/__iterator/ostream_iterator.h /opt/homebrew/opt/llvm/include/c++/v1/__iterator/ostreambuf_iterator.h /opt/homebrew/opt/llvm/include/c++/v1/unordered_map /opt/homebrew/opt/llvm/include/c++/v1/__functional/is_transparent.h /opt/homebrew/opt/llvm/include/c++/v1/__hash_table /opt/homebrew/opt/llvm/include/c++/v1/__memory/swap_allocator.h /opt/homebrew/opt/llvm/include/c++/v1/__memory_resource/polymorphic_allocator.h /opt/homebrew/opt/llvm/include/c++/v1/__memory_resource/memory_resource.h /opt/homebrew/opt/llvm/include/c++/v1/__node_handle /opt/homebrew/opt/llvm/include/c++/v1/optional /opt/homebrew/opt/llvm/include/c++/v1/memory /opt/homebrew/opt/llvm/include/c++/v1/__memory/align.h /opt/homebrew/opt/llvm/include/c++/v1/__memory/assume_aligned.h /opt/homebrew/opt/llvm/include/c++/v1/__memory/concepts.h /opt/homebrew/opt/llvm/include/c++/v1/__memory/ranges_construct_at.h /opt/homebrew/opt/llvm/include/c++/v1/__memory/ranges_uninitialized_algorithms.h /opt/homebrew/opt/llvm/include/c++/v1/__memory/raw_storage_iterator.h /opt/homebrew/opt/llvm/include/c++/v1/__memory/uses_allocator_construction.h /opt/homebrew/opt/llvm/include/c++/v1/__type_traits/is_allocator.h /opt/homebrew/opt/llvm/include/c++/v1/vector /opt/homebrew/opt/llvm/include/c++/v1/__bit_reference /opt/homebrew/opt/llvm/include/c++/v1/__format/enable_insertable.h /opt/homebrew/opt/llvm/include/c++/v1/__format/formatter.h /opt/homebrew/opt/llvm/include/c++/v1/__memory/temp_value.h /opt/homebrew/opt/llvm/include/c++/v1/__split_buffer /opt/homebrew/opt/llvm/include/c++/v1/__type_traits/noexcept_move_assign_container.h /opt/homebrew/opt/llvm/include/c++/v1/__functional/compose.h /opt/homebrew/opt/llvm/include/c++/v1/__functional/default_searcher.h /opt/homebrew/opt/llvm/include/c++/v1/__functional/function.h /opt/homebrew/opt/llvm/include/c++/v1/__memory/builtin_new_allocator.h /opt/homebrew/opt/llvm/include/c++/v1/__type_traits/strip_signature.h /opt/homebrew/opt/llvm/include/c++/v1/__functional/mem_fn.h /opt/homebrew/opt/llvm/include/c++/v1/__functional/mem_fun_ref.h /opt/homebrew/opt/llvm/include/c++/v1/__functional/not_fn.h /opt/homebrew/opt/llvm/include/c++/v1/__functional/pointer_to_binary_function.h /opt/homebrew/opt/llvm/include/c++/v1/__functional/pointer_to_unary_function.h /opt/homebrew/opt/llvm/include/c++/v1/__functional/unary_negate.h /opt/homebrew/opt/llvm/include/c++/v1/__chrono/year.h /opt/homebrew/opt/llvm/include/c++/v1/__chrono/year_month.h /opt/homebrew/opt/llvm/include/c++/v1/__chrono/year_month_day.h /opt/homebrew/opt/llvm/include/c++/v1/__chrono/year_month_weekday.h /opt/homebrew/opt/llvm/include/c++/v1/__chrono/file_clock.h /opt/homebrew/opt/llvm/include/c++/v1/__chrono/literals.h /opt/homebrew/opt/llvm/include/c++/v1/string /opt/homebrew/opt/llvm/include/c++/v1/__ios/fpos.h /opt/homebrew/opt/llvm/include/c++/v1/__string/extern_template_lists.h /Users/c71n93/Programming/C-and-C++/huawei-courses/BESM-666/third_party/googletest/googlemock/include/gmock/internal/gmock-internal-utils.h /opt/homebrew/opt/llvm/include/c++/v1/ostream /opt/homebrew/opt/llvm/include/c++/v1/bitset /opt/homebrew/opt/llvm/include/c++/v1/ios /opt/homebrew/opt/llvm/include/c++/v1/__locale /opt/homebrew/opt/llvm/include/c++/v1/locale.h /Library/Developer/CommandLineTools/SDKs/MacOSX.sdk/usr/include/locale.h /Library/Developer/CommandLineTools/SDKs/MacOSX.sdk/usr/include/_locale.h /opt/homebrew/opt/llvm/include/c++/v1/mutex /opt/homebrew/opt/llvm/include/c++/v1/__mutex_base /opt/homebrew/opt/llvm/include/c++/v1/system_error /opt/homebrew/opt/llvm/include/c++/v1/__errc /opt/homebrew/opt/llvm/include/c++/v1/cerrno /Library/Developer/CommandLineTools/SDKs/MacOSX.sdk/usr/include/xlocale.h /Library/Developer/CommandLineTools/SDKs/MacOSX.sdk/usr/include/_xlocale.h /Library/Developer/CommandLineTools/SDKs/MacOSX.sdk/usr/include/xlocale/_ctype.h /Library/Developer/CommandLineTools/SDKs/MacOSX.sdk/usr/include/xlocale/__wctype.h /Library/Developer/CommandLineTools/SDKs/MacOSX.sdk/usr/include/xlocale/_stdio.h /Library/Developer/CommandLineTools/SDKs/MacOSX.sdk/usr/include/xlocale/_stdlib.h /Library/Developer/CommandLineTools/SDKs/MacOSX.sdk/usr/include/xlocale/_string.h /Library/Developer/CommandLineTools/SDKs/MacOSX.sdk/usr/include/xlocale/_time.h /Library/Developer/CommandLineTools/SDKs/MacOSX.sdk/usr/include/xlocale/_wchar.h /Library/Developer/CommandLineTools/SDKs/MacOSX.sdk/usr/include/xlocale/_wctype.h /opt/homebrew/opt/llvm/include/c++/v1/locale /opt/homebrew/opt/llvm/include/c++/v1/streambuf /Library/Developer/CommandLineTools/SDKs/MacOSX.sdk/usr/include/nl_types.h /Library/Developer/CommandLineTools/SDKs/MacOSX.sdk/usr/include/sys/types.h /Library/Developer/CommandLineTools/SDKs/MacOSX.sdk/usr/include/sys/_types/_u_char.h /Library/Developer/CommandLineTools/SDKs/MacOSX.sdk/usr/include/sys/_types/_u_short.h /Library/Developer/CommandLineTools/SDKs/MacOSX.sdk/usr/include/sys/_types/_u_int.h /Library/Developer/CommandLineTools/SDKs/MacOSX.sdk/usr/include/sys/_types/_caddr_t.h /Library/Developer/CommandLineTools/SDKs/MacOSX.sdk/usr/include/sys/_types/_blkcnt_t.h /Library/Developer/CommandLineTools/SDKs/MacOSX.sdk/usr/include/sys/_types/_blksize_t.h /Library/Developer/CommandLineTools/SDKs/MacOSX.sdk/usr/include/sys/_types/_gid_t.h /Library/Developer/CommandLineTools/SDKs/MacOSX.sdk/usr/include/sys/_types/_in_addr_t.h /Library/Developer/CommandLineTools/SDKs/MacOSX.sdk/usr/include/sys/_types/_in_port_t.h /Library/Developer/CommandLineTools/SDKs/MacOSX.sdk/usr/include/sys/_types/_ino_t.h /Library/Developer/CommandLineTools/SDKs/MacOSX.sdk/usr/include/sys/_types/_ino64_t.h /Library/Developer/CommandLineTools/SDKs/MacOSX.sdk/usr/include/sys/_types/_key_t.h /Library/Developer/CommandLineTools/SDKs/MacOSX.sdk/usr/include/sys/_types/_nlink_t.h /Library/Developer/CommandLineTools/SDKs/MacOSX.sdk/usr/include/sys/_types/_useconds_t.h /Library/Developer/CommandLineTools/SDKs/MacOSX.sdk/usr/include/sys/_types/_suseconds_t.h /Library/Developer/CommandLineTools/SDKs/MacOSX.sdk/usr/include/sys/_types/_rsize_t.h /Library/Developer/CommandLineTools/SDKs/MacOSX.sdk/usr/include/sys/_types/_errno_t.h /Library/Developer/CommandLineTools/SDKs/MacOSX.sdk/usr/include/sys/_types/_fd_def.h /Library/Developer/CommandLineTools/SDKs/MacOSX.sdk/usr/include/sys/_types/_fd_setsize.h /Library/Developer/CommandLineTools/SDKs/MacOSX.sdk/usr/include/sys/_types/_fd_set.h /Library/Developer/CommandLineTools/SDKs/MacOSX.sdk/usr/include/sys/_types/_fd_clr.h /Library/Developer/CommandLineTools/SDKs/MacOSX.sdk/usr/include/sys/_types/_fd_zero.h /Library/Developer/CommandLineTools/SDKs/MacOSX.sdk/usr/include/sys/_types/_fd_isset.h /Library/Developer/CommandLineTools/SDKs/MacOSX.sdk/usr/include/sys/_types/_fd_copy.h /Library/Developer/CommandLineTools/SDKs/MacOSX.sdk/usr/include/sys/_types/_fsblkcnt_t.h /Library/Developer/CommandLineTools/SDKs/MacOSX.sdk/usr/include/sys/_types/_fsfilcnt_t.h /Library/Developer/CommandLineTools/SDKs/MacOSX.sdk/usr/include/_types/_nl_item.h /opt/homebrew/opt/llvm/include/c++/v1/__bsd_locale_defaults.h /opt/homebrew/opt/llvm/include/c++/v1/cstdarg /Users/c71n93/Programming/C-and-C++/huawei-courses/BESM-666/third_party/googletest/googlemock/include/gmock/internal/gmock-port.h /Library/Developer/CommandLineTools/SDKs/MacOSX.sdk/usr/include/assert.h /opt/homebrew/opt/llvm/include/c++/v1/iostream /opt/homebrew/opt/llvm/include/c++/v1/istream /Users/c71n93/Programming/C-and-C++/huawei-courses/BESM-666/third_party/googletest/googlemock/include/gmock/internal/custom/gmock-port.h /Users/c71n93/Programming/C-and-C++/huawei-courses/BESM-666/third_party/googletest/googletest/include/gtest/internal/gtest-port.h /Library/Developer/CommandLineTools/SDKs/MacOSX.sdk/usr/include/sys/stat.h /Library/Developer/CommandLineTools/SDKs/MacOSX.sdk/usr/include/sys/_types/_s_ifmt.h /Library/Developer/CommandLineTools/SDKs/MacOSX.sdk/usr/include/sys/_types/_filesec_t.h /Library/Developer/CommandLineTools/SDKs/MacOSX.sdk/usr/include/AvailabilityMacros.h /Library/Developer/CommandLineTools/SDKs/MacOSX.sdk/usr/include/TargetConditionals.h /Users/c71n93/Programming/C-and-C++/huawei-courses/BESM-666/third_party/googletest/googletest/include/gtest/internal/custom/gtest-port.h /Users/c71n93/Programming/C-and-C++/huawei-courses/BESM-666/third_party/googletest/googletest/include/gtest/internal/gtest-port-arch.h /Library/Developer/CommandLineTools/SDKs/MacOSX.sdk/usr/include/unistd.h /Library/Developer/CommandLineTools/SDKs/MacOSX.sdk/usr/include/sys/unistd.h /Library/Developer/CommandLineTools/SDKs/MacOSX.sdk/usr/include/sys/_types/_posix_vdisable.h /Library/Developer/CommandLineTools/SDKs/MacOSX.sdk/usr/include/sys/_types/_seek_set.h /Library/Developer/CommandLineTools/SDKs/MacOSX.sdk/usr/include/sys/select.h /Library/Developer/CommandLineTools/SDKs/MacOSX.sdk/usr/include/sys/_select.h /Library/Developer/CommandLineTools/SDKs/MacOSX.sdk/usr/include/sys/_types/_uuid_t.h /Library/Developer/CommandLineTools/SDKs/MacOSX.sdk/usr/include/gethostuuid.h /Library/Developer/CommandLineTools/SDKs/MacOSX.sdk/usr/include/regex.h /Library/Developer/CommandLineTools/SDKs/MacOSX.sdk/usr/include/_regex.h /Library/Developer/CommandLineTools/SDKs/MacOSX.sdk/usr/include/xlocale/_regex.h /opt/homebrew/opt/llvm/include/c++/v1/condition_variable /opt/homebrew/opt/llvm/include/c++/v1/any /Users/c71n93/Programming/C-and-C++/huawei-courses/BESM-666/third_party/googletest/googletest/include/gtest/gtest.h /opt/homebrew/opt/llvm/include/c++/v1/iomanip /opt/homebrew/opt/llvm/include/c++/v1/set /opt/homebrew/opt/llvm/include/c++/v1/__tree /opt/homebrew/opt/llvm/include/c++/v1/sstream /Users/c71n93/Programming/C-and-C++/huawei-courses/BESM-666/third_party/googletest/googletest/include/gtest/gtest-assertion-result.h /Users/c71n93/Programming/C-and-C++/huawei-courses/BESM-666/third_party/googletest/googletest/include/gtest/gtest-message.h /Users/c71n93/Programming/C-and-C++/huawei-courses/BESM-666/third_party/googletest/googletest/include/gtest/gtest-death-test.h /Users/c71n93/Programming/C-and-C++/huawei-courses/BESM-666/third_party/googletest/googletest/include/gtest/internal/gtest-death-test-internal.h /Users/c71n93/Programming/C-and-C++/huawei-courses/BESM-666/third_party/googletest/googletest/include/gtest/gtest-matchers.h /Users/c71n93/Programming/C-and-C++/huawei-courses/BESM-666/third_party/googletest/googletest/include/gtest/gtest-printers.h /Users/c71n93/Programming/C-and-C++/huawei-courses/BESM-666/third_party/googletest/googletest/include/gtest/internal/gtest-internal.h /opt/homebrew/opt/llvm/include/c++/v1/float.h /opt/homebrew/Cellar/llvm/16.0.6/lib/clang/16/include/float.h /Library/Developer/CommandLineTools/SDKs/MacOSX.sdk/usr/include/float.h /opt/homebrew/opt/llvm/include/c++/v1/map /Users/c71n93/Programming/C-and-C++/huawei-courses/BESM-666/third_party/googletest/googletest/include/gtest/internal/gtest-filepath.h /Users/c71n93/Programming/C-and-C++/huawei-courses/BESM-666/third_party/googletest/googletest/include/gtest/internal/gtest-string.h /Users/c71n93/Programming/C-and-C++/huawei-courses/BESM-666/third_party/googletest/googletest/include/gtest/internal/gtest-type-util.h /opt/homebrew/opt/llvm/include/c++/v1/cxxabi.h /opt/homebrew/opt/llvm/include/c++/v1/__cxxabi_config.h /Users/c71n93/Programming/C-and-C++/huawei-courses/BESM-666/third_party/googletest/googletest/include/gtest/internal/custom/gtest-printers.h /Users/c71n93/Programming/C-and-C++/huawei-courses/BESM-666/third_party/googletest/googletest/include/gtest/gtest-param-test.h /Users/c71n93/Programming/C-and-C++/huawei-courses/BESM-666/third_party/googletest/googletest/include/gtest/internal/gtest-param-util.h /opt/homebrew/opt/llvm/include/c++/v1/cassert /Users/c71n93/Programming/C-and-C++/huawei-courses/BESM-666/third_party/googletest/googletest/include/gtest/gtest-test-part.h /Users/c71n93/Programming/C-and-C++/huawei-courses/BESM-666/third_party/googletest/googletest/include/gtest/gtest-typed-test.h /Users/c71n93/Programming/C-and-C++/huawei-courses/BESM-666/third_party/googletest/googletest/include/gtest/gtest_pred_impl.h /Users/c71n93/Programming/C-and-C++/huawei-courses/BESM-666/third_party/googletest/googletest/include/gtest/gtest_prod.h /Users/c71n93/Programming/C-and-C++/huawei-courses/BESM-666/third_party/googletest/googlemock/include/gmock/internal/gmock-pp.h /Users/c71n93/Programming/C-and-C++/huawei-courses/BESM-666/third_party/googletest/googlemock/include/gmock/gmock-cardinalities.h /Users/c71n93/Programming/C-and-C++/huawei-courses/BESM-666/third_party/googletest/googlemock/include/gmock/gmock-function-mocker.h /Users/c71n93/Programming/C-and-C++/huawei-courses/BESM-666/third_party/googletest/googlemock/include/gmock/gmock-spec-builders.h /Users/c71n93/Programming/C-and-C++/huawei-courses/BESM-666/third_party/googletest/googlemock/include/gmock/gmock-matchers.h /Users/c71n93/Programming/C-and-C++/huawei-courses/BESM-666/third_party/googletest/googlemock/include/gmock/internal/custom/gmock-matchers.h /Users/c71n93/Programming/C-and-C++/huawei-courses/BESM-666/third_party/googletest/googlemock/include/gmock/gmock-more-actions.h /Users/c71n93/Programming/C-and-C++/huawei-courses/BESM-666/third_party/googletest/googlemock/include/gmock/internal/custom/gmock-generated-actions.h /Users/c71n93/Programming/C-and-C++/huawei-courses/BESM-666/third_party/googletest/googlemock/include/gmock/gmock-more-matchers.h /Users/c71n93/Programming/C-and-C++/huawei-courses/BESM-666/third_party/googletest/googlemock/include/gmock/gmock-nice-strict.h /Users/c71n93/Programming/C-and-C++/huawei-courses/BESM-666/third_party/googletest/googlemock/src/gmock-cardinalities.cc /Users/c71n93/Programming/C-and-C++/huawei-courses/BESM-666/third_party/googletest/googlemock/src/gmock-internal-utils.cc /Users/c71n93/Programming/C-and-C++/huawei-courses/BESM-666/third_party/googletest/googlemock/src/gmock-matchers.cc /Users/c71n93/Programming/C-and-C++/huawei-courses/BESM-666/third_party/googletest/googlemock/src/gmock-spec-builders.cc /Users/c71n93/Programming/C-and-C++/huawei-courses/BESM-666/third_party/googletest/googlemock/src/gmock.cc third_party/googletest/googlemock/CMakeFiles/gmock.dir/flags.make
/opt/homebrew/Cellar/cmake/3.26.0/bin/cmake -E cmake_echo_color --switch= --green --progress-dir=/Users/c71n93/Programming/C-and-C++/huawei-courses/BESM-666/build/CMakeFiles --progress-num=21 "Building CXX object third_party/googletest/googlemock/CMakeFiles/gmock.dir/src/gmock-all.cc.o"
[ 50%] Building CXX object third_party/googletest/googlemock/CMakeFiles/gmock.dir/src/gmock-all.cc.o
cd /Users/c71n93/Programming/C-and-C++/huawei-courses/BESM-666/build/third_party/googletest/googlemock && /opt/homebrew/opt/llvm/bin/clang++  -I/Users/c71n93/Programming/C-and-C++/huawei-courses/BESM-666/third_party/googletest/googlemock/include -I/Users/c71n93/Programming/C-and-C++/huawei-courses/BESM-666/third_party/googletest/googlemock -isystem /Users/c71n93/Programming/C-and-C++/huawei-courses/BESM-666/third_party/googletest/googletest/include -isystem /Users/c71n93/Programming/C-and-C++/huawei-courses/BESM-666/third_party/googletest/googletest -g -std=c++17 -arch arm64 -isysroot /Library/Developer/CommandLineTools/SDKs/MacOSX.sdk -fcolor-diagnostics -Wall -Wshadow -Wconversion -Wundef -DGTEST_HAS_PTHREAD=1 -fexceptions -W -Wpointer-arith -Wreturn-type -Wcast-qual -Wwrite-strings -Wswitch -Wunused-parameter -Wcast-align -Winline -Wredundant-decls -Wchar-subscripts -MD -MT third_party/googletest/googlemock/CMakeFiles/gmock.dir/src/gmock-all.cc.o -MF CMakeFiles/gmock.dir/src/gmock-all.cc.o.d -o CMakeFiles/gmock.dir/src/gmock-all.cc.o -c /Users/c71n93/Programming/C-and-C++/huawei-courses/BESM-666/third_party/googletest/googlemock/src/gmock-all.cc
third_party/googletest/googlemock/CMakeFiles/gmock.dir/build.make:96: update target 'lib/libgmock.a' due to: third_party/googletest/googlemock/CMakeFiles/gmock.dir/link.txt third_party/googletest/googlemock/CMakeFiles/gmock.dir/src/gmock-all.cc.o third_party/googletest/googlemock/CMakeFiles/gmock.dir/build.make
/opt/homebrew/Cellar/cmake/3.26.0/bin/cmake -E cmake_echo_color --switch= --green --bold --progress-dir=/Users/c71n93/Programming/C-and-C++/huawei-courses/BESM-666/build/CMakeFiles --progress-num=22 "Linking CXX static library ../../../lib/libgmock.a"
[ 53%] Linking CXX static library ../../../lib/libgmock.a
cd /Users/c71n93/Programming/C-and-C++/huawei-courses/BESM-666/build/third_party/googletest/googlemock && /opt/homebrew/Cellar/cmake/3.26.0/bin/cmake -P CMakeFiles/gmock.dir/cmake_clean_target.cmake
cd /Users/c71n93/Programming/C-and-C++/huawei-courses/BESM-666/build/third_party/googletest/googlemock && /opt/homebrew/Cellar/cmake/3.26.0/bin/cmake -E cmake_link_script CMakeFiles/gmock.dir/link.txt --verbose=
/opt/homebrew/Cellar/cmake/3.26.0/bin/cmake -E cmake_echo_color --switch= --progress-dir=/Users/c71n93/Programming/C-and-C++/huawei-courses/BESM-666/build/CMakeFiles --progress-num=21,22 "Built target gmock"
[ 53%] Built target gmock
CMakeFiles/Makefile2:1230: update target 'third_party/googletest/googlemock/CMakeFiles/gmock_main.dir/all' due to: target is .PHONY
make -s -f third_party/googletest/googlemock/CMakeFiles/gmock_main.dir/build.make third_party/googletest/googlemock/CMakeFiles/gmock_main.dir/depend
third_party/googletest/googlemock/CMakeFiles/gmock_main.dir/build.make:109: update target 'third_party/googletest/googlemock/CMakeFiles/gmock_main.dir/depend' due to: target is .PHONY
cd /Users/c71n93/Programming/C-and-C++/huawei-courses/BESM-666/build && /opt/homebrew/Cellar/cmake/3.26.0/bin/cmake -E cmake_depends "Unix Makefiles" /Users/c71n93/Programming/C-and-C++/huawei-courses/BESM-666 /Users/c71n93/Programming/C-and-C++/huawei-courses/BESM-666/third_party/googletest/googlemock /Users/c71n93/Programming/C-and-C++/huawei-courses/BESM-666/build /Users/c71n93/Programming/C-and-C++/huawei-courses/BESM-666/build/third_party/googletest/googlemock /Users/c71n93/Programming/C-and-C++/huawei-courses/BESM-666/build/third_party/googletest/googlemock/CMakeFiles/gmock_main.dir/DependInfo.cmake --color=
make -s -f third_party/googletest/googlemock/CMakeFiles/gmock_main.dir/build.make third_party/googletest/googlemock/CMakeFiles/gmock_main.dir/build
third_party/googletest/googlemock/CMakeFiles/gmock_main.dir/build.make:75: update target 'third_party/googletest/googlemock/CMakeFiles/gmock_main.dir/src/gmock_main.cc.o' due to: third_party/googletest/googlemock/CMakeFiles/gmock_main.dir/compiler_depend.ts /Users/c71n93/Programming/C-and-C++/huawei-courses/BESM-666/third_party/googletest/googlemock/src/gmock_main.cc /opt/homebrew/opt/llvm/include/c++/v1/iostream /opt/homebrew/opt/llvm/include/c++/v1/__assert /opt/homebrew/opt/llvm/include/c++/v1/__config /opt/homebrew/opt/llvm/include/c++/v1/__config_site /opt/homebrew/opt/llvm/include/c++/v1/__verbose_abort /opt/homebrew/opt/llvm/include/c++/v1/__availability /opt/homebrew/opt/llvm/include/c++/v1/version /opt/homebrew/opt/llvm/include/c++/v1/ios /opt/homebrew/opt/llvm/include/c++/v1/__ios/fpos.h /opt/homebrew/opt/llvm/include/c++/v1/iosfwd /opt/homebrew/opt/llvm/include/c++/v1/__fwd/string.h /opt/homebrew/opt/llvm/include/c++/v1/__fwd/memory_resource.h /opt/homebrew/opt/llvm/include/c++/v1/__mbstate_t.h /opt/homebrew/opt/llvm/include/c++/v1/wchar.h /opt/homebrew/opt/llvm/include/c++/v1/stddef.h /opt/homebrew/Cellar/llvm/16.0.6/lib/clang/16/include/stddef.h /opt/homebrew/Cellar/llvm/16.0.6/lib/clang/16/include/__stddef_max_align_t.h /Library/Developer/CommandLineTools/SDKs/MacOSX.sdk/usr/include/wchar.h /Library/Developer/CommandLineTools/SDKs/MacOSX.sdk/usr/include/_types.h /Library/Developer/CommandLineTools/SDKs/MacOSX.sdk/usr/include/sys/_types.h /Library/Developer/CommandLineTools/SDKs/MacOSX.sdk/usr/include/sys/cdefs.h /Library/Developer/CommandLineTools/SDKs/MacOSX.sdk/usr/include/sys/_symbol_aliasing.h /Library/Developer/CommandLineTools/SDKs/MacOSX.sdk/usr/include/sys/_posix_availability.h /Library/Developer/CommandLineTools/SDKs/MacOSX.sdk/usr/include/machine/_types.h /Library/Developer/CommandLineTools/SDKs/MacOSX.sdk/usr/include/arm/_types.h /Library/Developer/CommandLineTools/SDKs/MacOSX.sdk/usr/include/sys/_pthread/_pthread_types.h /Library/Developer/CommandLineTools/SDKs/MacOSX.sdk/usr/include/Availability.h /Library/Developer/CommandLineTools/SDKs/MacOSX.sdk/usr/include/AvailabilityVersions.h /Library/Developer/CommandLineTools/SDKs/MacOSX.sdk/usr/include/AvailabilityInternal.h /Library/Developer/CommandLineTools/SDKs/MacOSX.sdk/usr/include/sys/_types/_null.h /Library/Developer/CommandLineTools/SDKs/MacOSX.sdk/usr/include/sys/_types/_size_t.h /Library/Developer/CommandLineTools/SDKs/MacOSX.sdk/usr/include/sys/_types/_mbstate_t.h /Library/Developer/CommandLineTools/SDKs/MacOSX.sdk/usr/include/machine/types.h /Library/Developer/CommandLineTools/SDKs/MacOSX.sdk/usr/include/arm/types.h /Library/Developer/CommandLineTools/SDKs/MacOSX.sdk/usr/include/sys/_types/_int8_t.h /Library/Developer/CommandLineTools/SDKs/MacOSX.sdk/usr/include/sys/_types/_int16_t.h /Library/Developer/CommandLineTools/SDKs/MacOSX.sdk/usr/include/sys/_types/_int32_t.h /Library/Developer/CommandLineTools/SDKs/MacOSX.sdk/usr/include/sys/_types/_int64_t.h /Library/Developer/CommandLineTools/SDKs/MacOSX.sdk/usr/include/sys/_types/_u_int8_t.h /Library/Developer/CommandLineTools/SDKs/MacOSX.sdk/usr/include/sys/_types/_u_int16_t.h /Library/Developer/CommandLineTools/SDKs/MacOSX.sdk/usr/include/sys/_types/_u_int32_t.h /Library/Developer/CommandLineTools/SDKs/MacOSX.sdk/usr/include/sys/_types/_u_int64_t.h /Library/Developer/CommandLineTools/SDKs/MacOSX.sdk/usr/include/sys/_types/_intptr_t.h /Library/Developer/CommandLineTools/SDKs/MacOSX.sdk/usr/include/sys/_types/_uintptr_t.h /Library/Developer/CommandLineTools/SDKs/MacOSX.sdk/usr/include/sys/_types/_ct_rune_t.h /Library/Developer/CommandLineTools/SDKs/MacOSX.sdk/usr/include/sys/_types/_rune_t.h /Library/Developer/CommandLineTools/SDKs/MacOSX.sdk/usr/include/sys/_types/_wchar_t.h /opt/homebrew/Cellar/llvm/16.0.6/lib/clang/16/include/stdarg.h /opt/homebrew/opt/llvm/include/c++/v1/stdio.h /Library/Developer/CommandLineTools/SDKs/MacOSX.sdk/usr/include/stdio.h /Library/Developer/CommandLineTools/SDKs/MacOSX.sdk/usr/include/_stdio.h /Library/Developer/CommandLineTools/SDKs/MacOSX.sdk/usr/include/sys/_types/_va_list.h /Library/Developer/CommandLineTools/SDKs/MacOSX.sdk/usr/include/sys/stdio.h /Library/Developer/CommandLineTools/SDKs/MacOSX.sdk/usr/include/_ctermid.h /Library/Developer/CommandLineTools/SDKs/MacOSX.sdk/usr/include/sys/_types/_off_t.h /Library/Developer/CommandLineTools/SDKs/MacOSX.sdk/usr/include/sys/_types/_ssize_t.h /Library/Developer/CommandLineTools/SDKs/MacOSX.sdk/usr/include/time.h /Library/Developer/CommandLineTools/SDKs/MacOSX.sdk/usr/include/sys/_types/_clock_t.h /Library/Developer/CommandLineTools/SDKs/MacOSX.sdk/usr/include/sys/_types/_time_t.h /Library/Developer/CommandLineTools/SDKs/MacOSX.sdk/usr/include/sys/_types/_timespec.h /Library/Developer/CommandLineTools/SDKs/MacOSX.sdk/usr/include/_wctype.h /Library/Developer/CommandLineTools/SDKs/MacOSX.sdk/usr/include/__wctype.h /Library/Developer/CommandLineTools/SDKs/MacOSX.sdk/usr/include/sys/_types/_wint_t.h /Library/Developer/CommandLineTools/SDKs/MacOSX.sdk/usr/include/_types/_wctype_t.h /opt/homebrew/opt/llvm/include/c++/v1/ctype.h /Library/Developer/CommandLineTools/SDKs/MacOSX.sdk/usr/include/ctype.h /Library/Developer/CommandLineTools/SDKs/MacOSX.sdk/usr/include/_ctype.h /Library/Developer/CommandLineTools/SDKs/MacOSX.sdk/usr/include/runetype.h /opt/homebrew/opt/llvm/include/c++/v1/__locale /opt/homebrew/opt/llvm/include/c++/v1/cctype /opt/homebrew/opt/llvm/include/c++/v1/cstdint /opt/homebrew/opt/llvm/include/c++/v1/stdint.h /opt/homebrew/Cellar/llvm/16.0.6/lib/clang/16/include/stdint.h /Library/Developer/CommandLineTools/SDKs/MacOSX.sdk/usr/include/stdint.h /Library/Developer/CommandLineTools/SDKs/MacOSX.sdk/usr/include/_types/_uint8_t.h /Library/Developer/CommandLineTools/SDKs/MacOSX.sdk/usr/include/_types/_uint16_t.h /Library/Developer/CommandLineTools/SDKs/MacOSX.sdk/usr/include/_types/_uint32_t.h /Library/Developer/CommandLineTools/SDKs/MacOSX.sdk/usr/include/_types/_uint64_t.h /Library/Developer/CommandLineTools/SDKs/MacOSX.sdk/usr/include/_types/_intmax_t.h /Library/Developer/CommandLineTools/SDKs/MacOSX.sdk/usr/include/_types/_uintmax_t.h /opt/homebrew/opt/llvm/include/c++/v1/locale.h /Library/Developer/CommandLineTools/SDKs/MacOSX.sdk/usr/include/locale.h /Library/Developer/CommandLineTools/SDKs/MacOSX.sdk/usr/include/_locale.h /opt/homebrew/opt/llvm/include/c++/v1/mutex /opt/homebrew/opt/llvm/include/c++/v1/__memory/shared_ptr.h /opt/homebrew/opt/llvm/include/c++/v1/__compare/compare_three_way.h /opt/homebrew/opt/llvm/include/c++/v1/__compare/three_way_comparable.h /opt/homebrew/opt/llvm/include/c++/v1/__compare/common_comparison_category.h /opt/homebrew/opt/llvm/include/c++/v1/__compare/ordering.h /opt/homebrew/opt/llvm/include/c++/v1/__type_traits/enable_if.h /opt/homebrew/opt/llvm/include/c++/v1/__type_traits/is_same.h /opt/homebrew/opt/llvm/include/c++/v1/__type_traits/integral_constant.h /opt/homebrew/opt/llvm/include/c++/v1/cstddef /opt/homebrew/opt/llvm/include/c++/v1/__type_traits/is_integral.h /opt/homebrew/opt/llvm/include/c++/v1/__type_traits/remove_cv.h /opt/homebrew/opt/llvm/include/c++/v1/__type_traits/remove_const.h /opt/homebrew/opt/llvm/include/c++/v1/__type_traits/remove_volatile.h /opt/homebrew/opt/llvm/include/c++/v1/__concepts/common_reference_with.h /opt/homebrew/opt/llvm/include/c++/v1/__concepts/convertible_to.h /opt/homebrew/opt/llvm/include/c++/v1/__type_traits/is_convertible.h /opt/homebrew/opt/llvm/include/c++/v1/__type_traits/is_array.h /opt/homebrew/opt/llvm/include/c++/v1/__type_traits/is_function.h /opt/homebrew/opt/llvm/include/c++/v1/__type_traits/is_const.h /opt/homebrew/opt/llvm/include/c++/v1/__type_traits/is_reference.h /opt/homebrew/opt/llvm/include/c++/v1/__type_traits/is_void.h /opt/homebrew/opt/llvm/include/c++/v1/__type_traits/remove_reference.h /opt/homebrew/opt/llvm/include/c++/v1/__utility/declval.h /opt/homebrew/opt/llvm/include/c++/v1/__concepts/same_as.h /opt/homebrew/opt/llvm/include/c++/v1/__type_traits/common_reference.h /opt/homebrew/opt/llvm/include/c++/v1/__type_traits/common_type.h /opt/homebrew/opt/llvm/include/c++/v1/__type_traits/conditional.h /opt/homebrew/opt/llvm/include/c++/v1/__type_traits/decay.h /opt/homebrew/opt/llvm/include/c++/v1/__type_traits/add_pointer.h /opt/homebrew/opt/llvm/include/c++/v1/__type_traits/is_referenceable.h /opt/homebrew/opt/llvm/include/c++/v1/__type_traits/remove_extent.h /opt/homebrew/opt/llvm/include/c++/v1/__type_traits/remove_cvref.h /opt/homebrew/opt/llvm/include/c++/v1/__type_traits/void_t.h /opt/homebrew/opt/llvm/include/c++/v1/__type_traits/copy_cv.h /opt/homebrew/opt/llvm/include/c++/v1/__type_traits/add_const.h /opt/homebrew/opt/llvm/include/c++/v1/__type_traits/add_cv.h /opt/homebrew/opt/llvm/include/c++/v1/__type_traits/add_volatile.h /opt/homebrew/opt/llvm/include/c++/v1/__type_traits/copy_cvref.h /opt/homebrew/opt/llvm/include/c++/v1/__type_traits/add_lvalue_reference.h /opt/homebrew/opt/llvm/include/c++/v1/__type_traits/add_rvalue_reference.h /opt/homebrew/opt/llvm/include/c++/v1/__concepts/equality_comparable.h /opt/homebrew/opt/llvm/include/c++/v1/__concepts/boolean_testable.h /opt/homebrew/opt/llvm/include/c++/v1/__utility/forward.h /opt/homebrew/opt/llvm/include/c++/v1/__type_traits/make_const_lvalue_ref.h /opt/homebrew/opt/llvm/include/c++/v1/__concepts/totally_ordered.h /opt/homebrew/opt/llvm/include/c++/v1/__functional/binary_function.h /opt/homebrew/opt/llvm/include/c++/v1/__functional/operations.h /opt/homebrew/opt/llvm/include/c++/v1/__functional/unary_function.h /opt/homebrew/opt/llvm/include/c++/v1/__functional/reference_wrapper.h /opt/homebrew/opt/llvm/include/c++/v1/__functional/invoke.h /opt/homebrew/opt/llvm/include/c++/v1/__type_traits/apply_cv.h /opt/homebrew/opt/llvm/include/c++/v1/__type_traits/is_volatile.h /opt/homebrew/opt/llvm/include/c++/v1/__type_traits/is_base_of.h /opt/homebrew/opt/llvm/include/c++/v1/__type_traits/is_core_convertible.h /opt/homebrew/opt/llvm/include/c++/v1/__type_traits/is_member_function_pointer.h /opt/homebrew/opt/llvm/include/c++/v1/__type_traits/is_member_object_pointer.h /opt/homebrew/opt/llvm/include/c++/v1/__type_traits/is_reference_wrapper.h /opt/homebrew/opt/llvm/include/c++/v1/__type_traits/nat.h /opt/homebrew/opt/llvm/include/c++/v1/__functional/weak_result_type.h /opt/homebrew/opt/llvm/include/c++/v1/__memory/addressof.h /opt/homebrew/opt/llvm/include/c++/v1/__iterator/access.h /opt/homebrew/opt/llvm/include/c++/v1/__memory/allocation_guard.h /opt/homebrew/opt/llvm/include/c++/v1/__memory/allocator_traits.h /opt/homebrew/opt/llvm/include/c++/v1/__memory/construct_at.h /opt/homebrew/opt/llvm/include/c++/v1/__memory/voidify.h /opt/homebrew/opt/llvm/include/c++/v1/__utility/move.h /opt/homebrew/opt/llvm/include/c++/v1/__type_traits/is_copy_constructible.h /opt/homebrew/opt/llvm/include/c++/v1/__type_traits/is_nothrow_move_constructible.h /opt/homebrew/opt/llvm/include/c++/v1/__type_traits/is_nothrow_constructible.h /opt/homebrew/opt/llvm/include/c++/v1/__type_traits/is_constructible.h /opt/homebrew/opt/llvm/include/c++/v1/new /opt/homebrew/opt/llvm/include/c++/v1/cstdlib /opt/homebrew/opt/llvm/include/c++/v1/stdlib.h /Library/Developer/CommandLineTools/SDKs/MacOSX.sdk/usr/include/stdlib.h /Library/Developer/CommandLineTools/SDKs/MacOSX.sdk/usr/include/sys/wait.h /Library/Developer/CommandLineTools/SDKs/MacOSX.sdk/usr/include/sys/_types/_pid_t.h /Library/Developer/CommandLineTools/SDKs/MacOSX.sdk/usr/include/sys/_types/_id_t.h /Library/Developer/CommandLineTools/SDKs/MacOSX.sdk/usr/include/sys/signal.h /Library/Developer/CommandLineTools/SDKs/MacOSX.sdk/usr/include/sys/appleapiopts.h /Library/Developer/CommandLineTools/SDKs/MacOSX.sdk/usr/include/machine/signal.h /Library/Developer/CommandLineTools/SDKs/MacOSX.sdk/usr/include/arm/signal.h /Library/Developer/CommandLineTools/SDKs/MacOSX.sdk/usr/include/machine/_mcontext.h /Library/Developer/CommandLineTools/SDKs/MacOSX.sdk/usr/include/arm/_mcontext.h /Library/Developer/CommandLineTools/SDKs/MacOSX.sdk/usr/include/mach/machine/_structs.h /Library/Developer/CommandLineTools/SDKs/MacOSX.sdk/usr/include/mach/arm/_structs.h /Library/Developer/CommandLineTools/SDKs/MacOSX.sdk/usr/include/sys/_pthread/_pthread_attr_t.h /Library/Developer/CommandLineTools/SDKs/MacOSX.sdk/usr/include/sys/_types/_sigaltstack.h /Library/Developer/CommandLineTools/SDKs/MacOSX.sdk/usr/include/sys/_types/_ucontext.h /Library/Developer/CommandLineTools/SDKs/MacOSX.sdk/usr/include/sys/_types/_sigset_t.h /Library/Developer/CommandLineTools/SDKs/MacOSX.sdk/usr/include/sys/_types/_uid_t.h /Library/Developer/CommandLineTools/SDKs/MacOSX.sdk/usr/include/sys/resource.h /Library/Developer/CommandLineTools/SDKs/MacOSX.sdk/usr/include/sys/_types/_timeval.h /Library/Developer/CommandLineTools/SDKs/MacOSX.sdk/usr/include/machine/endian.h /Library/Developer/CommandLineTools/SDKs/MacOSX.sdk/usr/include/arm/endian.h /Library/Developer/CommandLineTools/SDKs/MacOSX.sdk/usr/include/sys/_endian.h /Library/Developer/CommandLineTools/SDKs/MacOSX.sdk/usr/include/libkern/_OSByteOrder.h /Library/Developer/CommandLineTools/SDKs/MacOSX.sdk/usr/include/libkern/arm/OSByteOrder.h /Library/Developer/CommandLineTools/SDKs/MacOSX.sdk/usr/include/arm/arch.h /Library/Developer/CommandLineTools/SDKs/MacOSX.sdk/usr/include/alloca.h /Library/Developer/CommandLineTools/SDKs/MacOSX.sdk/usr/include/malloc/_malloc.h /Library/Developer/CommandLineTools/SDKs/MacOSX.sdk/usr/include/sys/_types/_dev_t.h /Library/Developer/CommandLineTools/SDKs/MacOSX.sdk/usr/include/sys/_types/_mode_t.h /opt/homebrew/opt/llvm/include/c++/v1/exception /opt/homebrew/opt/llvm/include/c++/v1/__type_traits/is_class.h /opt/homebrew/opt/llvm/include/c++/v1/__type_traits/is_final.h /opt/homebrew/opt/llvm/include/c++/v1/__type_traits/is_polymorphic.h /opt/homebrew/opt/llvm/include/c++/v1/type_traits /opt/homebrew/opt/llvm/include/c++/v1/__fwd/hash.h /opt/homebrew/opt/llvm/include/c++/v1/__type_traits/aligned_storage.h /opt/homebrew/opt/llvm/include/c++/v1/__type_traits/type_list.h /opt/homebrew/opt/llvm/include/c++/v1/__type_traits/aligned_union.h /opt/homebrew/opt/llvm/include/c++/v1/__type_traits/alignment_of.h /opt/homebrew/opt/llvm/include/c++/v1/__type_traits/can_extract_key.h /opt/homebrew/opt/llvm/include/c++/v1/__fwd/pair.h /opt/homebrew/opt/llvm/include/c++/v1/__type_traits/remove_const_ref.h /opt/homebrew/opt/llvm/include/c++/v1/__type_traits/conjunction.h /opt/homebrew/opt/llvm/include/c++/v1/__type_traits/dependent_type.h /opt/homebrew/opt/llvm/include/c++/v1/__type_traits/disjunction.h /opt/homebrew/opt/llvm/include/c++/v1/__type_traits/extent.h /opt/homebrew/opt/llvm/include/c++/v1/__type_traits/has_unique_object_representation.h /opt/homebrew/opt/llvm/include/c++/v1/__type_traits/remove_all_extents.h /opt/homebrew/opt/llvm/include/c++/v1/__type_traits/has_virtual_destructor.h /opt/homebrew/opt/llvm/include/c++/v1/__type_traits/is_abstract.h /opt/homebrew/opt/llvm/include/c++/v1/__type_traits/is_aggregate.h /opt/homebrew/opt/llvm/include/c++/v1/__type_traits/is_arithmetic.h /opt/homebrew/opt/llvm/include/c++/v1/__type_traits/is_floating_point.h /opt/homebrew/opt/llvm/include/c++/v1/__type_traits/is_assignable.h /opt/homebrew/opt/llvm/include/c++/v1/__type_traits/is_bounded_array.h /opt/homebrew/opt/llvm/include/c++/v1/__type_traits/is_callable.h /opt/homebrew/opt/llvm/include/c++/v1/__type_traits/is_char_like_type.h /opt/homebrew/opt/llvm/include/c++/v1/__type_traits/is_standard_layout.h /opt/homebrew/opt/llvm/include/c++/v1/__type_traits/is_trivial.h /opt/homebrew/opt/llvm/include/c++/v1/__type_traits/is_compound.h /opt/homebrew/opt/llvm/include/c++/v1/__type_traits/is_fundamental.h /opt/homebrew/opt/llvm/include/c++/v1/__type_traits/is_null_pointer.h /opt/homebrew/opt/llvm/include/c++/v1/__type_traits/is_constant_evaluated.h /opt/homebrew/opt/llvm/include/c++/v1/__type_traits/is_copy_assignable.h /opt/homebrew/opt/llvm/include/c++/v1/__type_traits/is_default_constructible.h /opt/homebrew/opt/llvm/include/c++/v1/__type_traits/is_destructible.h /opt/homebrew/opt/llvm/include/c++/v1/__type_traits/is_empty.h /opt/homebrew/opt/llvm/include/c++/v1/__type_traits/is_enum.h /opt/homebrew/opt/llvm/include/c++/v1/__type_traits/is_implicitly_default_constructible.h /opt/homebrew/opt/llvm/include/c++/v1/__type_traits/is_literal_type.h /opt/homebrew/opt/llvm/include/c++/v1/__type_traits/is_member_pointer.h /opt/homebrew/opt/llvm/include/c++/v1/__type_traits/is_move_assignable.h /opt/homebrew/opt/llvm/include/c++/v1/__type_traits/is_move_constructible.h /opt/homebrew/opt/llvm/include/c++/v1/__type_traits/is_nothrow_assignable.h /opt/homebrew/opt/llvm/include/c++/v1/__type_traits/is_nothrow_convertible.h /opt/homebrew/opt/llvm/include/c++/v1/__type_traits/lazy.h /opt/homebrew/opt/llvm/include/c++/v1/__type_traits/is_nothrow_copy_assignable.h /opt/homebrew/opt/llvm/include/c++/v1/__type_traits/is_nothrow_copy_constructible.h /opt/homebrew/opt/llvm/include/c++/v1/__type_traits/is_nothrow_default_constructible.h /opt/homebrew/opt/llvm/include/c++/v1/__type_traits/is_nothrow_destructible.h /opt/homebrew/opt/llvm/include/c++/v1/__type_traits/is_scalar.h /opt/homebrew/opt/llvm/include/c++/v1/__type_traits/is_pointer.h /opt/homebrew/opt/llvm/include/c++/v1/__type_traits/is_nothrow_move_assignable.h /opt/homebrew/opt/llvm/include/c++/v1/__type_traits/is_object.h /opt/homebrew/opt/llvm/include/c++/v1/__type_traits/is_union.h /opt/homebrew/opt/llvm/include/c++/v1/__type_traits/is_pod.h /opt/homebrew/opt/llvm/include/c++/v1/__type_traits/is_scoped_enum.h /opt/homebrew/opt/llvm/include/c++/v1/__type_traits/underlying_type.h /opt/homebrew/opt/llvm/include/c++/v1/__type_traits/is_signed.h /opt/homebrew/opt/llvm/include/c++/v1/__type_traits/is_specialization.h /opt/homebrew/opt/llvm/include/c++/v1/__type_traits/is_swappable.h /opt/homebrew/opt/llvm/include/c++/v1/__type_traits/is_trivially_assignable.h /opt/homebrew/opt/llvm/include/c++/v1/__type_traits/is_trivially_constructible.h /opt/homebrew/opt/llvm/include/c++/v1/__type_traits/is_trivially_copy_assignable.h /opt/homebrew/opt/llvm/include/c++/v1/__type_traits/is_trivially_copy_constructible.h /opt/homebrew/opt/llvm/include/c++/v1/__type_traits/is_trivially_copyable.h /opt/homebrew/opt/llvm/include/c++/v1/__type_traits/is_trivially_default_constructible.h /opt/homebrew/opt/llvm/include/c++/v1/__type_traits/is_trivially_destructible.h /opt/homebrew/opt/llvm/include/c++/v1/__type_traits/is_trivially_move_assignable.h /opt/homebrew/opt/llvm/include/c++/v1/__type_traits/is_trivially_move_constructible.h /opt/homebrew/opt/llvm/include/c++/v1/__type_traits/is_unbounded_array.h /opt/homebrew/opt/llvm/include/c++/v1/__type_traits/is_unsigned.h /opt/homebrew/opt/llvm/include/c++/v1/__type_traits/make_signed.h /opt/homebrew/opt/llvm/include/c++/v1/__type_traits/make_unsigned.h /opt/homebrew/opt/llvm/include/c++/v1/__type_traits/maybe_const.h /opt/homebrew/opt/llvm/include/c++/v1/__type_traits/negation.h /opt/homebrew/opt/llvm/include/c++/v1/__type_traits/rank.h /opt/homebrew/opt/llvm/include/c++/v1/__type_traits/remove_pointer.h /opt/homebrew/opt/llvm/include/c++/v1/__type_traits/result_of.h /opt/homebrew/opt/llvm/include/c++/v1/__type_traits/type_identity.h /opt/homebrew/opt/llvm/include/c++/v1/__memory/pointer_traits.h /opt/homebrew/opt/llvm/include/c++/v1/limits /opt/homebrew/opt/llvm/include/c++/v1/__undef_macros /opt/homebrew/opt/llvm/include/c++/v1/__memory/allocator.h /opt/homebrew/opt/llvm/include/c++/v1/__memory/allocate_at_least.h /opt/homebrew/opt/llvm/include/c++/v1/stdexcept /opt/homebrew/opt/llvm/include/c++/v1/__memory/allocator_destructor.h /opt/homebrew/opt/llvm/include/c++/v1/__memory/auto_ptr.h /opt/homebrew/opt/llvm/include/c++/v1/__memory/compressed_pair.h /opt/homebrew/opt/llvm/include/c++/v1/__fwd/get.h /opt/homebrew/opt/llvm/include/c++/v1/__concepts/copyable.h /opt/homebrew/opt/llvm/include/c++/v1/__concepts/assignable.h /opt/homebrew/opt/llvm/include/c++/v1/__concepts/constructible.h /opt/homebrew/opt/llvm/include/c++/v1/__concepts/destructible.h /opt/homebrew/opt/llvm/include/c++/v1/__concepts/movable.h /opt/homebrew/opt/llvm/include/c++/v1/__concepts/swappable.h /opt/homebrew/opt/llvm/include/c++/v1/__concepts/class_or_enum.h /opt/homebrew/opt/llvm/include/c++/v1/__utility/exchange.h /opt/homebrew/opt/llvm/include/c++/v1/__utility/swap.h /opt/homebrew/opt/llvm/include/c++/v1/__fwd/array.h /opt/homebrew/opt/llvm/include/c++/v1/__fwd/subrange.h /opt/homebrew/opt/llvm/include/c++/v1/__fwd/tuple.h /opt/homebrew/opt/llvm/include/c++/v1/__tuple_dir/tuple_element.h /opt/homebrew/opt/llvm/include/c++/v1/__tuple_dir/tuple_indices.h /opt/homebrew/opt/llvm/include/c++/v1/__utility/integer_sequence.h /opt/homebrew/opt/llvm/include/c++/v1/__tuple_dir/tuple_types.h /opt/homebrew/opt/llvm/include/c++/v1/__utility/piecewise_construct.h /opt/homebrew/opt/llvm/include/c++/v1/__memory/uninitialized_algorithms.h /opt/homebrew/opt/llvm/include/c++/v1/__algorithm/copy.h /opt/homebrew/opt/llvm/include/c++/v1/__algorithm/copy_move_common.h /opt/homebrew/opt/llvm/include/c++/v1/__algorithm/iterator_operations.h /opt/homebrew/opt/llvm/include/c++/v1/__algorithm/iter_swap.h /opt/homebrew/opt/llvm/include/c++/v1/__algorithm/ranges_iterator_concept.h /opt/homebrew/opt/llvm/include/c++/v1/__iterator/concepts.h /opt/homebrew/opt/llvm/include/c++/v1/__concepts/arithmetic.h /opt/homebrew/opt/llvm/include/c++/v1/__type_traits/is_signed_integer.h /opt/homebrew/opt/llvm/include/c++/v1/__type_traits/is_unsigned_integer.h /opt/homebrew/opt/llvm/include/c++/v1/__concepts/derived_from.h /opt/homebrew/opt/llvm/include/c++/v1/__concepts/invocable.h /opt/homebrew/opt/llvm/include/c++/v1/__concepts/predicate.h /opt/homebrew/opt/llvm/include/c++/v1/__concepts/regular.h /opt/homebrew/opt/llvm/include/c++/v1/__concepts/semiregular.h /opt/homebrew/opt/llvm/include/c++/v1/__concepts/relation.h /opt/homebrew/opt/llvm/include/c++/v1/__iterator/incrementable_traits.h /opt/homebrew/opt/llvm/include/c++/v1/__type_traits/is_primary_template.h /opt/homebrew/opt/llvm/include/c++/v1/__type_traits/is_valid_expansion.h /opt/homebrew/opt/llvm/include/c++/v1/__iterator/iter_move.h /opt/homebrew/opt/llvm/include/c++/v1/__iterator/iterator_traits.h /opt/homebrew/opt/llvm/include/c++/v1/__iterator/readable_traits.h /opt/homebrew/opt/llvm/include/c++/v1/__iterator/advance.h /opt/homebrew/opt/llvm/include/c++/v1/__utility/convert_to_integral.h /opt/homebrew/opt/llvm/include/c++/v1/__utility/unreachable.h /opt/homebrew/opt/llvm/include/c++/v1/__iterator/distance.h /opt/homebrew/opt/llvm/include/c++/v1/__ranges/access.h /opt/homebrew/opt/llvm/include/c++/v1/__ranges/enable_borrowed_range.h /opt/homebrew/opt/llvm/include/c++/v1/__utility/auto_cast.h /opt/homebrew/opt/llvm/include/c++/v1/__ranges/concepts.h /opt/homebrew/opt/llvm/include/c++/v1/__ranges/data.h /opt/homebrew/opt/llvm/include/c++/v1/__ranges/enable_view.h /opt/homebrew/opt/llvm/include/c++/v1/__ranges/size.h /opt/homebrew/opt/llvm/include/c++/v1/initializer_list /opt/homebrew/opt/llvm/include/c++/v1/__iterator/iter_swap.h /opt/homebrew/opt/llvm/include/c++/v1/__iterator/next.h /opt/homebrew/opt/llvm/include/c++/v1/__iterator/prev.h /opt/homebrew/opt/llvm/include/c++/v1/__algorithm/unwrap_iter.h /opt/homebrew/opt/llvm/include/c++/v1/__algorithm/unwrap_range.h /opt/homebrew/opt/llvm/include/c++/v1/__utility/pair.h /opt/homebrew/opt/llvm/include/c++/v1/__compare/synth_three_way.h /opt/homebrew/opt/llvm/include/c++/v1/__functional/unwrap_ref.h /opt/homebrew/opt/llvm/include/c++/v1/__tuple_dir/sfinae_helpers.h /opt/homebrew/opt/llvm/include/c++/v1/__tuple_dir/make_tuple_types.h /opt/homebrew/opt/llvm/include/c++/v1/__tuple_dir/apply_cv.h /opt/homebrew/opt/llvm/include/c++/v1/__tuple_dir/tuple_size.h /opt/homebrew/opt/llvm/include/c++/v1/__tuple_dir/tuple_like_ext.h /opt/homebrew/opt/llvm/include/c++/v1/__type_traits/is_always_bitcastable.h /opt/homebrew/opt/llvm/include/c++/v1/__algorithm/min.h /opt/homebrew/opt/llvm/include/c++/v1/__algorithm/comp.h /opt/homebrew/opt/llvm/include/c++/v1/__algorithm/comp_ref_type.h /opt/homebrew/opt/llvm/include/c++/v1/__debug /opt/homebrew/opt/llvm/include/c++/v1/__algorithm/min_element.h /opt/homebrew/opt/llvm/include/c++/v1/__functional/identity.h /opt/homebrew/opt/llvm/include/c++/v1/__iterator/segmented_iterator.h /opt/homebrew/opt/llvm/include/c++/v1/__algorithm/move.h /opt/homebrew/opt/llvm/include/c++/v1/__iterator/reverse_iterator.h /opt/homebrew/opt/llvm/include/c++/v1/__compare/compare_three_way_result.h /opt/homebrew/opt/llvm/include/c++/v1/__iterator/iterator.h /opt/homebrew/opt/llvm/include/c++/v1/__ranges/subrange.h /opt/homebrew/opt/llvm/include/c++/v1/__concepts/different_from.h /opt/homebrew/opt/llvm/include/c++/v1/__ranges/dangling.h /opt/homebrew/opt/llvm/include/c++/v1/__ranges/view_interface.h /opt/homebrew/opt/llvm/include/c++/v1/__ranges/empty.h /opt/homebrew/opt/llvm/include/c++/v1/__tuple_dir/pair_like.h /opt/homebrew/opt/llvm/include/c++/v1/__tuple_dir/tuple_like.h /opt/homebrew/opt/llvm/include/c++/v1/__utility/exception_guard.h /opt/homebrew/opt/llvm/include/c++/v1/__memory/unique_ptr.h /opt/homebrew/opt/llvm/include/c++/v1/__functional/hash.h /opt/homebrew/opt/llvm/include/c++/v1/cstring /opt/homebrew/opt/llvm/include/c++/v1/string.h /Library/Developer/CommandLineTools/SDKs/MacOSX.sdk/usr/include/string.h /Library/Developer/CommandLineTools/SDKs/MacOSX.sdk/usr/include/strings.h /opt/homebrew/opt/llvm/include/c++/v1/typeinfo /opt/homebrew/opt/llvm/include/c++/v1/atomic /opt/homebrew/opt/llvm/include/c++/v1/__chrono/duration.h /opt/homebrew/opt/llvm/include/c++/v1/ratio /opt/homebrew/opt/llvm/include/c++/v1/climits /opt/homebrew/opt/llvm/include/c++/v1/limits.h /opt/homebrew/Cellar/llvm/16.0.6/lib/clang/16/include/limits.h /Library/Developer/CommandLineTools/SDKs/MacOSX.sdk/usr/include/limits.h /Library/Developer/CommandLineTools/SDKs/MacOSX.sdk/usr/include/machine/limits.h /Library/Developer/CommandLineTools/SDKs/MacOSX.sdk/usr/include/arm/limits.h /Library/Developer/CommandLineTools/SDKs/MacOSX.sdk/usr/include/arm/_limits.h /Library/Developer/CommandLineTools/SDKs/MacOSX.sdk/usr/include/sys/syslimits.h /opt/homebrew/opt/llvm/include/c++/v1/__thread/poll_with_backoff.h /opt/homebrew/opt/llvm/include/c++/v1/__chrono/high_resolution_clock.h /opt/homebrew/opt/llvm/include/c++/v1/__chrono/steady_clock.h /opt/homebrew/opt/llvm/include/c++/v1/__chrono/time_point.h /opt/homebrew/opt/llvm/include/c++/v1/__chrono/system_clock.h /opt/homebrew/opt/llvm/include/c++/v1/ctime /opt/homebrew/opt/llvm/include/c++/v1/__thread/timed_backoff_policy.h /opt/homebrew/opt/llvm/include/c++/v1/__threading_support /opt/homebrew/opt/llvm/include/c++/v1/__chrono/convert_to_timespec.h /opt/homebrew/opt/llvm/include/c++/v1/errno.h /Library/Developer/CommandLineTools/SDKs/MacOSX.sdk/usr/include/errno.h /Library/Developer/CommandLineTools/SDKs/MacOSX.sdk/usr/include/sys/errno.h /Library/Developer/CommandLineTools/SDKs/MacOSX.sdk/usr/include/pthread.h /Library/Developer/CommandLineTools/SDKs/MacOSX.sdk/usr/include/pthread/sched.h /Library/Developer/CommandLineTools/SDKs/MacOSX.sdk/usr/include/pthread/pthread_impl.h /Library/Developer/CommandLineTools/SDKs/MacOSX.sdk/usr/include/sys/_pthread/_pthread_cond_t.h /Library/Developer/CommandLineTools/SDKs/MacOSX.sdk/usr/include/sys/_pthread/_pthread_condattr_t.h /Library/Developer/CommandLineTools/SDKs/MacOSX.sdk/usr/include/sys/_pthread/_pthread_key_t.h /Library/Developer/CommandLineTools/SDKs/MacOSX.sdk/usr/include/sys/_pthread/_pthread_mutex_t.h /Library/Developer/CommandLineTools/SDKs/MacOSX.sdk/usr/include/sys/_pthread/_pthread_mutexattr_t.h /Library/Developer/CommandLineTools/SDKs/MacOSX.sdk/usr/include/sys/_pthread/_pthread_once_t.h /Library/Developer/CommandLineTools/SDKs/MacOSX.sdk/usr/include/sys/_pthread/_pthread_rwlock_t.h /Library/Developer/CommandLineTools/SDKs/MacOSX.sdk/usr/include/sys/_pthread/_pthread_rwlockattr_t.h /Library/Developer/CommandLineTools/SDKs/MacOSX.sdk/usr/include/sys/_pthread/_pthread_t.h /Library/Developer/CommandLineTools/SDKs/MacOSX.sdk/usr/include/pthread/qos.h /Library/Developer/CommandLineTools/SDKs/MacOSX.sdk/usr/include/sys/qos.h /Library/Developer/CommandLineTools/SDKs/MacOSX.sdk/usr/include/sys/_types/_mach_port_t.h /Library/Developer/CommandLineTools/SDKs/MacOSX.sdk/usr/include/sched.h /opt/homebrew/opt/llvm/include/c++/v1/cmath /opt/homebrew/opt/llvm/include/c++/v1/math.h /Library/Developer/CommandLineTools/SDKs/MacOSX.sdk/usr/include/math.h /opt/homebrew/opt/llvm/include/c++/v1/__type_traits/promote.h /opt/homebrew/opt/llvm/include/c++/v1/compare /opt/homebrew/opt/llvm/include/c++/v1/__compare/compare_partial_order_fallback.h /opt/homebrew/opt/llvm/include/c++/v1/__compare/partial_order.h /opt/homebrew/opt/llvm/include/c++/v1/__compare/weak_order.h /opt/homebrew/opt/llvm/include/c++/v1/__compare/strong_order.h /opt/homebrew/opt/llvm/include/c++/v1/__bit/bit_cast.h /opt/homebrew/opt/llvm/include/c++/v1/__utility/priority_tag.h /opt/homebrew/opt/llvm/include/c++/v1/__compare/compare_strong_order_fallback.h /opt/homebrew/opt/llvm/include/c++/v1/__compare/compare_weak_order_fallback.h /opt/homebrew/opt/llvm/include/c++/v1/__compare/is_eq.h /opt/homebrew/opt/llvm/include/c++/v1/__mutex_base /opt/homebrew/opt/llvm/include/c++/v1/system_error /opt/homebrew/opt/llvm/include/c++/v1/__errc /opt/homebrew/opt/llvm/include/c++/v1/cerrno /opt/homebrew/opt/llvm/include/c++/v1/string /opt/homebrew/opt/llvm/include/c++/v1/__algorithm/max.h /opt/homebrew/opt/llvm/include/c++/v1/__algorithm/max_element.h /opt/homebrew/opt/llvm/include/c++/v1/__algorithm/remove.h /opt/homebrew/opt/llvm/include/c++/v1/__algorithm/find.h /opt/homebrew/opt/llvm/include/c++/v1/__algorithm/find_if.h /opt/homebrew/opt/llvm/include/c++/v1/__algorithm/remove_if.h /opt/homebrew/opt/llvm/include/c++/v1/__format/enable_insertable.h /opt/homebrew/opt/llvm/include/c++/v1/__iterator/wrap_iter.h /opt/homebrew/opt/llvm/include/c++/v1/__memory/swap_allocator.h /opt/homebrew/opt/llvm/include/c++/v1/__memory_resource/polymorphic_allocator.h /opt/homebrew/opt/llvm/include/c++/v1/__memory_resource/memory_resource.h /opt/homebrew/opt/llvm/include/c++/v1/tuple /opt/homebrew/opt/llvm/include/c++/v1/__memory/allocator_arg_t.h /opt/homebrew/opt/llvm/include/c++/v1/__memory/uses_allocator.h /opt/homebrew/opt/llvm/include/c++/v1/utility /opt/homebrew/opt/llvm/include/c++/v1/__utility/as_const.h /opt/homebrew/opt/llvm/include/c++/v1/__utility/cmp.h /opt/homebrew/opt/llvm/include/c++/v1/__utility/forward_like.h /opt/homebrew/opt/llvm/include/c++/v1/__utility/in_place.h /opt/homebrew/opt/llvm/include/c++/v1/__utility/rel_ops.h /opt/homebrew/opt/llvm/include/c++/v1/__utility/to_underlying.h /opt/homebrew/opt/llvm/include/c++/v1/__string/char_traits.h /opt/homebrew/opt/llvm/include/c++/v1/__algorithm/copy_n.h /opt/homebrew/opt/llvm/include/c++/v1/__algorithm/fill_n.h /opt/homebrew/opt/llvm/include/c++/v1/__algorithm/find_end.h /opt/homebrew/opt/llvm/include/c++/v1/__algorithm/search.h /opt/homebrew/opt/llvm/include/c++/v1/__algorithm/find_first_of.h /opt/homebrew/opt/llvm/include/c++/v1/cstdio /opt/homebrew/opt/llvm/include/c++/v1/cwchar /opt/homebrew/opt/llvm/include/c++/v1/cwctype /opt/homebrew/opt/llvm/include/c++/v1/wctype.h /Library/Developer/CommandLineTools/SDKs/MacOSX.sdk/usr/include/wctype.h /Library/Developer/CommandLineTools/SDKs/MacOSX.sdk/usr/include/_types/_wctrans_t.h /opt/homebrew/opt/llvm/include/c++/v1/__string/extern_template_lists.h /opt/homebrew/opt/llvm/include/c++/v1/__type_traits/is_allocator.h /opt/homebrew/opt/llvm/include/c++/v1/__type_traits/noexcept_move_assign_container.h /opt/homebrew/opt/llvm/include/c++/v1/string_view /opt/homebrew/opt/llvm/include/c++/v1/__fwd/string_view.h /opt/homebrew/opt/llvm/include/c++/v1/__iterator/data.h /opt/homebrew/opt/llvm/include/c++/v1/__iterator/empty.h /opt/homebrew/opt/llvm/include/c++/v1/__iterator/reverse_access.h /opt/homebrew/opt/llvm/include/c++/v1/__iterator/size.h /opt/homebrew/opt/llvm/include/c++/v1/algorithm /opt/homebrew/opt/llvm/include/c++/v1/__algorithm/adjacent_find.h /opt/homebrew/opt/llvm/include/c++/v1/__algorithm/all_of.h /opt/homebrew/opt/llvm/include/c++/v1/__algorithm/any_of.h /opt/homebrew/opt/llvm/include/c++/v1/__algorithm/binary_search.h /opt/homebrew/opt/llvm/include/c++/v1/__algorithm/lower_bound.h /opt/homebrew/opt/llvm/include/c++/v1/__algorithm/half_positive.h /opt/homebrew/opt/llvm/include/c++/v1/__algorithm/clamp.h /opt/homebrew/opt/llvm/include/c++/v1/__algorithm/copy_backward.h /opt/homebrew/opt/llvm/include/c++/v1/__algorithm/copy_if.h /opt/homebrew/opt/llvm/include/c++/v1/__algorithm/count.h /opt/homebrew/opt/llvm/include/c++/v1/__algorithm/count_if.h /opt/homebrew/opt/llvm/include/c++/v1/__algorithm/equal.h /opt/homebrew/opt/llvm/include/c++/v1/__algorithm/equal_range.h /opt/homebrew/opt/llvm/include/c++/v1/__algorithm/upper_bound.h /opt/homebrew/opt/llvm/include/c++/v1/__algorithm/fill.h /opt/homebrew/opt/llvm/include/c++/v1/__algorithm/find_if_not.h /opt/homebrew/opt/llvm/include/c++/v1/__algorithm/for_each.h /opt/homebrew/opt/llvm/include/c++/v1/__algorithm/for_each_n.h /opt/homebrew/opt/llvm/include/c++/v1/__algorithm/generate.h /opt/homebrew/opt/llvm/include/c++/v1/__algorithm/generate_n.h /opt/homebrew/opt/llvm/include/c++/v1/__algorithm/in_found_result.h /opt/homebrew/opt/llvm/include/c++/v1/__algorithm/in_fun_result.h /opt/homebrew/opt/llvm/include/c++/v1/__algorithm/in_in_out_result.h /opt/homebrew/opt/llvm/include/c++/v1/__algorithm/in_in_result.h /opt/homebrew/opt/llvm/include/c++/v1/__algorithm/in_out_out_result.h /opt/homebrew/opt/llvm/include/c++/v1/__algorithm/in_out_result.h /opt/homebrew/opt/llvm/include/c++/v1/__algorithm/includes.h /opt/homebrew/opt/llvm/include/c++/v1/__algorithm/inplace_merge.h /opt/homebrew/opt/llvm/include/c++/v1/__algorithm/rotate.h /opt/homebrew/opt/llvm/include/c++/v1/__algorithm/move_backward.h /opt/homebrew/opt/llvm/include/c++/v1/__algorithm/swap_ranges.h /opt/homebrew/opt/llvm/include/c++/v1/__memory/destruct_n.h /opt/homebrew/opt/llvm/include/c++/v1/__memory/temporary_buffer.h /opt/homebrew/opt/llvm/include/c++/v1/__algorithm/is_heap.h /opt/homebrew/opt/llvm/include/c++/v1/__algorithm/is_heap_until.h /opt/homebrew/opt/llvm/include/c++/v1/__algorithm/is_partitioned.h /opt/homebrew/opt/llvm/include/c++/v1/__algorithm/is_permutation.h /opt/homebrew/opt/llvm/include/c++/v1/__algorithm/is_sorted.h /opt/homebrew/opt/llvm/include/c++/v1/__algorithm/is_sorted_until.h /opt/homebrew/opt/llvm/include/c++/v1/__algorithm/lexicographical_compare.h /opt/homebrew/opt/llvm/include/c++/v1/__algorithm/make_heap.h /opt/homebrew/opt/llvm/include/c++/v1/__algorithm/sift_down.h /opt/homebrew/opt/llvm/include/c++/v1/__algorithm/merge.h /opt/homebrew/opt/llvm/include/c++/v1/__algorithm/min_max_result.h /opt/homebrew/opt/llvm/include/c++/v1/__algorithm/minmax.h /opt/homebrew/opt/llvm/include/c++/v1/__algorithm/minmax_element.h /opt/homebrew/opt/llvm/include/c++/v1/__algorithm/mismatch.h /opt/homebrew/opt/llvm/include/c++/v1/__algorithm/next_permutation.h /opt/homebrew/opt/llvm/include/c++/v1/__algorithm/reverse.h /opt/homebrew/opt/llvm/include/c++/v1/__algorithm/none_of.h /opt/homebrew/opt/llvm/include/c++/v1/__algorithm/nth_element.h /opt/homebrew/opt/llvm/include/c++/v1/__algorithm/sort.h /opt/homebrew/opt/llvm/include/c++/v1/__algorithm/partial_sort.h /opt/homebrew/opt/llvm/include/c++/v1/__algorithm/sort_heap.h /opt/homebrew/opt/llvm/include/c++/v1/__algorithm/pop_heap.h /opt/homebrew/opt/llvm/include/c++/v1/__algorithm/push_heap.h /opt/homebrew/opt/llvm/include/c++/v1/__debug_utils/randomize_range.h /opt/homebrew/opt/llvm/include/c++/v1/__functional/ranges_operations.h /opt/homebrew/opt/llvm/include/c++/v1/bit /opt/homebrew/opt/llvm/include/c++/v1/__bit/bit_ceil.h /opt/homebrew/opt/llvm/include/c++/v1/__bit/countl.h /opt/homebrew/opt/llvm/include/c++/v1/__bit/rotate.h /opt/homebrew/opt/llvm/include/c++/v1/__bit/bit_floor.h /opt/homebrew/opt/llvm/include/c++/v1/__bit/bit_log2.h /opt/homebrew/opt/llvm/include/c++/v1/__bit/bit_width.h /opt/homebrew/opt/llvm/include/c++/v1/__bit/blsr.h /opt/homebrew/opt/llvm/include/c++/v1/__bit/byteswap.h /opt/homebrew/opt/llvm/include/c++/v1/__bit/countr.h /opt/homebrew/opt/llvm/include/c++/v1/__bit/endian.h /opt/homebrew/opt/llvm/include/c++/v1/__bit/has_single_bit.h /opt/homebrew/opt/llvm/include/c++/v1/__bit/popcount.h /opt/homebrew/opt/llvm/include/c++/v1/__algorithm/partial_sort_copy.h /opt/homebrew/opt/llvm/include/c++/v1/__algorithm/make_projected.h /opt/homebrew/opt/llvm/include/c++/v1/__algorithm/partition.h /opt/homebrew/opt/llvm/include/c++/v1/__algorithm/partition_copy.h /opt/homebrew/opt/llvm/include/c++/v1/__algorithm/partition_point.h /opt/homebrew/opt/llvm/include/c++/v1/__algorithm/prev_permutation.h /opt/homebrew/opt/llvm/include/c++/v1/__algorithm/ranges_adjacent_find.h /opt/homebrew/opt/llvm/include/c++/v1/__iterator/projected.h /opt/homebrew/opt/llvm/include/c++/v1/__algorithm/ranges_all_of.h /opt/homebrew/opt/llvm/include/c++/v1/__algorithm/ranges_any_of.h /opt/homebrew/opt/llvm/include/c++/v1/__algorithm/ranges_binary_search.h /opt/homebrew/opt/llvm/include/c++/v1/__algorithm/ranges_clamp.h /opt/homebrew/opt/llvm/include/c++/v1/__algorithm/ranges_copy.h /opt/homebrew/opt/llvm/include/c++/v1/__algorithm/ranges_copy_backward.h /opt/homebrew/opt/llvm/include/c++/v1/__algorithm/ranges_copy_if.h /opt/homebrew/opt/llvm/include/c++/v1/__algorithm/ranges_copy_n.h /opt/homebrew/opt/llvm/include/c++/v1/__iterator/unreachable_sentinel.h /opt/homebrew/opt/llvm/include/c++/v1/__algorithm/ranges_count.h /opt/homebrew/opt/llvm/include/c++/v1/__algorithm/ranges_count_if.h /opt/homebrew/opt/llvm/include/c++/v1/__algorithm/ranges_equal.h /opt/homebrew/opt/llvm/include/c++/v1/__iterator/indirectly_comparable.h /opt/homebrew/opt/llvm/include/c++/v1/__algorithm/ranges_equal_range.h /opt/homebrew/opt/llvm/include/c++/v1/__algorithm/ranges_fill.h /opt/homebrew/opt/llvm/include/c++/v1/__algorithm/ranges_fill_n.h /opt/homebrew/opt/llvm/include/c++/v1/__algorithm/ranges_find.h /opt/homebrew/opt/llvm/include/c++/v1/__algorithm/ranges_find_if.h /opt/homebrew/opt/llvm/include/c++/v1/__algorithm/ranges_find_end.h /opt/homebrew/opt/llvm/include/c++/v1/__algorithm/ranges_find_first_of.h /opt/homebrew/opt/llvm/include/c++/v1/__algorithm/ranges_find_if_not.h /opt/homebrew/opt/llvm/include/c++/v1/__algorithm/ranges_for_each.h /opt/homebrew/opt/llvm/include/c++/v1/__algorithm/ranges_for_each_n.h /opt/homebrew/opt/llvm/include/c++/v1/__algorithm/ranges_generate.h /opt/homebrew/opt/llvm/include/c++/v1/__algorithm/ranges_generate_n.h /opt/homebrew/opt/llvm/include/c++/v1/__algorithm/ranges_includes.h /opt/homebrew/opt/llvm/include/c++/v1/__algorithm/ranges_inplace_merge.h /opt/homebrew/opt/llvm/include/c++/v1/__iterator/sortable.h /opt/homebrew/opt/llvm/include/c++/v1/__iterator/permutable.h /opt/homebrew/opt/llvm/include/c++/v1/__algorithm/ranges_is_heap.h /opt/homebrew/opt/llvm/include/c++/v1/__algorithm/ranges_is_heap_until.h /opt/homebrew/opt/llvm/include/c++/v1/__algorithm/ranges_is_partitioned.h /opt/homebrew/opt/llvm/include/c++/v1/__algorithm/ranges_is_permutation.h /opt/homebrew/opt/llvm/include/c++/v1/__algorithm/ranges_is_sorted.h /opt/homebrew/opt/llvm/include/c++/v1/__algorithm/ranges_is_sorted_until.h /opt/homebrew/opt/llvm/include/c++/v1/__algorithm/ranges_lexicographical_compare.h /opt/homebrew/opt/llvm/include/c++/v1/__algorithm/ranges_lower_bound.h /opt/homebrew/opt/llvm/include/c++/v1/__algorithm/ranges_make_heap.h /opt/homebrew/opt/llvm/include/c++/v1/__algorithm/ranges_max.h /opt/homebrew/opt/llvm/include/c++/v1/__algorithm/ranges_min_element.h /opt/homebrew/opt/llvm/include/c++/v1/__algorithm/ranges_max_element.h /opt/homebrew/opt/llvm/include/c++/v1/__algorithm/ranges_merge.h /opt/homebrew/opt/llvm/include/c++/v1/__iterator/mergeable.h /opt/homebrew/opt/llvm/include/c++/v1/__algorithm/ranges_min.h /opt/homebrew/opt/llvm/include/c++/v1/__algorithm/ranges_minmax.h /opt/homebrew/opt/llvm/include/c++/v1/__algorithm/ranges_minmax_element.h /opt/homebrew/opt/llvm/include/c++/v1/__algorithm/ranges_mismatch.h /opt/homebrew/opt/llvm/include/c++/v1/__algorithm/ranges_move.h /opt/homebrew/opt/llvm/include/c++/v1/__algorithm/ranges_move_backward.h /opt/homebrew/opt/llvm/include/c++/v1/__algorithm/ranges_next_permutation.h /opt/homebrew/opt/llvm/include/c++/v1/__algorithm/ranges_none_of.h /opt/homebrew/opt/llvm/include/c++/v1/__algorithm/ranges_nth_element.h /opt/homebrew/opt/llvm/include/c++/v1/__algorithm/ranges_partial_sort.h /opt/homebrew/opt/llvm/include/c++/v1/__algorithm/ranges_partial_sort_copy.h /opt/homebrew/opt/llvm/include/c++/v1/__algorithm/ranges_partition.h /opt/homebrew/opt/llvm/include/c++/v1/__algorithm/ranges_partition_copy.h /opt/homebrew/opt/llvm/include/c++/v1/__algorithm/ranges_partition_point.h /opt/homebrew/opt/llvm/include/c++/v1/__algorithm/ranges_pop_heap.h /opt/homebrew/opt/llvm/include/c++/v1/__algorithm/ranges_prev_permutation.h /opt/homebrew/opt/llvm/include/c++/v1/__algorithm/ranges_push_heap.h /opt/homebrew/opt/llvm/include/c++/v1/__algorithm/ranges_remove.h /opt/homebrew/opt/llvm/include/c++/v1/__algorithm/ranges_remove_if.h /opt/homebrew/opt/llvm/include/c++/v1/__algorithm/ranges_remove_copy.h /opt/homebrew/opt/llvm/include/c++/v1/__algorithm/ranges_remove_copy_if.h /opt/homebrew/opt/llvm/include/c++/v1/__algorithm/remove_copy_if.h /opt/homebrew/opt/llvm/include/c++/v1/__algorithm/ranges_replace.h /opt/homebrew/opt/llvm/include/c++/v1/__algorithm/ranges_replace_if.h /opt/homebrew/opt/llvm/include/c++/v1/__algorithm/ranges_replace_copy.h /opt/homebrew/opt/llvm/include/c++/v1/__algorithm/ranges_replace_copy_if.h /opt/homebrew/opt/llvm/include/c++/v1/__algorithm/ranges_reverse.h /opt/homebrew/opt/llvm/include/c++/v1/__algorithm/ranges_reverse_copy.h /opt/homebrew/opt/llvm/include/c++/v1/__algorithm/ranges_rotate.h /opt/homebrew/opt/llvm/include/c++/v1/__algorithm/ranges_rotate_copy.h /opt/homebrew/opt/llvm/include/c++/v1/__algorithm/ranges_sample.h /opt/homebrew/opt/llvm/include/c++/v1/__algorithm/sample.h /opt/homebrew/opt/llvm/include/c++/v1/__random/uniform_int_distribution.h /opt/homebrew/opt/llvm/include/c++/v1/__random/is_valid.h /opt/homebrew/opt/llvm/include/c++/v1/__random/log2.h /opt/homebrew/opt/llvm/include/c++/v1/__algorithm/uniform_random_bit_generator_adaptor.h /opt/homebrew/opt/llvm/include/c++/v1/__random/uniform_random_bit_generator.h /opt/homebrew/opt/llvm/include/c++/v1/__algorithm/ranges_search.h /opt/homebrew/opt/llvm/include/c++/v1/__algorithm/ranges_search_n.h /opt/homebrew/opt/llvm/include/c++/v1/__algorithm/search_n.h /opt/homebrew/opt/llvm/include/c++/v1/__algorithm/ranges_set_difference.h /opt/homebrew/opt/llvm/include/c++/v1/__algorithm/set_difference.h /opt/homebrew/opt/llvm/include/c++/v1/__algorithm/ranges_set_intersection.h /opt/homebrew/opt/llvm/include/c++/v1/__algorithm/set_intersection.h /opt/homebrew/opt/llvm/include/c++/v1/__algorithm/ranges_set_symmetric_difference.h /opt/homebrew/opt/llvm/include/c++/v1/__algorithm/set_symmetric_difference.h /opt/homebrew/opt/llvm/include/c++/v1/__algorithm/ranges_set_union.h /opt/homebrew/opt/llvm/include/c++/v1/__algorithm/set_union.h /opt/homebrew/opt/llvm/include/c++/v1/__algorithm/ranges_shuffle.h /opt/homebrew/opt/llvm/include/c++/v1/__algorithm/shuffle.h /opt/homebrew/opt/llvm/include/c++/v1/__algorithm/ranges_sort.h /opt/homebrew/opt/llvm/include/c++/v1/__algorithm/ranges_sort_heap.h /opt/homebrew/opt/llvm/include/c++/v1/__algorithm/ranges_stable_partition.h /opt/homebrew/opt/llvm/include/c++/v1/__algorithm/stable_partition.h /opt/homebrew/opt/llvm/include/c++/v1/__algorithm/ranges_stable_sort.h /opt/homebrew/opt/llvm/include/c++/v1/__algorithm/stable_sort.h /opt/homebrew/opt/llvm/include/c++/v1/__algorithm/ranges_swap_ranges.h /opt/homebrew/opt/llvm/include/c++/v1/__algorithm/ranges_transform.h /opt/homebrew/opt/llvm/include/c++/v1/__algorithm/ranges_unique.h /opt/homebrew/opt/llvm/include/c++/v1/__algorithm/unique.h /opt/homebrew/opt/llvm/include/c++/v1/__algorithm/ranges_unique_copy.h /opt/homebrew/opt/llvm/include/c++/v1/__algorithm/unique_copy.h /opt/homebrew/opt/llvm/include/c++/v1/__algorithm/ranges_upper_bound.h /opt/homebrew/opt/llvm/include/c++/v1/__algorithm/remove_copy.h /opt/homebrew/opt/llvm/include/c++/v1/__algorithm/replace.h /opt/homebrew/opt/llvm/include/c++/v1/__algorithm/replace_copy.h /opt/homebrew/opt/llvm/include/c++/v1/__algorithm/replace_copy_if.h /opt/homebrew/opt/llvm/include/c++/v1/__algorithm/replace_if.h /opt/homebrew/opt/llvm/include/c++/v1/__algorithm/reverse_copy.h /opt/homebrew/opt/llvm/include/c++/v1/__algorithm/rotate_copy.h /opt/homebrew/opt/llvm/include/c++/v1/__algorithm/shift_left.h /opt/homebrew/opt/llvm/include/c++/v1/__algorithm/shift_right.h /opt/homebrew/opt/llvm/include/c++/v1/__algorithm/transform.h /opt/homebrew/opt/llvm/include/c++/v1/chrono /opt/homebrew/opt/llvm/include/c++/v1/__chrono/calendar.h /opt/homebrew/opt/llvm/include/c++/v1/__chrono/convert_to_tm.h /opt/homebrew/opt/llvm/include/c++/v1/__chrono/day.h /opt/homebrew/opt/llvm/include/c++/v1/__chrono/hh_mm_ss.h /opt/homebrew/opt/llvm/include/c++/v1/__chrono/month.h /opt/homebrew/opt/llvm/include/c++/v1/__chrono/month_weekday.h /opt/homebrew/opt/llvm/include/c++/v1/__chrono/weekday.h /opt/homebrew/opt/llvm/include/c++/v1/__chrono/monthday.h /opt/homebrew/opt/llvm/include/c++/v1/__chrono/statically_widen.h /opt/homebrew/opt/llvm/include/c++/v1/__format/concepts.h /opt/homebrew/opt/llvm/include/c++/v1/__format/format_fwd.h /opt/homebrew/opt/llvm/include/c++/v1/__format/format_parse_context.h /opt/homebrew/opt/llvm/include/c++/v1/__format/format_error.h /opt/homebrew/opt/llvm/include/c++/v1/__chrono/year.h /opt/homebrew/opt/llvm/include/c++/v1/__chrono/year_month.h /opt/homebrew/opt/llvm/include/c++/v1/__chrono/year_month_day.h /opt/homebrew/opt/llvm/include/c++/v1/__chrono/year_month_weekday.h /opt/homebrew/opt/llvm/include/c++/v1/__chrono/file_clock.h /opt/homebrew/opt/llvm/include/c++/v1/__chrono/literals.h /opt/homebrew/opt/llvm/include/c++/v1/concepts /opt/homebrew/opt/llvm/include/c++/v1/__concepts/common_with.h /opt/homebrew/opt/llvm/include/c++/v1/iterator /opt/homebrew/opt/llvm/include/c++/v1/__iterator/back_insert_iterator.h /opt/homebrew/opt/llvm/include/c++/v1/__iterator/bounded_iter.h /opt/homebrew/opt/llvm/include/c++/v1/__iterator/common_iterator.h /opt/homebrew/opt/llvm/include/c++/v1/variant /opt/homebrew/opt/llvm/include/c++/v1/__variant/monostate.h /opt/homebrew/opt/llvm/include/c++/v1/__iterator/counted_iterator.h /opt/homebrew/opt/llvm/include/c++/v1/__iterator/default_sentinel.h /opt/homebrew/opt/llvm/include/c++/v1/__iterator/erase_if_container.h /opt/homebrew/opt/llvm/include/c++/v1/__iterator/front_insert_iterator.h /opt/homebrew/opt/llvm/include/c++/v1/__iterator/insert_iterator.h /opt/homebrew/opt/llvm/include/c++/v1/__iterator/istream_iterator.h /opt/homebrew/opt/llvm/include/c++/v1/__iterator/istreambuf_iterator.h /opt/homebrew/opt/llvm/include/c++/v1/__iterator/move_iterator.h /opt/homebrew/opt/llvm/include/c++/v1/__iterator/move_sentinel.h /opt/homebrew/opt/llvm/include/c++/v1/__iterator/ostream_iterator.h /opt/homebrew/opt/llvm/include/c++/v1/__iterator/ostreambuf_iterator.h /opt/homebrew/opt/llvm/include/c++/v1/memory /opt/homebrew/opt/llvm/include/c++/v1/__memory/align.h /opt/homebrew/opt/llvm/include/c++/v1/__memory/assume_aligned.h /opt/homebrew/opt/llvm/include/c++/v1/__memory/concepts.h /opt/homebrew/opt/llvm/include/c++/v1/__memory/ranges_construct_at.h /opt/homebrew/opt/llvm/include/c++/v1/__memory/ranges_uninitialized_algorithms.h /opt/homebrew/opt/llvm/include/c++/v1/__memory/raw_storage_iterator.h /opt/homebrew/opt/llvm/include/c++/v1/__memory/uses_allocator_construction.h /opt/homebrew/opt/llvm/include/c++/v1/functional /opt/homebrew/opt/llvm/include/c++/v1/__functional/binary_negate.h /opt/homebrew/opt/llvm/include/c++/v1/__functional/bind.h /opt/homebrew/opt/llvm/include/c++/v1/__functional/bind_back.h /opt/homebrew/opt/llvm/include/c++/v1/__functional/perfect_forward.h /opt/homebrew/opt/llvm/include/c++/v1/__functional/bind_front.h /opt/homebrew/opt/llvm/include/c++/v1/__functional/binder1st.h /opt/homebrew/opt/llvm/include/c++/v1/__functional/binder2nd.h /opt/homebrew/opt/llvm/include/c++/v1/__functional/boyer_moore_searcher.h /opt/homebrew/opt/llvm/include/c++/v1/array /opt/homebrew/opt/llvm/include/c++/v1/unordered_map /opt/homebrew/opt/llvm/include/c++/v1/__functional/is_transparent.h /opt/homebrew/opt/llvm/include/c++/v1/__hash_table /opt/homebrew/opt/llvm/include/c++/v1/__node_handle /opt/homebrew/opt/llvm/include/c++/v1/optional /opt/homebrew/opt/llvm/include/c++/v1/vector /opt/homebrew/opt/llvm/include/c++/v1/__bit_reference /opt/homebrew/opt/llvm/include/c++/v1/__format/formatter.h /opt/homebrew/opt/llvm/include/c++/v1/__memory/temp_value.h /opt/homebrew/opt/llvm/include/c++/v1/__split_buffer /opt/homebrew/opt/llvm/include/c++/v1/__functional/compose.h /opt/homebrew/opt/llvm/include/c++/v1/__functional/default_searcher.h /opt/homebrew/opt/llvm/include/c++/v1/__functional/function.h /opt/homebrew/opt/llvm/include/c++/v1/__memory/builtin_new_allocator.h /opt/homebrew/opt/llvm/include/c++/v1/__type_traits/strip_signature.h /opt/homebrew/opt/llvm/include/c++/v1/__functional/mem_fn.h /opt/homebrew/opt/llvm/include/c++/v1/__functional/mem_fun_ref.h /opt/homebrew/opt/llvm/include/c++/v1/__functional/not_fn.h /opt/homebrew/opt/llvm/include/c++/v1/__functional/pointer_to_binary_function.h /opt/homebrew/opt/llvm/include/c++/v1/__functional/pointer_to_unary_function.h /opt/homebrew/opt/llvm/include/c++/v1/__functional/unary_negate.h /Library/Developer/CommandLineTools/SDKs/MacOSX.sdk/usr/include/xlocale.h /Library/Developer/CommandLineTools/SDKs/MacOSX.sdk/usr/include/_xlocale.h /Library/Developer/CommandLineTools/SDKs/MacOSX.sdk/usr/include/xlocale/_ctype.h /Library/Developer/CommandLineTools/SDKs/MacOSX.sdk/usr/include/xlocale/__wctype.h /Library/Developer/CommandLineTools/SDKs/MacOSX.sdk/usr/include/xlocale/_stdio.h /Library/Developer/CommandLineTools/SDKs/MacOSX.sdk/usr/include/xlocale/_stdlib.h /Library/Developer/CommandLineTools/SDKs/MacOSX.sdk/usr/include/xlocale/_string.h /Library/Developer/CommandLineTools/SDKs/MacOSX.sdk/usr/include/xlocale/_time.h /Library/Developer/CommandLineTools/SDKs/MacOSX.sdk/usr/include/xlocale/_wchar.h /Library/Developer/CommandLineTools/SDKs/MacOSX.sdk/usr/include/xlocale/_wctype.h /opt/homebrew/opt/llvm/include/c++/v1/istream /opt/homebrew/opt/llvm/include/c++/v1/ostream /opt/homebrew/opt/llvm/include/c++/v1/bitset /opt/homebrew/opt/llvm/include/c++/v1/locale /opt/homebrew/opt/llvm/include/c++/v1/streambuf /Library/Developer/CommandLineTools/SDKs/MacOSX.sdk/usr/include/nl_types.h /Library/Developer/CommandLineTools/SDKs/MacOSX.sdk/usr/include/sys/types.h /Library/Developer/CommandLineTools/SDKs/MacOSX.sdk/usr/include/sys/_types/_u_char.h /Library/Developer/CommandLineTools/SDKs/MacOSX.sdk/usr/include/sys/_types/_u_short.h /Library/Developer/CommandLineTools/SDKs/MacOSX.sdk/usr/include/sys/_types/_u_int.h /Library/Developer/CommandLineTools/SDKs/MacOSX.sdk/usr/include/sys/_types/_caddr_t.h /Library/Developer/CommandLineTools/SDKs/MacOSX.sdk/usr/include/sys/_types/_blkcnt_t.h /Library/Developer/CommandLineTools/SDKs/MacOSX.sdk/usr/include/sys/_types/_blksize_t.h /Library/Developer/CommandLineTools/SDKs/MacOSX.sdk/usr/include/sys/_types/_gid_t.h /Library/Developer/CommandLineTools/SDKs/MacOSX.sdk/usr/include/sys/_types/_in_addr_t.h /Library/Developer/CommandLineTools/SDKs/MacOSX.sdk/usr/include/sys/_types/_in_port_t.h /Library/Developer/CommandLineTools/SDKs/MacOSX.sdk/usr/include/sys/_types/_ino_t.h /Library/Developer/CommandLineTools/SDKs/MacOSX.sdk/usr/include/sys/_types/_ino64_t.h /Library/Developer/CommandLineTools/SDKs/MacOSX.sdk/usr/include/sys/_types/_key_t.h /Library/Developer/CommandLineTools/SDKs/MacOSX.sdk/usr/include/sys/_types/_nlink_t.h /Library/Developer/CommandLineTools/SDKs/MacOSX.sdk/usr/include/sys/_types/_useconds_t.h /Library/Developer/CommandLineTools/SDKs/MacOSX.sdk/usr/include/sys/_types/_suseconds_t.h /Library/Developer/CommandLineTools/SDKs/MacOSX.sdk/usr/include/sys/_types/_rsize_t.h /Library/Developer/CommandLineTools/SDKs/MacOSX.sdk/usr/include/sys/_types/_errno_t.h /Library/Developer/CommandLineTools/SDKs/MacOSX.sdk/usr/include/sys/_types/_fd_def.h /Library/Developer/CommandLineTools/SDKs/MacOSX.sdk/usr/include/sys/_types/_fd_setsize.h /Library/Developer/CommandLineTools/SDKs/MacOSX.sdk/usr/include/sys/_types/_fd_set.h /Library/Developer/CommandLineTools/SDKs/MacOSX.sdk/usr/include/sys/_types/_fd_clr.h /Library/Developer/CommandLineTools/SDKs/MacOSX.sdk/usr/include/sys/_types/_fd_zero.h /Library/Developer/CommandLineTools/SDKs/MacOSX.sdk/usr/include/sys/_types/_fd_isset.h /Library/Developer/CommandLineTools/SDKs/MacOSX.sdk/usr/include/sys/_types/_fd_copy.h /Library/Developer/CommandLineTools/SDKs/MacOSX.sdk/usr/include/sys/_types/_fsblkcnt_t.h /Library/Developer/CommandLineTools/SDKs/MacOSX.sdk/usr/include/sys/_types/_fsfilcnt_t.h /Library/Developer/CommandLineTools/SDKs/MacOSX.sdk/usr/include/_types/_nl_item.h /opt/homebrew/opt/llvm/include/c++/v1/__bsd_locale_defaults.h /opt/homebrew/opt/llvm/include/c++/v1/cstdarg /Users/c71n93/Programming/C-and-C++/huawei-courses/BESM-666/third_party/googletest/googlemock/include/gmock/gmock.h /Users/c71n93/Programming/C-and-C++/huawei-courses/BESM-666/third_party/googletest/googlemock/include/gmock/gmock-actions.h /Users/c71n93/Programming/C-and-C++/huawei-courses/BESM-666/third_party/googletest/googlemock/include/gmock/internal/gmock-internal-utils.h /Users/c71n93/Programming/C-and-C++/huawei-courses/BESM-666/third_party/googletest/googlemock/include/gmock/internal/gmock-port.h /Library/Developer/CommandLineTools/SDKs/MacOSX.sdk/usr/include/assert.h /Users/c71n93/Programming/C-and-C++/huawei-courses/BESM-666/third_party/googletest/googlemock/include/gmock/internal/custom/gmock-port.h /Users/c71n93/Programming/C-and-C++/huawei-courses/BESM-666/third_party/googletest/googletest/include/gtest/internal/gtest-port.h /Library/Developer/CommandLineTools/SDKs/MacOSX.sdk/usr/include/sys/stat.h /Library/Developer/CommandLineTools/SDKs/MacOSX.sdk/usr/include/sys/_types/_s_ifmt.h /Library/Developer/CommandLineTools/SDKs/MacOSX.sdk/usr/include/sys/_types/_filesec_t.h /Library/Developer/CommandLineTools/SDKs/MacOSX.sdk/usr/include/AvailabilityMacros.h /Library/Developer/CommandLineTools/SDKs/MacOSX.sdk/usr/include/TargetConditionals.h /Users/c71n93/Programming/C-and-C++/huawei-courses/BESM-666/third_party/googletest/googletest/include/gtest/internal/custom/gtest-port.h /Users/c71n93/Programming/C-and-C++/huawei-courses/BESM-666/third_party/googletest/googletest/include/gtest/internal/gtest-port-arch.h /Library/Developer/CommandLineTools/SDKs/MacOSX.sdk/usr/include/unistd.h /Library/Developer/CommandLineTools/SDKs/MacOSX.sdk/usr/include/sys/unistd.h /Library/Developer/CommandLineTools/SDKs/MacOSX.sdk/usr/include/sys/_types/_posix_vdisable.h /Library/Developer/CommandLineTools/SDKs/MacOSX.sdk/usr/include/sys/_types/_seek_set.h /Library/Developer/CommandLineTools/SDKs/MacOSX.sdk/usr/include/sys/select.h /Library/Developer/CommandLineTools/SDKs/MacOSX.sdk/usr/include/sys/_select.h /Library/Developer/CommandLineTools/SDKs/MacOSX.sdk/usr/include/sys/_types/_uuid_t.h /Library/Developer/CommandLineTools/SDKs/MacOSX.sdk/usr/include/gethostuuid.h /Library/Developer/CommandLineTools/SDKs/MacOSX.sdk/usr/include/regex.h /Library/Developer/CommandLineTools/SDKs/MacOSX.sdk/usr/include/_regex.h /Library/Developer/CommandLineTools/SDKs/MacOSX.sdk/usr/include/xlocale/_regex.h /opt/homebrew/opt/llvm/include/c++/v1/condition_variable /opt/homebrew/opt/llvm/include/c++/v1/any /Users/c71n93/Programming/C-and-C++/huawei-courses/BESM-666/third_party/googletest/googletest/include/gtest/gtest.h /opt/homebrew/opt/llvm/include/c++/v1/iomanip /opt/homebrew/opt/llvm/include/c++/v1/set /opt/homebrew/opt/llvm/include/c++/v1/__tree /opt/homebrew/opt/llvm/include/c++/v1/sstream /Users/c71n93/Programming/C-and-C++/huawei-courses/BESM-666/third_party/googletest/googletest/include/gtest/gtest-assertion-result.h /Users/c71n93/Programming/C-and-C++/huawei-courses/BESM-666/third_party/googletest/googletest/include/gtest/gtest-message.h /Users/c71n93/Programming/C-and-C++/huawei-courses/BESM-666/third_party/googletest/googletest/include/gtest/gtest-death-test.h /Users/c71n93/Programming/C-and-C++/huawei-courses/BESM-666/third_party/googletest/googletest/include/gtest/internal/gtest-death-test-internal.h /Users/c71n93/Programming/C-and-C++/huawei-courses/BESM-666/third_party/googletest/googletest/include/gtest/gtest-matchers.h /Users/c71n93/Programming/C-and-C++/huawei-courses/BESM-666/third_party/googletest/googletest/include/gtest/gtest-printers.h /Users/c71n93/Programming/C-and-C++/huawei-courses/BESM-666/third_party/googletest/googletest/include/gtest/internal/gtest-internal.h /opt/homebrew/opt/llvm/include/c++/v1/float.h /opt/homebrew/Cellar/llvm/16.0.6/lib/clang/16/include/float.h /Library/Developer/CommandLineTools/SDKs/MacOSX.sdk/usr/include/float.h /opt/homebrew/opt/llvm/include/c++/v1/map /Users/c71n93/Programming/C-and-C++/huawei-courses/BESM-666/third_party/googletest/googletest/include/gtest/internal/gtest-filepath.h /Users/c71n93/Programming/C-and-C++/huawei-courses/BESM-666/third_party/googletest/googletest/include/gtest/internal/gtest-string.h /Users/c71n93/Programming/C-and-C++/huawei-courses/BESM-666/third_party/googletest/googletest/include/gtest/internal/gtest-type-util.h /opt/homebrew/opt/llvm/include/c++/v1/cxxabi.h /opt/homebrew/opt/llvm/include/c++/v1/__cxxabi_config.h /Users/c71n93/Programming/C-and-C++/huawei-courses/BESM-666/third_party/googletest/googletest/include/gtest/internal/custom/gtest-printers.h /Users/c71n93/Programming/C-and-C++/huawei-courses/BESM-666/third_party/googletest/googletest/include/gtest/gtest-param-test.h /Users/c71n93/Programming/C-and-C++/huawei-courses/BESM-666/third_party/googletest/googletest/include/gtest/internal/gtest-param-util.h /opt/homebrew/opt/llvm/include/c++/v1/cassert /Users/c71n93/Programming/C-and-C++/huawei-courses/BESM-666/third_party/googletest/googletest/include/gtest/gtest-test-part.h /Users/c71n93/Programming/C-and-C++/huawei-courses/BESM-666/third_party/googletest/googletest/include/gtest/gtest-typed-test.h /Users/c71n93/Programming/C-and-C++/huawei-courses/BESM-666/third_party/googletest/googletest/include/gtest/gtest_pred_impl.h /Users/c71n93/Programming/C-and-C++/huawei-courses/BESM-666/third_party/googletest/googletest/include/gtest/gtest_prod.h /Users/c71n93/Programming/C-and-C++/huawei-courses/BESM-666/third_party/googletest/googlemock/include/gmock/internal/gmock-pp.h /Users/c71n93/Programming/C-and-C++/huawei-courses/BESM-666/third_party/googletest/googlemock/include/gmock/gmock-cardinalities.h /Users/c71n93/Programming/C-and-C++/huawei-courses/BESM-666/third_party/googletest/googlemock/include/gmock/gmock-function-mocker.h /Users/c71n93/Programming/C-and-C++/huawei-courses/BESM-666/third_party/googletest/googlemock/include/gmock/gmock-spec-builders.h /Users/c71n93/Programming/C-and-C++/huawei-courses/BESM-666/third_party/googletest/googlemock/include/gmock/gmock-matchers.h /Users/c71n93/Programming/C-and-C++/huawei-courses/BESM-666/third_party/googletest/googlemock/include/gmock/internal/custom/gmock-matchers.h /Users/c71n93/Programming/C-and-C++/huawei-courses/BESM-666/third_party/googletest/googlemock/include/gmock/gmock-more-actions.h /Users/c71n93/Programming/C-and-C++/huawei-courses/BESM-666/third_party/googletest/googlemock/include/gmock/internal/custom/gmock-generated-actions.h /Users/c71n93/Programming/C-and-C++/huawei-courses/BESM-666/third_party/googletest/googlemock/include/gmock/gmock-more-matchers.h /Users/c71n93/Programming/C-and-C++/huawei-courses/BESM-666/third_party/googletest/googlemock/include/gmock/gmock-nice-strict.h third_party/googletest/googlemock/CMakeFiles/gmock_main.dir/flags.make
/opt/homebrew/Cellar/cmake/3.26.0/bin/cmake -E cmake_echo_color --switch= --green --progress-dir=/Users/c71n93/Programming/C-and-C++/huawei-courses/BESM-666/build/CMakeFiles --progress-num=23 "Building CXX object third_party/googletest/googlemock/CMakeFiles/gmock_main.dir/src/gmock_main.cc.o"
[ 56%] Building CXX object third_party/googletest/googlemock/CMakeFiles/gmock_main.dir/src/gmock_main.cc.o
cd /Users/c71n93/Programming/C-and-C++/huawei-courses/BESM-666/build/third_party/googletest/googlemock && /opt/homebrew/opt/llvm/bin/clang++  -isystem /Users/c71n93/Programming/C-and-C++/huawei-courses/BESM-666/third_party/googletest/googlemock/include -isystem /Users/c71n93/Programming/C-and-C++/huawei-courses/BESM-666/third_party/googletest/googlemock -isystem /Users/c71n93/Programming/C-and-C++/huawei-courses/BESM-666/third_party/googletest/googletest/include -isystem /Users/c71n93/Programming/C-and-C++/huawei-courses/BESM-666/third_party/googletest/googletest -g -std=c++17 -arch arm64 -isysroot /Library/Developer/CommandLineTools/SDKs/MacOSX.sdk -fcolor-diagnostics -Wall -Wshadow -Wconversion -Wundef -DGTEST_HAS_PTHREAD=1 -fexceptions -W -Wpointer-arith -Wreturn-type -Wcast-qual -Wwrite-strings -Wswitch -Wunused-parameter -Wcast-align -Winline -Wredundant-decls -Wchar-subscripts -MD -MT third_party/googletest/googlemock/CMakeFiles/gmock_main.dir/src/gmock_main.cc.o -MF CMakeFiles/gmock_main.dir/src/gmock_main.cc.o.d -o CMakeFiles/gmock_main.dir/src/gmock_main.cc.o -c /Users/c71n93/Programming/C-and-C++/huawei-courses/BESM-666/third_party/googletest/googlemock/src/gmock_main.cc
third_party/googletest/googlemock/CMakeFiles/gmock_main.dir/build.make:96: update target 'lib/libgmock_main.a' due to: third_party/googletest/googlemock/CMakeFiles/gmock_main.dir/link.txt third_party/googletest/googlemock/CMakeFiles/gmock_main.dir/src/gmock_main.cc.o third_party/googletest/googlemock/CMakeFiles/gmock_main.dir/build.make
/opt/homebrew/Cellar/cmake/3.26.0/bin/cmake -E cmake_echo_color --switch= --green --bold --progress-dir=/Users/c71n93/Programming/C-and-C++/huawei-courses/BESM-666/build/CMakeFiles --progress-num=24 "Linking CXX static library ../../../lib/libgmock_main.a"
[ 60%] Linking CXX static library ../../../lib/libgmock_main.a
cd /Users/c71n93/Programming/C-and-C++/huawei-courses/BESM-666/build/third_party/googletest/googlemock && /opt/homebrew/Cellar/cmake/3.26.0/bin/cmake -P CMakeFiles/gmock_main.dir/cmake_clean_target.cmake
cd /Users/c71n93/Programming/C-and-C++/huawei-courses/BESM-666/build/third_party/googletest/googlemock && /opt/homebrew/Cellar/cmake/3.26.0/bin/cmake -E cmake_link_script CMakeFiles/gmock_main.dir/link.txt --verbose=
/opt/homebrew/Cellar/cmake/3.26.0/bin/cmake -E cmake_echo_color --switch= --progress-dir=/Users/c71n93/Programming/C-and-C++/huawei-courses/BESM-666/build/CMakeFiles --progress-num=23,24 "Built target gmock_main"
[ 60%] Built target gmock_main
CMakeFiles/Makefile2:1282: update target 'third_party/googletest/googletest/CMakeFiles/gtest_main.dir/all' due to: target is .PHONY
make -s -f third_party/googletest/googletest/CMakeFiles/gtest_main.dir/build.make third_party/googletest/googletest/CMakeFiles/gtest_main.dir/depend
third_party/googletest/googletest/CMakeFiles/gtest_main.dir/build.make:109: update target 'third_party/googletest/googletest/CMakeFiles/gtest_main.dir/depend' due to: target is .PHONY
cd /Users/c71n93/Programming/C-and-C++/huawei-courses/BESM-666/build && /opt/homebrew/Cellar/cmake/3.26.0/bin/cmake -E cmake_depends "Unix Makefiles" /Users/c71n93/Programming/C-and-C++/huawei-courses/BESM-666 /Users/c71n93/Programming/C-and-C++/huawei-courses/BESM-666/third_party/googletest/googletest /Users/c71n93/Programming/C-and-C++/huawei-courses/BESM-666/build /Users/c71n93/Programming/C-and-C++/huawei-courses/BESM-666/build/third_party/googletest/googletest /Users/c71n93/Programming/C-and-C++/huawei-courses/BESM-666/build/third_party/googletest/googletest/CMakeFiles/gtest_main.dir/DependInfo.cmake --color=
make -s -f third_party/googletest/googletest/CMakeFiles/gtest_main.dir/build.make third_party/googletest/googletest/CMakeFiles/gtest_main.dir/build
third_party/googletest/googletest/CMakeFiles/gtest_main.dir/build.make:75: update target 'third_party/googletest/googletest/CMakeFiles/gtest_main.dir/src/gtest_main.cc.o' due to: third_party/googletest/googletest/CMakeFiles/gtest_main.dir/compiler_depend.ts /Users/c71n93/Programming/C-and-C++/huawei-courses/BESM-666/third_party/googletest/googletest/src/gtest_main.cc /opt/homebrew/opt/llvm/include/c++/v1/cstdio /opt/homebrew/opt/llvm/include/c++/v1/__assert /opt/homebrew/opt/llvm/include/c++/v1/__config /opt/homebrew/opt/llvm/include/c++/v1/__config_site /opt/homebrew/opt/llvm/include/c++/v1/__verbose_abort /opt/homebrew/opt/llvm/include/c++/v1/__availability /opt/homebrew/opt/llvm/include/c++/v1/stdio.h /Library/Developer/CommandLineTools/SDKs/MacOSX.sdk/usr/include/stdio.h /Library/Developer/CommandLineTools/SDKs/MacOSX.sdk/usr/include/_stdio.h /Library/Developer/CommandLineTools/SDKs/MacOSX.sdk/usr/include/sys/cdefs.h /Library/Developer/CommandLineTools/SDKs/MacOSX.sdk/usr/include/sys/_symbol_aliasing.h /Library/Developer/CommandLineTools/SDKs/MacOSX.sdk/usr/include/sys/_posix_availability.h /Library/Developer/CommandLineTools/SDKs/MacOSX.sdk/usr/include/Availability.h /Library/Developer/CommandLineTools/SDKs/MacOSX.sdk/usr/include/AvailabilityVersions.h /Library/Developer/CommandLineTools/SDKs/MacOSX.sdk/usr/include/AvailabilityInternal.h /Library/Developer/CommandLineTools/SDKs/MacOSX.sdk/usr/include/_types.h /Library/Developer/CommandLineTools/SDKs/MacOSX.sdk/usr/include/sys/_types.h /Library/Developer/CommandLineTools/SDKs/MacOSX.sdk/usr/include/machine/_types.h /Library/Developer/CommandLineTools/SDKs/MacOSX.sdk/usr/include/arm/_types.h /Library/Developer/CommandLineTools/SDKs/MacOSX.sdk/usr/include/sys/_pthread/_pthread_types.h /Library/Developer/CommandLineTools/SDKs/MacOSX.sdk/usr/include/sys/_types/_va_list.h /Library/Developer/CommandLineTools/SDKs/MacOSX.sdk/usr/include/machine/types.h /Library/Developer/CommandLineTools/SDKs/MacOSX.sdk/usr/include/arm/types.h /Library/Developer/CommandLineTools/SDKs/MacOSX.sdk/usr/include/sys/_types/_int8_t.h /Library/Developer/CommandLineTools/SDKs/MacOSX.sdk/usr/include/sys/_types/_int16_t.h /Library/Developer/CommandLineTools/SDKs/MacOSX.sdk/usr/include/sys/_types/_int32_t.h /Library/Developer/CommandLineTools/SDKs/MacOSX.sdk/usr/include/sys/_types/_int64_t.h /Library/Developer/CommandLineTools/SDKs/MacOSX.sdk/usr/include/sys/_types/_u_int8_t.h /Library/Developer/CommandLineTools/SDKs/MacOSX.sdk/usr/include/sys/_types/_u_int16_t.h /Library/Developer/CommandLineTools/SDKs/MacOSX.sdk/usr/include/sys/_types/_u_int32_t.h /Library/Developer/CommandLineTools/SDKs/MacOSX.sdk/usr/include/sys/_types/_u_int64_t.h /Library/Developer/CommandLineTools/SDKs/MacOSX.sdk/usr/include/sys/_types/_intptr_t.h /Library/Developer/CommandLineTools/SDKs/MacOSX.sdk/usr/include/sys/_types/_uintptr_t.h /Library/Developer/CommandLineTools/SDKs/MacOSX.sdk/usr/include/sys/_types/_size_t.h /Library/Developer/CommandLineTools/SDKs/MacOSX.sdk/usr/include/sys/_types/_null.h /Library/Developer/CommandLineTools/SDKs/MacOSX.sdk/usr/include/sys/stdio.h /Library/Developer/CommandLineTools/SDKs/MacOSX.sdk/usr/include/_ctermid.h /Library/Developer/CommandLineTools/SDKs/MacOSX.sdk/usr/include/sys/_types/_off_t.h /Library/Developer/CommandLineTools/SDKs/MacOSX.sdk/usr/include/sys/_types/_ssize_t.h /Users/c71n93/Programming/C-and-C++/huawei-courses/BESM-666/third_party/googletest/googletest/include/gtest/gtest.h /opt/homebrew/opt/llvm/include/c++/v1/cstddef /opt/homebrew/opt/llvm/include/c++/v1/__type_traits/enable_if.h /opt/homebrew/opt/llvm/include/c++/v1/__type_traits/integral_constant.h /opt/homebrew/opt/llvm/include/c++/v1/__type_traits/is_integral.h /opt/homebrew/opt/llvm/include/c++/v1/__type_traits/remove_cv.h /opt/homebrew/opt/llvm/include/c++/v1/__type_traits/remove_const.h /opt/homebrew/opt/llvm/include/c++/v1/__type_traits/remove_volatile.h /opt/homebrew/opt/llvm/include/c++/v1/version /opt/homebrew/opt/llvm/include/c++/v1/stddef.h /opt/homebrew/Cellar/llvm/16.0.6/lib/clang/16/include/stddef.h /opt/homebrew/Cellar/llvm/16.0.6/lib/clang/16/include/__stddef_max_align_t.h /opt/homebrew/opt/llvm/include/c++/v1/cstdint /opt/homebrew/opt/llvm/include/c++/v1/stdint.h /opt/homebrew/Cellar/llvm/16.0.6/lib/clang/16/include/stdint.h /Library/Developer/CommandLineTools/SDKs/MacOSX.sdk/usr/include/stdint.h /Library/Developer/CommandLineTools/SDKs/MacOSX.sdk/usr/include/_types/_uint8_t.h /Library/Developer/CommandLineTools/SDKs/MacOSX.sdk/usr/include/_types/_uint16_t.h /Library/Developer/CommandLineTools/SDKs/MacOSX.sdk/usr/include/_types/_uint32_t.h /Library/Developer/CommandLineTools/SDKs/MacOSX.sdk/usr/include/_types/_uint64_t.h /Library/Developer/CommandLineTools/SDKs/MacOSX.sdk/usr/include/_types/_intmax_t.h /Library/Developer/CommandLineTools/SDKs/MacOSX.sdk/usr/include/_types/_uintmax_t.h /opt/homebrew/opt/llvm/include/c++/v1/iomanip /opt/homebrew/opt/llvm/include/c++/v1/istream /opt/homebrew/opt/llvm/include/c++/v1/__iterator/istreambuf_iterator.h /opt/homebrew/opt/llvm/include/c++/v1/__iterator/default_sentinel.h /opt/homebrew/opt/llvm/include/c++/v1/__iterator/iterator.h /opt/homebrew/opt/llvm/include/c++/v1/__iterator/iterator_traits.h /opt/homebrew/opt/llvm/include/c++/v1/__concepts/arithmetic.h /opt/homebrew/opt/llvm/include/c++/v1/__type_traits/is_floating_point.h /opt/homebrew/opt/llvm/include/c++/v1/__type_traits/is_signed.h /opt/homebrew/opt/llvm/include/c++/v1/__type_traits/is_arithmetic.h /opt/homebrew/opt/llvm/include/c++/v1/__type_traits/is_signed_integer.h /opt/homebrew/opt/llvm/include/c++/v1/__type_traits/is_unsigned_integer.h /opt/homebrew/opt/llvm/include/c++/v1/__concepts/constructible.h /opt/homebrew/opt/llvm/include/c++/v1/__concepts/convertible_to.h /opt/homebrew/opt/llvm/include/c++/v1/__type_traits/is_convertible.h /opt/homebrew/opt/llvm/include/c++/v1/__type_traits/is_array.h /opt/homebrew/opt/llvm/include/c++/v1/__type_traits/is_function.h /opt/homebrew/opt/llvm/include/c++/v1/__type_traits/is_const.h /opt/homebrew/opt/llvm/include/c++/v1/__type_traits/is_reference.h /opt/homebrew/opt/llvm/include/c++/v1/__type_traits/is_void.h /opt/homebrew/opt/llvm/include/c++/v1/__type_traits/is_same.h /opt/homebrew/opt/llvm/include/c++/v1/__type_traits/remove_reference.h /opt/homebrew/opt/llvm/include/c++/v1/__utility/declval.h /opt/homebrew/opt/llvm/include/c++/v1/__concepts/destructible.h /opt/homebrew/opt/llvm/include/c++/v1/__type_traits/is_nothrow_destructible.h /opt/homebrew/opt/llvm/include/c++/v1/__type_traits/is_destructible.h /opt/homebrew/opt/llvm/include/c++/v1/__type_traits/remove_all_extents.h /opt/homebrew/opt/llvm/include/c++/v1/__type_traits/is_scalar.h /opt/homebrew/opt/llvm/include/c++/v1/__type_traits/is_enum.h /opt/homebrew/opt/llvm/include/c++/v1/__type_traits/is_member_pointer.h /opt/homebrew/opt/llvm/include/c++/v1/__type_traits/is_member_function_pointer.h /opt/homebrew/opt/llvm/include/c++/v1/__type_traits/is_null_pointer.h /opt/homebrew/opt/llvm/include/c++/v1/__type_traits/is_pointer.h /opt/homebrew/opt/llvm/include/c++/v1/__type_traits/is_constructible.h /opt/homebrew/opt/llvm/include/c++/v1/__concepts/copyable.h /opt/homebrew/opt/llvm/include/c++/v1/__concepts/assignable.h /opt/homebrew/opt/llvm/include/c++/v1/__concepts/common_reference_with.h /opt/homebrew/opt/llvm/include/c++/v1/__concepts/same_as.h /opt/homebrew/opt/llvm/include/c++/v1/__type_traits/common_reference.h /opt/homebrew/opt/llvm/include/c++/v1/__type_traits/common_type.h /opt/homebrew/opt/llvm/include/c++/v1/__type_traits/conditional.h /opt/homebrew/opt/llvm/include/c++/v1/__type_traits/decay.h /opt/homebrew/opt/llvm/include/c++/v1/__type_traits/add_pointer.h /opt/homebrew/opt/llvm/include/c++/v1/__type_traits/is_referenceable.h /opt/homebrew/opt/llvm/include/c++/v1/__type_traits/remove_extent.h /opt/homebrew/opt/llvm/include/c++/v1/__type_traits/remove_cvref.h /opt/homebrew/opt/llvm/include/c++/v1/__type_traits/void_t.h /opt/homebrew/opt/llvm/include/c++/v1/__type_traits/copy_cv.h /opt/homebrew/opt/llvm/include/c++/v1/__type_traits/add_const.h /opt/homebrew/opt/llvm/include/c++/v1/__type_traits/add_cv.h /opt/homebrew/opt/llvm/include/c++/v1/__type_traits/add_volatile.h /opt/homebrew/opt/llvm/include/c++/v1/__type_traits/copy_cvref.h /opt/homebrew/opt/llvm/include/c++/v1/__type_traits/add_lvalue_reference.h /opt/homebrew/opt/llvm/include/c++/v1/__type_traits/add_rvalue_reference.h /opt/homebrew/opt/llvm/include/c++/v1/__type_traits/make_const_lvalue_ref.h /opt/homebrew/opt/llvm/include/c++/v1/__utility/forward.h /opt/homebrew/opt/llvm/include/c++/v1/__concepts/movable.h /opt/homebrew/opt/llvm/include/c++/v1/__concepts/swappable.h /opt/homebrew/opt/llvm/include/c++/v1/__concepts/class_or_enum.h /opt/homebrew/opt/llvm/include/c++/v1/__type_traits/is_class.h /opt/homebrew/opt/llvm/include/c++/v1/__type_traits/is_union.h /opt/homebrew/opt/llvm/include/c++/v1/__type_traits/extent.h /opt/homebrew/opt/llvm/include/c++/v1/__type_traits/is_nothrow_move_assignable.h /opt/homebrew/opt/llvm/include/c++/v1/__type_traits/is_nothrow_move_constructible.h /opt/homebrew/opt/llvm/include/c++/v1/__type_traits/is_nothrow_constructible.h /opt/homebrew/opt/llvm/include/c++/v1/__utility/exchange.h /opt/homebrew/opt/llvm/include/c++/v1/__type_traits/is_nothrow_assignable.h /opt/homebrew/opt/llvm/include/c++/v1/__utility/move.h /opt/homebrew/opt/llvm/include/c++/v1/__type_traits/is_copy_constructible.h /opt/homebrew/opt/llvm/include/c++/v1/__utility/swap.h /opt/homebrew/opt/llvm/include/c++/v1/__type_traits/is_move_assignable.h /opt/homebrew/opt/llvm/include/c++/v1/__type_traits/is_move_constructible.h /opt/homebrew/opt/llvm/include/c++/v1/__type_traits/is_swappable.h /opt/homebrew/opt/llvm/include/c++/v1/__type_traits/nat.h /opt/homebrew/opt/llvm/include/c++/v1/__type_traits/is_object.h /opt/homebrew/opt/llvm/include/c++/v1/__concepts/equality_comparable.h /opt/homebrew/opt/llvm/include/c++/v1/__concepts/boolean_testable.h /opt/homebrew/opt/llvm/include/c++/v1/__concepts/totally_ordered.h /opt/homebrew/opt/llvm/include/c++/v1/__fwd/pair.h /opt/homebrew/opt/llvm/include/c++/v1/__iterator/incrementable_traits.h /opt/homebrew/opt/llvm/include/c++/v1/__type_traits/is_primary_template.h /opt/homebrew/opt/llvm/include/c++/v1/__type_traits/is_valid_expansion.h /opt/homebrew/opt/llvm/include/c++/v1/__type_traits/make_signed.h /opt/homebrew/opt/llvm/include/c++/v1/__type_traits/apply_cv.h /opt/homebrew/opt/llvm/include/c++/v1/__type_traits/is_volatile.h /opt/homebrew/opt/llvm/include/c++/v1/__type_traits/type_list.h /opt/homebrew/opt/llvm/include/c++/v1/__iterator/readable_traits.h /opt/homebrew/opt/llvm/include/c++/v1/__type_traits/disjunction.h /opt/homebrew/opt/llvm/include/c++/v1/iosfwd /opt/homebrew/opt/llvm/include/c++/v1/__fwd/string.h /opt/homebrew/opt/llvm/include/c++/v1/__fwd/memory_resource.h /opt/homebrew/opt/llvm/include/c++/v1/__mbstate_t.h /opt/homebrew/opt/llvm/include/c++/v1/wchar.h /Library/Developer/CommandLineTools/SDKs/MacOSX.sdk/usr/include/wchar.h /Library/Developer/CommandLineTools/SDKs/MacOSX.sdk/usr/include/sys/_types/_mbstate_t.h /Library/Developer/CommandLineTools/SDKs/MacOSX.sdk/usr/include/sys/_types/_ct_rune_t.h /Library/Developer/CommandLineTools/SDKs/MacOSX.sdk/usr/include/sys/_types/_rune_t.h /Library/Developer/CommandLineTools/SDKs/MacOSX.sdk/usr/include/sys/_types/_wchar_t.h /opt/homebrew/Cellar/llvm/16.0.6/lib/clang/16/include/stdarg.h /Library/Developer/CommandLineTools/SDKs/MacOSX.sdk/usr/include/time.h /Library/Developer/CommandLineTools/SDKs/MacOSX.sdk/usr/include/sys/_types/_clock_t.h /Library/Developer/CommandLineTools/SDKs/MacOSX.sdk/usr/include/sys/_types/_time_t.h /Library/Developer/CommandLineTools/SDKs/MacOSX.sdk/usr/include/sys/_types/_timespec.h /Library/Developer/CommandLineTools/SDKs/MacOSX.sdk/usr/include/_wctype.h /Library/Developer/CommandLineTools/SDKs/MacOSX.sdk/usr/include/__wctype.h /Library/Developer/CommandLineTools/SDKs/MacOSX.sdk/usr/include/sys/_types/_wint_t.h /Library/Developer/CommandLineTools/SDKs/MacOSX.sdk/usr/include/_types/_wctype_t.h /opt/homebrew/opt/llvm/include/c++/v1/ctype.h /Library/Developer/CommandLineTools/SDKs/MacOSX.sdk/usr/include/ctype.h /Library/Developer/CommandLineTools/SDKs/MacOSX.sdk/usr/include/_ctype.h /Library/Developer/CommandLineTools/SDKs/MacOSX.sdk/usr/include/runetype.h /opt/homebrew/opt/llvm/include/c++/v1/ostream /opt/homebrew/opt/llvm/include/c++/v1/__memory/shared_ptr.h /opt/homebrew/opt/llvm/include/c++/v1/__compare/compare_three_way.h /opt/homebrew/opt/llvm/include/c++/v1/__compare/three_way_comparable.h /opt/homebrew/opt/llvm/include/c++/v1/__compare/common_comparison_category.h /opt/homebrew/opt/llvm/include/c++/v1/__compare/ordering.h /opt/homebrew/opt/llvm/include/c++/v1/__functional/binary_function.h /opt/homebrew/opt/llvm/include/c++/v1/__functional/operations.h /opt/homebrew/opt/llvm/include/c++/v1/__functional/unary_function.h /opt/homebrew/opt/llvm/include/c++/v1/__functional/reference_wrapper.h /opt/homebrew/opt/llvm/include/c++/v1/__functional/invoke.h /opt/homebrew/opt/llvm/include/c++/v1/__type_traits/is_base_of.h /opt/homebrew/opt/llvm/include/c++/v1/__type_traits/is_core_convertible.h /opt/homebrew/opt/llvm/include/c++/v1/__type_traits/is_member_object_pointer.h /opt/homebrew/opt/llvm/include/c++/v1/__type_traits/is_reference_wrapper.h /opt/homebrew/opt/llvm/include/c++/v1/__functional/weak_result_type.h /opt/homebrew/opt/llvm/include/c++/v1/__memory/addressof.h /opt/homebrew/opt/llvm/include/c++/v1/__iterator/access.h /opt/homebrew/opt/llvm/include/c++/v1/__memory/allocation_guard.h /opt/homebrew/opt/llvm/include/c++/v1/__memory/allocator_traits.h /opt/homebrew/opt/llvm/include/c++/v1/__memory/construct_at.h /opt/homebrew/opt/llvm/include/c++/v1/__memory/voidify.h /opt/homebrew/opt/llvm/include/c++/v1/new /opt/homebrew/opt/llvm/include/c++/v1/cstdlib /opt/homebrew/opt/llvm/include/c++/v1/stdlib.h /Library/Developer/CommandLineTools/SDKs/MacOSX.sdk/usr/include/stdlib.h /Library/Developer/CommandLineTools/SDKs/MacOSX.sdk/usr/include/sys/wait.h /Library/Developer/CommandLineTools/SDKs/MacOSX.sdk/usr/include/sys/_types/_pid_t.h /Library/Developer/CommandLineTools/SDKs/MacOSX.sdk/usr/include/sys/_types/_id_t.h /Library/Developer/CommandLineTools/SDKs/MacOSX.sdk/usr/include/sys/signal.h /Library/Developer/CommandLineTools/SDKs/MacOSX.sdk/usr/include/sys/appleapiopts.h /Library/Developer/CommandLineTools/SDKs/MacOSX.sdk/usr/include/machine/signal.h /Library/Developer/CommandLineTools/SDKs/MacOSX.sdk/usr/include/arm/signal.h /Library/Developer/CommandLineTools/SDKs/MacOSX.sdk/usr/include/machine/_mcontext.h /Library/Developer/CommandLineTools/SDKs/MacOSX.sdk/usr/include/arm/_mcontext.h /Library/Developer/CommandLineTools/SDKs/MacOSX.sdk/usr/include/mach/machine/_structs.h /Library/Developer/CommandLineTools/SDKs/MacOSX.sdk/usr/include/mach/arm/_structs.h /Library/Developer/CommandLineTools/SDKs/MacOSX.sdk/usr/include/sys/_pthread/_pthread_attr_t.h /Library/Developer/CommandLineTools/SDKs/MacOSX.sdk/usr/include/sys/_types/_sigaltstack.h /Library/Developer/CommandLineTools/SDKs/MacOSX.sdk/usr/include/sys/_types/_ucontext.h /Library/Developer/CommandLineTools/SDKs/MacOSX.sdk/usr/include/sys/_types/_sigset_t.h /Library/Developer/CommandLineTools/SDKs/MacOSX.sdk/usr/include/sys/_types/_uid_t.h /Library/Developer/CommandLineTools/SDKs/MacOSX.sdk/usr/include/sys/resource.h /Library/Developer/CommandLineTools/SDKs/MacOSX.sdk/usr/include/sys/_types/_timeval.h /Library/Developer/CommandLineTools/SDKs/MacOSX.sdk/usr/include/machine/endian.h /Library/Developer/CommandLineTools/SDKs/MacOSX.sdk/usr/include/arm/endian.h /Library/Developer/CommandLineTools/SDKs/MacOSX.sdk/usr/include/sys/_endian.h /Library/Developer/CommandLineTools/SDKs/MacOSX.sdk/usr/include/libkern/_OSByteOrder.h /Library/Developer/CommandLineTools/SDKs/MacOSX.sdk/usr/include/libkern/arm/OSByteOrder.h /Library/Developer/CommandLineTools/SDKs/MacOSX.sdk/usr/include/arm/arch.h /Library/Developer/CommandLineTools/SDKs/MacOSX.sdk/usr/include/alloca.h /Library/Developer/CommandLineTools/SDKs/MacOSX.sdk/usr/include/malloc/_malloc.h /Library/Developer/CommandLineTools/SDKs/MacOSX.sdk/usr/include/sys/_types/_dev_t.h /Library/Developer/CommandLineTools/SDKs/MacOSX.sdk/usr/include/sys/_types/_mode_t.h /opt/homebrew/opt/llvm/include/c++/v1/exception /opt/homebrew/opt/llvm/include/c++/v1/__type_traits/is_final.h /opt/homebrew/opt/llvm/include/c++/v1/__type_traits/is_polymorphic.h /opt/homebrew/opt/llvm/include/c++/v1/type_traits /opt/homebrew/opt/llvm/include/c++/v1/__fwd/hash.h /opt/homebrew/opt/llvm/include/c++/v1/__type_traits/aligned_storage.h /opt/homebrew/opt/llvm/include/c++/v1/__type_traits/aligned_union.h /opt/homebrew/opt/llvm/include/c++/v1/__type_traits/alignment_of.h /opt/homebrew/opt/llvm/include/c++/v1/__type_traits/can_extract_key.h /opt/homebrew/opt/llvm/include/c++/v1/__type_traits/remove_const_ref.h /opt/homebrew/opt/llvm/include/c++/v1/__type_traits/conjunction.h /opt/homebrew/opt/llvm/include/c++/v1/__type_traits/dependent_type.h /opt/homebrew/opt/llvm/include/c++/v1/__type_traits/has_unique_object_representation.h /opt/homebrew/opt/llvm/include/c++/v1/__type_traits/has_virtual_destructor.h /opt/homebrew/opt/llvm/include/c++/v1/__type_traits/is_abstract.h /opt/homebrew/opt/llvm/include/c++/v1/__type_traits/is_aggregate.h /opt/homebrew/opt/llvm/include/c++/v1/__type_traits/is_assignable.h /opt/homebrew/opt/llvm/include/c++/v1/__type_traits/is_bounded_array.h /opt/homebrew/opt/llvm/include/c++/v1/__type_traits/is_callable.h /opt/homebrew/opt/llvm/include/c++/v1/__type_traits/is_char_like_type.h /opt/homebrew/opt/llvm/include/c++/v1/__type_traits/is_standard_layout.h /opt/homebrew/opt/llvm/include/c++/v1/__type_traits/is_trivial.h /opt/homebrew/opt/llvm/include/c++/v1/__type_traits/is_compound.h /opt/homebrew/opt/llvm/include/c++/v1/__type_traits/is_fundamental.h /opt/homebrew/opt/llvm/include/c++/v1/__type_traits/is_constant_evaluated.h /opt/homebrew/opt/llvm/include/c++/v1/__type_traits/is_copy_assignable.h /opt/homebrew/opt/llvm/include/c++/v1/__type_traits/is_default_constructible.h /opt/homebrew/opt/llvm/include/c++/v1/__type_traits/is_empty.h /opt/homebrew/opt/llvm/include/c++/v1/__type_traits/is_implicitly_default_constructible.h /opt/homebrew/opt/llvm/include/c++/v1/__type_traits/is_literal_type.h /opt/homebrew/opt/llvm/include/c++/v1/__type_traits/is_nothrow_convertible.h /opt/homebrew/opt/llvm/include/c++/v1/__type_traits/lazy.h /opt/homebrew/opt/llvm/include/c++/v1/__type_traits/is_nothrow_copy_assignable.h /opt/homebrew/opt/llvm/include/c++/v1/__type_traits/is_nothrow_copy_constructible.h /opt/homebrew/opt/llvm/include/c++/v1/__type_traits/is_nothrow_default_constructible.h /opt/homebrew/opt/llvm/include/c++/v1/__type_traits/is_pod.h /opt/homebrew/opt/llvm/include/c++/v1/__type_traits/is_scoped_enum.h /opt/homebrew/opt/llvm/include/c++/v1/__type_traits/underlying_type.h /opt/homebrew/opt/llvm/include/c++/v1/__type_traits/is_specialization.h /opt/homebrew/opt/llvm/include/c++/v1/__type_traits/is_trivially_assignable.h /opt/homebrew/opt/llvm/include/c++/v1/__type_traits/is_trivially_constructible.h /opt/homebrew/opt/llvm/include/c++/v1/__type_traits/is_trivially_copy_assignable.h /opt/homebrew/opt/llvm/include/c++/v1/__type_traits/is_trivially_copy_constructible.h /opt/homebrew/opt/llvm/include/c++/v1/__type_traits/is_trivially_copyable.h /opt/homebrew/opt/llvm/include/c++/v1/__type_traits/is_trivially_default_constructible.h /opt/homebrew/opt/llvm/include/c++/v1/__type_traits/is_trivially_destructible.h /opt/homebrew/opt/llvm/include/c++/v1/__type_traits/is_trivially_move_assignable.h /opt/homebrew/opt/llvm/include/c++/v1/__type_traits/is_trivially_move_constructible.h /opt/homebrew/opt/llvm/include/c++/v1/__type_traits/is_unbounded_array.h /opt/homebrew/opt/llvm/include/c++/v1/__type_traits/is_unsigned.h /opt/homebrew/opt/llvm/include/c++/v1/__type_traits/make_unsigned.h /opt/homebrew/opt/llvm/include/c++/v1/__type_traits/maybe_const.h /opt/homebrew/opt/llvm/include/c++/v1/__type_traits/negation.h /opt/homebrew/opt/llvm/include/c++/v1/__type_traits/rank.h /opt/homebrew/opt/llvm/include/c++/v1/__type_traits/remove_pointer.h /opt/homebrew/opt/llvm/include/c++/v1/__type_traits/result_of.h /opt/homebrew/opt/llvm/include/c++/v1/__type_traits/type_identity.h /opt/homebrew/opt/llvm/include/c++/v1/__memory/pointer_traits.h /opt/homebrew/opt/llvm/include/c++/v1/limits /opt/homebrew/opt/llvm/include/c++/v1/__undef_macros /opt/homebrew/opt/llvm/include/c++/v1/__memory/allocator.h /opt/homebrew/opt/llvm/include/c++/v1/__memory/allocate_at_least.h /opt/homebrew/opt/llvm/include/c++/v1/stdexcept /opt/homebrew/opt/llvm/include/c++/v1/__memory/allocator_destructor.h /opt/homebrew/opt/llvm/include/c++/v1/__memory/auto_ptr.h /opt/homebrew/opt/llvm/include/c++/v1/__memory/compressed_pair.h /opt/homebrew/opt/llvm/include/c++/v1/__fwd/get.h /opt/homebrew/opt/llvm/include/c++/v1/__fwd/array.h /opt/homebrew/opt/llvm/include/c++/v1/__fwd/subrange.h /opt/homebrew/opt/llvm/include/c++/v1/__fwd/tuple.h /opt/homebrew/opt/llvm/include/c++/v1/__tuple_dir/tuple_element.h /opt/homebrew/opt/llvm/include/c++/v1/__tuple_dir/tuple_indices.h /opt/homebrew/opt/llvm/include/c++/v1/__utility/integer_sequence.h /opt/homebrew/opt/llvm/include/c++/v1/__tuple_dir/tuple_types.h /opt/homebrew/opt/llvm/include/c++/v1/__utility/piecewise_construct.h /opt/homebrew/opt/llvm/include/c++/v1/__memory/uninitialized_algorithms.h /opt/homebrew/opt/llvm/include/c++/v1/__algorithm/copy.h /opt/homebrew/opt/llvm/include/c++/v1/__algorithm/copy_move_common.h /opt/homebrew/opt/llvm/include/c++/v1/__algorithm/iterator_operations.h /opt/homebrew/opt/llvm/include/c++/v1/__algorithm/iter_swap.h /opt/homebrew/opt/llvm/include/c++/v1/__algorithm/ranges_iterator_concept.h /opt/homebrew/opt/llvm/include/c++/v1/__iterator/concepts.h /opt/homebrew/opt/llvm/include/c++/v1/__concepts/derived_from.h /opt/homebrew/opt/llvm/include/c++/v1/__concepts/invocable.h /opt/homebrew/opt/llvm/include/c++/v1/__concepts/predicate.h /opt/homebrew/opt/llvm/include/c++/v1/__concepts/regular.h /opt/homebrew/opt/llvm/include/c++/v1/__concepts/semiregular.h /opt/homebrew/opt/llvm/include/c++/v1/__concepts/relation.h /opt/homebrew/opt/llvm/include/c++/v1/__iterator/iter_move.h /opt/homebrew/opt/llvm/include/c++/v1/__iterator/advance.h /opt/homebrew/opt/llvm/include/c++/v1/__utility/convert_to_integral.h /opt/homebrew/opt/llvm/include/c++/v1/__utility/unreachable.h /opt/homebrew/opt/llvm/include/c++/v1/__iterator/distance.h /opt/homebrew/opt/llvm/include/c++/v1/__ranges/access.h /opt/homebrew/opt/llvm/include/c++/v1/__ranges/enable_borrowed_range.h /opt/homebrew/opt/llvm/include/c++/v1/__utility/auto_cast.h /opt/homebrew/opt/llvm/include/c++/v1/__ranges/concepts.h /opt/homebrew/opt/llvm/include/c++/v1/__ranges/data.h /opt/homebrew/opt/llvm/include/c++/v1/__ranges/enable_view.h /opt/homebrew/opt/llvm/include/c++/v1/__ranges/size.h /opt/homebrew/opt/llvm/include/c++/v1/initializer_list /opt/homebrew/opt/llvm/include/c++/v1/__iterator/iter_swap.h /opt/homebrew/opt/llvm/include/c++/v1/__iterator/next.h /opt/homebrew/opt/llvm/include/c++/v1/__iterator/prev.h /opt/homebrew/opt/llvm/include/c++/v1/__algorithm/unwrap_iter.h /opt/homebrew/opt/llvm/include/c++/v1/__algorithm/unwrap_range.h /opt/homebrew/opt/llvm/include/c++/v1/__utility/pair.h /opt/homebrew/opt/llvm/include/c++/v1/__compare/synth_three_way.h /opt/homebrew/opt/llvm/include/c++/v1/__functional/unwrap_ref.h /opt/homebrew/opt/llvm/include/c++/v1/__tuple_dir/sfinae_helpers.h /opt/homebrew/opt/llvm/include/c++/v1/__tuple_dir/make_tuple_types.h /opt/homebrew/opt/llvm/include/c++/v1/__tuple_dir/apply_cv.h /opt/homebrew/opt/llvm/include/c++/v1/__tuple_dir/tuple_size.h /opt/homebrew/opt/llvm/include/c++/v1/__tuple_dir/tuple_like_ext.h /opt/homebrew/opt/llvm/include/c++/v1/__type_traits/is_always_bitcastable.h /opt/homebrew/opt/llvm/include/c++/v1/__algorithm/min.h /opt/homebrew/opt/llvm/include/c++/v1/__algorithm/comp.h /opt/homebrew/opt/llvm/include/c++/v1/__algorithm/comp_ref_type.h /opt/homebrew/opt/llvm/include/c++/v1/__debug /opt/homebrew/opt/llvm/include/c++/v1/__algorithm/min_element.h /opt/homebrew/opt/llvm/include/c++/v1/__functional/identity.h /opt/homebrew/opt/llvm/include/c++/v1/__iterator/segmented_iterator.h /opt/homebrew/opt/llvm/include/c++/v1/__algorithm/move.h /opt/homebrew/opt/llvm/include/c++/v1/__iterator/reverse_iterator.h /opt/homebrew/opt/llvm/include/c++/v1/__compare/compare_three_way_result.h /opt/homebrew/opt/llvm/include/c++/v1/__ranges/subrange.h /opt/homebrew/opt/llvm/include/c++/v1/__concepts/different_from.h /opt/homebrew/opt/llvm/include/c++/v1/__ranges/dangling.h /opt/homebrew/opt/llvm/include/c++/v1/__ranges/view_interface.h /opt/homebrew/opt/llvm/include/c++/v1/__ranges/empty.h /opt/homebrew/opt/llvm/include/c++/v1/__tuple_dir/pair_like.h /opt/homebrew/opt/llvm/include/c++/v1/__tuple_dir/tuple_like.h /opt/homebrew/opt/llvm/include/c++/v1/__utility/exception_guard.h /opt/homebrew/opt/llvm/include/c++/v1/__memory/unique_ptr.h /opt/homebrew/opt/llvm/include/c++/v1/__functional/hash.h /opt/homebrew/opt/llvm/include/c++/v1/cstring /opt/homebrew/opt/llvm/include/c++/v1/string.h /Library/Developer/CommandLineTools/SDKs/MacOSX.sdk/usr/include/string.h /Library/Developer/CommandLineTools/SDKs/MacOSX.sdk/usr/include/strings.h /opt/homebrew/opt/llvm/include/c++/v1/typeinfo /opt/homebrew/opt/llvm/include/c++/v1/atomic /opt/homebrew/opt/llvm/include/c++/v1/__chrono/duration.h /opt/homebrew/opt/llvm/include/c++/v1/ratio /opt/homebrew/opt/llvm/include/c++/v1/climits /opt/homebrew/opt/llvm/include/c++/v1/limits.h /opt/homebrew/Cellar/llvm/16.0.6/lib/clang/16/include/limits.h /Library/Developer/CommandLineTools/SDKs/MacOSX.sdk/usr/include/limits.h /Library/Developer/CommandLineTools/SDKs/MacOSX.sdk/usr/include/machine/limits.h /Library/Developer/CommandLineTools/SDKs/MacOSX.sdk/usr/include/arm/limits.h /Library/Developer/CommandLineTools/SDKs/MacOSX.sdk/usr/include/arm/_limits.h /Library/Developer/CommandLineTools/SDKs/MacOSX.sdk/usr/include/sys/syslimits.h /opt/homebrew/opt/llvm/include/c++/v1/__thread/poll_with_backoff.h /opt/homebrew/opt/llvm/include/c++/v1/__chrono/high_resolution_clock.h /opt/homebrew/opt/llvm/include/c++/v1/__chrono/steady_clock.h /opt/homebrew/opt/llvm/include/c++/v1/__chrono/time_point.h /opt/homebrew/opt/llvm/include/c++/v1/__chrono/system_clock.h /opt/homebrew/opt/llvm/include/c++/v1/ctime /opt/homebrew/opt/llvm/include/c++/v1/__thread/timed_backoff_policy.h /opt/homebrew/opt/llvm/include/c++/v1/__threading_support /opt/homebrew/opt/llvm/include/c++/v1/__chrono/convert_to_timespec.h /opt/homebrew/opt/llvm/include/c++/v1/errno.h /Library/Developer/CommandLineTools/SDKs/MacOSX.sdk/usr/include/errno.h /Library/Developer/CommandLineTools/SDKs/MacOSX.sdk/usr/include/sys/errno.h /Library/Developer/CommandLineTools/SDKs/MacOSX.sdk/usr/include/pthread.h /Library/Developer/CommandLineTools/SDKs/MacOSX.sdk/usr/include/pthread/sched.h /Library/Developer/CommandLineTools/SDKs/MacOSX.sdk/usr/include/pthread/pthread_impl.h /Library/Developer/CommandLineTools/SDKs/MacOSX.sdk/usr/include/sys/_pthread/_pthread_cond_t.h /Library/Developer/CommandLineTools/SDKs/MacOSX.sdk/usr/include/sys/_pthread/_pthread_condattr_t.h /Library/Developer/CommandLineTools/SDKs/MacOSX.sdk/usr/include/sys/_pthread/_pthread_key_t.h /Library/Developer/CommandLineTools/SDKs/MacOSX.sdk/usr/include/sys/_pthread/_pthread_mutex_t.h /Library/Developer/CommandLineTools/SDKs/MacOSX.sdk/usr/include/sys/_pthread/_pthread_mutexattr_t.h /Library/Developer/CommandLineTools/SDKs/MacOSX.sdk/usr/include/sys/_pthread/_pthread_once_t.h /Library/Developer/CommandLineTools/SDKs/MacOSX.sdk/usr/include/sys/_pthread/_pthread_rwlock_t.h /Library/Developer/CommandLineTools/SDKs/MacOSX.sdk/usr/include/sys/_pthread/_pthread_rwlockattr_t.h /Library/Developer/CommandLineTools/SDKs/MacOSX.sdk/usr/include/sys/_pthread/_pthread_t.h /Library/Developer/CommandLineTools/SDKs/MacOSX.sdk/usr/include/pthread/qos.h /Library/Developer/CommandLineTools/SDKs/MacOSX.sdk/usr/include/sys/qos.h /Library/Developer/CommandLineTools/SDKs/MacOSX.sdk/usr/include/sys/_types/_mach_port_t.h /Library/Developer/CommandLineTools/SDKs/MacOSX.sdk/usr/include/sched.h /opt/homebrew/opt/llvm/include/c++/v1/cmath /opt/homebrew/opt/llvm/include/c++/v1/math.h /Library/Developer/CommandLineTools/SDKs/MacOSX.sdk/usr/include/math.h /opt/homebrew/opt/llvm/include/c++/v1/__type_traits/promote.h /opt/homebrew/opt/llvm/include/c++/v1/compare /opt/homebrew/opt/llvm/include/c++/v1/__compare/compare_partial_order_fallback.h /opt/homebrew/opt/llvm/include/c++/v1/__compare/partial_order.h /opt/homebrew/opt/llvm/include/c++/v1/__compare/weak_order.h /opt/homebrew/opt/llvm/include/c++/v1/__compare/strong_order.h /opt/homebrew/opt/llvm/include/c++/v1/__bit/bit_cast.h /opt/homebrew/opt/llvm/include/c++/v1/__utility/priority_tag.h /opt/homebrew/opt/llvm/include/c++/v1/__compare/compare_strong_order_fallback.h /opt/homebrew/opt/llvm/include/c++/v1/__compare/compare_weak_order_fallback.h /opt/homebrew/opt/llvm/include/c++/v1/__compare/is_eq.h /opt/homebrew/opt/llvm/include/c++/v1/bitset /opt/homebrew/opt/llvm/include/c++/v1/__algorithm/fill.h /opt/homebrew/opt/llvm/include/c++/v1/__algorithm/fill_n.h /opt/homebrew/opt/llvm/include/c++/v1/__bit_reference /opt/homebrew/opt/llvm/include/c++/v1/__algorithm/copy_n.h /opt/homebrew/opt/llvm/include/c++/v1/__bit/countr.h /opt/homebrew/opt/llvm/include/c++/v1/__bit/rotate.h /opt/homebrew/opt/llvm/include/c++/v1/__bit/popcount.h /opt/homebrew/opt/llvm/include/c++/v1/string /opt/homebrew/opt/llvm/include/c++/v1/__algorithm/max.h /opt/homebrew/opt/llvm/include/c++/v1/__algorithm/max_element.h /opt/homebrew/opt/llvm/include/c++/v1/__algorithm/remove.h /opt/homebrew/opt/llvm/include/c++/v1/__algorithm/find.h /opt/homebrew/opt/llvm/include/c++/v1/__algorithm/find_if.h /opt/homebrew/opt/llvm/include/c++/v1/__algorithm/remove_if.h /opt/homebrew/opt/llvm/include/c++/v1/__format/enable_insertable.h /opt/homebrew/opt/llvm/include/c++/v1/__ios/fpos.h /opt/homebrew/opt/llvm/include/c++/v1/__iterator/wrap_iter.h /opt/homebrew/opt/llvm/include/c++/v1/__memory/swap_allocator.h /opt/homebrew/opt/llvm/include/c++/v1/__memory_resource/polymorphic_allocator.h /opt/homebrew/opt/llvm/include/c++/v1/__memory_resource/memory_resource.h /opt/homebrew/opt/llvm/include/c++/v1/tuple /opt/homebrew/opt/llvm/include/c++/v1/__memory/allocator_arg_t.h /opt/homebrew/opt/llvm/include/c++/v1/__memory/uses_allocator.h /opt/homebrew/opt/llvm/include/c++/v1/utility /opt/homebrew/opt/llvm/include/c++/v1/__utility/as_const.h /opt/homebrew/opt/llvm/include/c++/v1/__utility/cmp.h /opt/homebrew/opt/llvm/include/c++/v1/__utility/forward_like.h /opt/homebrew/opt/llvm/include/c++/v1/__utility/in_place.h /opt/homebrew/opt/llvm/include/c++/v1/__utility/rel_ops.h /opt/homebrew/opt/llvm/include/c++/v1/__utility/to_underlying.h /opt/homebrew/opt/llvm/include/c++/v1/__string/char_traits.h /opt/homebrew/opt/llvm/include/c++/v1/__algorithm/find_end.h /opt/homebrew/opt/llvm/include/c++/v1/__algorithm/search.h /opt/homebrew/opt/llvm/include/c++/v1/__algorithm/find_first_of.h /opt/homebrew/opt/llvm/include/c++/v1/cwchar /opt/homebrew/opt/llvm/include/c++/v1/cwctype /opt/homebrew/opt/llvm/include/c++/v1/cctype /opt/homebrew/opt/llvm/include/c++/v1/wctype.h /Library/Developer/CommandLineTools/SDKs/MacOSX.sdk/usr/include/wctype.h /Library/Developer/CommandLineTools/SDKs/MacOSX.sdk/usr/include/_types/_wctrans_t.h /opt/homebrew/opt/llvm/include/c++/v1/__string/extern_template_lists.h /opt/homebrew/opt/llvm/include/c++/v1/__type_traits/is_allocator.h /opt/homebrew/opt/llvm/include/c++/v1/__type_traits/noexcept_move_assign_container.h /opt/homebrew/opt/llvm/include/c++/v1/string_view /opt/homebrew/opt/llvm/include/c++/v1/__fwd/string_view.h /opt/homebrew/opt/llvm/include/c++/v1/__iterator/data.h /opt/homebrew/opt/llvm/include/c++/v1/__iterator/empty.h /opt/homebrew/opt/llvm/include/c++/v1/__iterator/reverse_access.h /opt/homebrew/opt/llvm/include/c++/v1/__iterator/size.h /opt/homebrew/opt/llvm/include/c++/v1/algorithm /opt/homebrew/opt/llvm/include/c++/v1/__algorithm/adjacent_find.h /opt/homebrew/opt/llvm/include/c++/v1/__algorithm/all_of.h /opt/homebrew/opt/llvm/include/c++/v1/__algorithm/any_of.h /opt/homebrew/opt/llvm/include/c++/v1/__algorithm/binary_search.h /opt/homebrew/opt/llvm/include/c++/v1/__algorithm/lower_bound.h /opt/homebrew/opt/llvm/include/c++/v1/__algorithm/half_positive.h /opt/homebrew/opt/llvm/include/c++/v1/__algorithm/clamp.h /opt/homebrew/opt/llvm/include/c++/v1/__algorithm/copy_backward.h /opt/homebrew/opt/llvm/include/c++/v1/__algorithm/copy_if.h /opt/homebrew/opt/llvm/include/c++/v1/__algorithm/count.h /opt/homebrew/opt/llvm/include/c++/v1/__algorithm/count_if.h /opt/homebrew/opt/llvm/include/c++/v1/__algorithm/equal.h /opt/homebrew/opt/llvm/include/c++/v1/__algorithm/equal_range.h /opt/homebrew/opt/llvm/include/c++/v1/__algorithm/upper_bound.h /opt/homebrew/opt/llvm/include/c++/v1/__algorithm/find_if_not.h /opt/homebrew/opt/llvm/include/c++/v1/__algorithm/for_each.h /opt/homebrew/opt/llvm/include/c++/v1/__algorithm/for_each_n.h /opt/homebrew/opt/llvm/include/c++/v1/__algorithm/generate.h /opt/homebrew/opt/llvm/include/c++/v1/__algorithm/generate_n.h /opt/homebrew/opt/llvm/include/c++/v1/__algorithm/in_found_result.h /opt/homebrew/opt/llvm/include/c++/v1/__algorithm/in_fun_result.h /opt/homebrew/opt/llvm/include/c++/v1/__algorithm/in_in_out_result.h /opt/homebrew/opt/llvm/include/c++/v1/__algorithm/in_in_result.h /opt/homebrew/opt/llvm/include/c++/v1/__algorithm/in_out_out_result.h /opt/homebrew/opt/llvm/include/c++/v1/__algorithm/in_out_result.h /opt/homebrew/opt/llvm/include/c++/v1/__algorithm/includes.h /opt/homebrew/opt/llvm/include/c++/v1/__algorithm/inplace_merge.h /opt/homebrew/opt/llvm/include/c++/v1/__algorithm/rotate.h /opt/homebrew/opt/llvm/include/c++/v1/__algorithm/move_backward.h /opt/homebrew/opt/llvm/include/c++/v1/__algorithm/swap_ranges.h /opt/homebrew/opt/llvm/include/c++/v1/__memory/destruct_n.h /opt/homebrew/opt/llvm/include/c++/v1/__memory/temporary_buffer.h /opt/homebrew/opt/llvm/include/c++/v1/__algorithm/is_heap.h /opt/homebrew/opt/llvm/include/c++/v1/__algorithm/is_heap_until.h /opt/homebrew/opt/llvm/include/c++/v1/__algorithm/is_partitioned.h /opt/homebrew/opt/llvm/include/c++/v1/__algorithm/is_permutation.h /opt/homebrew/opt/llvm/include/c++/v1/__algorithm/is_sorted.h /opt/homebrew/opt/llvm/include/c++/v1/__algorithm/is_sorted_until.h /opt/homebrew/opt/llvm/include/c++/v1/__algorithm/lexicographical_compare.h /opt/homebrew/opt/llvm/include/c++/v1/__algorithm/make_heap.h /opt/homebrew/opt/llvm/include/c++/v1/__algorithm/sift_down.h /opt/homebrew/opt/llvm/include/c++/v1/__algorithm/merge.h /opt/homebrew/opt/llvm/include/c++/v1/__algorithm/min_max_result.h /opt/homebrew/opt/llvm/include/c++/v1/__algorithm/minmax.h /opt/homebrew/opt/llvm/include/c++/v1/__algorithm/minmax_element.h /opt/homebrew/opt/llvm/include/c++/v1/__algorithm/mismatch.h /opt/homebrew/opt/llvm/include/c++/v1/__algorithm/next_permutation.h /opt/homebrew/opt/llvm/include/c++/v1/__algorithm/reverse.h /opt/homebrew/opt/llvm/include/c++/v1/__algorithm/none_of.h /opt/homebrew/opt/llvm/include/c++/v1/__algorithm/nth_element.h /opt/homebrew/opt/llvm/include/c++/v1/__algorithm/sort.h /opt/homebrew/opt/llvm/include/c++/v1/__algorithm/partial_sort.h /opt/homebrew/opt/llvm/include/c++/v1/__algorithm/sort_heap.h /opt/homebrew/opt/llvm/include/c++/v1/__algorithm/pop_heap.h /opt/homebrew/opt/llvm/include/c++/v1/__algorithm/push_heap.h /opt/homebrew/opt/llvm/include/c++/v1/__debug_utils/randomize_range.h /opt/homebrew/opt/llvm/include/c++/v1/__functional/ranges_operations.h /opt/homebrew/opt/llvm/include/c++/v1/bit /opt/homebrew/opt/llvm/include/c++/v1/__bit/bit_ceil.h /opt/homebrew/opt/llvm/include/c++/v1/__bit/countl.h /opt/homebrew/opt/llvm/include/c++/v1/__bit/bit_floor.h /opt/homebrew/opt/llvm/include/c++/v1/__bit/bit_log2.h /opt/homebrew/opt/llvm/include/c++/v1/__bit/bit_width.h /opt/homebrew/opt/llvm/include/c++/v1/__bit/blsr.h /opt/homebrew/opt/llvm/include/c++/v1/__bit/byteswap.h /opt/homebrew/opt/llvm/include/c++/v1/__bit/endian.h /opt/homebrew/opt/llvm/include/c++/v1/__bit/has_single_bit.h /opt/homebrew/opt/llvm/include/c++/v1/__algorithm/partial_sort_copy.h /opt/homebrew/opt/llvm/include/c++/v1/__algorithm/make_projected.h /opt/homebrew/opt/llvm/include/c++/v1/__algorithm/partition.h /opt/homebrew/opt/llvm/include/c++/v1/__algorithm/partition_copy.h /opt/homebrew/opt/llvm/include/c++/v1/__algorithm/partition_point.h /opt/homebrew/opt/llvm/include/c++/v1/__algorithm/prev_permutation.h /opt/homebrew/opt/llvm/include/c++/v1/__algorithm/ranges_adjacent_find.h /opt/homebrew/opt/llvm/include/c++/v1/__iterator/projected.h /opt/homebrew/opt/llvm/include/c++/v1/__algorithm/ranges_all_of.h /opt/homebrew/opt/llvm/include/c++/v1/__algorithm/ranges_any_of.h /opt/homebrew/opt/llvm/include/c++/v1/__algorithm/ranges_binary_search.h /opt/homebrew/opt/llvm/include/c++/v1/__algorithm/ranges_clamp.h /opt/homebrew/opt/llvm/include/c++/v1/__algorithm/ranges_copy.h /opt/homebrew/opt/llvm/include/c++/v1/__algorithm/ranges_copy_backward.h /opt/homebrew/opt/llvm/include/c++/v1/__algorithm/ranges_copy_if.h /opt/homebrew/opt/llvm/include/c++/v1/__algorithm/ranges_copy_n.h /opt/homebrew/opt/llvm/include/c++/v1/__iterator/unreachable_sentinel.h /opt/homebrew/opt/llvm/include/c++/v1/__algorithm/ranges_count.h /opt/homebrew/opt/llvm/include/c++/v1/__algorithm/ranges_count_if.h /opt/homebrew/opt/llvm/include/c++/v1/__algorithm/ranges_equal.h /opt/homebrew/opt/llvm/include/c++/v1/__iterator/indirectly_comparable.h /opt/homebrew/opt/llvm/include/c++/v1/__algorithm/ranges_equal_range.h /opt/homebrew/opt/llvm/include/c++/v1/__algorithm/ranges_fill.h /opt/homebrew/opt/llvm/include/c++/v1/__algorithm/ranges_fill_n.h /opt/homebrew/opt/llvm/include/c++/v1/__algorithm/ranges_find.h /opt/homebrew/opt/llvm/include/c++/v1/__algorithm/ranges_find_if.h /opt/homebrew/opt/llvm/include/c++/v1/__algorithm/ranges_find_end.h /opt/homebrew/opt/llvm/include/c++/v1/__algorithm/ranges_find_first_of.h /opt/homebrew/opt/llvm/include/c++/v1/__algorithm/ranges_find_if_not.h /opt/homebrew/opt/llvm/include/c++/v1/__algorithm/ranges_for_each.h /opt/homebrew/opt/llvm/include/c++/v1/__algorithm/ranges_for_each_n.h /opt/homebrew/opt/llvm/include/c++/v1/__algorithm/ranges_generate.h /opt/homebrew/opt/llvm/include/c++/v1/__algorithm/ranges_generate_n.h /opt/homebrew/opt/llvm/include/c++/v1/__algorithm/ranges_includes.h /opt/homebrew/opt/llvm/include/c++/v1/__algorithm/ranges_inplace_merge.h /opt/homebrew/opt/llvm/include/c++/v1/__iterator/sortable.h /opt/homebrew/opt/llvm/include/c++/v1/__iterator/permutable.h /opt/homebrew/opt/llvm/include/c++/v1/__algorithm/ranges_is_heap.h /opt/homebrew/opt/llvm/include/c++/v1/__algorithm/ranges_is_heap_until.h /opt/homebrew/opt/llvm/include/c++/v1/__algorithm/ranges_is_partitioned.h /opt/homebrew/opt/llvm/include/c++/v1/__algorithm/ranges_is_permutation.h /opt/homebrew/opt/llvm/include/c++/v1/__algorithm/ranges_is_sorted.h /opt/homebrew/opt/llvm/include/c++/v1/__algorithm/ranges_is_sorted_until.h /opt/homebrew/opt/llvm/include/c++/v1/__algorithm/ranges_lexicographical_compare.h /opt/homebrew/opt/llvm/include/c++/v1/__algorithm/ranges_lower_bound.h /opt/homebrew/opt/llvm/include/c++/v1/__algorithm/ranges_make_heap.h /opt/homebrew/opt/llvm/include/c++/v1/__algorithm/ranges_max.h /opt/homebrew/opt/llvm/include/c++/v1/__algorithm/ranges_min_element.h /opt/homebrew/opt/llvm/include/c++/v1/__algorithm/ranges_max_element.h /opt/homebrew/opt/llvm/include/c++/v1/__algorithm/ranges_merge.h /opt/homebrew/opt/llvm/include/c++/v1/__iterator/mergeable.h /opt/homebrew/opt/llvm/include/c++/v1/__algorithm/ranges_min.h /opt/homebrew/opt/llvm/include/c++/v1/__algorithm/ranges_minmax.h /opt/homebrew/opt/llvm/include/c++/v1/__algorithm/ranges_minmax_element.h /opt/homebrew/opt/llvm/include/c++/v1/__algorithm/ranges_mismatch.h /opt/homebrew/opt/llvm/include/c++/v1/__algorithm/ranges_move.h /opt/homebrew/opt/llvm/include/c++/v1/__algorithm/ranges_move_backward.h /opt/homebrew/opt/llvm/include/c++/v1/__algorithm/ranges_next_permutation.h /opt/homebrew/opt/llvm/include/c++/v1/__algorithm/ranges_none_of.h /opt/homebrew/opt/llvm/include/c++/v1/__algorithm/ranges_nth_element.h /opt/homebrew/opt/llvm/include/c++/v1/__algorithm/ranges_partial_sort.h /opt/homebrew/opt/llvm/include/c++/v1/__algorithm/ranges_partial_sort_copy.h /opt/homebrew/opt/llvm/include/c++/v1/__algorithm/ranges_partition.h /opt/homebrew/opt/llvm/include/c++/v1/__algorithm/ranges_partition_copy.h /opt/homebrew/opt/llvm/include/c++/v1/__algorithm/ranges_partition_point.h /opt/homebrew/opt/llvm/include/c++/v1/__algorithm/ranges_pop_heap.h /opt/homebrew/opt/llvm/include/c++/v1/__algorithm/ranges_prev_permutation.h /opt/homebrew/opt/llvm/include/c++/v1/__algorithm/ranges_push_heap.h /opt/homebrew/opt/llvm/include/c++/v1/__algorithm/ranges_remove.h /opt/homebrew/opt/llvm/include/c++/v1/__algorithm/ranges_remove_if.h /opt/homebrew/opt/llvm/include/c++/v1/__algorithm/ranges_remove_copy.h /opt/homebrew/opt/llvm/include/c++/v1/__algorithm/ranges_remove_copy_if.h /opt/homebrew/opt/llvm/include/c++/v1/__algorithm/remove_copy_if.h /opt/homebrew/opt/llvm/include/c++/v1/__algorithm/ranges_replace.h /opt/homebrew/opt/llvm/include/c++/v1/__algorithm/ranges_replace_if.h /opt/homebrew/opt/llvm/include/c++/v1/__algorithm/ranges_replace_copy.h /opt/homebrew/opt/llvm/include/c++/v1/__algorithm/ranges_replace_copy_if.h /opt/homebrew/opt/llvm/include/c++/v1/__algorithm/ranges_reverse.h /opt/homebrew/opt/llvm/include/c++/v1/__algorithm/ranges_reverse_copy.h /opt/homebrew/opt/llvm/include/c++/v1/__algorithm/ranges_rotate.h /opt/homebrew/opt/llvm/include/c++/v1/__algorithm/ranges_rotate_copy.h /opt/homebrew/opt/llvm/include/c++/v1/__algorithm/ranges_sample.h /opt/homebrew/opt/llvm/include/c++/v1/__algorithm/sample.h /opt/homebrew/opt/llvm/include/c++/v1/__random/uniform_int_distribution.h /opt/homebrew/opt/llvm/include/c++/v1/__random/is_valid.h /opt/homebrew/opt/llvm/include/c++/v1/__random/log2.h /opt/homebrew/opt/llvm/include/c++/v1/__algorithm/uniform_random_bit_generator_adaptor.h /opt/homebrew/opt/llvm/include/c++/v1/__random/uniform_random_bit_generator.h /opt/homebrew/opt/llvm/include/c++/v1/__algorithm/ranges_search.h /opt/homebrew/opt/llvm/include/c++/v1/__algorithm/ranges_search_n.h /opt/homebrew/opt/llvm/include/c++/v1/__algorithm/search_n.h /opt/homebrew/opt/llvm/include/c++/v1/__algorithm/ranges_set_difference.h /opt/homebrew/opt/llvm/include/c++/v1/__algorithm/set_difference.h /opt/homebrew/opt/llvm/include/c++/v1/__algorithm/ranges_set_intersection.h /opt/homebrew/opt/llvm/include/c++/v1/__algorithm/set_intersection.h /opt/homebrew/opt/llvm/include/c++/v1/__algorithm/ranges_set_symmetric_difference.h /opt/homebrew/opt/llvm/include/c++/v1/__algorithm/set_symmetric_difference.h /opt/homebrew/opt/llvm/include/c++/v1/__algorithm/ranges_set_union.h /opt/homebrew/opt/llvm/include/c++/v1/__algorithm/set_union.h /opt/homebrew/opt/llvm/include/c++/v1/__algorithm/ranges_shuffle.h /opt/homebrew/opt/llvm/include/c++/v1/__algorithm/shuffle.h /opt/homebrew/opt/llvm/include/c++/v1/__algorithm/ranges_sort.h /opt/homebrew/opt/llvm/include/c++/v1/__algorithm/ranges_sort_heap.h /opt/homebrew/opt/llvm/include/c++/v1/__algorithm/ranges_stable_partition.h /opt/homebrew/opt/llvm/include/c++/v1/__algorithm/stable_partition.h /opt/homebrew/opt/llvm/include/c++/v1/__algorithm/ranges_stable_sort.h /opt/homebrew/opt/llvm/include/c++/v1/__algorithm/stable_sort.h /opt/homebrew/opt/llvm/include/c++/v1/__algorithm/ranges_swap_ranges.h /opt/homebrew/opt/llvm/include/c++/v1/__algorithm/ranges_transform.h /opt/homebrew/opt/llvm/include/c++/v1/__algorithm/ranges_unique.h /opt/homebrew/opt/llvm/include/c++/v1/__algorithm/unique.h /opt/homebrew/opt/llvm/include/c++/v1/__algorithm/ranges_unique_copy.h /opt/homebrew/opt/llvm/include/c++/v1/__algorithm/unique_copy.h /opt/homebrew/opt/llvm/include/c++/v1/__algorithm/ranges_upper_bound.h /opt/homebrew/opt/llvm/include/c++/v1/__algorithm/remove_copy.h /opt/homebrew/opt/llvm/include/c++/v1/__algorithm/replace.h /opt/homebrew/opt/llvm/include/c++/v1/__algorithm/replace_copy.h /opt/homebrew/opt/llvm/include/c++/v1/__algorithm/replace_copy_if.h /opt/homebrew/opt/llvm/include/c++/v1/__algorithm/replace_if.h /opt/homebrew/opt/llvm/include/c++/v1/__algorithm/reverse_copy.h /opt/homebrew/opt/llvm/include/c++/v1/__algorithm/rotate_copy.h /opt/homebrew/opt/llvm/include/c++/v1/__algorithm/shift_left.h /opt/homebrew/opt/llvm/include/c++/v1/__algorithm/shift_right.h /opt/homebrew/opt/llvm/include/c++/v1/__algorithm/transform.h /opt/homebrew/opt/llvm/include/c++/v1/chrono /opt/homebrew/opt/llvm/include/c++/v1/__chrono/calendar.h /opt/homebrew/opt/llvm/include/c++/v1/__chrono/convert_to_tm.h /opt/homebrew/opt/llvm/include/c++/v1/__chrono/day.h /opt/homebrew/opt/llvm/include/c++/v1/__chrono/hh_mm_ss.h /opt/homebrew/opt/llvm/include/c++/v1/__chrono/month.h /opt/homebrew/opt/llvm/include/c++/v1/__chrono/month_weekday.h /opt/homebrew/opt/llvm/include/c++/v1/__chrono/weekday.h /opt/homebrew/opt/llvm/include/c++/v1/__chrono/monthday.h /opt/homebrew/opt/llvm/include/c++/v1/__chrono/statically_widen.h /opt/homebrew/opt/llvm/include/c++/v1/__format/concepts.h /opt/homebrew/opt/llvm/include/c++/v1/__format/format_fwd.h /opt/homebrew/opt/llvm/include/c++/v1/__format/format_parse_context.h /opt/homebrew/opt/llvm/include/c++/v1/__format/format_error.h /opt/homebrew/opt/llvm/include/c++/v1/__chrono/year.h /opt/homebrew/opt/llvm/include/c++/v1/__chrono/year_month.h /opt/homebrew/opt/llvm/include/c++/v1/__chrono/year_month_day.h /opt/homebrew/opt/llvm/include/c++/v1/__chrono/year_month_weekday.h /opt/homebrew/opt/llvm/include/c++/v1/__chrono/file_clock.h /opt/homebrew/opt/llvm/include/c++/v1/__chrono/literals.h /opt/homebrew/opt/llvm/include/c++/v1/concepts /opt/homebrew/opt/llvm/include/c++/v1/__concepts/common_with.h /opt/homebrew/opt/llvm/include/c++/v1/iterator /opt/homebrew/opt/llvm/include/c++/v1/__iterator/back_insert_iterator.h /opt/homebrew/opt/llvm/include/c++/v1/__iterator/bounded_iter.h /opt/homebrew/opt/llvm/include/c++/v1/__iterator/common_iterator.h /opt/homebrew/opt/llvm/include/c++/v1/variant /opt/homebrew/opt/llvm/include/c++/v1/__variant/monostate.h /opt/homebrew/opt/llvm/include/c++/v1/__iterator/counted_iterator.h /opt/homebrew/opt/llvm/include/c++/v1/__iterator/erase_if_container.h /opt/homebrew/opt/llvm/include/c++/v1/__iterator/front_insert_iterator.h /opt/homebrew/opt/llvm/include/c++/v1/__iterator/insert_iterator.h /opt/homebrew/opt/llvm/include/c++/v1/__iterator/istream_iterator.h /opt/homebrew/opt/llvm/include/c++/v1/__iterator/move_iterator.h /opt/homebrew/opt/llvm/include/c++/v1/__iterator/move_sentinel.h /opt/homebrew/opt/llvm/include/c++/v1/__iterator/ostream_iterator.h /opt/homebrew/opt/llvm/include/c++/v1/__iterator/ostreambuf_iterator.h /opt/homebrew/opt/llvm/include/c++/v1/memory /opt/homebrew/opt/llvm/include/c++/v1/__memory/align.h /opt/homebrew/opt/llvm/include/c++/v1/__memory/assume_aligned.h /opt/homebrew/opt/llvm/include/c++/v1/__memory/concepts.h /opt/homebrew/opt/llvm/include/c++/v1/__memory/ranges_construct_at.h /opt/homebrew/opt/llvm/include/c++/v1/__memory/ranges_uninitialized_algorithms.h /opt/homebrew/opt/llvm/include/c++/v1/__memory/raw_storage_iterator.h /opt/homebrew/opt/llvm/include/c++/v1/__memory/uses_allocator_construction.h /opt/homebrew/opt/llvm/include/c++/v1/functional /opt/homebrew/opt/llvm/include/c++/v1/__functional/binary_negate.h /opt/homebrew/opt/llvm/include/c++/v1/__functional/bind.h /opt/homebrew/opt/llvm/include/c++/v1/__functional/bind_back.h /opt/homebrew/opt/llvm/include/c++/v1/__functional/perfect_forward.h /opt/homebrew/opt/llvm/include/c++/v1/__functional/bind_front.h /opt/homebrew/opt/llvm/include/c++/v1/__functional/binder1st.h /opt/homebrew/opt/llvm/include/c++/v1/__functional/binder2nd.h /opt/homebrew/opt/llvm/include/c++/v1/__functional/boyer_moore_searcher.h /opt/homebrew/opt/llvm/include/c++/v1/array /opt/homebrew/opt/llvm/include/c++/v1/unordered_map /opt/homebrew/opt/llvm/include/c++/v1/__functional/is_transparent.h /opt/homebrew/opt/llvm/include/c++/v1/__hash_table /opt/homebrew/opt/llvm/include/c++/v1/__node_handle /opt/homebrew/opt/llvm/include/c++/v1/optional /opt/homebrew/opt/llvm/include/c++/v1/vector /opt/homebrew/opt/llvm/include/c++/v1/__format/formatter.h /opt/homebrew/opt/llvm/include/c++/v1/__memory/temp_value.h /opt/homebrew/opt/llvm/include/c++/v1/__split_buffer /opt/homebrew/opt/llvm/include/c++/v1/__functional/compose.h /opt/homebrew/opt/llvm/include/c++/v1/__functional/default_searcher.h /opt/homebrew/opt/llvm/include/c++/v1/__functional/function.h /opt/homebrew/opt/llvm/include/c++/v1/__memory/builtin_new_allocator.h /opt/homebrew/opt/llvm/include/c++/v1/__type_traits/strip_signature.h /opt/homebrew/opt/llvm/include/c++/v1/__functional/mem_fn.h /opt/homebrew/opt/llvm/include/c++/v1/__functional/mem_fun_ref.h /opt/homebrew/opt/llvm/include/c++/v1/__functional/not_fn.h /opt/homebrew/opt/llvm/include/c++/v1/__functional/pointer_to_binary_function.h /opt/homebrew/opt/llvm/include/c++/v1/__functional/pointer_to_unary_function.h /opt/homebrew/opt/llvm/include/c++/v1/__functional/unary_negate.h /opt/homebrew/opt/llvm/include/c++/v1/ios /opt/homebrew/opt/llvm/include/c++/v1/__locale /opt/homebrew/opt/llvm/include/c++/v1/locale.h /Library/Developer/CommandLineTools/SDKs/MacOSX.sdk/usr/include/locale.h /Library/Developer/CommandLineTools/SDKs/MacOSX.sdk/usr/include/_locale.h /opt/homebrew/opt/llvm/include/c++/v1/mutex /opt/homebrew/opt/llvm/include/c++/v1/__mutex_base /opt/homebrew/opt/llvm/include/c++/v1/system_error /opt/homebrew/opt/llvm/include/c++/v1/__errc /opt/homebrew/opt/llvm/include/c++/v1/cerrno /Library/Developer/CommandLineTools/SDKs/MacOSX.sdk/usr/include/xlocale.h /Library/Developer/CommandLineTools/SDKs/MacOSX.sdk/usr/include/_xlocale.h /Library/Developer/CommandLineTools/SDKs/MacOSX.sdk/usr/include/xlocale/_ctype.h /Library/Developer/CommandLineTools/SDKs/MacOSX.sdk/usr/include/xlocale/__wctype.h /Library/Developer/CommandLineTools/SDKs/MacOSX.sdk/usr/include/xlocale/_stdio.h /Library/Developer/CommandLineTools/SDKs/MacOSX.sdk/usr/include/xlocale/_stdlib.h /Library/Developer/CommandLineTools/SDKs/MacOSX.sdk/usr/include/xlocale/_string.h /Library/Developer/CommandLineTools/SDKs/MacOSX.sdk/usr/include/xlocale/_time.h /Library/Developer/CommandLineTools/SDKs/MacOSX.sdk/usr/include/xlocale/_wchar.h /Library/Developer/CommandLineTools/SDKs/MacOSX.sdk/usr/include/xlocale/_wctype.h /opt/homebrew/opt/llvm/include/c++/v1/locale /opt/homebrew/opt/llvm/include/c++/v1/streambuf /Library/Developer/CommandLineTools/SDKs/MacOSX.sdk/usr/include/nl_types.h /Library/Developer/CommandLineTools/SDKs/MacOSX.sdk/usr/include/sys/types.h /Library/Developer/CommandLineTools/SDKs/MacOSX.sdk/usr/include/sys/_types/_u_char.h /Library/Developer/CommandLineTools/SDKs/MacOSX.sdk/usr/include/sys/_types/_u_short.h /Library/Developer/CommandLineTools/SDKs/MacOSX.sdk/usr/include/sys/_types/_u_int.h /Library/Developer/CommandLineTools/SDKs/MacOSX.sdk/usr/include/sys/_types/_caddr_t.h /Library/Developer/CommandLineTools/SDKs/MacOSX.sdk/usr/include/sys/_types/_blkcnt_t.h /Library/Developer/CommandLineTools/SDKs/MacOSX.sdk/usr/include/sys/_types/_blksize_t.h /Library/Developer/CommandLineTools/SDKs/MacOSX.sdk/usr/include/sys/_types/_gid_t.h /Library/Developer/CommandLineTools/SDKs/MacOSX.sdk/usr/include/sys/_types/_in_addr_t.h /Library/Developer/CommandLineTools/SDKs/MacOSX.sdk/usr/include/sys/_types/_in_port_t.h /Library/Developer/CommandLineTools/SDKs/MacOSX.sdk/usr/include/sys/_types/_ino_t.h /Library/Developer/CommandLineTools/SDKs/MacOSX.sdk/usr/include/sys/_types/_ino64_t.h /Library/Developer/CommandLineTools/SDKs/MacOSX.sdk/usr/include/sys/_types/_key_t.h /Library/Developer/CommandLineTools/SDKs/MacOSX.sdk/usr/include/sys/_types/_nlink_t.h /Library/Developer/CommandLineTools/SDKs/MacOSX.sdk/usr/include/sys/_types/_useconds_t.h /Library/Developer/CommandLineTools/SDKs/MacOSX.sdk/usr/include/sys/_types/_suseconds_t.h /Library/Developer/CommandLineTools/SDKs/MacOSX.sdk/usr/include/sys/_types/_rsize_t.h /Library/Developer/CommandLineTools/SDKs/MacOSX.sdk/usr/include/sys/_types/_errno_t.h /Library/Developer/CommandLineTools/SDKs/MacOSX.sdk/usr/include/sys/_types/_fd_def.h /Library/Developer/CommandLineTools/SDKs/MacOSX.sdk/usr/include/sys/_types/_fd_setsize.h /Library/Developer/CommandLineTools/SDKs/MacOSX.sdk/usr/include/sys/_types/_fd_set.h /Library/Developer/CommandLineTools/SDKs/MacOSX.sdk/usr/include/sys/_types/_fd_clr.h /Library/Developer/CommandLineTools/SDKs/MacOSX.sdk/usr/include/sys/_types/_fd_zero.h /Library/Developer/CommandLineTools/SDKs/MacOSX.sdk/usr/include/sys/_types/_fd_isset.h /Library/Developer/CommandLineTools/SDKs/MacOSX.sdk/usr/include/sys/_types/_fd_copy.h /Library/Developer/CommandLineTools/SDKs/MacOSX.sdk/usr/include/sys/_types/_fsblkcnt_t.h /Library/Developer/CommandLineTools/SDKs/MacOSX.sdk/usr/include/sys/_types/_fsfilcnt_t.h /Library/Developer/CommandLineTools/SDKs/MacOSX.sdk/usr/include/_types/_nl_item.h /opt/homebrew/opt/llvm/include/c++/v1/__bsd_locale_defaults.h /opt/homebrew/opt/llvm/include/c++/v1/cstdarg /opt/homebrew/opt/llvm/include/c++/v1/set /opt/homebrew/opt/llvm/include/c++/v1/__tree /opt/homebrew/opt/llvm/include/c++/v1/sstream /Users/c71n93/Programming/C-and-C++/huawei-courses/BESM-666/third_party/googletest/googletest/include/gtest/gtest-assertion-result.h /Users/c71n93/Programming/C-and-C++/huawei-courses/BESM-666/third_party/googletest/googletest/include/gtest/gtest-message.h /Users/c71n93/Programming/C-and-C++/huawei-courses/BESM-666/third_party/googletest/googletest/include/gtest/internal/gtest-port.h /opt/homebrew/opt/llvm/include/c++/v1/iostream /Library/Developer/CommandLineTools/SDKs/MacOSX.sdk/usr/include/sys/stat.h /Library/Developer/CommandLineTools/SDKs/MacOSX.sdk/usr/include/sys/_types/_s_ifmt.h /Library/Developer/CommandLineTools/SDKs/MacOSX.sdk/usr/include/sys/_types/_filesec_t.h /Library/Developer/CommandLineTools/SDKs/MacOSX.sdk/usr/include/AvailabilityMacros.h /Library/Developer/CommandLineTools/SDKs/MacOSX.sdk/usr/include/TargetConditionals.h /Users/c71n93/Programming/C-and-C++/huawei-courses/BESM-666/third_party/googletest/googletest/include/gtest/internal/custom/gtest-port.h /Users/c71n93/Programming/C-and-C++/huawei-courses/BESM-666/third_party/googletest/googletest/include/gtest/internal/gtest-port-arch.h /Library/Developer/CommandLineTools/SDKs/MacOSX.sdk/usr/include/unistd.h /Library/Developer/CommandLineTools/SDKs/MacOSX.sdk/usr/include/sys/unistd.h /Library/Developer/CommandLineTools/SDKs/MacOSX.sdk/usr/include/sys/_types/_posix_vdisable.h /Library/Developer/CommandLineTools/SDKs/MacOSX.sdk/usr/include/sys/_types/_seek_set.h /Library/Developer/CommandLineTools/SDKs/MacOSX.sdk/usr/include/sys/select.h /Library/Developer/CommandLineTools/SDKs/MacOSX.sdk/usr/include/sys/_select.h /Library/Developer/CommandLineTools/SDKs/MacOSX.sdk/usr/include/sys/_types/_uuid_t.h /Library/Developer/CommandLineTools/SDKs/MacOSX.sdk/usr/include/gethostuuid.h /Library/Developer/CommandLineTools/SDKs/MacOSX.sdk/usr/include/regex.h /Library/Developer/CommandLineTools/SDKs/MacOSX.sdk/usr/include/_regex.h /Library/Developer/CommandLineTools/SDKs/MacOSX.sdk/usr/include/xlocale/_regex.h /opt/homebrew/opt/llvm/include/c++/v1/condition_variable /opt/homebrew/opt/llvm/include/c++/v1/any /Users/c71n93/Programming/C-and-C++/huawei-courses/BESM-666/third_party/googletest/googletest/include/gtest/gtest-death-test.h /Users/c71n93/Programming/C-and-C++/huawei-courses/BESM-666/third_party/googletest/googletest/include/gtest/internal/gtest-death-test-internal.h /Users/c71n93/Programming/C-and-C++/huawei-courses/BESM-666/third_party/googletest/googletest/include/gtest/gtest-matchers.h /Users/c71n93/Programming/C-and-C++/huawei-courses/BESM-666/third_party/googletest/googletest/include/gtest/gtest-printers.h /Users/c71n93/Programming/C-and-C++/huawei-courses/BESM-666/third_party/googletest/googletest/include/gtest/internal/gtest-internal.h /opt/homebrew/opt/llvm/include/c++/v1/float.h /opt/homebrew/Cellar/llvm/16.0.6/lib/clang/16/include/float.h /Library/Developer/CommandLineTools/SDKs/MacOSX.sdk/usr/include/float.h /opt/homebrew/opt/llvm/include/c++/v1/map /Users/c71n93/Programming/C-and-C++/huawei-courses/BESM-666/third_party/googletest/googletest/include/gtest/internal/gtest-filepath.h /Users/c71n93/Programming/C-and-C++/huawei-courses/BESM-666/third_party/googletest/googletest/include/gtest/internal/gtest-string.h /Users/c71n93/Programming/C-and-C++/huawei-courses/BESM-666/third_party/googletest/googletest/include/gtest/internal/gtest-type-util.h /opt/homebrew/opt/llvm/include/c++/v1/cxxabi.h /opt/homebrew/opt/llvm/include/c++/v1/__cxxabi_config.h /Users/c71n93/Programming/C-and-C++/huawei-courses/BESM-666/third_party/googletest/googletest/include/gtest/internal/custom/gtest-printers.h /Users/c71n93/Programming/C-and-C++/huawei-courses/BESM-666/third_party/googletest/googletest/include/gtest/gtest-param-test.h /Users/c71n93/Programming/C-and-C++/huawei-courses/BESM-666/third_party/googletest/googletest/include/gtest/internal/gtest-param-util.h /opt/homebrew/opt/llvm/include/c++/v1/cassert /Library/Developer/CommandLineTools/SDKs/MacOSX.sdk/usr/include/assert.h /Users/c71n93/Programming/C-and-C++/huawei-courses/BESM-666/third_party/googletest/googletest/include/gtest/gtest-test-part.h /Users/c71n93/Programming/C-and-C++/huawei-courses/BESM-666/third_party/googletest/googletest/include/gtest/gtest-typed-test.h /Users/c71n93/Programming/C-and-C++/huawei-courses/BESM-666/third_party/googletest/googletest/include/gtest/gtest_pred_impl.h /Users/c71n93/Programming/C-and-C++/huawei-courses/BESM-666/third_party/googletest/googletest/include/gtest/gtest_prod.h third_party/googletest/googletest/CMakeFiles/gtest_main.dir/flags.make
/opt/homebrew/Cellar/cmake/3.26.0/bin/cmake -E cmake_echo_color --switch= --green --progress-dir=/Users/c71n93/Programming/C-and-C++/huawei-courses/BESM-666/build/CMakeFiles --progress-num=29 "Building CXX object third_party/googletest/googletest/CMakeFiles/gtest_main.dir/src/gtest_main.cc.o"
[ 63%] Building CXX object third_party/googletest/googletest/CMakeFiles/gtest_main.dir/src/gtest_main.cc.o
cd /Users/c71n93/Programming/C-and-C++/huawei-courses/BESM-666/build/third_party/googletest/googletest && /opt/homebrew/opt/llvm/bin/clang++  -isystem /Users/c71n93/Programming/C-and-C++/huawei-courses/BESM-666/third_party/googletest/googletest/include -isystem /Users/c71n93/Programming/C-and-C++/huawei-courses/BESM-666/third_party/googletest/googletest -g -std=c++17 -arch arm64 -isysroot /Library/Developer/CommandLineTools/SDKs/MacOSX.sdk -fcolor-diagnostics -Wall -Wshadow -Wconversion -Wundef -DGTEST_HAS_PTHREAD=1 -fexceptions -W -Wpointer-arith -Wreturn-type -Wcast-qual -Wwrite-strings -Wswitch -Wunused-parameter -Wcast-align -Winline -Wredundant-decls -Wchar-subscripts -MD -MT third_party/googletest/googletest/CMakeFiles/gtest_main.dir/src/gtest_main.cc.o -MF CMakeFiles/gtest_main.dir/src/gtest_main.cc.o.d -o CMakeFiles/gtest_main.dir/src/gtest_main.cc.o -c /Users/c71n93/Programming/C-and-C++/huawei-courses/BESM-666/third_party/googletest/googletest/src/gtest_main.cc
third_party/googletest/googletest/CMakeFiles/gtest_main.dir/build.make:96: update target 'lib/libgtest_main.a' due to: third_party/googletest/googletest/CMakeFiles/gtest_main.dir/link.txt third_party/googletest/googletest/CMakeFiles/gtest_main.dir/src/gtest_main.cc.o third_party/googletest/googletest/CMakeFiles/gtest_main.dir/build.make
/opt/homebrew/Cellar/cmake/3.26.0/bin/cmake -E cmake_echo_color --switch= --green --bold --progress-dir=/Users/c71n93/Programming/C-and-C++/huawei-courses/BESM-666/build/CMakeFiles --progress-num=30 "Linking CXX static library ../../../lib/libgtest_main.a"
[ 66%] Linking CXX static library ../../../lib/libgtest_main.a
cd /Users/c71n93/Programming/C-and-C++/huawei-courses/BESM-666/build/third_party/googletest/googletest && /opt/homebrew/Cellar/cmake/3.26.0/bin/cmake -P CMakeFiles/gtest_main.dir/cmake_clean_target.cmake
cd /Users/c71n93/Programming/C-and-C++/huawei-courses/BESM-666/build/third_party/googletest/googletest && /opt/homebrew/Cellar/cmake/3.26.0/bin/cmake -E cmake_link_script CMakeFiles/gtest_main.dir/link.txt --verbose=
/opt/homebrew/Cellar/cmake/3.26.0/bin/cmake -E cmake_echo_color --switch= --progress-dir=/Users/c71n93/Programming/C-and-C++/huawei-courses/BESM-666/build/CMakeFiles --progress-num=29,30 "Built target gtest_main"
[ 66%] Built target gtest_main
CMakeFiles/Makefile2:1312: update target 'test/CMakeFiles/dummy_test.dir/all' due to: target is .PHONY
make -s -f test/CMakeFiles/dummy_test.dir/build.make test/CMakeFiles/dummy_test.dir/depend
test/CMakeFiles/dummy_test.dir/build.make:112: update target 'test/CMakeFiles/dummy_test.dir/depend' due to: target is .PHONY
cd /Users/c71n93/Programming/C-and-C++/huawei-courses/BESM-666/build && /opt/homebrew/Cellar/cmake/3.26.0/bin/cmake -E cmake_depends "Unix Makefiles" /Users/c71n93/Programming/C-and-C++/huawei-courses/BESM-666 /Users/c71n93/Programming/C-and-C++/huawei-courses/BESM-666/test /Users/c71n93/Programming/C-and-C++/huawei-courses/BESM-666/build /Users/c71n93/Programming/C-and-C++/huawei-courses/BESM-666/build/test /Users/c71n93/Programming/C-and-C++/huawei-courses/BESM-666/build/test/CMakeFiles/dummy_test.dir/DependInfo.cmake --color=
make -s -f test/CMakeFiles/dummy_test.dir/build.make test/CMakeFiles/dummy_test.dir/build
test/CMakeFiles/dummy_test.dir/build.make:75: update target 'test/CMakeFiles/dummy_test.dir/dummy_test.cpp.o' due to: test/CMakeFiles/dummy_test.dir/compiler_depend.ts /Users/c71n93/Programming/C-and-C++/huawei-courses/BESM-666/test/dummy_test.cpp /Users/c71n93/Programming/C-and-C++/huawei-courses/BESM-666/third_party/googletest/googletest/include/gtest/gtest.h /opt/homebrew/opt/llvm/include/c++/v1/cstddef /opt/homebrew/opt/llvm/include/c++/v1/__assert /opt/homebrew/opt/llvm/include/c++/v1/__config /opt/homebrew/opt/llvm/include/c++/v1/__config_site /opt/homebrew/opt/llvm/include/c++/v1/__verbose_abort /opt/homebrew/opt/llvm/include/c++/v1/__availability /opt/homebrew/opt/llvm/include/c++/v1/__type_traits/enable_if.h /opt/homebrew/opt/llvm/include/c++/v1/__type_traits/integral_constant.h /opt/homebrew/opt/llvm/include/c++/v1/__type_traits/is_integral.h /opt/homebrew/opt/llvm/include/c++/v1/__type_traits/remove_cv.h /opt/homebrew/opt/llvm/include/c++/v1/__type_traits/remove_const.h /opt/homebrew/opt/llvm/include/c++/v1/__type_traits/remove_volatile.h /opt/homebrew/opt/llvm/include/c++/v1/version /opt/homebrew/opt/llvm/include/c++/v1/stddef.h /opt/homebrew/Cellar/llvm/16.0.6/lib/clang/16/include/stddef.h /opt/homebrew/Cellar/llvm/16.0.6/lib/clang/16/include/__stddef_max_align_t.h /opt/homebrew/opt/llvm/include/c++/v1/cstdint /opt/homebrew/opt/llvm/include/c++/v1/stdint.h /opt/homebrew/Cellar/llvm/16.0.6/lib/clang/16/include/stdint.h /Library/Developer/CommandLineTools/SDKs/MacOSX.sdk/usr/include/stdint.h /Library/Developer/CommandLineTools/SDKs/MacOSX.sdk/usr/include/sys/_types/_int8_t.h /Library/Developer/CommandLineTools/SDKs/MacOSX.sdk/usr/include/sys/_types/_int16_t.h /Library/Developer/CommandLineTools/SDKs/MacOSX.sdk/usr/include/sys/_types/_int32_t.h /Library/Developer/CommandLineTools/SDKs/MacOSX.sdk/usr/include/sys/_types/_int64_t.h /Library/Developer/CommandLineTools/SDKs/MacOSX.sdk/usr/include/_types/_uint8_t.h /Library/Developer/CommandLineTools/SDKs/MacOSX.sdk/usr/include/_types/_uint16_t.h /Library/Developer/CommandLineTools/SDKs/MacOSX.sdk/usr/include/_types/_uint32_t.h /Library/Developer/CommandLineTools/SDKs/MacOSX.sdk/usr/include/_types/_uint64_t.h /Library/Developer/CommandLineTools/SDKs/MacOSX.sdk/usr/include/sys/_types.h /Library/Developer/CommandLineTools/SDKs/MacOSX.sdk/usr/include/sys/cdefs.h /Library/Developer/CommandLineTools/SDKs/MacOSX.sdk/usr/include/sys/_symbol_aliasing.h /Library/Developer/CommandLineTools/SDKs/MacOSX.sdk/usr/include/sys/_posix_availability.h /Library/Developer/CommandLineTools/SDKs/MacOSX.sdk/usr/include/machine/_types.h /Library/Developer/CommandLineTools/SDKs/MacOSX.sdk/usr/include/arm/_types.h /Library/Developer/CommandLineTools/SDKs/MacOSX.sdk/usr/include/sys/_pthread/_pthread_types.h /Library/Developer/CommandLineTools/SDKs/MacOSX.sdk/usr/include/sys/_types/_intptr_t.h /Library/Developer/CommandLineTools/SDKs/MacOSX.sdk/usr/include/machine/types.h /Library/Developer/CommandLineTools/SDKs/MacOSX.sdk/usr/include/arm/types.h /Library/Developer/CommandLineTools/SDKs/MacOSX.sdk/usr/include/sys/_types/_u_int8_t.h /Library/Developer/CommandLineTools/SDKs/MacOSX.sdk/usr/include/sys/_types/_u_int16_t.h /Library/Developer/CommandLineTools/SDKs/MacOSX.sdk/usr/include/sys/_types/_u_int32_t.h /Library/Developer/CommandLineTools/SDKs/MacOSX.sdk/usr/include/sys/_types/_u_int64_t.h /Library/Developer/CommandLineTools/SDKs/MacOSX.sdk/usr/include/sys/_types/_uintptr_t.h /Library/Developer/CommandLineTools/SDKs/MacOSX.sdk/usr/include/_types/_intmax_t.h /Library/Developer/CommandLineTools/SDKs/MacOSX.sdk/usr/include/_types/_uintmax_t.h /opt/homebrew/opt/llvm/include/c++/v1/iomanip /opt/homebrew/opt/llvm/include/c++/v1/istream /opt/homebrew/opt/llvm/include/c++/v1/__iterator/istreambuf_iterator.h /opt/homebrew/opt/llvm/include/c++/v1/__iterator/default_sentinel.h /opt/homebrew/opt/llvm/include/c++/v1/__iterator/iterator.h /opt/homebrew/opt/llvm/include/c++/v1/__iterator/iterator_traits.h /opt/homebrew/opt/llvm/include/c++/v1/__concepts/arithmetic.h /opt/homebrew/opt/llvm/include/c++/v1/__type_traits/is_floating_point.h /opt/homebrew/opt/llvm/include/c++/v1/__type_traits/is_signed.h /opt/homebrew/opt/llvm/include/c++/v1/__type_traits/is_arithmetic.h /opt/homebrew/opt/llvm/include/c++/v1/__type_traits/is_signed_integer.h /opt/homebrew/opt/llvm/include/c++/v1/__type_traits/is_unsigned_integer.h /opt/homebrew/opt/llvm/include/c++/v1/__concepts/constructible.h /opt/homebrew/opt/llvm/include/c++/v1/__concepts/convertible_to.h /opt/homebrew/opt/llvm/include/c++/v1/__type_traits/is_convertible.h /opt/homebrew/opt/llvm/include/c++/v1/__type_traits/is_array.h /opt/homebrew/opt/llvm/include/c++/v1/__type_traits/is_function.h /opt/homebrew/opt/llvm/include/c++/v1/__type_traits/is_const.h /opt/homebrew/opt/llvm/include/c++/v1/__type_traits/is_reference.h /opt/homebrew/opt/llvm/include/c++/v1/__type_traits/is_void.h /opt/homebrew/opt/llvm/include/c++/v1/__type_traits/is_same.h /opt/homebrew/opt/llvm/include/c++/v1/__type_traits/remove_reference.h /opt/homebrew/opt/llvm/include/c++/v1/__utility/declval.h /opt/homebrew/opt/llvm/include/c++/v1/__concepts/destructible.h /opt/homebrew/opt/llvm/include/c++/v1/__type_traits/is_nothrow_destructible.h /opt/homebrew/opt/llvm/include/c++/v1/__type_traits/is_destructible.h /opt/homebrew/opt/llvm/include/c++/v1/__type_traits/remove_all_extents.h /opt/homebrew/opt/llvm/include/c++/v1/__type_traits/is_scalar.h /opt/homebrew/opt/llvm/include/c++/v1/__type_traits/is_enum.h /opt/homebrew/opt/llvm/include/c++/v1/__type_traits/is_member_pointer.h /opt/homebrew/opt/llvm/include/c++/v1/__type_traits/is_member_function_pointer.h /opt/homebrew/opt/llvm/include/c++/v1/__type_traits/is_null_pointer.h /opt/homebrew/opt/llvm/include/c++/v1/__type_traits/is_pointer.h /opt/homebrew/opt/llvm/include/c++/v1/__type_traits/is_constructible.h /opt/homebrew/opt/llvm/include/c++/v1/__concepts/copyable.h /opt/homebrew/opt/llvm/include/c++/v1/__concepts/assignable.h /opt/homebrew/opt/llvm/include/c++/v1/__concepts/common_reference_with.h /opt/homebrew/opt/llvm/include/c++/v1/__concepts/same_as.h /opt/homebrew/opt/llvm/include/c++/v1/__type_traits/common_reference.h /opt/homebrew/opt/llvm/include/c++/v1/__type_traits/common_type.h /opt/homebrew/opt/llvm/include/c++/v1/__type_traits/conditional.h /opt/homebrew/opt/llvm/include/c++/v1/__type_traits/decay.h /opt/homebrew/opt/llvm/include/c++/v1/__type_traits/add_pointer.h /opt/homebrew/opt/llvm/include/c++/v1/__type_traits/is_referenceable.h /opt/homebrew/opt/llvm/include/c++/v1/__type_traits/remove_extent.h /opt/homebrew/opt/llvm/include/c++/v1/__type_traits/remove_cvref.h /opt/homebrew/opt/llvm/include/c++/v1/__type_traits/void_t.h /opt/homebrew/opt/llvm/include/c++/v1/__type_traits/copy_cv.h /opt/homebrew/opt/llvm/include/c++/v1/__type_traits/add_const.h /opt/homebrew/opt/llvm/include/c++/v1/__type_traits/add_cv.h /opt/homebrew/opt/llvm/include/c++/v1/__type_traits/add_volatile.h /opt/homebrew/opt/llvm/include/c++/v1/__type_traits/copy_cvref.h /opt/homebrew/opt/llvm/include/c++/v1/__type_traits/add_lvalue_reference.h /opt/homebrew/opt/llvm/include/c++/v1/__type_traits/add_rvalue_reference.h /opt/homebrew/opt/llvm/include/c++/v1/__type_traits/make_const_lvalue_ref.h /opt/homebrew/opt/llvm/include/c++/v1/__utility/forward.h /opt/homebrew/opt/llvm/include/c++/v1/__concepts/movable.h /opt/homebrew/opt/llvm/include/c++/v1/__concepts/swappable.h /opt/homebrew/opt/llvm/include/c++/v1/__concepts/class_or_enum.h /opt/homebrew/opt/llvm/include/c++/v1/__type_traits/is_class.h /opt/homebrew/opt/llvm/include/c++/v1/__type_traits/is_union.h /opt/homebrew/opt/llvm/include/c++/v1/__type_traits/extent.h /opt/homebrew/opt/llvm/include/c++/v1/__type_traits/is_nothrow_move_assignable.h /opt/homebrew/opt/llvm/include/c++/v1/__type_traits/is_nothrow_move_constructible.h /opt/homebrew/opt/llvm/include/c++/v1/__type_traits/is_nothrow_constructible.h /opt/homebrew/opt/llvm/include/c++/v1/__utility/exchange.h /opt/homebrew/opt/llvm/include/c++/v1/__type_traits/is_nothrow_assignable.h /opt/homebrew/opt/llvm/include/c++/v1/__utility/move.h /opt/homebrew/opt/llvm/include/c++/v1/__type_traits/is_copy_constructible.h /opt/homebrew/opt/llvm/include/c++/v1/__utility/swap.h /opt/homebrew/opt/llvm/include/c++/v1/__type_traits/is_move_assignable.h /opt/homebrew/opt/llvm/include/c++/v1/__type_traits/is_move_constructible.h /opt/homebrew/opt/llvm/include/c++/v1/__type_traits/is_swappable.h /opt/homebrew/opt/llvm/include/c++/v1/__type_traits/nat.h /opt/homebrew/opt/llvm/include/c++/v1/__type_traits/is_object.h /opt/homebrew/opt/llvm/include/c++/v1/__concepts/equality_comparable.h /opt/homebrew/opt/llvm/include/c++/v1/__concepts/boolean_testable.h /opt/homebrew/opt/llvm/include/c++/v1/__concepts/totally_ordered.h /opt/homebrew/opt/llvm/include/c++/v1/__fwd/pair.h /opt/homebrew/opt/llvm/include/c++/v1/__iterator/incrementable_traits.h /opt/homebrew/opt/llvm/include/c++/v1/__type_traits/is_primary_template.h /opt/homebrew/opt/llvm/include/c++/v1/__type_traits/is_valid_expansion.h /opt/homebrew/opt/llvm/include/c++/v1/__type_traits/make_signed.h /opt/homebrew/opt/llvm/include/c++/v1/__type_traits/apply_cv.h /opt/homebrew/opt/llvm/include/c++/v1/__type_traits/is_volatile.h /opt/homebrew/opt/llvm/include/c++/v1/__type_traits/type_list.h /opt/homebrew/opt/llvm/include/c++/v1/__iterator/readable_traits.h /opt/homebrew/opt/llvm/include/c++/v1/__type_traits/disjunction.h /opt/homebrew/opt/llvm/include/c++/v1/iosfwd /opt/homebrew/opt/llvm/include/c++/v1/__fwd/string.h /opt/homebrew/opt/llvm/include/c++/v1/__fwd/memory_resource.h /opt/homebrew/opt/llvm/include/c++/v1/__mbstate_t.h /opt/homebrew/opt/llvm/include/c++/v1/wchar.h /Library/Developer/CommandLineTools/SDKs/MacOSX.sdk/usr/include/wchar.h /Library/Developer/CommandLineTools/SDKs/MacOSX.sdk/usr/include/_types.h /Library/Developer/CommandLineTools/SDKs/MacOSX.sdk/usr/include/Availability.h /Library/Developer/CommandLineTools/SDKs/MacOSX.sdk/usr/include/AvailabilityVersions.h /Library/Developer/CommandLineTools/SDKs/MacOSX.sdk/usr/include/AvailabilityInternal.h /Library/Developer/CommandLineTools/SDKs/MacOSX.sdk/usr/include/sys/_types/_null.h /Library/Developer/CommandLineTools/SDKs/MacOSX.sdk/usr/include/sys/_types/_size_t.h /Library/Developer/CommandLineTools/SDKs/MacOSX.sdk/usr/include/sys/_types/_mbstate_t.h /Library/Developer/CommandLineTools/SDKs/MacOSX.sdk/usr/include/sys/_types/_ct_rune_t.h /Library/Developer/CommandLineTools/SDKs/MacOSX.sdk/usr/include/sys/_types/_rune_t.h /Library/Developer/CommandLineTools/SDKs/MacOSX.sdk/usr/include/sys/_types/_wchar_t.h /opt/homebrew/Cellar/llvm/16.0.6/lib/clang/16/include/stdarg.h /opt/homebrew/opt/llvm/include/c++/v1/stdio.h /Library/Developer/CommandLineTools/SDKs/MacOSX.sdk/usr/include/stdio.h /Library/Developer/CommandLineTools/SDKs/MacOSX.sdk/usr/include/_stdio.h /Library/Developer/CommandLineTools/SDKs/MacOSX.sdk/usr/include/sys/_types/_va_list.h /Library/Developer/CommandLineTools/SDKs/MacOSX.sdk/usr/include/sys/stdio.h /Library/Developer/CommandLineTools/SDKs/MacOSX.sdk/usr/include/_ctermid.h /Library/Developer/CommandLineTools/SDKs/MacOSX.sdk/usr/include/sys/_types/_off_t.h /Library/Developer/CommandLineTools/SDKs/MacOSX.sdk/usr/include/sys/_types/_ssize_t.h /Library/Developer/CommandLineTools/SDKs/MacOSX.sdk/usr/include/time.h /Library/Developer/CommandLineTools/SDKs/MacOSX.sdk/usr/include/sys/_types/_clock_t.h /Library/Developer/CommandLineTools/SDKs/MacOSX.sdk/usr/include/sys/_types/_time_t.h /Library/Developer/CommandLineTools/SDKs/MacOSX.sdk/usr/include/sys/_types/_timespec.h /Library/Developer/CommandLineTools/SDKs/MacOSX.sdk/usr/include/_wctype.h /Library/Developer/CommandLineTools/SDKs/MacOSX.sdk/usr/include/__wctype.h /Library/Developer/CommandLineTools/SDKs/MacOSX.sdk/usr/include/sys/_types/_wint_t.h /Library/Developer/CommandLineTools/SDKs/MacOSX.sdk/usr/include/_types/_wctype_t.h /opt/homebrew/opt/llvm/include/c++/v1/ctype.h /Library/Developer/CommandLineTools/SDKs/MacOSX.sdk/usr/include/ctype.h /Library/Developer/CommandLineTools/SDKs/MacOSX.sdk/usr/include/_ctype.h /Library/Developer/CommandLineTools/SDKs/MacOSX.sdk/usr/include/runetype.h /opt/homebrew/opt/llvm/include/c++/v1/ostream /opt/homebrew/opt/llvm/include/c++/v1/__memory/shared_ptr.h /opt/homebrew/opt/llvm/include/c++/v1/__compare/compare_three_way.h /opt/homebrew/opt/llvm/include/c++/v1/__compare/three_way_comparable.h /opt/homebrew/opt/llvm/include/c++/v1/__compare/common_comparison_category.h /opt/homebrew/opt/llvm/include/c++/v1/__compare/ordering.h /opt/homebrew/opt/llvm/include/c++/v1/__functional/binary_function.h /opt/homebrew/opt/llvm/include/c++/v1/__functional/operations.h /opt/homebrew/opt/llvm/include/c++/v1/__functional/unary_function.h /opt/homebrew/opt/llvm/include/c++/v1/__functional/reference_wrapper.h /opt/homebrew/opt/llvm/include/c++/v1/__functional/invoke.h /opt/homebrew/opt/llvm/include/c++/v1/__type_traits/is_base_of.h /opt/homebrew/opt/llvm/include/c++/v1/__type_traits/is_core_convertible.h /opt/homebrew/opt/llvm/include/c++/v1/__type_traits/is_member_object_pointer.h /opt/homebrew/opt/llvm/include/c++/v1/__type_traits/is_reference_wrapper.h /opt/homebrew/opt/llvm/include/c++/v1/__functional/weak_result_type.h /opt/homebrew/opt/llvm/include/c++/v1/__memory/addressof.h /opt/homebrew/opt/llvm/include/c++/v1/__iterator/access.h /opt/homebrew/opt/llvm/include/c++/v1/__memory/allocation_guard.h /opt/homebrew/opt/llvm/include/c++/v1/__memory/allocator_traits.h /opt/homebrew/opt/llvm/include/c++/v1/__memory/construct_at.h /opt/homebrew/opt/llvm/include/c++/v1/__memory/voidify.h /opt/homebrew/opt/llvm/include/c++/v1/new /opt/homebrew/opt/llvm/include/c++/v1/cstdlib /opt/homebrew/opt/llvm/include/c++/v1/stdlib.h /Library/Developer/CommandLineTools/SDKs/MacOSX.sdk/usr/include/stdlib.h /Library/Developer/CommandLineTools/SDKs/MacOSX.sdk/usr/include/sys/wait.h /Library/Developer/CommandLineTools/SDKs/MacOSX.sdk/usr/include/sys/_types/_pid_t.h /Library/Developer/CommandLineTools/SDKs/MacOSX.sdk/usr/include/sys/_types/_id_t.h /Library/Developer/CommandLineTools/SDKs/MacOSX.sdk/usr/include/sys/signal.h /Library/Developer/CommandLineTools/SDKs/MacOSX.sdk/usr/include/sys/appleapiopts.h /Library/Developer/CommandLineTools/SDKs/MacOSX.sdk/usr/include/machine/signal.h /Library/Developer/CommandLineTools/SDKs/MacOSX.sdk/usr/include/arm/signal.h /Library/Developer/CommandLineTools/SDKs/MacOSX.sdk/usr/include/machine/_mcontext.h /Library/Developer/CommandLineTools/SDKs/MacOSX.sdk/usr/include/arm/_mcontext.h /Library/Developer/CommandLineTools/SDKs/MacOSX.sdk/usr/include/mach/machine/_structs.h /Library/Developer/CommandLineTools/SDKs/MacOSX.sdk/usr/include/mach/arm/_structs.h /Library/Developer/CommandLineTools/SDKs/MacOSX.sdk/usr/include/sys/_pthread/_pthread_attr_t.h /Library/Developer/CommandLineTools/SDKs/MacOSX.sdk/usr/include/sys/_types/_sigaltstack.h /Library/Developer/CommandLineTools/SDKs/MacOSX.sdk/usr/include/sys/_types/_ucontext.h /Library/Developer/CommandLineTools/SDKs/MacOSX.sdk/usr/include/sys/_types/_sigset_t.h /Library/Developer/CommandLineTools/SDKs/MacOSX.sdk/usr/include/sys/_types/_uid_t.h /Library/Developer/CommandLineTools/SDKs/MacOSX.sdk/usr/include/sys/resource.h /Library/Developer/CommandLineTools/SDKs/MacOSX.sdk/usr/include/sys/_types/_timeval.h /Library/Developer/CommandLineTools/SDKs/MacOSX.sdk/usr/include/machine/endian.h /Library/Developer/CommandLineTools/SDKs/MacOSX.sdk/usr/include/arm/endian.h /Library/Developer/CommandLineTools/SDKs/MacOSX.sdk/usr/include/sys/_endian.h /Library/Developer/CommandLineTools/SDKs/MacOSX.sdk/usr/include/libkern/_OSByteOrder.h /Library/Developer/CommandLineTools/SDKs/MacOSX.sdk/usr/include/libkern/arm/OSByteOrder.h /Library/Developer/CommandLineTools/SDKs/MacOSX.sdk/usr/include/arm/arch.h /Library/Developer/CommandLineTools/SDKs/MacOSX.sdk/usr/include/alloca.h /Library/Developer/CommandLineTools/SDKs/MacOSX.sdk/usr/include/malloc/_malloc.h /Library/Developer/CommandLineTools/SDKs/MacOSX.sdk/usr/include/sys/_types/_dev_t.h /Library/Developer/CommandLineTools/SDKs/MacOSX.sdk/usr/include/sys/_types/_mode_t.h /opt/homebrew/opt/llvm/include/c++/v1/exception /opt/homebrew/opt/llvm/include/c++/v1/__type_traits/is_final.h /opt/homebrew/opt/llvm/include/c++/v1/__type_traits/is_polymorphic.h /opt/homebrew/opt/llvm/include/c++/v1/type_traits /opt/homebrew/opt/llvm/include/c++/v1/__fwd/hash.h /opt/homebrew/opt/llvm/include/c++/v1/__type_traits/aligned_storage.h /opt/homebrew/opt/llvm/include/c++/v1/__type_traits/aligned_union.h /opt/homebrew/opt/llvm/include/c++/v1/__type_traits/alignment_of.h /opt/homebrew/opt/llvm/include/c++/v1/__type_traits/can_extract_key.h /opt/homebrew/opt/llvm/include/c++/v1/__type_traits/remove_const_ref.h /opt/homebrew/opt/llvm/include/c++/v1/__type_traits/conjunction.h /opt/homebrew/opt/llvm/include/c++/v1/__type_traits/dependent_type.h /opt/homebrew/opt/llvm/include/c++/v1/__type_traits/has_unique_object_representation.h /opt/homebrew/opt/llvm/include/c++/v1/__type_traits/has_virtual_destructor.h /opt/homebrew/opt/llvm/include/c++/v1/__type_traits/is_abstract.h /opt/homebrew/opt/llvm/include/c++/v1/__type_traits/is_aggregate.h /opt/homebrew/opt/llvm/include/c++/v1/__type_traits/is_assignable.h /opt/homebrew/opt/llvm/include/c++/v1/__type_traits/is_bounded_array.h /opt/homebrew/opt/llvm/include/c++/v1/__type_traits/is_callable.h /opt/homebrew/opt/llvm/include/c++/v1/__type_traits/is_char_like_type.h /opt/homebrew/opt/llvm/include/c++/v1/__type_traits/is_standard_layout.h /opt/homebrew/opt/llvm/include/c++/v1/__type_traits/is_trivial.h /opt/homebrew/opt/llvm/include/c++/v1/__type_traits/is_compound.h /opt/homebrew/opt/llvm/include/c++/v1/__type_traits/is_fundamental.h /opt/homebrew/opt/llvm/include/c++/v1/__type_traits/is_constant_evaluated.h /opt/homebrew/opt/llvm/include/c++/v1/__type_traits/is_copy_assignable.h /opt/homebrew/opt/llvm/include/c++/v1/__type_traits/is_default_constructible.h /opt/homebrew/opt/llvm/include/c++/v1/__type_traits/is_empty.h /opt/homebrew/opt/llvm/include/c++/v1/__type_traits/is_implicitly_default_constructible.h /opt/homebrew/opt/llvm/include/c++/v1/__type_traits/is_literal_type.h /opt/homebrew/opt/llvm/include/c++/v1/__type_traits/is_nothrow_convertible.h /opt/homebrew/opt/llvm/include/c++/v1/__type_traits/lazy.h /opt/homebrew/opt/llvm/include/c++/v1/__type_traits/is_nothrow_copy_assignable.h /opt/homebrew/opt/llvm/include/c++/v1/__type_traits/is_nothrow_copy_constructible.h /opt/homebrew/opt/llvm/include/c++/v1/__type_traits/is_nothrow_default_constructible.h /opt/homebrew/opt/llvm/include/c++/v1/__type_traits/is_pod.h /opt/homebrew/opt/llvm/include/c++/v1/__type_traits/is_scoped_enum.h /opt/homebrew/opt/llvm/include/c++/v1/__type_traits/underlying_type.h /opt/homebrew/opt/llvm/include/c++/v1/__type_traits/is_specialization.h /opt/homebrew/opt/llvm/include/c++/v1/__type_traits/is_trivially_assignable.h /opt/homebrew/opt/llvm/include/c++/v1/__type_traits/is_trivially_constructible.h /opt/homebrew/opt/llvm/include/c++/v1/__type_traits/is_trivially_copy_assignable.h /opt/homebrew/opt/llvm/include/c++/v1/__type_traits/is_trivially_copy_constructible.h /opt/homebrew/opt/llvm/include/c++/v1/__type_traits/is_trivially_copyable.h /opt/homebrew/opt/llvm/include/c++/v1/__type_traits/is_trivially_default_constructible.h /opt/homebrew/opt/llvm/include/c++/v1/__type_traits/is_trivially_destructible.h /opt/homebrew/opt/llvm/include/c++/v1/__type_traits/is_trivially_move_assignable.h /opt/homebrew/opt/llvm/include/c++/v1/__type_traits/is_trivially_move_constructible.h /opt/homebrew/opt/llvm/include/c++/v1/__type_traits/is_unbounded_array.h /opt/homebrew/opt/llvm/include/c++/v1/__type_traits/is_unsigned.h /opt/homebrew/opt/llvm/include/c++/v1/__type_traits/make_unsigned.h /opt/homebrew/opt/llvm/include/c++/v1/__type_traits/maybe_const.h /opt/homebrew/opt/llvm/include/c++/v1/__type_traits/negation.h /opt/homebrew/opt/llvm/include/c++/v1/__type_traits/rank.h /opt/homebrew/opt/llvm/include/c++/v1/__type_traits/remove_pointer.h /opt/homebrew/opt/llvm/include/c++/v1/__type_traits/result_of.h /opt/homebrew/opt/llvm/include/c++/v1/__type_traits/type_identity.h /opt/homebrew/opt/llvm/include/c++/v1/__memory/pointer_traits.h /opt/homebrew/opt/llvm/include/c++/v1/limits /opt/homebrew/opt/llvm/include/c++/v1/__undef_macros /opt/homebrew/opt/llvm/include/c++/v1/__memory/allocator.h /opt/homebrew/opt/llvm/include/c++/v1/__memory/allocate_at_least.h /opt/homebrew/opt/llvm/include/c++/v1/stdexcept /opt/homebrew/opt/llvm/include/c++/v1/__memory/allocator_destructor.h /opt/homebrew/opt/llvm/include/c++/v1/__memory/auto_ptr.h /opt/homebrew/opt/llvm/include/c++/v1/__memory/compressed_pair.h /opt/homebrew/opt/llvm/include/c++/v1/__fwd/get.h /opt/homebrew/opt/llvm/include/c++/v1/__fwd/array.h /opt/homebrew/opt/llvm/include/c++/v1/__fwd/subrange.h /opt/homebrew/opt/llvm/include/c++/v1/__fwd/tuple.h /opt/homebrew/opt/llvm/include/c++/v1/__tuple_dir/tuple_element.h /opt/homebrew/opt/llvm/include/c++/v1/__tuple_dir/tuple_indices.h /opt/homebrew/opt/llvm/include/c++/v1/__utility/integer_sequence.h /opt/homebrew/opt/llvm/include/c++/v1/__tuple_dir/tuple_types.h /opt/homebrew/opt/llvm/include/c++/v1/__utility/piecewise_construct.h /opt/homebrew/opt/llvm/include/c++/v1/__memory/uninitialized_algorithms.h /opt/homebrew/opt/llvm/include/c++/v1/__algorithm/copy.h /opt/homebrew/opt/llvm/include/c++/v1/__algorithm/copy_move_common.h /opt/homebrew/opt/llvm/include/c++/v1/__algorithm/iterator_operations.h /opt/homebrew/opt/llvm/include/c++/v1/__algorithm/iter_swap.h /opt/homebrew/opt/llvm/include/c++/v1/__algorithm/ranges_iterator_concept.h /opt/homebrew/opt/llvm/include/c++/v1/__iterator/concepts.h /opt/homebrew/opt/llvm/include/c++/v1/__concepts/derived_from.h /opt/homebrew/opt/llvm/include/c++/v1/__concepts/invocable.h /opt/homebrew/opt/llvm/include/c++/v1/__concepts/predicate.h /opt/homebrew/opt/llvm/include/c++/v1/__concepts/regular.h /opt/homebrew/opt/llvm/include/c++/v1/__concepts/semiregular.h /opt/homebrew/opt/llvm/include/c++/v1/__concepts/relation.h /opt/homebrew/opt/llvm/include/c++/v1/__iterator/iter_move.h /opt/homebrew/opt/llvm/include/c++/v1/__iterator/advance.h /opt/homebrew/opt/llvm/include/c++/v1/__utility/convert_to_integral.h /opt/homebrew/opt/llvm/include/c++/v1/__utility/unreachable.h /opt/homebrew/opt/llvm/include/c++/v1/__iterator/distance.h /opt/homebrew/opt/llvm/include/c++/v1/__ranges/access.h /opt/homebrew/opt/llvm/include/c++/v1/__ranges/enable_borrowed_range.h /opt/homebrew/opt/llvm/include/c++/v1/__utility/auto_cast.h /opt/homebrew/opt/llvm/include/c++/v1/__ranges/concepts.h /opt/homebrew/opt/llvm/include/c++/v1/__ranges/data.h /opt/homebrew/opt/llvm/include/c++/v1/__ranges/enable_view.h /opt/homebrew/opt/llvm/include/c++/v1/__ranges/size.h /opt/homebrew/opt/llvm/include/c++/v1/initializer_list /opt/homebrew/opt/llvm/include/c++/v1/__iterator/iter_swap.h /opt/homebrew/opt/llvm/include/c++/v1/__iterator/next.h /opt/homebrew/opt/llvm/include/c++/v1/__iterator/prev.h /opt/homebrew/opt/llvm/include/c++/v1/__algorithm/unwrap_iter.h /opt/homebrew/opt/llvm/include/c++/v1/__algorithm/unwrap_range.h /opt/homebrew/opt/llvm/include/c++/v1/__utility/pair.h /opt/homebrew/opt/llvm/include/c++/v1/__compare/synth_three_way.h /opt/homebrew/opt/llvm/include/c++/v1/__functional/unwrap_ref.h /opt/homebrew/opt/llvm/include/c++/v1/__tuple_dir/sfinae_helpers.h /opt/homebrew/opt/llvm/include/c++/v1/__tuple_dir/make_tuple_types.h /opt/homebrew/opt/llvm/include/c++/v1/__tuple_dir/apply_cv.h /opt/homebrew/opt/llvm/include/c++/v1/__tuple_dir/tuple_size.h /opt/homebrew/opt/llvm/include/c++/v1/__tuple_dir/tuple_like_ext.h /opt/homebrew/opt/llvm/include/c++/v1/__type_traits/is_always_bitcastable.h /opt/homebrew/opt/llvm/include/c++/v1/__algorithm/min.h /opt/homebrew/opt/llvm/include/c++/v1/__algorithm/comp.h /opt/homebrew/opt/llvm/include/c++/v1/__algorithm/comp_ref_type.h /opt/homebrew/opt/llvm/include/c++/v1/__debug /opt/homebrew/opt/llvm/include/c++/v1/__algorithm/min_element.h /opt/homebrew/opt/llvm/include/c++/v1/__functional/identity.h /opt/homebrew/opt/llvm/include/c++/v1/__iterator/segmented_iterator.h /opt/homebrew/opt/llvm/include/c++/v1/__algorithm/move.h /opt/homebrew/opt/llvm/include/c++/v1/__iterator/reverse_iterator.h /opt/homebrew/opt/llvm/include/c++/v1/__compare/compare_three_way_result.h /opt/homebrew/opt/llvm/include/c++/v1/__ranges/subrange.h /opt/homebrew/opt/llvm/include/c++/v1/__concepts/different_from.h /opt/homebrew/opt/llvm/include/c++/v1/__ranges/dangling.h /opt/homebrew/opt/llvm/include/c++/v1/__ranges/view_interface.h /opt/homebrew/opt/llvm/include/c++/v1/__ranges/empty.h /opt/homebrew/opt/llvm/include/c++/v1/__tuple_dir/pair_like.h /opt/homebrew/opt/llvm/include/c++/v1/__tuple_dir/tuple_like.h /opt/homebrew/opt/llvm/include/c++/v1/__utility/exception_guard.h /opt/homebrew/opt/llvm/include/c++/v1/__memory/unique_ptr.h /opt/homebrew/opt/llvm/include/c++/v1/__functional/hash.h /opt/homebrew/opt/llvm/include/c++/v1/cstring /opt/homebrew/opt/llvm/include/c++/v1/string.h /Library/Developer/CommandLineTools/SDKs/MacOSX.sdk/usr/include/string.h /Library/Developer/CommandLineTools/SDKs/MacOSX.sdk/usr/include/sys/_types/_rsize_t.h /Library/Developer/CommandLineTools/SDKs/MacOSX.sdk/usr/include/sys/_types/_errno_t.h /Library/Developer/CommandLineTools/SDKs/MacOSX.sdk/usr/include/strings.h /opt/homebrew/opt/llvm/include/c++/v1/typeinfo /opt/homebrew/opt/llvm/include/c++/v1/atomic /opt/homebrew/opt/llvm/include/c++/v1/__chrono/duration.h /opt/homebrew/opt/llvm/include/c++/v1/ratio /opt/homebrew/opt/llvm/include/c++/v1/climits /opt/homebrew/opt/llvm/include/c++/v1/limits.h /opt/homebrew/Cellar/llvm/16.0.6/lib/clang/16/include/limits.h /Library/Developer/CommandLineTools/SDKs/MacOSX.sdk/usr/include/limits.h /Library/Developer/CommandLineTools/SDKs/MacOSX.sdk/usr/include/machine/limits.h /Library/Developer/CommandLineTools/SDKs/MacOSX.sdk/usr/include/arm/limits.h /Library/Developer/CommandLineTools/SDKs/MacOSX.sdk/usr/include/arm/_limits.h /Library/Developer/CommandLineTools/SDKs/MacOSX.sdk/usr/include/sys/syslimits.h /opt/homebrew/opt/llvm/include/c++/v1/__thread/poll_with_backoff.h /opt/homebrew/opt/llvm/include/c++/v1/__chrono/high_resolution_clock.h /opt/homebrew/opt/llvm/include/c++/v1/__chrono/steady_clock.h /opt/homebrew/opt/llvm/include/c++/v1/__chrono/time_point.h /opt/homebrew/opt/llvm/include/c++/v1/__chrono/system_clock.h /opt/homebrew/opt/llvm/include/c++/v1/ctime /opt/homebrew/opt/llvm/include/c++/v1/__thread/timed_backoff_policy.h /opt/homebrew/opt/llvm/include/c++/v1/__threading_support /opt/homebrew/opt/llvm/include/c++/v1/__chrono/convert_to_timespec.h /opt/homebrew/opt/llvm/include/c++/v1/errno.h /Library/Developer/CommandLineTools/SDKs/MacOSX.sdk/usr/include/errno.h /Library/Developer/CommandLineTools/SDKs/MacOSX.sdk/usr/include/sys/errno.h /Library/Developer/CommandLineTools/SDKs/MacOSX.sdk/usr/include/pthread.h /Library/Developer/CommandLineTools/SDKs/MacOSX.sdk/usr/include/pthread/sched.h /Library/Developer/CommandLineTools/SDKs/MacOSX.sdk/usr/include/pthread/pthread_impl.h /Library/Developer/CommandLineTools/SDKs/MacOSX.sdk/usr/include/sys/_pthread/_pthread_cond_t.h /Library/Developer/CommandLineTools/SDKs/MacOSX.sdk/usr/include/sys/_pthread/_pthread_condattr_t.h /Library/Developer/CommandLineTools/SDKs/MacOSX.sdk/usr/include/sys/_pthread/_pthread_key_t.h /Library/Developer/CommandLineTools/SDKs/MacOSX.sdk/usr/include/sys/_pthread/_pthread_mutex_t.h /Library/Developer/CommandLineTools/SDKs/MacOSX.sdk/usr/include/sys/_pthread/_pthread_mutexattr_t.h /Library/Developer/CommandLineTools/SDKs/MacOSX.sdk/usr/include/sys/_pthread/_pthread_once_t.h /Library/Developer/CommandLineTools/SDKs/MacOSX.sdk/usr/include/sys/_pthread/_pthread_rwlock_t.h /Library/Developer/CommandLineTools/SDKs/MacOSX.sdk/usr/include/sys/_pthread/_pthread_rwlockattr_t.h /Library/Developer/CommandLineTools/SDKs/MacOSX.sdk/usr/include/sys/_pthread/_pthread_t.h /Library/Developer/CommandLineTools/SDKs/MacOSX.sdk/usr/include/pthread/qos.h /Library/Developer/CommandLineTools/SDKs/MacOSX.sdk/usr/include/sys/qos.h /Library/Developer/CommandLineTools/SDKs/MacOSX.sdk/usr/include/sys/_types/_mach_port_t.h /Library/Developer/CommandLineTools/SDKs/MacOSX.sdk/usr/include/sched.h /opt/homebrew/opt/llvm/include/c++/v1/cmath /opt/homebrew/opt/llvm/include/c++/v1/math.h /Library/Developer/CommandLineTools/SDKs/MacOSX.sdk/usr/include/math.h /opt/homebrew/opt/llvm/include/c++/v1/__type_traits/promote.h /opt/homebrew/opt/llvm/include/c++/v1/compare /opt/homebrew/opt/llvm/include/c++/v1/__compare/compare_partial_order_fallback.h /opt/homebrew/opt/llvm/include/c++/v1/__compare/partial_order.h /opt/homebrew/opt/llvm/include/c++/v1/__compare/weak_order.h /opt/homebrew/opt/llvm/include/c++/v1/__compare/strong_order.h /opt/homebrew/opt/llvm/include/c++/v1/__bit/bit_cast.h /opt/homebrew/opt/llvm/include/c++/v1/__utility/priority_tag.h /opt/homebrew/opt/llvm/include/c++/v1/__compare/compare_strong_order_fallback.h /opt/homebrew/opt/llvm/include/c++/v1/__compare/compare_weak_order_fallback.h /opt/homebrew/opt/llvm/include/c++/v1/__compare/is_eq.h /opt/homebrew/opt/llvm/include/c++/v1/bitset /opt/homebrew/opt/llvm/include/c++/v1/__algorithm/fill.h /opt/homebrew/opt/llvm/include/c++/v1/__algorithm/fill_n.h /opt/homebrew/opt/llvm/include/c++/v1/__bit_reference /opt/homebrew/opt/llvm/include/c++/v1/__algorithm/copy_n.h /opt/homebrew/opt/llvm/include/c++/v1/__bit/countr.h /opt/homebrew/opt/llvm/include/c++/v1/__bit/rotate.h /opt/homebrew/opt/llvm/include/c++/v1/__bit/popcount.h /opt/homebrew/opt/llvm/include/c++/v1/string /opt/homebrew/opt/llvm/include/c++/v1/__algorithm/max.h /opt/homebrew/opt/llvm/include/c++/v1/__algorithm/max_element.h /opt/homebrew/opt/llvm/include/c++/v1/__algorithm/remove.h /opt/homebrew/opt/llvm/include/c++/v1/__algorithm/find.h /opt/homebrew/opt/llvm/include/c++/v1/__algorithm/find_if.h /opt/homebrew/opt/llvm/include/c++/v1/__algorithm/remove_if.h /opt/homebrew/opt/llvm/include/c++/v1/__format/enable_insertable.h /opt/homebrew/opt/llvm/include/c++/v1/__ios/fpos.h /opt/homebrew/opt/llvm/include/c++/v1/__iterator/wrap_iter.h /opt/homebrew/opt/llvm/include/c++/v1/__memory/swap_allocator.h /opt/homebrew/opt/llvm/include/c++/v1/__memory_resource/polymorphic_allocator.h /opt/homebrew/opt/llvm/include/c++/v1/__memory_resource/memory_resource.h /opt/homebrew/opt/llvm/include/c++/v1/tuple /opt/homebrew/opt/llvm/include/c++/v1/__memory/allocator_arg_t.h /opt/homebrew/opt/llvm/include/c++/v1/__memory/uses_allocator.h /opt/homebrew/opt/llvm/include/c++/v1/utility /opt/homebrew/opt/llvm/include/c++/v1/__utility/as_const.h /opt/homebrew/opt/llvm/include/c++/v1/__utility/cmp.h /opt/homebrew/opt/llvm/include/c++/v1/__utility/forward_like.h /opt/homebrew/opt/llvm/include/c++/v1/__utility/in_place.h /opt/homebrew/opt/llvm/include/c++/v1/__utility/rel_ops.h /opt/homebrew/opt/llvm/include/c++/v1/__utility/to_underlying.h /opt/homebrew/opt/llvm/include/c++/v1/__string/char_traits.h /opt/homebrew/opt/llvm/include/c++/v1/__algorithm/find_end.h /opt/homebrew/opt/llvm/include/c++/v1/__algorithm/search.h /opt/homebrew/opt/llvm/include/c++/v1/__algorithm/find_first_of.h /opt/homebrew/opt/llvm/include/c++/v1/cstdio /opt/homebrew/opt/llvm/include/c++/v1/cwchar /opt/homebrew/opt/llvm/include/c++/v1/cwctype /opt/homebrew/opt/llvm/include/c++/v1/cctype /opt/homebrew/opt/llvm/include/c++/v1/wctype.h /Library/Developer/CommandLineTools/SDKs/MacOSX.sdk/usr/include/wctype.h /Library/Developer/CommandLineTools/SDKs/MacOSX.sdk/usr/include/_types/_wctrans_t.h /opt/homebrew/opt/llvm/include/c++/v1/__string/extern_template_lists.h /opt/homebrew/opt/llvm/include/c++/v1/__type_traits/is_allocator.h /opt/homebrew/opt/llvm/include/c++/v1/__type_traits/noexcept_move_assign_container.h /opt/homebrew/opt/llvm/include/c++/v1/string_view /opt/homebrew/opt/llvm/include/c++/v1/__fwd/string_view.h /opt/homebrew/opt/llvm/include/c++/v1/__iterator/data.h /opt/homebrew/opt/llvm/include/c++/v1/__iterator/empty.h /opt/homebrew/opt/llvm/include/c++/v1/__iterator/reverse_access.h /opt/homebrew/opt/llvm/include/c++/v1/__iterator/size.h /opt/homebrew/opt/llvm/include/c++/v1/algorithm /opt/homebrew/opt/llvm/include/c++/v1/__algorithm/adjacent_find.h /opt/homebrew/opt/llvm/include/c++/v1/__algorithm/all_of.h /opt/homebrew/opt/llvm/include/c++/v1/__algorithm/any_of.h /opt/homebrew/opt/llvm/include/c++/v1/__algorithm/binary_search.h /opt/homebrew/opt/llvm/include/c++/v1/__algorithm/lower_bound.h /opt/homebrew/opt/llvm/include/c++/v1/__algorithm/half_positive.h /opt/homebrew/opt/llvm/include/c++/v1/__algorithm/clamp.h /opt/homebrew/opt/llvm/include/c++/v1/__algorithm/copy_backward.h /opt/homebrew/opt/llvm/include/c++/v1/__algorithm/copy_if.h /opt/homebrew/opt/llvm/include/c++/v1/__algorithm/count.h /opt/homebrew/opt/llvm/include/c++/v1/__algorithm/count_if.h /opt/homebrew/opt/llvm/include/c++/v1/__algorithm/equal.h /opt/homebrew/opt/llvm/include/c++/v1/__algorithm/equal_range.h /opt/homebrew/opt/llvm/include/c++/v1/__algorithm/upper_bound.h /opt/homebrew/opt/llvm/include/c++/v1/__algorithm/find_if_not.h /opt/homebrew/opt/llvm/include/c++/v1/__algorithm/for_each.h /opt/homebrew/opt/llvm/include/c++/v1/__algorithm/for_each_n.h /opt/homebrew/opt/llvm/include/c++/v1/__algorithm/generate.h /opt/homebrew/opt/llvm/include/c++/v1/__algorithm/generate_n.h /opt/homebrew/opt/llvm/include/c++/v1/__algorithm/in_found_result.h /opt/homebrew/opt/llvm/include/c++/v1/__algorithm/in_fun_result.h /opt/homebrew/opt/llvm/include/c++/v1/__algorithm/in_in_out_result.h /opt/homebrew/opt/llvm/include/c++/v1/__algorithm/in_in_result.h /opt/homebrew/opt/llvm/include/c++/v1/__algorithm/in_out_out_result.h /opt/homebrew/opt/llvm/include/c++/v1/__algorithm/in_out_result.h /opt/homebrew/opt/llvm/include/c++/v1/__algorithm/includes.h /opt/homebrew/opt/llvm/include/c++/v1/__algorithm/inplace_merge.h /opt/homebrew/opt/llvm/include/c++/v1/__algorithm/rotate.h /opt/homebrew/opt/llvm/include/c++/v1/__algorithm/move_backward.h /opt/homebrew/opt/llvm/include/c++/v1/__algorithm/swap_ranges.h /opt/homebrew/opt/llvm/include/c++/v1/__memory/destruct_n.h /opt/homebrew/opt/llvm/include/c++/v1/__memory/temporary_buffer.h /opt/homebrew/opt/llvm/include/c++/v1/__algorithm/is_heap.h /opt/homebrew/opt/llvm/include/c++/v1/__algorithm/is_heap_until.h /opt/homebrew/opt/llvm/include/c++/v1/__algorithm/is_partitioned.h /opt/homebrew/opt/llvm/include/c++/v1/__algorithm/is_permutation.h /opt/homebrew/opt/llvm/include/c++/v1/__algorithm/is_sorted.h /opt/homebrew/opt/llvm/include/c++/v1/__algorithm/is_sorted_until.h /opt/homebrew/opt/llvm/include/c++/v1/__algorithm/lexicographical_compare.h /opt/homebrew/opt/llvm/include/c++/v1/__algorithm/make_heap.h /opt/homebrew/opt/llvm/include/c++/v1/__algorithm/sift_down.h /opt/homebrew/opt/llvm/include/c++/v1/__algorithm/merge.h /opt/homebrew/opt/llvm/include/c++/v1/__algorithm/min_max_result.h /opt/homebrew/opt/llvm/include/c++/v1/__algorithm/minmax.h /opt/homebrew/opt/llvm/include/c++/v1/__algorithm/minmax_element.h /opt/homebrew/opt/llvm/include/c++/v1/__algorithm/mismatch.h /opt/homebrew/opt/llvm/include/c++/v1/__algorithm/next_permutation.h /opt/homebrew/opt/llvm/include/c++/v1/__algorithm/reverse.h /opt/homebrew/opt/llvm/include/c++/v1/__algorithm/none_of.h /opt/homebrew/opt/llvm/include/c++/v1/__algorithm/nth_element.h /opt/homebrew/opt/llvm/include/c++/v1/__algorithm/sort.h /opt/homebrew/opt/llvm/include/c++/v1/__algorithm/partial_sort.h /opt/homebrew/opt/llvm/include/c++/v1/__algorithm/sort_heap.h /opt/homebrew/opt/llvm/include/c++/v1/__algorithm/pop_heap.h /opt/homebrew/opt/llvm/include/c++/v1/__algorithm/push_heap.h /opt/homebrew/opt/llvm/include/c++/v1/__debug_utils/randomize_range.h /opt/homebrew/opt/llvm/include/c++/v1/__functional/ranges_operations.h /opt/homebrew/opt/llvm/include/c++/v1/bit /opt/homebrew/opt/llvm/include/c++/v1/__bit/bit_ceil.h /opt/homebrew/opt/llvm/include/c++/v1/__bit/countl.h /opt/homebrew/opt/llvm/include/c++/v1/__bit/bit_floor.h /opt/homebrew/opt/llvm/include/c++/v1/__bit/bit_log2.h /opt/homebrew/opt/llvm/include/c++/v1/__bit/bit_width.h /opt/homebrew/opt/llvm/include/c++/v1/__bit/blsr.h /opt/homebrew/opt/llvm/include/c++/v1/__bit/byteswap.h /opt/homebrew/opt/llvm/include/c++/v1/__bit/endian.h /opt/homebrew/opt/llvm/include/c++/v1/__bit/has_single_bit.h /opt/homebrew/opt/llvm/include/c++/v1/__algorithm/partial_sort_copy.h /opt/homebrew/opt/llvm/include/c++/v1/__algorithm/make_projected.h /opt/homebrew/opt/llvm/include/c++/v1/__algorithm/partition.h /opt/homebrew/opt/llvm/include/c++/v1/__algorithm/partition_copy.h /opt/homebrew/opt/llvm/include/c++/v1/__algorithm/partition_point.h /opt/homebrew/opt/llvm/include/c++/v1/__algorithm/prev_permutation.h /opt/homebrew/opt/llvm/include/c++/v1/__algorithm/ranges_adjacent_find.h /opt/homebrew/opt/llvm/include/c++/v1/__iterator/projected.h /opt/homebrew/opt/llvm/include/c++/v1/__algorithm/ranges_all_of.h /opt/homebrew/opt/llvm/include/c++/v1/__algorithm/ranges_any_of.h /opt/homebrew/opt/llvm/include/c++/v1/__algorithm/ranges_binary_search.h /opt/homebrew/opt/llvm/include/c++/v1/__algorithm/ranges_clamp.h /opt/homebrew/opt/llvm/include/c++/v1/__algorithm/ranges_copy.h /opt/homebrew/opt/llvm/include/c++/v1/__algorithm/ranges_copy_backward.h /opt/homebrew/opt/llvm/include/c++/v1/__algorithm/ranges_copy_if.h /opt/homebrew/opt/llvm/include/c++/v1/__algorithm/ranges_copy_n.h /opt/homebrew/opt/llvm/include/c++/v1/__iterator/unreachable_sentinel.h /opt/homebrew/opt/llvm/include/c++/v1/__algorithm/ranges_count.h /opt/homebrew/opt/llvm/include/c++/v1/__algorithm/ranges_count_if.h /opt/homebrew/opt/llvm/include/c++/v1/__algorithm/ranges_equal.h /opt/homebrew/opt/llvm/include/c++/v1/__iterator/indirectly_comparable.h /opt/homebrew/opt/llvm/include/c++/v1/__algorithm/ranges_equal_range.h /opt/homebrew/opt/llvm/include/c++/v1/__algorithm/ranges_fill.h /opt/homebrew/opt/llvm/include/c++/v1/__algorithm/ranges_fill_n.h /opt/homebrew/opt/llvm/include/c++/v1/__algorithm/ranges_find.h /opt/homebrew/opt/llvm/include/c++/v1/__algorithm/ranges_find_if.h /opt/homebrew/opt/llvm/include/c++/v1/__algorithm/ranges_find_end.h /opt/homebrew/opt/llvm/include/c++/v1/__algorithm/ranges_find_first_of.h /opt/homebrew/opt/llvm/include/c++/v1/__algorithm/ranges_find_if_not.h /opt/homebrew/opt/llvm/include/c++/v1/__algorithm/ranges_for_each.h /opt/homebrew/opt/llvm/include/c++/v1/__algorithm/ranges_for_each_n.h /opt/homebrew/opt/llvm/include/c++/v1/__algorithm/ranges_generate.h /opt/homebrew/opt/llvm/include/c++/v1/__algorithm/ranges_generate_n.h /opt/homebrew/opt/llvm/include/c++/v1/__algorithm/ranges_includes.h /opt/homebrew/opt/llvm/include/c++/v1/__algorithm/ranges_inplace_merge.h /opt/homebrew/opt/llvm/include/c++/v1/__iterator/sortable.h /opt/homebrew/opt/llvm/include/c++/v1/__iterator/permutable.h /opt/homebrew/opt/llvm/include/c++/v1/__algorithm/ranges_is_heap.h /opt/homebrew/opt/llvm/include/c++/v1/__algorithm/ranges_is_heap_until.h /opt/homebrew/opt/llvm/include/c++/v1/__algorithm/ranges_is_partitioned.h /opt/homebrew/opt/llvm/include/c++/v1/__algorithm/ranges_is_permutation.h /opt/homebrew/opt/llvm/include/c++/v1/__algorithm/ranges_is_sorted.h /opt/homebrew/opt/llvm/include/c++/v1/__algorithm/ranges_is_sorted_until.h /opt/homebrew/opt/llvm/include/c++/v1/__algorithm/ranges_lexicographical_compare.h /opt/homebrew/opt/llvm/include/c++/v1/__algorithm/ranges_lower_bound.h /opt/homebrew/opt/llvm/include/c++/v1/__algorithm/ranges_make_heap.h /opt/homebrew/opt/llvm/include/c++/v1/__algorithm/ranges_max.h /opt/homebrew/opt/llvm/include/c++/v1/__algorithm/ranges_min_element.h /opt/homebrew/opt/llvm/include/c++/v1/__algorithm/ranges_max_element.h /opt/homebrew/opt/llvm/include/c++/v1/__algorithm/ranges_merge.h /opt/homebrew/opt/llvm/include/c++/v1/__iterator/mergeable.h /opt/homebrew/opt/llvm/include/c++/v1/__algorithm/ranges_min.h /opt/homebrew/opt/llvm/include/c++/v1/__algorithm/ranges_minmax.h /opt/homebrew/opt/llvm/include/c++/v1/__algorithm/ranges_minmax_element.h /opt/homebrew/opt/llvm/include/c++/v1/__algorithm/ranges_mismatch.h /opt/homebrew/opt/llvm/include/c++/v1/__algorithm/ranges_move.h /opt/homebrew/opt/llvm/include/c++/v1/__algorithm/ranges_move_backward.h /opt/homebrew/opt/llvm/include/c++/v1/__algorithm/ranges_next_permutation.h /opt/homebrew/opt/llvm/include/c++/v1/__algorithm/ranges_none_of.h /opt/homebrew/opt/llvm/include/c++/v1/__algorithm/ranges_nth_element.h /opt/homebrew/opt/llvm/include/c++/v1/__algorithm/ranges_partial_sort.h /opt/homebrew/opt/llvm/include/c++/v1/__algorithm/ranges_partial_sort_copy.h /opt/homebrew/opt/llvm/include/c++/v1/__algorithm/ranges_partition.h /opt/homebrew/opt/llvm/include/c++/v1/__algorithm/ranges_partition_copy.h /opt/homebrew/opt/llvm/include/c++/v1/__algorithm/ranges_partition_point.h /opt/homebrew/opt/llvm/include/c++/v1/__algorithm/ranges_pop_heap.h /opt/homebrew/opt/llvm/include/c++/v1/__algorithm/ranges_prev_permutation.h /opt/homebrew/opt/llvm/include/c++/v1/__algorithm/ranges_push_heap.h /opt/homebrew/opt/llvm/include/c++/v1/__algorithm/ranges_remove.h /opt/homebrew/opt/llvm/include/c++/v1/__algorithm/ranges_remove_if.h /opt/homebrew/opt/llvm/include/c++/v1/__algorithm/ranges_remove_copy.h /opt/homebrew/opt/llvm/include/c++/v1/__algorithm/ranges_remove_copy_if.h /opt/homebrew/opt/llvm/include/c++/v1/__algorithm/remove_copy_if.h /opt/homebrew/opt/llvm/include/c++/v1/__algorithm/ranges_replace.h /opt/homebrew/opt/llvm/include/c++/v1/__algorithm/ranges_replace_if.h /opt/homebrew/opt/llvm/include/c++/v1/__algorithm/ranges_replace_copy.h /opt/homebrew/opt/llvm/include/c++/v1/__algorithm/ranges_replace_copy_if.h /opt/homebrew/opt/llvm/include/c++/v1/__algorithm/ranges_reverse.h /opt/homebrew/opt/llvm/include/c++/v1/__algorithm/ranges_reverse_copy.h /opt/homebrew/opt/llvm/include/c++/v1/__algorithm/ranges_rotate.h /opt/homebrew/opt/llvm/include/c++/v1/__algorithm/ranges_rotate_copy.h /opt/homebrew/opt/llvm/include/c++/v1/__algorithm/ranges_sample.h /opt/homebrew/opt/llvm/include/c++/v1/__algorithm/sample.h /opt/homebrew/opt/llvm/include/c++/v1/__random/uniform_int_distribution.h /opt/homebrew/opt/llvm/include/c++/v1/__random/is_valid.h /opt/homebrew/opt/llvm/include/c++/v1/__random/log2.h /opt/homebrew/opt/llvm/include/c++/v1/__algorithm/uniform_random_bit_generator_adaptor.h /opt/homebrew/opt/llvm/include/c++/v1/__random/uniform_random_bit_generator.h /opt/homebrew/opt/llvm/include/c++/v1/__algorithm/ranges_search.h /opt/homebrew/opt/llvm/include/c++/v1/__algorithm/ranges_search_n.h /opt/homebrew/opt/llvm/include/c++/v1/__algorithm/search_n.h /opt/homebrew/opt/llvm/include/c++/v1/__algorithm/ranges_set_difference.h /opt/homebrew/opt/llvm/include/c++/v1/__algorithm/set_difference.h /opt/homebrew/opt/llvm/include/c++/v1/__algorithm/ranges_set_intersection.h /opt/homebrew/opt/llvm/include/c++/v1/__algorithm/set_intersection.h /opt/homebrew/opt/llvm/include/c++/v1/__algorithm/ranges_set_symmetric_difference.h /opt/homebrew/opt/llvm/include/c++/v1/__algorithm/set_symmetric_difference.h /opt/homebrew/opt/llvm/include/c++/v1/__algorithm/ranges_set_union.h /opt/homebrew/opt/llvm/include/c++/v1/__algorithm/set_union.h /opt/homebrew/opt/llvm/include/c++/v1/__algorithm/ranges_shuffle.h /opt/homebrew/opt/llvm/include/c++/v1/__algorithm/shuffle.h /opt/homebrew/opt/llvm/include/c++/v1/__algorithm/ranges_sort.h /opt/homebrew/opt/llvm/include/c++/v1/__algorithm/ranges_sort_heap.h /opt/homebrew/opt/llvm/include/c++/v1/__algorithm/ranges_stable_partition.h /opt/homebrew/opt/llvm/include/c++/v1/__algorithm/stable_partition.h /opt/homebrew/opt/llvm/include/c++/v1/__algorithm/ranges_stable_sort.h /opt/homebrew/opt/llvm/include/c++/v1/__algorithm/stable_sort.h /opt/homebrew/opt/llvm/include/c++/v1/__algorithm/ranges_swap_ranges.h /opt/homebrew/opt/llvm/include/c++/v1/__algorithm/ranges_transform.h /opt/homebrew/opt/llvm/include/c++/v1/__algorithm/ranges_unique.h /opt/homebrew/opt/llvm/include/c++/v1/__algorithm/unique.h /opt/homebrew/opt/llvm/include/c++/v1/__algorithm/ranges_unique_copy.h /opt/homebrew/opt/llvm/include/c++/v1/__algorithm/unique_copy.h /opt/homebrew/opt/llvm/include/c++/v1/__algorithm/ranges_upper_bound.h /opt/homebrew/opt/llvm/include/c++/v1/__algorithm/remove_copy.h /opt/homebrew/opt/llvm/include/c++/v1/__algorithm/replace.h /opt/homebrew/opt/llvm/include/c++/v1/__algorithm/replace_copy.h /opt/homebrew/opt/llvm/include/c++/v1/__algorithm/replace_copy_if.h /opt/homebrew/opt/llvm/include/c++/v1/__algorithm/replace_if.h /opt/homebrew/opt/llvm/include/c++/v1/__algorithm/reverse_copy.h /opt/homebrew/opt/llvm/include/c++/v1/__algorithm/rotate_copy.h /opt/homebrew/opt/llvm/include/c++/v1/__algorithm/shift_left.h /opt/homebrew/opt/llvm/include/c++/v1/__algorithm/shift_right.h /opt/homebrew/opt/llvm/include/c++/v1/__algorithm/transform.h /opt/homebrew/opt/llvm/include/c++/v1/chrono /opt/homebrew/opt/llvm/include/c++/v1/__chrono/calendar.h /opt/homebrew/opt/llvm/include/c++/v1/__chrono/convert_to_tm.h /opt/homebrew/opt/llvm/include/c++/v1/__chrono/day.h /opt/homebrew/opt/llvm/include/c++/v1/__chrono/hh_mm_ss.h /opt/homebrew/opt/llvm/include/c++/v1/__chrono/month.h /opt/homebrew/opt/llvm/include/c++/v1/__chrono/month_weekday.h /opt/homebrew/opt/llvm/include/c++/v1/__chrono/weekday.h /opt/homebrew/opt/llvm/include/c++/v1/__chrono/monthday.h /opt/homebrew/opt/llvm/include/c++/v1/__chrono/statically_widen.h /opt/homebrew/opt/llvm/include/c++/v1/__format/concepts.h /opt/homebrew/opt/llvm/include/c++/v1/__format/format_fwd.h /opt/homebrew/opt/llvm/include/c++/v1/__format/format_parse_context.h /opt/homebrew/opt/llvm/include/c++/v1/__format/format_error.h /opt/homebrew/opt/llvm/include/c++/v1/__chrono/year.h /opt/homebrew/opt/llvm/include/c++/v1/__chrono/year_month.h /opt/homebrew/opt/llvm/include/c++/v1/__chrono/year_month_day.h /opt/homebrew/opt/llvm/include/c++/v1/__chrono/year_month_weekday.h /opt/homebrew/opt/llvm/include/c++/v1/__chrono/file_clock.h /opt/homebrew/opt/llvm/include/c++/v1/__chrono/literals.h /opt/homebrew/opt/llvm/include/c++/v1/concepts /opt/homebrew/opt/llvm/include/c++/v1/__concepts/common_with.h /opt/homebrew/opt/llvm/include/c++/v1/iterator /opt/homebrew/opt/llvm/include/c++/v1/__iterator/back_insert_iterator.h /opt/homebrew/opt/llvm/include/c++/v1/__iterator/bounded_iter.h /opt/homebrew/opt/llvm/include/c++/v1/__iterator/common_iterator.h /opt/homebrew/opt/llvm/include/c++/v1/variant /opt/homebrew/opt/llvm/include/c++/v1/__variant/monostate.h /opt/homebrew/opt/llvm/include/c++/v1/__iterator/counted_iterator.h /opt/homebrew/opt/llvm/include/c++/v1/__iterator/erase_if_container.h /opt/homebrew/opt/llvm/include/c++/v1/__iterator/front_insert_iterator.h /opt/homebrew/opt/llvm/include/c++/v1/__iterator/insert_iterator.h /opt/homebrew/opt/llvm/include/c++/v1/__iterator/istream_iterator.h /opt/homebrew/opt/llvm/include/c++/v1/__iterator/move_iterator.h /opt/homebrew/opt/llvm/include/c++/v1/__iterator/move_sentinel.h /opt/homebrew/opt/llvm/include/c++/v1/__iterator/ostream_iterator.h /opt/homebrew/opt/llvm/include/c++/v1/__iterator/ostreambuf_iterator.h /opt/homebrew/opt/llvm/include/c++/v1/memory /opt/homebrew/opt/llvm/include/c++/v1/__memory/align.h /opt/homebrew/opt/llvm/include/c++/v1/__memory/assume_aligned.h /opt/homebrew/opt/llvm/include/c++/v1/__memory/concepts.h /opt/homebrew/opt/llvm/include/c++/v1/__memory/ranges_construct_at.h /opt/homebrew/opt/llvm/include/c++/v1/__memory/ranges_uninitialized_algorithms.h /opt/homebrew/opt/llvm/include/c++/v1/__memory/raw_storage_iterator.h /opt/homebrew/opt/llvm/include/c++/v1/__memory/uses_allocator_construction.h /opt/homebrew/opt/llvm/include/c++/v1/functional /opt/homebrew/opt/llvm/include/c++/v1/__functional/binary_negate.h /opt/homebrew/opt/llvm/include/c++/v1/__functional/bind.h /opt/homebrew/opt/llvm/include/c++/v1/__functional/bind_back.h /opt/homebrew/opt/llvm/include/c++/v1/__functional/perfect_forward.h /opt/homebrew/opt/llvm/include/c++/v1/__functional/bind_front.h /opt/homebrew/opt/llvm/include/c++/v1/__functional/binder1st.h /opt/homebrew/opt/llvm/include/c++/v1/__functional/binder2nd.h /opt/homebrew/opt/llvm/include/c++/v1/__functional/boyer_moore_searcher.h /opt/homebrew/opt/llvm/include/c++/v1/array /opt/homebrew/opt/llvm/include/c++/v1/unordered_map /opt/homebrew/opt/llvm/include/c++/v1/__functional/is_transparent.h /opt/homebrew/opt/llvm/include/c++/v1/__hash_table /opt/homebrew/opt/llvm/include/c++/v1/__node_handle /opt/homebrew/opt/llvm/include/c++/v1/optional /opt/homebrew/opt/llvm/include/c++/v1/vector /opt/homebrew/opt/llvm/include/c++/v1/__format/formatter.h /opt/homebrew/opt/llvm/include/c++/v1/__memory/temp_value.h /opt/homebrew/opt/llvm/include/c++/v1/__split_buffer /opt/homebrew/opt/llvm/include/c++/v1/__functional/compose.h /opt/homebrew/opt/llvm/include/c++/v1/__functional/default_searcher.h /opt/homebrew/opt/llvm/include/c++/v1/__functional/function.h /opt/homebrew/opt/llvm/include/c++/v1/__memory/builtin_new_allocator.h /opt/homebrew/opt/llvm/include/c++/v1/__type_traits/strip_signature.h /opt/homebrew/opt/llvm/include/c++/v1/__functional/mem_fn.h /opt/homebrew/opt/llvm/include/c++/v1/__functional/mem_fun_ref.h /opt/homebrew/opt/llvm/include/c++/v1/__functional/not_fn.h /opt/homebrew/opt/llvm/include/c++/v1/__functional/pointer_to_binary_function.h /opt/homebrew/opt/llvm/include/c++/v1/__functional/pointer_to_unary_function.h /opt/homebrew/opt/llvm/include/c++/v1/__functional/unary_negate.h /opt/homebrew/opt/llvm/include/c++/v1/ios /opt/homebrew/opt/llvm/include/c++/v1/__locale /opt/homebrew/opt/llvm/include/c++/v1/locale.h /Library/Developer/CommandLineTools/SDKs/MacOSX.sdk/usr/include/locale.h /Library/Developer/CommandLineTools/SDKs/MacOSX.sdk/usr/include/_locale.h /opt/homebrew/opt/llvm/include/c++/v1/mutex /opt/homebrew/opt/llvm/include/c++/v1/__mutex_base /opt/homebrew/opt/llvm/include/c++/v1/system_error /opt/homebrew/opt/llvm/include/c++/v1/__errc /opt/homebrew/opt/llvm/include/c++/v1/cerrno /Library/Developer/CommandLineTools/SDKs/MacOSX.sdk/usr/include/xlocale.h /Library/Developer/CommandLineTools/SDKs/MacOSX.sdk/usr/include/_xlocale.h /Library/Developer/CommandLineTools/SDKs/MacOSX.sdk/usr/include/xlocale/_ctype.h /Library/Developer/CommandLineTools/SDKs/MacOSX.sdk/usr/include/xlocale/__wctype.h /Library/Developer/CommandLineTools/SDKs/MacOSX.sdk/usr/include/xlocale/_stdio.h /Library/Developer/CommandLineTools/SDKs/MacOSX.sdk/usr/include/xlocale/_stdlib.h /Library/Developer/CommandLineTools/SDKs/MacOSX.sdk/usr/include/xlocale/_string.h /Library/Developer/CommandLineTools/SDKs/MacOSX.sdk/usr/include/xlocale/_time.h /Library/Developer/CommandLineTools/SDKs/MacOSX.sdk/usr/include/xlocale/_wchar.h /Library/Developer/CommandLineTools/SDKs/MacOSX.sdk/usr/include/xlocale/_wctype.h /opt/homebrew/opt/llvm/include/c++/v1/locale /opt/homebrew/opt/llvm/include/c++/v1/streambuf /Library/Developer/CommandLineTools/SDKs/MacOSX.sdk/usr/include/nl_types.h /Library/Developer/CommandLineTools/SDKs/MacOSX.sdk/usr/include/sys/types.h /Library/Developer/CommandLineTools/SDKs/MacOSX.sdk/usr/include/sys/_types/_u_char.h /Library/Developer/CommandLineTools/SDKs/MacOSX.sdk/usr/include/sys/_types/_u_short.h /Library/Developer/CommandLineTools/SDKs/MacOSX.sdk/usr/include/sys/_types/_u_int.h /Library/Developer/CommandLineTools/SDKs/MacOSX.sdk/usr/include/sys/_types/_caddr_t.h /Library/Developer/CommandLineTools/SDKs/MacOSX.sdk/usr/include/sys/_types/_blkcnt_t.h /Library/Developer/CommandLineTools/SDKs/MacOSX.sdk/usr/include/sys/_types/_blksize_t.h /Library/Developer/CommandLineTools/SDKs/MacOSX.sdk/usr/include/sys/_types/_gid_t.h /Library/Developer/CommandLineTools/SDKs/MacOSX.sdk/usr/include/sys/_types/_in_addr_t.h /Library/Developer/CommandLineTools/SDKs/MacOSX.sdk/usr/include/sys/_types/_in_port_t.h /Library/Developer/CommandLineTools/SDKs/MacOSX.sdk/usr/include/sys/_types/_ino_t.h /Library/Developer/CommandLineTools/SDKs/MacOSX.sdk/usr/include/sys/_types/_ino64_t.h /Library/Developer/CommandLineTools/SDKs/MacOSX.sdk/usr/include/sys/_types/_key_t.h /Library/Developer/CommandLineTools/SDKs/MacOSX.sdk/usr/include/sys/_types/_nlink_t.h /Library/Developer/CommandLineTools/SDKs/MacOSX.sdk/usr/include/sys/_types/_useconds_t.h /Library/Developer/CommandLineTools/SDKs/MacOSX.sdk/usr/include/sys/_types/_suseconds_t.h /Library/Developer/CommandLineTools/SDKs/MacOSX.sdk/usr/include/sys/_types/_fd_def.h /Library/Developer/CommandLineTools/SDKs/MacOSX.sdk/usr/include/sys/_types/_fd_setsize.h /Library/Developer/CommandLineTools/SDKs/MacOSX.sdk/usr/include/sys/_types/_fd_set.h /Library/Developer/CommandLineTools/SDKs/MacOSX.sdk/usr/include/sys/_types/_fd_clr.h /Library/Developer/CommandLineTools/SDKs/MacOSX.sdk/usr/include/sys/_types/_fd_zero.h /Library/Developer/CommandLineTools/SDKs/MacOSX.sdk/usr/include/sys/_types/_fd_isset.h /Library/Developer/CommandLineTools/SDKs/MacOSX.sdk/usr/include/sys/_types/_fd_copy.h /Library/Developer/CommandLineTools/SDKs/MacOSX.sdk/usr/include/sys/_types/_fsblkcnt_t.h /Library/Developer/CommandLineTools/SDKs/MacOSX.sdk/usr/include/sys/_types/_fsfilcnt_t.h /Library/Developer/CommandLineTools/SDKs/MacOSX.sdk/usr/include/_types/_nl_item.h /opt/homebrew/opt/llvm/include/c++/v1/__bsd_locale_defaults.h /opt/homebrew/opt/llvm/include/c++/v1/cstdarg /opt/homebrew/opt/llvm/include/c++/v1/set /opt/homebrew/opt/llvm/include/c++/v1/__tree /opt/homebrew/opt/llvm/include/c++/v1/sstream /Users/c71n93/Programming/C-and-C++/huawei-courses/BESM-666/third_party/googletest/googletest/include/gtest/gtest-assertion-result.h /Users/c71n93/Programming/C-and-C++/huawei-courses/BESM-666/third_party/googletest/googletest/include/gtest/gtest-message.h /Users/c71n93/Programming/C-and-C++/huawei-courses/BESM-666/third_party/googletest/googletest/include/gtest/internal/gtest-port.h /opt/homebrew/opt/llvm/include/c++/v1/iostream /Library/Developer/CommandLineTools/SDKs/MacOSX.sdk/usr/include/sys/stat.h /Library/Developer/CommandLineTools/SDKs/MacOSX.sdk/usr/include/sys/_types/_s_ifmt.h /Library/Developer/CommandLineTools/SDKs/MacOSX.sdk/usr/include/sys/_types/_filesec_t.h /Library/Developer/CommandLineTools/SDKs/MacOSX.sdk/usr/include/AvailabilityMacros.h /Library/Developer/CommandLineTools/SDKs/MacOSX.sdk/usr/include/TargetConditionals.h /Users/c71n93/Programming/C-and-C++/huawei-courses/BESM-666/third_party/googletest/googletest/include/gtest/internal/custom/gtest-port.h /Users/c71n93/Programming/C-and-C++/huawei-courses/BESM-666/third_party/googletest/googletest/include/gtest/internal/gtest-port-arch.h /Library/Developer/CommandLineTools/SDKs/MacOSX.sdk/usr/include/unistd.h /Library/Developer/CommandLineTools/SDKs/MacOSX.sdk/usr/include/sys/unistd.h /Library/Developer/CommandLineTools/SDKs/MacOSX.sdk/usr/include/sys/_types/_posix_vdisable.h /Library/Developer/CommandLineTools/SDKs/MacOSX.sdk/usr/include/sys/_types/_seek_set.h /Library/Developer/CommandLineTools/SDKs/MacOSX.sdk/usr/include/sys/select.h /Library/Developer/CommandLineTools/SDKs/MacOSX.sdk/usr/include/sys/_select.h /Library/Developer/CommandLineTools/SDKs/MacOSX.sdk/usr/include/sys/_types/_uuid_t.h /Library/Developer/CommandLineTools/SDKs/MacOSX.sdk/usr/include/gethostuuid.h /Library/Developer/CommandLineTools/SDKs/MacOSX.sdk/usr/include/regex.h /Library/Developer/CommandLineTools/SDKs/MacOSX.sdk/usr/include/_regex.h /Library/Developer/CommandLineTools/SDKs/MacOSX.sdk/usr/include/xlocale/_regex.h /opt/homebrew/opt/llvm/include/c++/v1/condition_variable /opt/homebrew/opt/llvm/include/c++/v1/any /Users/c71n93/Programming/C-and-C++/huawei-courses/BESM-666/third_party/googletest/googletest/include/gtest/gtest-death-test.h /Users/c71n93/Programming/C-and-C++/huawei-courses/BESM-666/third_party/googletest/googletest/include/gtest/internal/gtest-death-test-internal.h /Users/c71n93/Programming/C-and-C++/huawei-courses/BESM-666/third_party/googletest/googletest/include/gtest/gtest-matchers.h /Users/c71n93/Programming/C-and-C++/huawei-courses/BESM-666/third_party/googletest/googletest/include/gtest/gtest-printers.h /Users/c71n93/Programming/C-and-C++/huawei-courses/BESM-666/third_party/googletest/googletest/include/gtest/internal/gtest-internal.h /opt/homebrew/opt/llvm/include/c++/v1/float.h /opt/homebrew/Cellar/llvm/16.0.6/lib/clang/16/include/float.h /Library/Developer/CommandLineTools/SDKs/MacOSX.sdk/usr/include/float.h /opt/homebrew/opt/llvm/include/c++/v1/map /Users/c71n93/Programming/C-and-C++/huawei-courses/BESM-666/third_party/googletest/googletest/include/gtest/internal/gtest-filepath.h /Users/c71n93/Programming/C-and-C++/huawei-courses/BESM-666/third_party/googletest/googletest/include/gtest/internal/gtest-string.h /Users/c71n93/Programming/C-and-C++/huawei-courses/BESM-666/third_party/googletest/googletest/include/gtest/internal/gtest-type-util.h /opt/homebrew/opt/llvm/include/c++/v1/cxxabi.h /opt/homebrew/opt/llvm/include/c++/v1/__cxxabi_config.h /Users/c71n93/Programming/C-and-C++/huawei-courses/BESM-666/third_party/googletest/googletest/include/gtest/internal/custom/gtest-printers.h /Users/c71n93/Programming/C-and-C++/huawei-courses/BESM-666/third_party/googletest/googletest/include/gtest/gtest-param-test.h /Users/c71n93/Programming/C-and-C++/huawei-courses/BESM-666/third_party/googletest/googletest/include/gtest/internal/gtest-param-util.h /opt/homebrew/opt/llvm/include/c++/v1/cassert /Library/Developer/CommandLineTools/SDKs/MacOSX.sdk/usr/include/assert.h /Users/c71n93/Programming/C-and-C++/huawei-courses/BESM-666/third_party/googletest/googletest/include/gtest/gtest-test-part.h /Users/c71n93/Programming/C-and-C++/huawei-courses/BESM-666/third_party/googletest/googletest/include/gtest/gtest-typed-test.h /Users/c71n93/Programming/C-and-C++/huawei-courses/BESM-666/third_party/googletest/googletest/include/gtest/gtest_pred_impl.h /Users/c71n93/Programming/C-and-C++/huawei-courses/BESM-666/third_party/googletest/googletest/include/gtest/gtest_prod.h test/CMakeFiles/dummy_test.dir/flags.make
/opt/homebrew/Cellar/cmake/3.26.0/bin/cmake -E cmake_echo_color --switch= --green --progress-dir=/Users/c71n93/Programming/C-and-C++/huawei-courses/BESM-666/build/CMakeFiles --progress-num=19 "Building CXX object test/CMakeFiles/dummy_test.dir/dummy_test.cpp.o"
[ 70%] Building CXX object test/CMakeFiles/dummy_test.dir/dummy_test.cpp.o
cd /Users/c71n93/Programming/C-and-C++/huawei-courses/BESM-666/build/test && /opt/homebrew/opt/llvm/bin/clang++  -I/Users/c71n93/Programming/C-and-C++/huawei-courses/BESM-666/./include -isystem /Users/c71n93/Programming/C-and-C++/huawei-courses/BESM-666/third_party/googletest/googlemock/include -isystem /Users/c71n93/Programming/C-and-C++/huawei-courses/BESM-666/third_party/googletest/googlemock -isystem /Users/c71n93/Programming/C-and-C++/huawei-courses/BESM-666/third_party/googletest/googletest/include -isystem /Users/c71n93/Programming/C-and-C++/huawei-courses/BESM-666/third_party/googletest/googletest -g -arch arm64 -isysroot /Library/Developer/CommandLineTools/SDKs/MacOSX.sdk -fcolor-diagnostics -MD -MT test/CMakeFiles/dummy_test.dir/dummy_test.cpp.o -MF CMakeFiles/dummy_test.dir/dummy_test.cpp.o.d -o CMakeFiles/dummy_test.dir/dummy_test.cpp.o -c /Users/c71n93/Programming/C-and-C++/huawei-courses/BESM-666/test/dummy_test.cpp
test/CMakeFiles/dummy_test.dir/build.make:100: update target 'test/dummy_test' due to: test/CMakeFiles/dummy_test.dir/link.txt test/CMakeFiles/dummy_test.dir/dummy_test.cpp.o test/CMakeFiles/dummy_test.dir/build.make libbesm666_shared.dylib lib/libgmock_main.a lib/libgmock.a lib/libgtest.a
/opt/homebrew/Cellar/cmake/3.26.0/bin/cmake -E cmake_echo_color --switch= --green --bold --progress-dir=/Users/c71n93/Programming/C-and-C++/huawei-courses/BESM-666/build/CMakeFiles --progress-num=20 "Linking CXX executable dummy_test"
[ 73%] Linking CXX executable dummy_test
cd /Users/c71n93/Programming/C-and-C++/huawei-courses/BESM-666/build/test && /opt/homebrew/Cellar/cmake/3.26.0/bin/cmake -E cmake_link_script CMakeFiles/dummy_test.dir/link.txt --verbose=
/opt/homebrew/Cellar/cmake/3.26.0/bin/cmake -E cmake_echo_color --switch= --progress-dir=/Users/c71n93/Programming/C-and-C++/huawei-courses/BESM-666/build/CMakeFiles --progress-num=19,20 "Built target dummy_test"
[ 73%] Built target dummy_test
CMakeFiles/Makefile2:1342: update target 'test/CMakeFiles/gprf-tests.dir/all' due to: target is .PHONY
make -s -f test/CMakeFiles/gprf-tests.dir/build.make test/CMakeFiles/gprf-tests.dir/depend
test/CMakeFiles/gprf-tests.dir/build.make:112: update target 'test/CMakeFiles/gprf-tests.dir/depend' due to: target is .PHONY
cd /Users/c71n93/Programming/C-and-C++/huawei-courses/BESM-666/build && /opt/homebrew/Cellar/cmake/3.26.0/bin/cmake -E cmake_depends "Unix Makefiles" /Users/c71n93/Programming/C-and-C++/huawei-courses/BESM-666 /Users/c71n93/Programming/C-and-C++/huawei-courses/BESM-666/test /Users/c71n93/Programming/C-and-C++/huawei-courses/BESM-666/build /Users/c71n93/Programming/C-and-C++/huawei-courses/BESM-666/build/test /Users/c71n93/Programming/C-and-C++/huawei-courses/BESM-666/build/test/CMakeFiles/gprf-tests.dir/DependInfo.cmake --color=
make -s -f test/CMakeFiles/gprf-tests.dir/build.make test/CMakeFiles/gprf-tests.dir/build
test/CMakeFiles/gprf-tests.dir/build.make:75: update target 'test/CMakeFiles/gprf-tests.dir/reg/gprf-tests.cpp.o' due to: test/CMakeFiles/gprf-tests.dir/compiler_depend.ts /Users/c71n93/Programming/C-and-C++/huawei-courses/BESM-666/test/reg/gprf-tests.cpp /Users/c71n93/Programming/C-and-C++/huawei-courses/BESM-666/third_party/googletest/googletest/include/gtest/gtest.h /opt/homebrew/opt/llvm/include/c++/v1/cstddef /opt/homebrew/opt/llvm/include/c++/v1/__assert /opt/homebrew/opt/llvm/include/c++/v1/__config /opt/homebrew/opt/llvm/include/c++/v1/__config_site /opt/homebrew/opt/llvm/include/c++/v1/__verbose_abort /opt/homebrew/opt/llvm/include/c++/v1/__availability /opt/homebrew/opt/llvm/include/c++/v1/__type_traits/enable_if.h /opt/homebrew/opt/llvm/include/c++/v1/__type_traits/integral_constant.h /opt/homebrew/opt/llvm/include/c++/v1/__type_traits/is_integral.h /opt/homebrew/opt/llvm/include/c++/v1/__type_traits/remove_cv.h /opt/homebrew/opt/llvm/include/c++/v1/__type_traits/remove_const.h /opt/homebrew/opt/llvm/include/c++/v1/__type_traits/remove_volatile.h /opt/homebrew/opt/llvm/include/c++/v1/version /opt/homebrew/opt/llvm/include/c++/v1/stddef.h /opt/homebrew/Cellar/llvm/16.0.6/lib/clang/16/include/stddef.h /opt/homebrew/Cellar/llvm/16.0.6/lib/clang/16/include/__stddef_max_align_t.h /opt/homebrew/opt/llvm/include/c++/v1/cstdint /opt/homebrew/opt/llvm/include/c++/v1/stdint.h /opt/homebrew/Cellar/llvm/16.0.6/lib/clang/16/include/stdint.h /Library/Developer/CommandLineTools/SDKs/MacOSX.sdk/usr/include/stdint.h /Library/Developer/CommandLineTools/SDKs/MacOSX.sdk/usr/include/sys/_types/_int8_t.h /Library/Developer/CommandLineTools/SDKs/MacOSX.sdk/usr/include/sys/_types/_int16_t.h /Library/Developer/CommandLineTools/SDKs/MacOSX.sdk/usr/include/sys/_types/_int32_t.h /Library/Developer/CommandLineTools/SDKs/MacOSX.sdk/usr/include/sys/_types/_int64_t.h /Library/Developer/CommandLineTools/SDKs/MacOSX.sdk/usr/include/_types/_uint8_t.h /Library/Developer/CommandLineTools/SDKs/MacOSX.sdk/usr/include/_types/_uint16_t.h /Library/Developer/CommandLineTools/SDKs/MacOSX.sdk/usr/include/_types/_uint32_t.h /Library/Developer/CommandLineTools/SDKs/MacOSX.sdk/usr/include/_types/_uint64_t.h /Library/Developer/CommandLineTools/SDKs/MacOSX.sdk/usr/include/sys/_types.h /Library/Developer/CommandLineTools/SDKs/MacOSX.sdk/usr/include/sys/cdefs.h /Library/Developer/CommandLineTools/SDKs/MacOSX.sdk/usr/include/sys/_symbol_aliasing.h /Library/Developer/CommandLineTools/SDKs/MacOSX.sdk/usr/include/sys/_posix_availability.h /Library/Developer/CommandLineTools/SDKs/MacOSX.sdk/usr/include/machine/_types.h /Library/Developer/CommandLineTools/SDKs/MacOSX.sdk/usr/include/arm/_types.h /Library/Developer/CommandLineTools/SDKs/MacOSX.sdk/usr/include/sys/_pthread/_pthread_types.h /Library/Developer/CommandLineTools/SDKs/MacOSX.sdk/usr/include/sys/_types/_intptr_t.h /Library/Developer/CommandLineTools/SDKs/MacOSX.sdk/usr/include/machine/types.h /Library/Developer/CommandLineTools/SDKs/MacOSX.sdk/usr/include/arm/types.h /Library/Developer/CommandLineTools/SDKs/MacOSX.sdk/usr/include/sys/_types/_u_int8_t.h /Library/Developer/CommandLineTools/SDKs/MacOSX.sdk/usr/include/sys/_types/_u_int16_t.h /Library/Developer/CommandLineTools/SDKs/MacOSX.sdk/usr/include/sys/_types/_u_int32_t.h /Library/Developer/CommandLineTools/SDKs/MacOSX.sdk/usr/include/sys/_types/_u_int64_t.h /Library/Developer/CommandLineTools/SDKs/MacOSX.sdk/usr/include/sys/_types/_uintptr_t.h /Library/Developer/CommandLineTools/SDKs/MacOSX.sdk/usr/include/_types/_intmax_t.h /Library/Developer/CommandLineTools/SDKs/MacOSX.sdk/usr/include/_types/_uintmax_t.h /opt/homebrew/opt/llvm/include/c++/v1/iomanip /opt/homebrew/opt/llvm/include/c++/v1/istream /opt/homebrew/opt/llvm/include/c++/v1/__iterator/istreambuf_iterator.h /opt/homebrew/opt/llvm/include/c++/v1/__iterator/default_sentinel.h /opt/homebrew/opt/llvm/include/c++/v1/__iterator/iterator.h /opt/homebrew/opt/llvm/include/c++/v1/__iterator/iterator_traits.h /opt/homebrew/opt/llvm/include/c++/v1/__concepts/arithmetic.h /opt/homebrew/opt/llvm/include/c++/v1/__type_traits/is_floating_point.h /opt/homebrew/opt/llvm/include/c++/v1/__type_traits/is_signed.h /opt/homebrew/opt/llvm/include/c++/v1/__type_traits/is_arithmetic.h /opt/homebrew/opt/llvm/include/c++/v1/__type_traits/is_signed_integer.h /opt/homebrew/opt/llvm/include/c++/v1/__type_traits/is_unsigned_integer.h /opt/homebrew/opt/llvm/include/c++/v1/__concepts/constructible.h /opt/homebrew/opt/llvm/include/c++/v1/__concepts/convertible_to.h /opt/homebrew/opt/llvm/include/c++/v1/__type_traits/is_convertible.h /opt/homebrew/opt/llvm/include/c++/v1/__type_traits/is_array.h /opt/homebrew/opt/llvm/include/c++/v1/__type_traits/is_function.h /opt/homebrew/opt/llvm/include/c++/v1/__type_traits/is_const.h /opt/homebrew/opt/llvm/include/c++/v1/__type_traits/is_reference.h /opt/homebrew/opt/llvm/include/c++/v1/__type_traits/is_void.h /opt/homebrew/opt/llvm/include/c++/v1/__type_traits/is_same.h /opt/homebrew/opt/llvm/include/c++/v1/__type_traits/remove_reference.h /opt/homebrew/opt/llvm/include/c++/v1/__utility/declval.h /opt/homebrew/opt/llvm/include/c++/v1/__concepts/destructible.h /opt/homebrew/opt/llvm/include/c++/v1/__type_traits/is_nothrow_destructible.h /opt/homebrew/opt/llvm/include/c++/v1/__type_traits/is_destructible.h /opt/homebrew/opt/llvm/include/c++/v1/__type_traits/remove_all_extents.h /opt/homebrew/opt/llvm/include/c++/v1/__type_traits/is_scalar.h /opt/homebrew/opt/llvm/include/c++/v1/__type_traits/is_enum.h /opt/homebrew/opt/llvm/include/c++/v1/__type_traits/is_member_pointer.h /opt/homebrew/opt/llvm/include/c++/v1/__type_traits/is_member_function_pointer.h /opt/homebrew/opt/llvm/include/c++/v1/__type_traits/is_null_pointer.h /opt/homebrew/opt/llvm/include/c++/v1/__type_traits/is_pointer.h /opt/homebrew/opt/llvm/include/c++/v1/__type_traits/is_constructible.h /opt/homebrew/opt/llvm/include/c++/v1/__concepts/copyable.h /opt/homebrew/opt/llvm/include/c++/v1/__concepts/assignable.h /opt/homebrew/opt/llvm/include/c++/v1/__concepts/common_reference_with.h /opt/homebrew/opt/llvm/include/c++/v1/__concepts/same_as.h /opt/homebrew/opt/llvm/include/c++/v1/__type_traits/common_reference.h /opt/homebrew/opt/llvm/include/c++/v1/__type_traits/common_type.h /opt/homebrew/opt/llvm/include/c++/v1/__type_traits/conditional.h /opt/homebrew/opt/llvm/include/c++/v1/__type_traits/decay.h /opt/homebrew/opt/llvm/include/c++/v1/__type_traits/add_pointer.h /opt/homebrew/opt/llvm/include/c++/v1/__type_traits/is_referenceable.h /opt/homebrew/opt/llvm/include/c++/v1/__type_traits/remove_extent.h /opt/homebrew/opt/llvm/include/c++/v1/__type_traits/remove_cvref.h /opt/homebrew/opt/llvm/include/c++/v1/__type_traits/void_t.h /opt/homebrew/opt/llvm/include/c++/v1/__type_traits/copy_cv.h /opt/homebrew/opt/llvm/include/c++/v1/__type_traits/add_const.h /opt/homebrew/opt/llvm/include/c++/v1/__type_traits/add_cv.h /opt/homebrew/opt/llvm/include/c++/v1/__type_traits/add_volatile.h /opt/homebrew/opt/llvm/include/c++/v1/__type_traits/copy_cvref.h /opt/homebrew/opt/llvm/include/c++/v1/__type_traits/add_lvalue_reference.h /opt/homebrew/opt/llvm/include/c++/v1/__type_traits/add_rvalue_reference.h /opt/homebrew/opt/llvm/include/c++/v1/__type_traits/make_const_lvalue_ref.h /opt/homebrew/opt/llvm/include/c++/v1/__utility/forward.h /opt/homebrew/opt/llvm/include/c++/v1/__concepts/movable.h /opt/homebrew/opt/llvm/include/c++/v1/__concepts/swappable.h /opt/homebrew/opt/llvm/include/c++/v1/__concepts/class_or_enum.h /opt/homebrew/opt/llvm/include/c++/v1/__type_traits/is_class.h /opt/homebrew/opt/llvm/include/c++/v1/__type_traits/is_union.h /opt/homebrew/opt/llvm/include/c++/v1/__type_traits/extent.h /opt/homebrew/opt/llvm/include/c++/v1/__type_traits/is_nothrow_move_assignable.h /opt/homebrew/opt/llvm/include/c++/v1/__type_traits/is_nothrow_move_constructible.h /opt/homebrew/opt/llvm/include/c++/v1/__type_traits/is_nothrow_constructible.h /opt/homebrew/opt/llvm/include/c++/v1/__utility/exchange.h /opt/homebrew/opt/llvm/include/c++/v1/__type_traits/is_nothrow_assignable.h /opt/homebrew/opt/llvm/include/c++/v1/__utility/move.h /opt/homebrew/opt/llvm/include/c++/v1/__type_traits/is_copy_constructible.h /opt/homebrew/opt/llvm/include/c++/v1/__utility/swap.h /opt/homebrew/opt/llvm/include/c++/v1/__type_traits/is_move_assignable.h /opt/homebrew/opt/llvm/include/c++/v1/__type_traits/is_move_constructible.h /opt/homebrew/opt/llvm/include/c++/v1/__type_traits/is_swappable.h /opt/homebrew/opt/llvm/include/c++/v1/__type_traits/nat.h /opt/homebrew/opt/llvm/include/c++/v1/__type_traits/is_object.h /opt/homebrew/opt/llvm/include/c++/v1/__concepts/equality_comparable.h /opt/homebrew/opt/llvm/include/c++/v1/__concepts/boolean_testable.h /opt/homebrew/opt/llvm/include/c++/v1/__concepts/totally_ordered.h /opt/homebrew/opt/llvm/include/c++/v1/__fwd/pair.h /opt/homebrew/opt/llvm/include/c++/v1/__iterator/incrementable_traits.h /opt/homebrew/opt/llvm/include/c++/v1/__type_traits/is_primary_template.h /opt/homebrew/opt/llvm/include/c++/v1/__type_traits/is_valid_expansion.h /opt/homebrew/opt/llvm/include/c++/v1/__type_traits/make_signed.h /opt/homebrew/opt/llvm/include/c++/v1/__type_traits/apply_cv.h /opt/homebrew/opt/llvm/include/c++/v1/__type_traits/is_volatile.h /opt/homebrew/opt/llvm/include/c++/v1/__type_traits/type_list.h /opt/homebrew/opt/llvm/include/c++/v1/__iterator/readable_traits.h /opt/homebrew/opt/llvm/include/c++/v1/__type_traits/disjunction.h /opt/homebrew/opt/llvm/include/c++/v1/iosfwd /opt/homebrew/opt/llvm/include/c++/v1/__fwd/string.h /opt/homebrew/opt/llvm/include/c++/v1/__fwd/memory_resource.h /opt/homebrew/opt/llvm/include/c++/v1/__mbstate_t.h /opt/homebrew/opt/llvm/include/c++/v1/wchar.h /Library/Developer/CommandLineTools/SDKs/MacOSX.sdk/usr/include/wchar.h /Library/Developer/CommandLineTools/SDKs/MacOSX.sdk/usr/include/_types.h /Library/Developer/CommandLineTools/SDKs/MacOSX.sdk/usr/include/Availability.h /Library/Developer/CommandLineTools/SDKs/MacOSX.sdk/usr/include/AvailabilityVersions.h /Library/Developer/CommandLineTools/SDKs/MacOSX.sdk/usr/include/AvailabilityInternal.h /Library/Developer/CommandLineTools/SDKs/MacOSX.sdk/usr/include/sys/_types/_null.h /Library/Developer/CommandLineTools/SDKs/MacOSX.sdk/usr/include/sys/_types/_size_t.h /Library/Developer/CommandLineTools/SDKs/MacOSX.sdk/usr/include/sys/_types/_mbstate_t.h /Library/Developer/CommandLineTools/SDKs/MacOSX.sdk/usr/include/sys/_types/_ct_rune_t.h /Library/Developer/CommandLineTools/SDKs/MacOSX.sdk/usr/include/sys/_types/_rune_t.h /Library/Developer/CommandLineTools/SDKs/MacOSX.sdk/usr/include/sys/_types/_wchar_t.h /opt/homebrew/Cellar/llvm/16.0.6/lib/clang/16/include/stdarg.h /opt/homebrew/opt/llvm/include/c++/v1/stdio.h /Library/Developer/CommandLineTools/SDKs/MacOSX.sdk/usr/include/stdio.h /Library/Developer/CommandLineTools/SDKs/MacOSX.sdk/usr/include/_stdio.h /Library/Developer/CommandLineTools/SDKs/MacOSX.sdk/usr/include/sys/_types/_va_list.h /Library/Developer/CommandLineTools/SDKs/MacOSX.sdk/usr/include/sys/stdio.h /Library/Developer/CommandLineTools/SDKs/MacOSX.sdk/usr/include/_ctermid.h /Library/Developer/CommandLineTools/SDKs/MacOSX.sdk/usr/include/sys/_types/_off_t.h /Library/Developer/CommandLineTools/SDKs/MacOSX.sdk/usr/include/sys/_types/_ssize_t.h /Library/Developer/CommandLineTools/SDKs/MacOSX.sdk/usr/include/time.h /Library/Developer/CommandLineTools/SDKs/MacOSX.sdk/usr/include/sys/_types/_clock_t.h /Library/Developer/CommandLineTools/SDKs/MacOSX.sdk/usr/include/sys/_types/_time_t.h /Library/Developer/CommandLineTools/SDKs/MacOSX.sdk/usr/include/sys/_types/_timespec.h /Library/Developer/CommandLineTools/SDKs/MacOSX.sdk/usr/include/_wctype.h /Library/Developer/CommandLineTools/SDKs/MacOSX.sdk/usr/include/__wctype.h /Library/Developer/CommandLineTools/SDKs/MacOSX.sdk/usr/include/sys/_types/_wint_t.h /Library/Developer/CommandLineTools/SDKs/MacOSX.sdk/usr/include/_types/_wctype_t.h /opt/homebrew/opt/llvm/include/c++/v1/ctype.h /Library/Developer/CommandLineTools/SDKs/MacOSX.sdk/usr/include/ctype.h /Library/Developer/CommandLineTools/SDKs/MacOSX.sdk/usr/include/_ctype.h /Library/Developer/CommandLineTools/SDKs/MacOSX.sdk/usr/include/runetype.h /opt/homebrew/opt/llvm/include/c++/v1/ostream /opt/homebrew/opt/llvm/include/c++/v1/__memory/shared_ptr.h /opt/homebrew/opt/llvm/include/c++/v1/__compare/compare_three_way.h /opt/homebrew/opt/llvm/include/c++/v1/__compare/three_way_comparable.h /opt/homebrew/opt/llvm/include/c++/v1/__compare/common_comparison_category.h /opt/homebrew/opt/llvm/include/c++/v1/__compare/ordering.h /opt/homebrew/opt/llvm/include/c++/v1/__functional/binary_function.h /opt/homebrew/opt/llvm/include/c++/v1/__functional/operations.h /opt/homebrew/opt/llvm/include/c++/v1/__functional/unary_function.h /opt/homebrew/opt/llvm/include/c++/v1/__functional/reference_wrapper.h /opt/homebrew/opt/llvm/include/c++/v1/__functional/invoke.h /opt/homebrew/opt/llvm/include/c++/v1/__type_traits/is_base_of.h /opt/homebrew/opt/llvm/include/c++/v1/__type_traits/is_core_convertible.h /opt/homebrew/opt/llvm/include/c++/v1/__type_traits/is_member_object_pointer.h /opt/homebrew/opt/llvm/include/c++/v1/__type_traits/is_reference_wrapper.h /opt/homebrew/opt/llvm/include/c++/v1/__functional/weak_result_type.h /opt/homebrew/opt/llvm/include/c++/v1/__memory/addressof.h /opt/homebrew/opt/llvm/include/c++/v1/__iterator/access.h /opt/homebrew/opt/llvm/include/c++/v1/__memory/allocation_guard.h /opt/homebrew/opt/llvm/include/c++/v1/__memory/allocator_traits.h /opt/homebrew/opt/llvm/include/c++/v1/__memory/construct_at.h /opt/homebrew/opt/llvm/include/c++/v1/__memory/voidify.h /opt/homebrew/opt/llvm/include/c++/v1/new /opt/homebrew/opt/llvm/include/c++/v1/cstdlib /opt/homebrew/opt/llvm/include/c++/v1/stdlib.h /Library/Developer/CommandLineTools/SDKs/MacOSX.sdk/usr/include/stdlib.h /Library/Developer/CommandLineTools/SDKs/MacOSX.sdk/usr/include/sys/wait.h /Library/Developer/CommandLineTools/SDKs/MacOSX.sdk/usr/include/sys/_types/_pid_t.h /Library/Developer/CommandLineTools/SDKs/MacOSX.sdk/usr/include/sys/_types/_id_t.h /Library/Developer/CommandLineTools/SDKs/MacOSX.sdk/usr/include/sys/signal.h /Library/Developer/CommandLineTools/SDKs/MacOSX.sdk/usr/include/sys/appleapiopts.h /Library/Developer/CommandLineTools/SDKs/MacOSX.sdk/usr/include/machine/signal.h /Library/Developer/CommandLineTools/SDKs/MacOSX.sdk/usr/include/arm/signal.h /Library/Developer/CommandLineTools/SDKs/MacOSX.sdk/usr/include/machine/_mcontext.h /Library/Developer/CommandLineTools/SDKs/MacOSX.sdk/usr/include/arm/_mcontext.h /Library/Developer/CommandLineTools/SDKs/MacOSX.sdk/usr/include/mach/machine/_structs.h /Library/Developer/CommandLineTools/SDKs/MacOSX.sdk/usr/include/mach/arm/_structs.h /Library/Developer/CommandLineTools/SDKs/MacOSX.sdk/usr/include/sys/_pthread/_pthread_attr_t.h /Library/Developer/CommandLineTools/SDKs/MacOSX.sdk/usr/include/sys/_types/_sigaltstack.h /Library/Developer/CommandLineTools/SDKs/MacOSX.sdk/usr/include/sys/_types/_ucontext.h /Library/Developer/CommandLineTools/SDKs/MacOSX.sdk/usr/include/sys/_types/_sigset_t.h /Library/Developer/CommandLineTools/SDKs/MacOSX.sdk/usr/include/sys/_types/_uid_t.h /Library/Developer/CommandLineTools/SDKs/MacOSX.sdk/usr/include/sys/resource.h /Library/Developer/CommandLineTools/SDKs/MacOSX.sdk/usr/include/sys/_types/_timeval.h /Library/Developer/CommandLineTools/SDKs/MacOSX.sdk/usr/include/machine/endian.h /Library/Developer/CommandLineTools/SDKs/MacOSX.sdk/usr/include/arm/endian.h /Library/Developer/CommandLineTools/SDKs/MacOSX.sdk/usr/include/sys/_endian.h /Library/Developer/CommandLineTools/SDKs/MacOSX.sdk/usr/include/libkern/_OSByteOrder.h /Library/Developer/CommandLineTools/SDKs/MacOSX.sdk/usr/include/libkern/arm/OSByteOrder.h /Library/Developer/CommandLineTools/SDKs/MacOSX.sdk/usr/include/arm/arch.h /Library/Developer/CommandLineTools/SDKs/MacOSX.sdk/usr/include/alloca.h /Library/Developer/CommandLineTools/SDKs/MacOSX.sdk/usr/include/malloc/_malloc.h /Library/Developer/CommandLineTools/SDKs/MacOSX.sdk/usr/include/sys/_types/_dev_t.h /Library/Developer/CommandLineTools/SDKs/MacOSX.sdk/usr/include/sys/_types/_mode_t.h /opt/homebrew/opt/llvm/include/c++/v1/exception /opt/homebrew/opt/llvm/include/c++/v1/__type_traits/is_final.h /opt/homebrew/opt/llvm/include/c++/v1/__type_traits/is_polymorphic.h /opt/homebrew/opt/llvm/include/c++/v1/type_traits /opt/homebrew/opt/llvm/include/c++/v1/__fwd/hash.h /opt/homebrew/opt/llvm/include/c++/v1/__type_traits/aligned_storage.h /opt/homebrew/opt/llvm/include/c++/v1/__type_traits/aligned_union.h /opt/homebrew/opt/llvm/include/c++/v1/__type_traits/alignment_of.h /opt/homebrew/opt/llvm/include/c++/v1/__type_traits/can_extract_key.h /opt/homebrew/opt/llvm/include/c++/v1/__type_traits/remove_const_ref.h /opt/homebrew/opt/llvm/include/c++/v1/__type_traits/conjunction.h /opt/homebrew/opt/llvm/include/c++/v1/__type_traits/dependent_type.h /opt/homebrew/opt/llvm/include/c++/v1/__type_traits/has_unique_object_representation.h /opt/homebrew/opt/llvm/include/c++/v1/__type_traits/has_virtual_destructor.h /opt/homebrew/opt/llvm/include/c++/v1/__type_traits/is_abstract.h /opt/homebrew/opt/llvm/include/c++/v1/__type_traits/is_aggregate.h /opt/homebrew/opt/llvm/include/c++/v1/__type_traits/is_assignable.h /opt/homebrew/opt/llvm/include/c++/v1/__type_traits/is_bounded_array.h /opt/homebrew/opt/llvm/include/c++/v1/__type_traits/is_callable.h /opt/homebrew/opt/llvm/include/c++/v1/__type_traits/is_char_like_type.h /opt/homebrew/opt/llvm/include/c++/v1/__type_traits/is_standard_layout.h /opt/homebrew/opt/llvm/include/c++/v1/__type_traits/is_trivial.h /opt/homebrew/opt/llvm/include/c++/v1/__type_traits/is_compound.h /opt/homebrew/opt/llvm/include/c++/v1/__type_traits/is_fundamental.h /opt/homebrew/opt/llvm/include/c++/v1/__type_traits/is_constant_evaluated.h /opt/homebrew/opt/llvm/include/c++/v1/__type_traits/is_copy_assignable.h /opt/homebrew/opt/llvm/include/c++/v1/__type_traits/is_default_constructible.h /opt/homebrew/opt/llvm/include/c++/v1/__type_traits/is_empty.h /opt/homebrew/opt/llvm/include/c++/v1/__type_traits/is_implicitly_default_constructible.h /opt/homebrew/opt/llvm/include/c++/v1/__type_traits/is_literal_type.h /opt/homebrew/opt/llvm/include/c++/v1/__type_traits/is_nothrow_convertible.h /opt/homebrew/opt/llvm/include/c++/v1/__type_traits/lazy.h /opt/homebrew/opt/llvm/include/c++/v1/__type_traits/is_nothrow_copy_assignable.h /opt/homebrew/opt/llvm/include/c++/v1/__type_traits/is_nothrow_copy_constructible.h /opt/homebrew/opt/llvm/include/c++/v1/__type_traits/is_nothrow_default_constructible.h /opt/homebrew/opt/llvm/include/c++/v1/__type_traits/is_pod.h /opt/homebrew/opt/llvm/include/c++/v1/__type_traits/is_scoped_enum.h /opt/homebrew/opt/llvm/include/c++/v1/__type_traits/underlying_type.h /opt/homebrew/opt/llvm/include/c++/v1/__type_traits/is_specialization.h /opt/homebrew/opt/llvm/include/c++/v1/__type_traits/is_trivially_assignable.h /opt/homebrew/opt/llvm/include/c++/v1/__type_traits/is_trivially_constructible.h /opt/homebrew/opt/llvm/include/c++/v1/__type_traits/is_trivially_copy_assignable.h /opt/homebrew/opt/llvm/include/c++/v1/__type_traits/is_trivially_copy_constructible.h /opt/homebrew/opt/llvm/include/c++/v1/__type_traits/is_trivially_copyable.h /opt/homebrew/opt/llvm/include/c++/v1/__type_traits/is_trivially_default_constructible.h /opt/homebrew/opt/llvm/include/c++/v1/__type_traits/is_trivially_destructible.h /opt/homebrew/opt/llvm/include/c++/v1/__type_traits/is_trivially_move_assignable.h /opt/homebrew/opt/llvm/include/c++/v1/__type_traits/is_trivially_move_constructible.h /opt/homebrew/opt/llvm/include/c++/v1/__type_traits/is_unbounded_array.h /opt/homebrew/opt/llvm/include/c++/v1/__type_traits/is_unsigned.h /opt/homebrew/opt/llvm/include/c++/v1/__type_traits/make_unsigned.h /opt/homebrew/opt/llvm/include/c++/v1/__type_traits/maybe_const.h /opt/homebrew/opt/llvm/include/c++/v1/__type_traits/negation.h /opt/homebrew/opt/llvm/include/c++/v1/__type_traits/rank.h /opt/homebrew/opt/llvm/include/c++/v1/__type_traits/remove_pointer.h /opt/homebrew/opt/llvm/include/c++/v1/__type_traits/result_of.h /opt/homebrew/opt/llvm/include/c++/v1/__type_traits/type_identity.h /opt/homebrew/opt/llvm/include/c++/v1/__memory/pointer_traits.h /opt/homebrew/opt/llvm/include/c++/v1/limits /opt/homebrew/opt/llvm/include/c++/v1/__undef_macros /opt/homebrew/opt/llvm/include/c++/v1/__memory/allocator.h /opt/homebrew/opt/llvm/include/c++/v1/__memory/allocate_at_least.h /opt/homebrew/opt/llvm/include/c++/v1/stdexcept /opt/homebrew/opt/llvm/include/c++/v1/__memory/allocator_destructor.h /opt/homebrew/opt/llvm/include/c++/v1/__memory/auto_ptr.h /opt/homebrew/opt/llvm/include/c++/v1/__memory/compressed_pair.h /opt/homebrew/opt/llvm/include/c++/v1/__fwd/get.h /opt/homebrew/opt/llvm/include/c++/v1/__fwd/array.h /opt/homebrew/opt/llvm/include/c++/v1/__fwd/subrange.h /opt/homebrew/opt/llvm/include/c++/v1/__fwd/tuple.h /opt/homebrew/opt/llvm/include/c++/v1/__tuple_dir/tuple_element.h /opt/homebrew/opt/llvm/include/c++/v1/__tuple_dir/tuple_indices.h /opt/homebrew/opt/llvm/include/c++/v1/__utility/integer_sequence.h /opt/homebrew/opt/llvm/include/c++/v1/__tuple_dir/tuple_types.h /opt/homebrew/opt/llvm/include/c++/v1/__utility/piecewise_construct.h /opt/homebrew/opt/llvm/include/c++/v1/__memory/uninitialized_algorithms.h /opt/homebrew/opt/llvm/include/c++/v1/__algorithm/copy.h /opt/homebrew/opt/llvm/include/c++/v1/__algorithm/copy_move_common.h /opt/homebrew/opt/llvm/include/c++/v1/__algorithm/iterator_operations.h /opt/homebrew/opt/llvm/include/c++/v1/__algorithm/iter_swap.h /opt/homebrew/opt/llvm/include/c++/v1/__algorithm/ranges_iterator_concept.h /opt/homebrew/opt/llvm/include/c++/v1/__iterator/concepts.h /opt/homebrew/opt/llvm/include/c++/v1/__concepts/derived_from.h /opt/homebrew/opt/llvm/include/c++/v1/__concepts/invocable.h /opt/homebrew/opt/llvm/include/c++/v1/__concepts/predicate.h /opt/homebrew/opt/llvm/include/c++/v1/__concepts/regular.h /opt/homebrew/opt/llvm/include/c++/v1/__concepts/semiregular.h /opt/homebrew/opt/llvm/include/c++/v1/__concepts/relation.h /opt/homebrew/opt/llvm/include/c++/v1/__iterator/iter_move.h /opt/homebrew/opt/llvm/include/c++/v1/__iterator/advance.h /opt/homebrew/opt/llvm/include/c++/v1/__utility/convert_to_integral.h /opt/homebrew/opt/llvm/include/c++/v1/__utility/unreachable.h /opt/homebrew/opt/llvm/include/c++/v1/__iterator/distance.h /opt/homebrew/opt/llvm/include/c++/v1/__ranges/access.h /opt/homebrew/opt/llvm/include/c++/v1/__ranges/enable_borrowed_range.h /opt/homebrew/opt/llvm/include/c++/v1/__utility/auto_cast.h /opt/homebrew/opt/llvm/include/c++/v1/__ranges/concepts.h /opt/homebrew/opt/llvm/include/c++/v1/__ranges/data.h /opt/homebrew/opt/llvm/include/c++/v1/__ranges/enable_view.h /opt/homebrew/opt/llvm/include/c++/v1/__ranges/size.h /opt/homebrew/opt/llvm/include/c++/v1/initializer_list /opt/homebrew/opt/llvm/include/c++/v1/__iterator/iter_swap.h /opt/homebrew/opt/llvm/include/c++/v1/__iterator/next.h /opt/homebrew/opt/llvm/include/c++/v1/__iterator/prev.h /opt/homebrew/opt/llvm/include/c++/v1/__algorithm/unwrap_iter.h /opt/homebrew/opt/llvm/include/c++/v1/__algorithm/unwrap_range.h /opt/homebrew/opt/llvm/include/c++/v1/__utility/pair.h /opt/homebrew/opt/llvm/include/c++/v1/__compare/synth_three_way.h /opt/homebrew/opt/llvm/include/c++/v1/__functional/unwrap_ref.h /opt/homebrew/opt/llvm/include/c++/v1/__tuple_dir/sfinae_helpers.h /opt/homebrew/opt/llvm/include/c++/v1/__tuple_dir/make_tuple_types.h /opt/homebrew/opt/llvm/include/c++/v1/__tuple_dir/apply_cv.h /opt/homebrew/opt/llvm/include/c++/v1/__tuple_dir/tuple_size.h /opt/homebrew/opt/llvm/include/c++/v1/__tuple_dir/tuple_like_ext.h /opt/homebrew/opt/llvm/include/c++/v1/__type_traits/is_always_bitcastable.h /opt/homebrew/opt/llvm/include/c++/v1/__algorithm/min.h /opt/homebrew/opt/llvm/include/c++/v1/__algorithm/comp.h /opt/homebrew/opt/llvm/include/c++/v1/__algorithm/comp_ref_type.h /opt/homebrew/opt/llvm/include/c++/v1/__debug /opt/homebrew/opt/llvm/include/c++/v1/__algorithm/min_element.h /opt/homebrew/opt/llvm/include/c++/v1/__functional/identity.h /opt/homebrew/opt/llvm/include/c++/v1/__iterator/segmented_iterator.h /opt/homebrew/opt/llvm/include/c++/v1/__algorithm/move.h /opt/homebrew/opt/llvm/include/c++/v1/__iterator/reverse_iterator.h /opt/homebrew/opt/llvm/include/c++/v1/__compare/compare_three_way_result.h /opt/homebrew/opt/llvm/include/c++/v1/__ranges/subrange.h /opt/homebrew/opt/llvm/include/c++/v1/__concepts/different_from.h /opt/homebrew/opt/llvm/include/c++/v1/__ranges/dangling.h /opt/homebrew/opt/llvm/include/c++/v1/__ranges/view_interface.h /opt/homebrew/opt/llvm/include/c++/v1/__ranges/empty.h /opt/homebrew/opt/llvm/include/c++/v1/__tuple_dir/pair_like.h /opt/homebrew/opt/llvm/include/c++/v1/__tuple_dir/tuple_like.h /opt/homebrew/opt/llvm/include/c++/v1/__utility/exception_guard.h /opt/homebrew/opt/llvm/include/c++/v1/__memory/unique_ptr.h /opt/homebrew/opt/llvm/include/c++/v1/__functional/hash.h /opt/homebrew/opt/llvm/include/c++/v1/cstring /opt/homebrew/opt/llvm/include/c++/v1/string.h /Library/Developer/CommandLineTools/SDKs/MacOSX.sdk/usr/include/string.h /Library/Developer/CommandLineTools/SDKs/MacOSX.sdk/usr/include/sys/_types/_rsize_t.h /Library/Developer/CommandLineTools/SDKs/MacOSX.sdk/usr/include/sys/_types/_errno_t.h /Library/Developer/CommandLineTools/SDKs/MacOSX.sdk/usr/include/strings.h /opt/homebrew/opt/llvm/include/c++/v1/typeinfo /opt/homebrew/opt/llvm/include/c++/v1/atomic /opt/homebrew/opt/llvm/include/c++/v1/__chrono/duration.h /opt/homebrew/opt/llvm/include/c++/v1/ratio /opt/homebrew/opt/llvm/include/c++/v1/climits /opt/homebrew/opt/llvm/include/c++/v1/limits.h /opt/homebrew/Cellar/llvm/16.0.6/lib/clang/16/include/limits.h /Library/Developer/CommandLineTools/SDKs/MacOSX.sdk/usr/include/limits.h /Library/Developer/CommandLineTools/SDKs/MacOSX.sdk/usr/include/machine/limits.h /Library/Developer/CommandLineTools/SDKs/MacOSX.sdk/usr/include/arm/limits.h /Library/Developer/CommandLineTools/SDKs/MacOSX.sdk/usr/include/arm/_limits.h /Library/Developer/CommandLineTools/SDKs/MacOSX.sdk/usr/include/sys/syslimits.h /opt/homebrew/opt/llvm/include/c++/v1/__thread/poll_with_backoff.h /opt/homebrew/opt/llvm/include/c++/v1/__chrono/high_resolution_clock.h /opt/homebrew/opt/llvm/include/c++/v1/__chrono/steady_clock.h /opt/homebrew/opt/llvm/include/c++/v1/__chrono/time_point.h /opt/homebrew/opt/llvm/include/c++/v1/__chrono/system_clock.h /opt/homebrew/opt/llvm/include/c++/v1/ctime /opt/homebrew/opt/llvm/include/c++/v1/__thread/timed_backoff_policy.h /opt/homebrew/opt/llvm/include/c++/v1/__threading_support /opt/homebrew/opt/llvm/include/c++/v1/__chrono/convert_to_timespec.h /opt/homebrew/opt/llvm/include/c++/v1/errno.h /Library/Developer/CommandLineTools/SDKs/MacOSX.sdk/usr/include/errno.h /Library/Developer/CommandLineTools/SDKs/MacOSX.sdk/usr/include/sys/errno.h /Library/Developer/CommandLineTools/SDKs/MacOSX.sdk/usr/include/pthread.h /Library/Developer/CommandLineTools/SDKs/MacOSX.sdk/usr/include/pthread/sched.h /Library/Developer/CommandLineTools/SDKs/MacOSX.sdk/usr/include/pthread/pthread_impl.h /Library/Developer/CommandLineTools/SDKs/MacOSX.sdk/usr/include/sys/_pthread/_pthread_cond_t.h /Library/Developer/CommandLineTools/SDKs/MacOSX.sdk/usr/include/sys/_pthread/_pthread_condattr_t.h /Library/Developer/CommandLineTools/SDKs/MacOSX.sdk/usr/include/sys/_pthread/_pthread_key_t.h /Library/Developer/CommandLineTools/SDKs/MacOSX.sdk/usr/include/sys/_pthread/_pthread_mutex_t.h /Library/Developer/CommandLineTools/SDKs/MacOSX.sdk/usr/include/sys/_pthread/_pthread_mutexattr_t.h /Library/Developer/CommandLineTools/SDKs/MacOSX.sdk/usr/include/sys/_pthread/_pthread_once_t.h /Library/Developer/CommandLineTools/SDKs/MacOSX.sdk/usr/include/sys/_pthread/_pthread_rwlock_t.h /Library/Developer/CommandLineTools/SDKs/MacOSX.sdk/usr/include/sys/_pthread/_pthread_rwlockattr_t.h /Library/Developer/CommandLineTools/SDKs/MacOSX.sdk/usr/include/sys/_pthread/_pthread_t.h /Library/Developer/CommandLineTools/SDKs/MacOSX.sdk/usr/include/pthread/qos.h /Library/Developer/CommandLineTools/SDKs/MacOSX.sdk/usr/include/sys/qos.h /Library/Developer/CommandLineTools/SDKs/MacOSX.sdk/usr/include/sys/_types/_mach_port_t.h /Library/Developer/CommandLineTools/SDKs/MacOSX.sdk/usr/include/sched.h /opt/homebrew/opt/llvm/include/c++/v1/cmath /opt/homebrew/opt/llvm/include/c++/v1/math.h /Library/Developer/CommandLineTools/SDKs/MacOSX.sdk/usr/include/math.h /opt/homebrew/opt/llvm/include/c++/v1/__type_traits/promote.h /opt/homebrew/opt/llvm/include/c++/v1/compare /opt/homebrew/opt/llvm/include/c++/v1/__compare/compare_partial_order_fallback.h /opt/homebrew/opt/llvm/include/c++/v1/__compare/partial_order.h /opt/homebrew/opt/llvm/include/c++/v1/__compare/weak_order.h /opt/homebrew/opt/llvm/include/c++/v1/__compare/strong_order.h /opt/homebrew/opt/llvm/include/c++/v1/__bit/bit_cast.h /opt/homebrew/opt/llvm/include/c++/v1/__utility/priority_tag.h /opt/homebrew/opt/llvm/include/c++/v1/__compare/compare_strong_order_fallback.h /opt/homebrew/opt/llvm/include/c++/v1/__compare/compare_weak_order_fallback.h /opt/homebrew/opt/llvm/include/c++/v1/__compare/is_eq.h /opt/homebrew/opt/llvm/include/c++/v1/bitset /opt/homebrew/opt/llvm/include/c++/v1/__algorithm/fill.h /opt/homebrew/opt/llvm/include/c++/v1/__algorithm/fill_n.h /opt/homebrew/opt/llvm/include/c++/v1/__bit_reference /opt/homebrew/opt/llvm/include/c++/v1/__algorithm/copy_n.h /opt/homebrew/opt/llvm/include/c++/v1/__bit/countr.h /opt/homebrew/opt/llvm/include/c++/v1/__bit/rotate.h /opt/homebrew/opt/llvm/include/c++/v1/__bit/popcount.h /opt/homebrew/opt/llvm/include/c++/v1/string /opt/homebrew/opt/llvm/include/c++/v1/__algorithm/max.h /opt/homebrew/opt/llvm/include/c++/v1/__algorithm/max_element.h /opt/homebrew/opt/llvm/include/c++/v1/__algorithm/remove.h /opt/homebrew/opt/llvm/include/c++/v1/__algorithm/find.h /opt/homebrew/opt/llvm/include/c++/v1/__algorithm/find_if.h /opt/homebrew/opt/llvm/include/c++/v1/__algorithm/remove_if.h /opt/homebrew/opt/llvm/include/c++/v1/__format/enable_insertable.h /opt/homebrew/opt/llvm/include/c++/v1/__ios/fpos.h /opt/homebrew/opt/llvm/include/c++/v1/__iterator/wrap_iter.h /opt/homebrew/opt/llvm/include/c++/v1/__memory/swap_allocator.h /opt/homebrew/opt/llvm/include/c++/v1/__memory_resource/polymorphic_allocator.h /opt/homebrew/opt/llvm/include/c++/v1/__memory_resource/memory_resource.h /opt/homebrew/opt/llvm/include/c++/v1/tuple /opt/homebrew/opt/llvm/include/c++/v1/__memory/allocator_arg_t.h /opt/homebrew/opt/llvm/include/c++/v1/__memory/uses_allocator.h /opt/homebrew/opt/llvm/include/c++/v1/utility /opt/homebrew/opt/llvm/include/c++/v1/__utility/as_const.h /opt/homebrew/opt/llvm/include/c++/v1/__utility/cmp.h /opt/homebrew/opt/llvm/include/c++/v1/__utility/forward_like.h /opt/homebrew/opt/llvm/include/c++/v1/__utility/in_place.h /opt/homebrew/opt/llvm/include/c++/v1/__utility/rel_ops.h /opt/homebrew/opt/llvm/include/c++/v1/__utility/to_underlying.h /opt/homebrew/opt/llvm/include/c++/v1/__string/char_traits.h /opt/homebrew/opt/llvm/include/c++/v1/__algorithm/find_end.h /opt/homebrew/opt/llvm/include/c++/v1/__algorithm/search.h /opt/homebrew/opt/llvm/include/c++/v1/__algorithm/find_first_of.h /opt/homebrew/opt/llvm/include/c++/v1/cstdio /opt/homebrew/opt/llvm/include/c++/v1/cwchar /opt/homebrew/opt/llvm/include/c++/v1/cwctype /opt/homebrew/opt/llvm/include/c++/v1/cctype /opt/homebrew/opt/llvm/include/c++/v1/wctype.h /Library/Developer/CommandLineTools/SDKs/MacOSX.sdk/usr/include/wctype.h /Library/Developer/CommandLineTools/SDKs/MacOSX.sdk/usr/include/_types/_wctrans_t.h /opt/homebrew/opt/llvm/include/c++/v1/__string/extern_template_lists.h /opt/homebrew/opt/llvm/include/c++/v1/__type_traits/is_allocator.h /opt/homebrew/opt/llvm/include/c++/v1/__type_traits/noexcept_move_assign_container.h /opt/homebrew/opt/llvm/include/c++/v1/string_view /opt/homebrew/opt/llvm/include/c++/v1/__fwd/string_view.h /opt/homebrew/opt/llvm/include/c++/v1/__iterator/data.h /opt/homebrew/opt/llvm/include/c++/v1/__iterator/empty.h /opt/homebrew/opt/llvm/include/c++/v1/__iterator/reverse_access.h /opt/homebrew/opt/llvm/include/c++/v1/__iterator/size.h /opt/homebrew/opt/llvm/include/c++/v1/algorithm /opt/homebrew/opt/llvm/include/c++/v1/__algorithm/adjacent_find.h /opt/homebrew/opt/llvm/include/c++/v1/__algorithm/all_of.h /opt/homebrew/opt/llvm/include/c++/v1/__algorithm/any_of.h /opt/homebrew/opt/llvm/include/c++/v1/__algorithm/binary_search.h /opt/homebrew/opt/llvm/include/c++/v1/__algorithm/lower_bound.h /opt/homebrew/opt/llvm/include/c++/v1/__algorithm/half_positive.h /opt/homebrew/opt/llvm/include/c++/v1/__algorithm/clamp.h /opt/homebrew/opt/llvm/include/c++/v1/__algorithm/copy_backward.h /opt/homebrew/opt/llvm/include/c++/v1/__algorithm/copy_if.h /opt/homebrew/opt/llvm/include/c++/v1/__algorithm/count.h /opt/homebrew/opt/llvm/include/c++/v1/__algorithm/count_if.h /opt/homebrew/opt/llvm/include/c++/v1/__algorithm/equal.h /opt/homebrew/opt/llvm/include/c++/v1/__algorithm/equal_range.h /opt/homebrew/opt/llvm/include/c++/v1/__algorithm/upper_bound.h /opt/homebrew/opt/llvm/include/c++/v1/__algorithm/find_if_not.h /opt/homebrew/opt/llvm/include/c++/v1/__algorithm/for_each.h /opt/homebrew/opt/llvm/include/c++/v1/__algorithm/for_each_n.h /opt/homebrew/opt/llvm/include/c++/v1/__algorithm/generate.h /opt/homebrew/opt/llvm/include/c++/v1/__algorithm/generate_n.h /opt/homebrew/opt/llvm/include/c++/v1/__algorithm/in_found_result.h /opt/homebrew/opt/llvm/include/c++/v1/__algorithm/in_fun_result.h /opt/homebrew/opt/llvm/include/c++/v1/__algorithm/in_in_out_result.h /opt/homebrew/opt/llvm/include/c++/v1/__algorithm/in_in_result.h /opt/homebrew/opt/llvm/include/c++/v1/__algorithm/in_out_out_result.h /opt/homebrew/opt/llvm/include/c++/v1/__algorithm/in_out_result.h /opt/homebrew/opt/llvm/include/c++/v1/__algorithm/includes.h /opt/homebrew/opt/llvm/include/c++/v1/__algorithm/inplace_merge.h /opt/homebrew/opt/llvm/include/c++/v1/__algorithm/rotate.h /opt/homebrew/opt/llvm/include/c++/v1/__algorithm/move_backward.h /opt/homebrew/opt/llvm/include/c++/v1/__algorithm/swap_ranges.h /opt/homebrew/opt/llvm/include/c++/v1/__memory/destruct_n.h /opt/homebrew/opt/llvm/include/c++/v1/__memory/temporary_buffer.h /opt/homebrew/opt/llvm/include/c++/v1/__algorithm/is_heap.h /opt/homebrew/opt/llvm/include/c++/v1/__algorithm/is_heap_until.h /opt/homebrew/opt/llvm/include/c++/v1/__algorithm/is_partitioned.h /opt/homebrew/opt/llvm/include/c++/v1/__algorithm/is_permutation.h /opt/homebrew/opt/llvm/include/c++/v1/__algorithm/is_sorted.h /opt/homebrew/opt/llvm/include/c++/v1/__algorithm/is_sorted_until.h /opt/homebrew/opt/llvm/include/c++/v1/__algorithm/lexicographical_compare.h /opt/homebrew/opt/llvm/include/c++/v1/__algorithm/make_heap.h /opt/homebrew/opt/llvm/include/c++/v1/__algorithm/sift_down.h /opt/homebrew/opt/llvm/include/c++/v1/__algorithm/merge.h /opt/homebrew/opt/llvm/include/c++/v1/__algorithm/min_max_result.h /opt/homebrew/opt/llvm/include/c++/v1/__algorithm/minmax.h /opt/homebrew/opt/llvm/include/c++/v1/__algorithm/minmax_element.h /opt/homebrew/opt/llvm/include/c++/v1/__algorithm/mismatch.h /opt/homebrew/opt/llvm/include/c++/v1/__algorithm/next_permutation.h /opt/homebrew/opt/llvm/include/c++/v1/__algorithm/reverse.h /opt/homebrew/opt/llvm/include/c++/v1/__algorithm/none_of.h /opt/homebrew/opt/llvm/include/c++/v1/__algorithm/nth_element.h /opt/homebrew/opt/llvm/include/c++/v1/__algorithm/sort.h /opt/homebrew/opt/llvm/include/c++/v1/__algorithm/partial_sort.h /opt/homebrew/opt/llvm/include/c++/v1/__algorithm/sort_heap.h /opt/homebrew/opt/llvm/include/c++/v1/__algorithm/pop_heap.h /opt/homebrew/opt/llvm/include/c++/v1/__algorithm/push_heap.h /opt/homebrew/opt/llvm/include/c++/v1/__debug_utils/randomize_range.h /opt/homebrew/opt/llvm/include/c++/v1/__functional/ranges_operations.h /opt/homebrew/opt/llvm/include/c++/v1/bit /opt/homebrew/opt/llvm/include/c++/v1/__bit/bit_ceil.h /opt/homebrew/opt/llvm/include/c++/v1/__bit/countl.h /opt/homebrew/opt/llvm/include/c++/v1/__bit/bit_floor.h /opt/homebrew/opt/llvm/include/c++/v1/__bit/bit_log2.h /opt/homebrew/opt/llvm/include/c++/v1/__bit/bit_width.h /opt/homebrew/opt/llvm/include/c++/v1/__bit/blsr.h /opt/homebrew/opt/llvm/include/c++/v1/__bit/byteswap.h /opt/homebrew/opt/llvm/include/c++/v1/__bit/endian.h /opt/homebrew/opt/llvm/include/c++/v1/__bit/has_single_bit.h /opt/homebrew/opt/llvm/include/c++/v1/__algorithm/partial_sort_copy.h /opt/homebrew/opt/llvm/include/c++/v1/__algorithm/make_projected.h /opt/homebrew/opt/llvm/include/c++/v1/__algorithm/partition.h /opt/homebrew/opt/llvm/include/c++/v1/__algorithm/partition_copy.h /opt/homebrew/opt/llvm/include/c++/v1/__algorithm/partition_point.h /opt/homebrew/opt/llvm/include/c++/v1/__algorithm/prev_permutation.h /opt/homebrew/opt/llvm/include/c++/v1/__algorithm/ranges_adjacent_find.h /opt/homebrew/opt/llvm/include/c++/v1/__iterator/projected.h /opt/homebrew/opt/llvm/include/c++/v1/__algorithm/ranges_all_of.h /opt/homebrew/opt/llvm/include/c++/v1/__algorithm/ranges_any_of.h /opt/homebrew/opt/llvm/include/c++/v1/__algorithm/ranges_binary_search.h /opt/homebrew/opt/llvm/include/c++/v1/__algorithm/ranges_clamp.h /opt/homebrew/opt/llvm/include/c++/v1/__algorithm/ranges_copy.h /opt/homebrew/opt/llvm/include/c++/v1/__algorithm/ranges_copy_backward.h /opt/homebrew/opt/llvm/include/c++/v1/__algorithm/ranges_copy_if.h /opt/homebrew/opt/llvm/include/c++/v1/__algorithm/ranges_copy_n.h /opt/homebrew/opt/llvm/include/c++/v1/__iterator/unreachable_sentinel.h /opt/homebrew/opt/llvm/include/c++/v1/__algorithm/ranges_count.h /opt/homebrew/opt/llvm/include/c++/v1/__algorithm/ranges_count_if.h /opt/homebrew/opt/llvm/include/c++/v1/__algorithm/ranges_equal.h /opt/homebrew/opt/llvm/include/c++/v1/__iterator/indirectly_comparable.h /opt/homebrew/opt/llvm/include/c++/v1/__algorithm/ranges_equal_range.h /opt/homebrew/opt/llvm/include/c++/v1/__algorithm/ranges_fill.h /opt/homebrew/opt/llvm/include/c++/v1/__algorithm/ranges_fill_n.h /opt/homebrew/opt/llvm/include/c++/v1/__algorithm/ranges_find.h /opt/homebrew/opt/llvm/include/c++/v1/__algorithm/ranges_find_if.h /opt/homebrew/opt/llvm/include/c++/v1/__algorithm/ranges_find_end.h /opt/homebrew/opt/llvm/include/c++/v1/__algorithm/ranges_find_first_of.h /opt/homebrew/opt/llvm/include/c++/v1/__algorithm/ranges_find_if_not.h /opt/homebrew/opt/llvm/include/c++/v1/__algorithm/ranges_for_each.h /opt/homebrew/opt/llvm/include/c++/v1/__algorithm/ranges_for_each_n.h /opt/homebrew/opt/llvm/include/c++/v1/__algorithm/ranges_generate.h /opt/homebrew/opt/llvm/include/c++/v1/__algorithm/ranges_generate_n.h /opt/homebrew/opt/llvm/include/c++/v1/__algorithm/ranges_includes.h /opt/homebrew/opt/llvm/include/c++/v1/__algorithm/ranges_inplace_merge.h /opt/homebrew/opt/llvm/include/c++/v1/__iterator/sortable.h /opt/homebrew/opt/llvm/include/c++/v1/__iterator/permutable.h /opt/homebrew/opt/llvm/include/c++/v1/__algorithm/ranges_is_heap.h /opt/homebrew/opt/llvm/include/c++/v1/__algorithm/ranges_is_heap_until.h /opt/homebrew/opt/llvm/include/c++/v1/__algorithm/ranges_is_partitioned.h /opt/homebrew/opt/llvm/include/c++/v1/__algorithm/ranges_is_permutation.h /opt/homebrew/opt/llvm/include/c++/v1/__algorithm/ranges_is_sorted.h /opt/homebrew/opt/llvm/include/c++/v1/__algorithm/ranges_is_sorted_until.h /opt/homebrew/opt/llvm/include/c++/v1/__algorithm/ranges_lexicographical_compare.h /opt/homebrew/opt/llvm/include/c++/v1/__algorithm/ranges_lower_bound.h /opt/homebrew/opt/llvm/include/c++/v1/__algorithm/ranges_make_heap.h /opt/homebrew/opt/llvm/include/c++/v1/__algorithm/ranges_max.h /opt/homebrew/opt/llvm/include/c++/v1/__algorithm/ranges_min_element.h /opt/homebrew/opt/llvm/include/c++/v1/__algorithm/ranges_max_element.h /opt/homebrew/opt/llvm/include/c++/v1/__algorithm/ranges_merge.h /opt/homebrew/opt/llvm/include/c++/v1/__iterator/mergeable.h /opt/homebrew/opt/llvm/include/c++/v1/__algorithm/ranges_min.h /opt/homebrew/opt/llvm/include/c++/v1/__algorithm/ranges_minmax.h /opt/homebrew/opt/llvm/include/c++/v1/__algorithm/ranges_minmax_element.h /opt/homebrew/opt/llvm/include/c++/v1/__algorithm/ranges_mismatch.h /opt/homebrew/opt/llvm/include/c++/v1/__algorithm/ranges_move.h /opt/homebrew/opt/llvm/include/c++/v1/__algorithm/ranges_move_backward.h /opt/homebrew/opt/llvm/include/c++/v1/__algorithm/ranges_next_permutation.h /opt/homebrew/opt/llvm/include/c++/v1/__algorithm/ranges_none_of.h /opt/homebrew/opt/llvm/include/c++/v1/__algorithm/ranges_nth_element.h /opt/homebrew/opt/llvm/include/c++/v1/__algorithm/ranges_partial_sort.h /opt/homebrew/opt/llvm/include/c++/v1/__algorithm/ranges_partial_sort_copy.h /opt/homebrew/opt/llvm/include/c++/v1/__algorithm/ranges_partition.h /opt/homebrew/opt/llvm/include/c++/v1/__algorithm/ranges_partition_copy.h /opt/homebrew/opt/llvm/include/c++/v1/__algorithm/ranges_partition_point.h /opt/homebrew/opt/llvm/include/c++/v1/__algorithm/ranges_pop_heap.h /opt/homebrew/opt/llvm/include/c++/v1/__algorithm/ranges_prev_permutation.h /opt/homebrew/opt/llvm/include/c++/v1/__algorithm/ranges_push_heap.h /opt/homebrew/opt/llvm/include/c++/v1/__algorithm/ranges_remove.h /opt/homebrew/opt/llvm/include/c++/v1/__algorithm/ranges_remove_if.h /opt/homebrew/opt/llvm/include/c++/v1/__algorithm/ranges_remove_copy.h /opt/homebrew/opt/llvm/include/c++/v1/__algorithm/ranges_remove_copy_if.h /opt/homebrew/opt/llvm/include/c++/v1/__algorithm/remove_copy_if.h /opt/homebrew/opt/llvm/include/c++/v1/__algorithm/ranges_replace.h /opt/homebrew/opt/llvm/include/c++/v1/__algorithm/ranges_replace_if.h /opt/homebrew/opt/llvm/include/c++/v1/__algorithm/ranges_replace_copy.h /opt/homebrew/opt/llvm/include/c++/v1/__algorithm/ranges_replace_copy_if.h /opt/homebrew/opt/llvm/include/c++/v1/__algorithm/ranges_reverse.h /opt/homebrew/opt/llvm/include/c++/v1/__algorithm/ranges_reverse_copy.h /opt/homebrew/opt/llvm/include/c++/v1/__algorithm/ranges_rotate.h /opt/homebrew/opt/llvm/include/c++/v1/__algorithm/ranges_rotate_copy.h /opt/homebrew/opt/llvm/include/c++/v1/__algorithm/ranges_sample.h /opt/homebrew/opt/llvm/include/c++/v1/__algorithm/sample.h /opt/homebrew/opt/llvm/include/c++/v1/__random/uniform_int_distribution.h /opt/homebrew/opt/llvm/include/c++/v1/__random/is_valid.h /opt/homebrew/opt/llvm/include/c++/v1/__random/log2.h /opt/homebrew/opt/llvm/include/c++/v1/__algorithm/uniform_random_bit_generator_adaptor.h /opt/homebrew/opt/llvm/include/c++/v1/__random/uniform_random_bit_generator.h /opt/homebrew/opt/llvm/include/c++/v1/__algorithm/ranges_search.h /opt/homebrew/opt/llvm/include/c++/v1/__algorithm/ranges_search_n.h /opt/homebrew/opt/llvm/include/c++/v1/__algorithm/search_n.h /opt/homebrew/opt/llvm/include/c++/v1/__algorithm/ranges_set_difference.h /opt/homebrew/opt/llvm/include/c++/v1/__algorithm/set_difference.h /opt/homebrew/opt/llvm/include/c++/v1/__algorithm/ranges_set_intersection.h /opt/homebrew/opt/llvm/include/c++/v1/__algorithm/set_intersection.h /opt/homebrew/opt/llvm/include/c++/v1/__algorithm/ranges_set_symmetric_difference.h /opt/homebrew/opt/llvm/include/c++/v1/__algorithm/set_symmetric_difference.h /opt/homebrew/opt/llvm/include/c++/v1/__algorithm/ranges_set_union.h /opt/homebrew/opt/llvm/include/c++/v1/__algorithm/set_union.h /opt/homebrew/opt/llvm/include/c++/v1/__algorithm/ranges_shuffle.h /opt/homebrew/opt/llvm/include/c++/v1/__algorithm/shuffle.h /opt/homebrew/opt/llvm/include/c++/v1/__algorithm/ranges_sort.h /opt/homebrew/opt/llvm/include/c++/v1/__algorithm/ranges_sort_heap.h /opt/homebrew/opt/llvm/include/c++/v1/__algorithm/ranges_stable_partition.h /opt/homebrew/opt/llvm/include/c++/v1/__algorithm/stable_partition.h /opt/homebrew/opt/llvm/include/c++/v1/__algorithm/ranges_stable_sort.h /opt/homebrew/opt/llvm/include/c++/v1/__algorithm/stable_sort.h /opt/homebrew/opt/llvm/include/c++/v1/__algorithm/ranges_swap_ranges.h /opt/homebrew/opt/llvm/include/c++/v1/__algorithm/ranges_transform.h /opt/homebrew/opt/llvm/include/c++/v1/__algorithm/ranges_unique.h /opt/homebrew/opt/llvm/include/c++/v1/__algorithm/unique.h /opt/homebrew/opt/llvm/include/c++/v1/__algorithm/ranges_unique_copy.h /opt/homebrew/opt/llvm/include/c++/v1/__algorithm/unique_copy.h /opt/homebrew/opt/llvm/include/c++/v1/__algorithm/ranges_upper_bound.h /opt/homebrew/opt/llvm/include/c++/v1/__algorithm/remove_copy.h /opt/homebrew/opt/llvm/include/c++/v1/__algorithm/replace.h /opt/homebrew/opt/llvm/include/c++/v1/__algorithm/replace_copy.h /opt/homebrew/opt/llvm/include/c++/v1/__algorithm/replace_copy_if.h /opt/homebrew/opt/llvm/include/c++/v1/__algorithm/replace_if.h /opt/homebrew/opt/llvm/include/c++/v1/__algorithm/reverse_copy.h /opt/homebrew/opt/llvm/include/c++/v1/__algorithm/rotate_copy.h /opt/homebrew/opt/llvm/include/c++/v1/__algorithm/shift_left.h /opt/homebrew/opt/llvm/include/c++/v1/__algorithm/shift_right.h /opt/homebrew/opt/llvm/include/c++/v1/__algorithm/transform.h /opt/homebrew/opt/llvm/include/c++/v1/chrono /opt/homebrew/opt/llvm/include/c++/v1/__chrono/calendar.h /opt/homebrew/opt/llvm/include/c++/v1/__chrono/convert_to_tm.h /opt/homebrew/opt/llvm/include/c++/v1/__chrono/day.h /opt/homebrew/opt/llvm/include/c++/v1/__chrono/hh_mm_ss.h /opt/homebrew/opt/llvm/include/c++/v1/__chrono/month.h /opt/homebrew/opt/llvm/include/c++/v1/__chrono/month_weekday.h /opt/homebrew/opt/llvm/include/c++/v1/__chrono/weekday.h /opt/homebrew/opt/llvm/include/c++/v1/__chrono/monthday.h /opt/homebrew/opt/llvm/include/c++/v1/__chrono/statically_widen.h /opt/homebrew/opt/llvm/include/c++/v1/__format/concepts.h /opt/homebrew/opt/llvm/include/c++/v1/__format/format_fwd.h /opt/homebrew/opt/llvm/include/c++/v1/__format/format_parse_context.h /opt/homebrew/opt/llvm/include/c++/v1/__format/format_error.h /opt/homebrew/opt/llvm/include/c++/v1/__chrono/year.h /opt/homebrew/opt/llvm/include/c++/v1/__chrono/year_month.h /opt/homebrew/opt/llvm/include/c++/v1/__chrono/year_month_day.h /opt/homebrew/opt/llvm/include/c++/v1/__chrono/year_month_weekday.h /opt/homebrew/opt/llvm/include/c++/v1/__chrono/file_clock.h /opt/homebrew/opt/llvm/include/c++/v1/__chrono/literals.h /opt/homebrew/opt/llvm/include/c++/v1/concepts /opt/homebrew/opt/llvm/include/c++/v1/__concepts/common_with.h /opt/homebrew/opt/llvm/include/c++/v1/iterator /opt/homebrew/opt/llvm/include/c++/v1/__iterator/back_insert_iterator.h /opt/homebrew/opt/llvm/include/c++/v1/__iterator/bounded_iter.h /opt/homebrew/opt/llvm/include/c++/v1/__iterator/common_iterator.h /opt/homebrew/opt/llvm/include/c++/v1/variant /opt/homebrew/opt/llvm/include/c++/v1/__variant/monostate.h /opt/homebrew/opt/llvm/include/c++/v1/__iterator/counted_iterator.h /opt/homebrew/opt/llvm/include/c++/v1/__iterator/erase_if_container.h /opt/homebrew/opt/llvm/include/c++/v1/__iterator/front_insert_iterator.h /opt/homebrew/opt/llvm/include/c++/v1/__iterator/insert_iterator.h /opt/homebrew/opt/llvm/include/c++/v1/__iterator/istream_iterator.h /opt/homebrew/opt/llvm/include/c++/v1/__iterator/move_iterator.h /opt/homebrew/opt/llvm/include/c++/v1/__iterator/move_sentinel.h /opt/homebrew/opt/llvm/include/c++/v1/__iterator/ostream_iterator.h /opt/homebrew/opt/llvm/include/c++/v1/__iterator/ostreambuf_iterator.h /opt/homebrew/opt/llvm/include/c++/v1/memory /opt/homebrew/opt/llvm/include/c++/v1/__memory/align.h /opt/homebrew/opt/llvm/include/c++/v1/__memory/assume_aligned.h /opt/homebrew/opt/llvm/include/c++/v1/__memory/concepts.h /opt/homebrew/opt/llvm/include/c++/v1/__memory/ranges_construct_at.h /opt/homebrew/opt/llvm/include/c++/v1/__memory/ranges_uninitialized_algorithms.h /opt/homebrew/opt/llvm/include/c++/v1/__memory/raw_storage_iterator.h /opt/homebrew/opt/llvm/include/c++/v1/__memory/uses_allocator_construction.h /opt/homebrew/opt/llvm/include/c++/v1/functional /opt/homebrew/opt/llvm/include/c++/v1/__functional/binary_negate.h /opt/homebrew/opt/llvm/include/c++/v1/__functional/bind.h /opt/homebrew/opt/llvm/include/c++/v1/__functional/bind_back.h /opt/homebrew/opt/llvm/include/c++/v1/__functional/perfect_forward.h /opt/homebrew/opt/llvm/include/c++/v1/__functional/bind_front.h /opt/homebrew/opt/llvm/include/c++/v1/__functional/binder1st.h /opt/homebrew/opt/llvm/include/c++/v1/__functional/binder2nd.h /opt/homebrew/opt/llvm/include/c++/v1/__functional/boyer_moore_searcher.h /opt/homebrew/opt/llvm/include/c++/v1/array /opt/homebrew/opt/llvm/include/c++/v1/unordered_map /opt/homebrew/opt/llvm/include/c++/v1/__functional/is_transparent.h /opt/homebrew/opt/llvm/include/c++/v1/__hash_table /opt/homebrew/opt/llvm/include/c++/v1/__node_handle /opt/homebrew/opt/llvm/include/c++/v1/optional /opt/homebrew/opt/llvm/include/c++/v1/vector /opt/homebrew/opt/llvm/include/c++/v1/__format/formatter.h /opt/homebrew/opt/llvm/include/c++/v1/__memory/temp_value.h /opt/homebrew/opt/llvm/include/c++/v1/__split_buffer /opt/homebrew/opt/llvm/include/c++/v1/__functional/compose.h /opt/homebrew/opt/llvm/include/c++/v1/__functional/default_searcher.h /opt/homebrew/opt/llvm/include/c++/v1/__functional/function.h /opt/homebrew/opt/llvm/include/c++/v1/__memory/builtin_new_allocator.h /opt/homebrew/opt/llvm/include/c++/v1/__type_traits/strip_signature.h /opt/homebrew/opt/llvm/include/c++/v1/__functional/mem_fn.h /opt/homebrew/opt/llvm/include/c++/v1/__functional/mem_fun_ref.h /opt/homebrew/opt/llvm/include/c++/v1/__functional/not_fn.h /opt/homebrew/opt/llvm/include/c++/v1/__functional/pointer_to_binary_function.h /opt/homebrew/opt/llvm/include/c++/v1/__functional/pointer_to_unary_function.h /opt/homebrew/opt/llvm/include/c++/v1/__functional/unary_negate.h /opt/homebrew/opt/llvm/include/c++/v1/ios /opt/homebrew/opt/llvm/include/c++/v1/__locale /opt/homebrew/opt/llvm/include/c++/v1/locale.h /Library/Developer/CommandLineTools/SDKs/MacOSX.sdk/usr/include/locale.h /Library/Developer/CommandLineTools/SDKs/MacOSX.sdk/usr/include/_locale.h /opt/homebrew/opt/llvm/include/c++/v1/mutex /opt/homebrew/opt/llvm/include/c++/v1/__mutex_base /opt/homebrew/opt/llvm/include/c++/v1/system_error /opt/homebrew/opt/llvm/include/c++/v1/__errc /opt/homebrew/opt/llvm/include/c++/v1/cerrno /Library/Developer/CommandLineTools/SDKs/MacOSX.sdk/usr/include/xlocale.h /Library/Developer/CommandLineTools/SDKs/MacOSX.sdk/usr/include/_xlocale.h /Library/Developer/CommandLineTools/SDKs/MacOSX.sdk/usr/include/xlocale/_ctype.h /Library/Developer/CommandLineTools/SDKs/MacOSX.sdk/usr/include/xlocale/__wctype.h /Library/Developer/CommandLineTools/SDKs/MacOSX.sdk/usr/include/xlocale/_stdio.h /Library/Developer/CommandLineTools/SDKs/MacOSX.sdk/usr/include/xlocale/_stdlib.h /Library/Developer/CommandLineTools/SDKs/MacOSX.sdk/usr/include/xlocale/_string.h /Library/Developer/CommandLineTools/SDKs/MacOSX.sdk/usr/include/xlocale/_time.h /Library/Developer/CommandLineTools/SDKs/MacOSX.sdk/usr/include/xlocale/_wchar.h /Library/Developer/CommandLineTools/SDKs/MacOSX.sdk/usr/include/xlocale/_wctype.h /opt/homebrew/opt/llvm/include/c++/v1/locale /opt/homebrew/opt/llvm/include/c++/v1/streambuf /Library/Developer/CommandLineTools/SDKs/MacOSX.sdk/usr/include/nl_types.h /Library/Developer/CommandLineTools/SDKs/MacOSX.sdk/usr/include/sys/types.h /Library/Developer/CommandLineTools/SDKs/MacOSX.sdk/usr/include/sys/_types/_u_char.h /Library/Developer/CommandLineTools/SDKs/MacOSX.sdk/usr/include/sys/_types/_u_short.h /Library/Developer/CommandLineTools/SDKs/MacOSX.sdk/usr/include/sys/_types/_u_int.h /Library/Developer/CommandLineTools/SDKs/MacOSX.sdk/usr/include/sys/_types/_caddr_t.h /Library/Developer/CommandLineTools/SDKs/MacOSX.sdk/usr/include/sys/_types/_blkcnt_t.h /Library/Developer/CommandLineTools/SDKs/MacOSX.sdk/usr/include/sys/_types/_blksize_t.h /Library/Developer/CommandLineTools/SDKs/MacOSX.sdk/usr/include/sys/_types/_gid_t.h /Library/Developer/CommandLineTools/SDKs/MacOSX.sdk/usr/include/sys/_types/_in_addr_t.h /Library/Developer/CommandLineTools/SDKs/MacOSX.sdk/usr/include/sys/_types/_in_port_t.h /Library/Developer/CommandLineTools/SDKs/MacOSX.sdk/usr/include/sys/_types/_ino_t.h /Library/Developer/CommandLineTools/SDKs/MacOSX.sdk/usr/include/sys/_types/_ino64_t.h /Library/Developer/CommandLineTools/SDKs/MacOSX.sdk/usr/include/sys/_types/_key_t.h /Library/Developer/CommandLineTools/SDKs/MacOSX.sdk/usr/include/sys/_types/_nlink_t.h /Library/Developer/CommandLineTools/SDKs/MacOSX.sdk/usr/include/sys/_types/_useconds_t.h /Library/Developer/CommandLineTools/SDKs/MacOSX.sdk/usr/include/sys/_types/_suseconds_t.h /Library/Developer/CommandLineTools/SDKs/MacOSX.sdk/usr/include/sys/_types/_fd_def.h /Library/Developer/CommandLineTools/SDKs/MacOSX.sdk/usr/include/sys/_types/_fd_setsize.h /Library/Developer/CommandLineTools/SDKs/MacOSX.sdk/usr/include/sys/_types/_fd_set.h /Library/Developer/CommandLineTools/SDKs/MacOSX.sdk/usr/include/sys/_types/_fd_clr.h /Library/Developer/CommandLineTools/SDKs/MacOSX.sdk/usr/include/sys/_types/_fd_zero.h /Library/Developer/CommandLineTools/SDKs/MacOSX.sdk/usr/include/sys/_types/_fd_isset.h /Library/Developer/CommandLineTools/SDKs/MacOSX.sdk/usr/include/sys/_types/_fd_copy.h /Library/Developer/CommandLineTools/SDKs/MacOSX.sdk/usr/include/sys/_types/_fsblkcnt_t.h /Library/Developer/CommandLineTools/SDKs/MacOSX.sdk/usr/include/sys/_types/_fsfilcnt_t.h /Library/Developer/CommandLineTools/SDKs/MacOSX.sdk/usr/include/_types/_nl_item.h /opt/homebrew/opt/llvm/include/c++/v1/__bsd_locale_defaults.h /opt/homebrew/opt/llvm/include/c++/v1/cstdarg /opt/homebrew/opt/llvm/include/c++/v1/set /opt/homebrew/opt/llvm/include/c++/v1/__tree /opt/homebrew/opt/llvm/include/c++/v1/sstream /Users/c71n93/Programming/C-and-C++/huawei-courses/BESM-666/third_party/googletest/googletest/include/gtest/gtest-assertion-result.h /Users/c71n93/Programming/C-and-C++/huawei-courses/BESM-666/third_party/googletest/googletest/include/gtest/gtest-message.h /Users/c71n93/Programming/C-and-C++/huawei-courses/BESM-666/third_party/googletest/googletest/include/gtest/internal/gtest-port.h /opt/homebrew/opt/llvm/include/c++/v1/iostream /Library/Developer/CommandLineTools/SDKs/MacOSX.sdk/usr/include/sys/stat.h /Library/Developer/CommandLineTools/SDKs/MacOSX.sdk/usr/include/sys/_types/_s_ifmt.h /Library/Developer/CommandLineTools/SDKs/MacOSX.sdk/usr/include/sys/_types/_filesec_t.h /Library/Developer/CommandLineTools/SDKs/MacOSX.sdk/usr/include/AvailabilityMacros.h /Library/Developer/CommandLineTools/SDKs/MacOSX.sdk/usr/include/TargetConditionals.h /Users/c71n93/Programming/C-and-C++/huawei-courses/BESM-666/third_party/googletest/googletest/include/gtest/internal/custom/gtest-port.h /Users/c71n93/Programming/C-and-C++/huawei-courses/BESM-666/third_party/googletest/googletest/include/gtest/internal/gtest-port-arch.h /Library/Developer/CommandLineTools/SDKs/MacOSX.sdk/usr/include/unistd.h /Library/Developer/CommandLineTools/SDKs/MacOSX.sdk/usr/include/sys/unistd.h /Library/Developer/CommandLineTools/SDKs/MacOSX.sdk/usr/include/sys/_types/_posix_vdisable.h /Library/Developer/CommandLineTools/SDKs/MacOSX.sdk/usr/include/sys/_types/_seek_set.h /Library/Developer/CommandLineTools/SDKs/MacOSX.sdk/usr/include/sys/select.h /Library/Developer/CommandLineTools/SDKs/MacOSX.sdk/usr/include/sys/_select.h /Library/Developer/CommandLineTools/SDKs/MacOSX.sdk/usr/include/sys/_types/_uuid_t.h /Library/Developer/CommandLineTools/SDKs/MacOSX.sdk/usr/include/gethostuuid.h /Library/Developer/CommandLineTools/SDKs/MacOSX.sdk/usr/include/regex.h /Library/Developer/CommandLineTools/SDKs/MacOSX.sdk/usr/include/_regex.h /Library/Developer/CommandLineTools/SDKs/MacOSX.sdk/usr/include/xlocale/_regex.h /opt/homebrew/opt/llvm/include/c++/v1/condition_variable /opt/homebrew/opt/llvm/include/c++/v1/any /Users/c71n93/Programming/C-and-C++/huawei-courses/BESM-666/third_party/googletest/googletest/include/gtest/gtest-death-test.h /Users/c71n93/Programming/C-and-C++/huawei-courses/BESM-666/third_party/googletest/googletest/include/gtest/internal/gtest-death-test-internal.h /Users/c71n93/Programming/C-and-C++/huawei-courses/BESM-666/third_party/googletest/googletest/include/gtest/gtest-matchers.h /Users/c71n93/Programming/C-and-C++/huawei-courses/BESM-666/third_party/googletest/googletest/include/gtest/gtest-printers.h /Users/c71n93/Programming/C-and-C++/huawei-courses/BESM-666/third_party/googletest/googletest/include/gtest/internal/gtest-internal.h /opt/homebrew/opt/llvm/include/c++/v1/float.h /opt/homebrew/Cellar/llvm/16.0.6/lib/clang/16/include/float.h /Library/Developer/CommandLineTools/SDKs/MacOSX.sdk/usr/include/float.h /opt/homebrew/opt/llvm/include/c++/v1/map /Users/c71n93/Programming/C-and-C++/huawei-courses/BESM-666/third_party/googletest/googletest/include/gtest/internal/gtest-filepath.h /Users/c71n93/Programming/C-and-C++/huawei-courses/BESM-666/third_party/googletest/googletest/include/gtest/internal/gtest-string.h /Users/c71n93/Programming/C-and-C++/huawei-courses/BESM-666/third_party/googletest/googletest/include/gtest/internal/gtest-type-util.h /opt/homebrew/opt/llvm/include/c++/v1/cxxabi.h /opt/homebrew/opt/llvm/include/c++/v1/__cxxabi_config.h /Users/c71n93/Programming/C-and-C++/huawei-courses/BESM-666/third_party/googletest/googletest/include/gtest/internal/custom/gtest-printers.h /Users/c71n93/Programming/C-and-C++/huawei-courses/BESM-666/third_party/googletest/googletest/include/gtest/gtest-param-test.h /Users/c71n93/Programming/C-and-C++/huawei-courses/BESM-666/third_party/googletest/googletest/include/gtest/internal/gtest-param-util.h /opt/homebrew/opt/llvm/include/c++/v1/cassert /Library/Developer/CommandLineTools/SDKs/MacOSX.sdk/usr/include/assert.h /Users/c71n93/Programming/C-and-C++/huawei-courses/BESM-666/third_party/googletest/googletest/include/gtest/gtest-test-part.h /Users/c71n93/Programming/C-and-C++/huawei-courses/BESM-666/third_party/googletest/googletest/include/gtest/gtest-typed-test.h /Users/c71n93/Programming/C-and-C++/huawei-courses/BESM-666/third_party/googletest/googletest/include/gtest/gtest_pred_impl.h /Users/c71n93/Programming/C-and-C++/huawei-courses/BESM-666/third_party/googletest/googletest/include/gtest/gtest_prod.h /Users/c71n93/Programming/C-and-C++/huawei-courses/BESM-666/include/besm-666/reg/rf.hpp /Users/c71n93/Programming/C-and-C++/huawei-courses/BESM-666/include/besm-666/instruction.hpp /Users/c71n93/Programming/C-and-C++/huawei-courses/BESM-666/include/besm-666/riscv-types.hpp /Users/c71n93/Programming/C-and-C++/huawei-courses/BESM-666/include/besm-666/autogen/encoding.out.h /Users/c71n93/Programming/C-and-C++/huawei-courses/BESM-666/include/besm-666/rv-instruction-op.hpp test/CMakeFiles/gprf-tests.dir/flags.make
/opt/homebrew/Cellar/cmake/3.26.0/bin/cmake -E cmake_echo_color --switch= --green --progress-dir=/Users/c71n93/Programming/C-and-C++/huawei-courses/BESM-666/build/CMakeFiles --progress-num=25 "Building CXX object test/CMakeFiles/gprf-tests.dir/reg/gprf-tests.cpp.o"
[ 76%] Building CXX object test/CMakeFiles/gprf-tests.dir/reg/gprf-tests.cpp.o
cd /Users/c71n93/Programming/C-and-C++/huawei-courses/BESM-666/build/test && /opt/homebrew/opt/llvm/bin/clang++  -I/Users/c71n93/Programming/C-and-C++/huawei-courses/BESM-666/./include -isystem /Users/c71n93/Programming/C-and-C++/huawei-courses/BESM-666/third_party/googletest/googlemock/include -isystem /Users/c71n93/Programming/C-and-C++/huawei-courses/BESM-666/third_party/googletest/googlemock -isystem /Users/c71n93/Programming/C-and-C++/huawei-courses/BESM-666/third_party/googletest/googletest/include -isystem /Users/c71n93/Programming/C-and-C++/huawei-courses/BESM-666/third_party/googletest/googletest -g -arch arm64 -isysroot /Library/Developer/CommandLineTools/SDKs/MacOSX.sdk -fcolor-diagnostics -MD -MT test/CMakeFiles/gprf-tests.dir/reg/gprf-tests.cpp.o -MF CMakeFiles/gprf-tests.dir/reg/gprf-tests.cpp.o.d -o CMakeFiles/gprf-tests.dir/reg/gprf-tests.cpp.o -c /Users/c71n93/Programming/C-and-C++/huawei-courses/BESM-666/test/reg/gprf-tests.cpp
test/CMakeFiles/gprf-tests.dir/build.make:100: update target 'test/gprf-tests' due to: test/CMakeFiles/gprf-tests.dir/link.txt test/CMakeFiles/gprf-tests.dir/reg/gprf-tests.cpp.o test/CMakeFiles/gprf-tests.dir/build.make libbesm666_shared.dylib lib/libgmock_main.a lib/libgmock.a lib/libgtest.a
/opt/homebrew/Cellar/cmake/3.26.0/bin/cmake -E cmake_echo_color --switch= --green --bold --progress-dir=/Users/c71n93/Programming/C-and-C++/huawei-courses/BESM-666/build/CMakeFiles --progress-num=26 "Linking CXX executable gprf-tests"
[ 80%] Linking CXX executable gprf-tests
cd /Users/c71n93/Programming/C-and-C++/huawei-courses/BESM-666/build/test && /opt/homebrew/Cellar/cmake/3.26.0/bin/cmake -E cmake_link_script CMakeFiles/gprf-tests.dir/link.txt --verbose=
/opt/homebrew/Cellar/cmake/3.26.0/bin/cmake -E cmake_echo_color --switch= --progress-dir=/Users/c71n93/Programming/C-and-C++/huawei-courses/BESM-666/build/CMakeFiles --progress-num=25,26 "Built target gprf-tests"
[ 80%] Built target gprf-tests
CMakeFiles/Makefile2:1374: update target 'test/memory/CMakeFiles/besm666_phys_mem_tests.dir/all' due to: target is .PHONY
make -s -f test/memory/CMakeFiles/besm666_phys_mem_tests.dir/build.make test/memory/CMakeFiles/besm666_phys_mem_tests.dir/depend
test/memory/CMakeFiles/besm666_phys_mem_tests.dir/build.make:114: update target 'test/memory/CMakeFiles/besm666_phys_mem_tests.dir/depend' due to: target is .PHONY
cd /Users/c71n93/Programming/C-and-C++/huawei-courses/BESM-666/build && /opt/homebrew/Cellar/cmake/3.26.0/bin/cmake -E cmake_depends "Unix Makefiles" /Users/c71n93/Programming/C-and-C++/huawei-courses/BESM-666 /Users/c71n93/Programming/C-and-C++/huawei-courses/BESM-666/test/memory /Users/c71n93/Programming/C-and-C++/huawei-courses/BESM-666/build /Users/c71n93/Programming/C-and-C++/huawei-courses/BESM-666/build/test/memory /Users/c71n93/Programming/C-and-C++/huawei-courses/BESM-666/build/test/memory/CMakeFiles/besm666_phys_mem_tests.dir/DependInfo.cmake --color=
make -s -f test/memory/CMakeFiles/besm666_phys_mem_tests.dir/build.make test/memory/CMakeFiles/besm666_phys_mem_tests.dir/build
test/memory/CMakeFiles/besm666_phys_mem_tests.dir/build.make:75: update target 'test/memory/CMakeFiles/besm666_phys_mem_tests.dir/phys-mem-tests.cpp.o' due to: target does not exist
/opt/homebrew/Cellar/cmake/3.26.0/bin/cmake -E cmake_echo_color --switch= --green --progress-dir=/Users/c71n93/Programming/C-and-C++/huawei-courses/BESM-666/build/CMakeFiles --progress-num=9 "Building CXX object test/memory/CMakeFiles/besm666_phys_mem_tests.dir/phys-mem-tests.cpp.o"
[ 83%] Building CXX object test/memory/CMakeFiles/besm666_phys_mem_tests.dir/phys-mem-tests.cpp.o
cd /Users/c71n93/Programming/C-and-C++/huawei-courses/BESM-666/build/test/memory && /opt/homebrew/opt/llvm/bin/clang++  -I/Users/c71n93/Programming/C-and-C++/huawei-courses/BESM-666/./include -I/Users/c71n93/Programming/C-and-C++/huawei-courses/BESM-666/test/elfgen/. -isystem /Users/c71n93/Programming/C-and-C++/huawei-courses/BESM-666/third_party/googletest/googlemock/include -isystem /Users/c71n93/Programming/C-and-C++/huawei-courses/BESM-666/third_party/googletest/googlemock -isystem /Users/c71n93/Programming/C-and-C++/huawei-courses/BESM-666/third_party/googletest/googletest/include -isystem /Users/c71n93/Programming/C-and-C++/huawei-courses/BESM-666/third_party/googletest/googletest -g -arch arm64 -isysroot /Library/Developer/CommandLineTools/SDKs/MacOSX.sdk -fcolor-diagnostics -MD -MT test/memory/CMakeFiles/besm666_phys_mem_tests.dir/phys-mem-tests.cpp.o -MF CMakeFiles/besm666_phys_mem_tests.dir/phys-mem-tests.cpp.o.d -o CMakeFiles/besm666_phys_mem_tests.dir/phys-mem-tests.cpp.o -c /Users/c71n93/Programming/C-and-C++/huawei-courses/BESM-666/test/memory/phys-mem-tests.cpp
In file included from /Users/c71n93/Programming/C-and-C++/huawei-courses/BESM-666/test/memory/phys-mem-tests.cpp:3:
In file included from /Users/c71n93/Programming/C-and-C++/huawei-courses/BESM-666/./include/besm-666/memory/phys-mem.hpp:8:
[1m/Users/c71n93/Programming/C-and-C++/huawei-courses/BESM-666/./include/besm-666/util/elf-parser.hpp:10:10: [0m[0;1;31mfatal error: [0m[1m'elfio/elfio.hpp' file not found[0m
#include "elfio/elfio.hpp"
[0;1;32m         ^~~~~~~~~~~~~~~~~
[0m1 error generated.
make[2]: *** [test/memory/CMakeFiles/besm666_phys_mem_tests.dir/build.make:76: test/memory/CMakeFiles/besm666_phys_mem_tests.dir/phys-mem-tests.cpp.o] Error 1
make[1]: *** [CMakeFiles/Makefile2:1375: test/memory/CMakeFiles/besm666_phys_mem_tests.dir/all] Error 2
make: *** [Makefile:146: all] Error 2
make: Leaving directory '/Users/c71n93/Programming/C-and-C++/huawei-courses/BESM-666/build'
